Archive member included because of file (symbol)

/usr/local/xenon/usr/lib/libxenon.a(startup_from_xell.o)
                              (_start)
/usr/local/xenon/usr/lib/libxenon.a(console.o)
                              main.o (console_init)
/usr/local/xenon/usr/lib/libxenon.a(newlib.o)
                              /usr/local/xenon/usr/lib/libxenon.a(startup_from_xell.o) (_exit)
/usr/local/xenon/usr/lib/libxenon.a(atomic.o)
                              /usr/local/xenon/usr/lib/libxenon.a(startup_from_xell.o) (atomic_clearset)
/usr/local/xenon/usr/lib/libxenon.a(cache.o)
                              /usr/local/xenon/usr/lib/libxenon.a(console.o) (memdcbst)
/usr/local/xenon/usr/lib/libxenon.a(except.o)
                              (exc_base)
/usr/local/xenon/usr/lib/libxenon.a(vm.o)
                              /usr/local/xenon/usr/lib/libxenon.a(except.o) (pagetable)
/usr/local/xenon/usr/lib/libxenon.a(usbmain.o)
                              main.o (usb_do_poll)
/usr/local/xenon/usr/lib/libxenon.a(tinyehci.o)
                              /usr/local/xenon/usr/lib/libxenon.a(usbmain.o) (USBStorage_Init)
/usr/local/xenon/usr/lib/libxenon.a(xenon_uart.o)
                              /usr/local/xenon/usr/lib/libxenon.a(newlib.o) (putch)
/usr/local/xenon/usr/lib/libxenon.a(xenos.o)
                              /usr/local/xenon/usr/lib/libxenon.a(console.o) (xenos_is_overscan)
/usr/local/xenon/usr/lib/libxenon.a(diskio.o)
                              /usr/local/xenon/usr/lib/libxenon.a(tinyehci.o) (unregister_bdev)
/usr/local/xenon/usr/lib/libxenon.a(fat.o)
                              /usr/local/xenon/usr/lib/libxenon.a(diskio.o) (vfs_fat_mount_ops)
/usr/local/xenon/usr/lib/libxenon.a(fat_rb.o)
                              /usr/local/xenon/usr/lib/libxenon.a(fat.o) (fat_init)
/usr/local/xenon/usr/lib/libxenon.a(file_rb.o)
                              /usr/local/xenon/usr/lib/libxenon.a(fat.o) (rb_filesize)
/usr/local/xenon/usr/lib/libxenon.a(dir_rb.o)
                              /usr/local/xenon/usr/lib/libxenon.a(fat.o) (rb_closedir)
/usr/local/xenon/usr/lib/libxenon.a(iso9660.o)
                              /usr/local/xenon/usr/lib/libxenon.a(diskio.o) (vfs_iso9660_mount_ops)
/usr/local/xenon/usr/lib/libxenon.a(lib_malloc.o)
                              /usr/local/xenon/usr/lib/libxenon.a(usbmain.o) (kmem_init)
/usr/local/xenon/usr/lib/libxenon.a(io.o)
                              /usr/local/xenon/usr/lib/libxenon.a(xenos.o) (read32n)
/usr/local/xenon/usr/lib/libxenon.a(time.o)
                              /usr/local/xenon/usr/lib/libxenon.a(xenos.o) (udelay)
/usr/local/xenon/usr/lib/libxenon.a(ohci.o)
                              /usr/local/xenon/usr/lib/libxenon.a(usbmain.o) (ohci_driver)
/usr/local/xenon/usr/lib/libxenon.a(usbd.o)
                              /usr/local/xenon/usr/lib/libxenon.a(usbmain.o) (usb_poll)
/usr/local/xenon/usr/lib/libxenon.a(usbdevs.o)
                              /usr/local/xenon/usr/lib/libxenon.a(usbd.o) (usb_find_driver)
/usr/local/xenon/usr/lib/libxenon.a(usbhid.o)
                              /usr/local/xenon/usr/lib/libxenon.a(usbdevs.o) (usbhid_driver)
/usr/local/xenon/usr/lib/libxenon.a(usbhub.o)
                              /usr/local/xenon/usr/lib/libxenon.a(usbd.o) (usb_scan)
/usr/local/xenon/usr/lib/libxenon.a(usb_os.o)
                              /usr/local/xenon/usr/lib/libxenon.a(tinyehci.o) (ehci_virt_to_dma)
/usr/local/xenon/usr/lib/libxenon.a(unicode_rb.o)
                              /usr/local/xenon/usr/lib/libxenon.a(fat_rb.o) (utf8encode)
/usr/local/xenon/usr/lib/libxenon.a(xenon_gpio.o)
                              /usr/local/xenon/usr/lib/libxenon.a(xenos.o) (xenon_gpio_set)
/usr/local/xenon/usr/lib/libxenon.a(xenon_smc.o)
                              /usr/local/xenon/usr/lib/libxenon.a(xenos.o) (xenon_smc_read_avpack)
/usr/local/xenon/usr/lib/libxenon.a(xenon_config.o)
                              /usr/local/xenon/usr/lib/libxenon.a(xenos.o) (xenon_config_get_avregion)
/usr/local/xenon/usr/lib/libxenon.a(disk_rb.o)
                              /usr/local/xenon/usr/lib/libxenon.a(fat_rb.o) (storage_write_sectors)
/usr/local/xenon/usr/lib/libxenon.a(lib_queue.o)
                              /usr/local/xenon/usr/lib/libxenon.a(ohci.o) (q_enqueue)
/usr/local/xenon/usr/lib/libxenon.a(usbctrl.o)
                              /usr/local/xenon/usr/lib/libxenon.a(usbdevs.o) (usbctrl_driver)
/usr/local/xenon/usr/lib/libxenon.a(usbdebug.o)
                              /usr/local/xenon/usr/lib/libxenon.a(usbhub.o) (usb_dbg_showdevice)
/usr/local/xenon/usr/lib/libxenon.a(xenon_sfcx.o)
                              /usr/local/xenon/usr/lib/libxenon.a(xenon_config.o) (sfcx_init)
/usr/local/xenon/usr/lib/libxenon.a(input.o)
                              /usr/local/xenon/usr/lib/libxenon.a(usbctrl.o) (set_controller_data)
/usr/local/xenon/xenon/lib/32/libc.a(lib_a-assert.o)
[...]
Memory Configuration

Name             Origin             Length             Attributes
*default*        0x0000000000000000 0xffffffffffffffff

Linker script and memory map

LOAD /usr/local/xenon/lib/gcc/xenon/4.4.0/../../../../xenon/lib/../lib/crt1.o
LOAD /usr/local/xenon/lib/gcc/xenon/4.4.0/../../../../xenon/lib/../lib/crti.o
LOAD /usr/local/xenon/lib/gcc/xenon/4.4.0/32/crtbegin.o
LOAD main.o
LOAD /usr/local/xenon/usr/lib/libxenon.a
LOAD /usr/local/xenon/xenon/lib/32/libm.a
LOAD /usr/local/xenon/lib/gcc/xenon/4.4.0/32/libgcc.a
LOAD /usr/local/xenon/xenon/lib/32/libc.a
LOAD /usr/local/xenon/lib/gcc/xenon/4.4.0/32/libgcc.a
LOAD /usr/local/xenon/lib/gcc/xenon/4.4.0/32/crtend.o
LOAD /usr/local/xenon/lib/gcc/xenon/4.4.0/../../../../xenon/lib/../lib/crtn.o
                0x0000000080000000                . = 0x80000000

.text           0x0000000080000000    0x20f80
 *(.except*)
 .except        0x0000000080000000     0x1dd0 /usr/local/xenon/usr/lib/libxenon.a(except.o)
                0x0000000080000000                secondary_lock
                0x0000000080000000                exc_base
                0x0000000080000004                secondary_alive
 *(.pagetable)
 .pagetable     0x0000000080001dd0       0x40 /usr/local/xenon/usr/lib/libxenon.a(vm.o)
                0x0000000080001dd0                pagetable
 *(.text*)
 .text.call_ctors
                0x0000000080001e10       0x58 /usr/local/xenon/lib/gcc/xenon/4.4.0/../../../../xenon/lib/../lib/crt1.o
                0x0000000080001e10                call_ctors
 .text.debug    0x0000000080001e68       0x50 main.o
                0x0000000080001e68                debug
 .text.mainInit
                0x0000000080001eb8       0x30 main.o
                0x0000000080001eb8                mainInit
 .text.main     0x0000000080001ee8       0x3c main.o
                0x0000000080001ee8                main
 *fill*         0x0000000080001f24       0xdc 00
 .text          0x0000000080002000      0x2f0 /usr/local/xenon/usr/lib/libxenon.a(startup_from_xell.o)
                0x0000000080002000                _start
                0x00000000800021d4                wait
                0x0000000080002248                return_to_xell
 .text.console_clrscr
                0x00000000800022f0       0x80 /usr/local/xenon/usr/lib/libxenon.a(console.o)
                0x00000000800022f0                console_clrscr
 .text.console_init
                0x0000000080002370      0x154 /usr/local/xenon/usr/lib/libxenon.a(console.o)
                0x0000000080002370                console_init
 .text.console_newline
                0x00000000800024c4      0x118 /usr/local/xenon/usr/lib/libxenon.a(console.o)
                0x00000000800024c4                console_newline
 .text.console_putch
                0x00000000800025dc      0x18c /usr/local/xenon/usr/lib/libxenon.a(console.o)
                0x00000000800025dc                console_putch
 .text.console_stdout_hook
                0x0000000080002768       0x50 /usr/local/xenon/usr/lib/libxenon.a(console.o)
 .text.vfs_console_isatty
                0x00000000800027b8        0x8 /usr/local/xenon/usr/lib/libxenon.a(newlib.o)
                0x00000000800027b8                vfs_console_isatty
 .text.sbrk     0x00000000800027c0       0x34 /usr/local/xenon/usr/lib/libxenon.a(newlib.o)
                0x00000000800027c0                sbrk
 .text.getpid   0x00000000800027f4        0x8 /usr/local/xenon/usr/lib/libxenon.a(newlib.o)
                0x00000000800027f4                getpid
 .text.kill     0x00000000800027fc        0x8 /usr/local/xenon/usr/lib/libxenon.a(newlib.o)
                0x00000000800027fc                kill
 .text._exit    0x0000000080002804       0x24 /usr/local/xenon/usr/lib/libxenon.a(newlib.o)
                0x0000000080002804                _exit
 .text.read     0x0000000080002828       0x88 /usr/local/xenon/usr/lib/libxenon.a(newlib.o)
                0x0000000080002828                read
 .text.lseek    0x00000000800028b0       0x88 /usr/local/xenon/usr/lib/libxenon.a(newlib.o)
                0x00000000800028b0                lseek
 .text.isatty   0x0000000080002938       0x7c /usr/local/xenon/usr/lib/libxenon.a(newlib.o)
                0x0000000080002938                isatty
 .text.fstat    0x00000000800029b4       0x8c /usr/local/xenon/usr/lib/libxenon.a(newlib.o)
                0x00000000800029b4                fstat
 .text.write    0x0000000080002a40       0x94 /usr/local/xenon/usr/lib/libxenon.a(newlib.o)
                0x0000000080002a40                write
 .text.close    0x0000000080002ad4       0x94 /usr/local/xenon/usr/lib/libxenon.a(newlib.o)
                0x0000000080002ad4                close
 .text.open     0x0000000080002b68      0x150 /usr/local/xenon/usr/lib/libxenon.a(newlib.o)
                0x0000000080002b68                open
 .text.mount    0x0000000080002cb8       0xdc /usr/local/xenon/usr/lib/libxenon.a(newlib.o)
                0x0000000080002cb8                mount
 .text.vfs_console_open
                0x0000000080002d94       0x54 /usr/local/xenon/usr/lib/libxenon.a(newlib.o)
                0x0000000080002d94                vfs_console_open
 .text.vfs_console_write
                0x0000000080002de8       0x7c /usr/local/xenon/usr/lib/libxenon.a(newlib.o)
                0x0000000080002de8                vfs_console_write
 .text          0x0000000080002e64       0x84 /usr/local/xenon/usr/lib/libxenon.a(atomic.o)
                0x0000000080002e64                atomic_inc
                0x0000000080002e78                atomic_dec
                0x0000000080002e8c                atomic_clearset
                0x0000000080002ea4                lock
                0x0000000080002ed8                unlock
 .text          0x0000000080002ee8       0xa8 /usr/local/xenon/usr/lib/libxenon.a(cache.o)
                0x0000000080002ee8                memdcbt
                0x0000000080002f10                memdcbst
                0x0000000080002f38                memdcbf
                0x0000000080002f60                memicbi
 .text.usb_do_poll
                0x0000000080002f90       0xb4 /usr/local/xenon/usr/lib/libxenon.a(usbmain.o)
                0x0000000080002f90                usb_do_poll
 .text.usb_init_one_ohci
                0x0000000080003044       0xe4 /usr/local/xenon/usr/lib/libxenon.a(usbmain.o)
 .text.usb_init
                0x0000000080003128       0xfc /usr/local/xenon/usr/lib/libxenon.a(usbmain.o)
                0x0000000080003128                usb_init
 .text.ehci_adquire_port
                0x0000000080003224       0x98 /usr/local/xenon/usr/lib/libxenon.a(tinyehci.o)
                0x0000000080003224                ehci_adquire_port
 .text.bswap_32
                0x00000000800032bc       0x14 /usr/local/xenon/usr/lib/libxenon.a(tinyehci.o)
 .text.USB_FreeDescriptors
                0x00000000800032d0       0xd0 /usr/local/xenon/usr/lib/libxenon.a(tinyehci.o)
                0x00000000800032d0                USB_FreeDescriptors
 .text.USBStorage_Close
                0x00000000800033a0       0x4c /usr/local/xenon/usr/lib/libxenon.a(tinyehci.o)
                0x00000000800033a0                USBStorage_Close
 .text.handshake
                0x00000000800033ec      0x1d8 /usr/local/xenon/usr/lib/libxenon.a(tinyehci.o)
 .text.ehci_reset_usb_port
                0x00000000800035c4      0x16c /usr/local/xenon/usr/lib/libxenon.a(tinyehci.o)
                0x00000000800035c4                ehci_reset_usb_port
 .text.qtd_fill
                0x0000000080003730      0x120 /usr/local/xenon/usr/lib/libxenon.a(tinyehci.o)
 .text.ehci_qtd_alloc
                0x0000000080003850       0x94 /usr/local/xenon/usr/lib/libxenon.a(tinyehci.o)
 .text.qh_urb_transaction
                0x00000000800038e4      0x230 /usr/local/xenon/usr/lib/libxenon.a(tinyehci.o)
                0x00000000800038e4                qh_urb_transaction
 .text.ehci_do_urb
                0x0000000080003b14      0x45c /usr/local/xenon/usr/lib/libxenon.a(tinyehci.o)
                0x0000000080003b14                ehci_do_urb
 .text.ehci_bulk_message
                0x0000000080003f70       0x4c /usr/local/xenon/usr/lib/libxenon.a(tinyehci.o)
                0x0000000080003f70                ehci_bulk_message
 .text.__send_cbw
                0x0000000080003fbc      0x164 /usr/local/xenon/usr/lib/libxenon.a(tinyehci.o)
 .text.ehci_control_message
                0x0000000080004120       0x98 /usr/local/xenon/usr/lib/libxenon.a(tinyehci.o)
                0x0000000080004120                ehci_control_message
 .text.USB_ClearHalt
                0x00000000800041b8       0x1c /usr/local/xenon/usr/lib/libxenon.a(tinyehci.o)
                0x00000000800041b8                USB_ClearHalt
 .text.USB_SetAlternativeInterface
                0x00000000800041d4       0x28 /usr/local/xenon/usr/lib/libxenon.a(tinyehci.o)
                0x00000000800041d4                USB_SetAlternativeInterface
 .text.USB_SetConfiguration
                0x00000000800041fc       0x1c /usr/local/xenon/usr/lib/libxenon.a(tinyehci.o)
                0x00000000800041fc                USB_SetConfiguration
 .text.USB_GetConfiguration
                0x0000000080004218       0x9c /usr/local/xenon/usr/lib/libxenon.a(tinyehci.o)
                0x0000000080004218                USB_GetConfiguration
 .text.USB_GetDescriptors
                0x00000000800042b4      0x3d8 /usr/local/xenon/usr/lib/libxenon.a(tinyehci.o)
                0x00000000800042b4                USB_GetDescriptors
 .text.ehci_init_port
                0x000000008000468c      0x200 /usr/local/xenon/usr/lib/libxenon.a(tinyehci.o)
                0x000000008000468c                ehci_init_port
 .text.ehci_reset_port
                0x000000008000488c       0x60 /usr/local/xenon/usr/lib/libxenon.a(tinyehci.o)
                0x000000008000488c                ehci_reset_port
 .text.ehci_discover
                0x00000000800048ec       0x6c /usr/local/xenon/usr/lib/libxenon.a(tinyehci.o)
                0x00000000800048ec                ehci_discover
 .text.ehci_reset_port_old
                0x0000000080004958      0x1e8 /usr/local/xenon/usr/lib/libxenon.a(tinyehci.o)
                0x0000000080004958                ehci_reset_port_old
 .text.ehci_reset_port2
                0x0000000080004b40       0x84 /usr/local/xenon/usr/lib/libxenon.a(tinyehci.o)
                0x0000000080004b40                ehci_reset_port2
 .text.ehci_mem_init
                0x0000000080004bc4      0x110 /usr/local/xenon/usr/lib/libxenon.a(tinyehci.o)
                0x0000000080004bc4                ehci_mem_init
 .text.T.185    0x0000000080004cd4      0x34c /usr/local/xenon/usr/lib/libxenon.a(tinyehci.o)
 .text.USBStorage_Inquiry
                0x0000000080005020       0xb8 /usr/local/xenon/usr/lib/libxenon.a(tinyehci.o)
                0x0000000080005020                USBStorage_Inquiry
 .text.USBStorage_ReadCapacity
                0x00000000800050d8       0xe8 /usr/local/xenon/usr/lib/libxenon.a(tinyehci.o)
                0x00000000800050d8                USBStorage_ReadCapacity
 .text.USBStorage_MountLUN
                0x00000000800051c0      0x234 /usr/local/xenon/usr/lib/libxenon.a(tinyehci.o)
                0x00000000800051c0                USBStorage_MountLUN
 .text.__usbstorage_reset
                0x00000000800053f4      0x1f0 /usr/local/xenon/usr/lib/libxenon.a(tinyehci.o)
 .text.USBStorage_Reset
                0x00000000800055e4        0x8 /usr/local/xenon/usr/lib/libxenon.a(tinyehci.o)
                0x00000000800055e4                USBStorage_Reset
 .text.USBStorage_Open
                0x00000000800055ec      0x45c /usr/local/xenon/usr/lib/libxenon.a(tinyehci.o)
                0x00000000800055ec                USBStorage_Open
 .text.USBStorage_Try_Device
                0x0000000080005a48      0x1ec /usr/local/xenon/usr/lib/libxenon.a(tinyehci.o)
                0x0000000080005a48                USBStorage_Try_Device
 .text.unplug_procedure
                0x0000000080005c34       0xf4 /usr/local/xenon/usr/lib/libxenon.a(tinyehci.o)
                0x0000000080005c34                unplug_procedure
 .text.USBStorage_Init
                0x0000000080005d28      0x1ac /usr/local/xenon/usr/lib/libxenon.a(tinyehci.o)
                0x0000000080005d28                USBStorage_Init
 .text.USBStorage_Read
                0x0000000080005ed4      0x1d8 /usr/local/xenon/usr/lib/libxenon.a(tinyehci.o)
                0x0000000080005ed4                USBStorage_Read
 .text.USBStorage_Read_Sectors
                0x00000000800060ac      0x178 /usr/local/xenon/usr/lib/libxenon.a(tinyehci.o)
                0x00000000800060ac                USBStorage_Read_Sectors
 .text.usb2mass_read
                0x0000000080006224       0x4c /usr/local/xenon/usr/lib/libxenon.a(tinyehci.o)
                0x0000000080006224                usb2mass_read
 .text.USBStorage_Write
                0x0000000080006270      0x1d8 /usr/local/xenon/usr/lib/libxenon.a(tinyehci.o)
                0x0000000080006270                USBStorage_Write
 .text.USBStorage_Write_Sectors
                0x0000000080006448      0x178 /usr/local/xenon/usr/lib/libxenon.a(tinyehci.o)
                0x0000000080006448                USBStorage_Write_Sectors
 .text.usb2mass_write
                0x00000000800065c0       0x4c /usr/local/xenon/usr/lib/libxenon.a(tinyehci.o)
                0x00000000800065c0                usb2mass_write
 .text.EHCI_do_one
                0x000000008000660c      0x16c /usr/local/xenon/usr/lib/libxenon.a(tinyehci.o)
 .text.EHCI_Init
                0x0000000080006778       0x50 /usr/local/xenon/usr/lib/libxenon.a(tinyehci.o)
                0x0000000080006778                EHCI_Init
 .text.putch    0x00000000800067c8       0x60 /usr/local/xenon/usr/lib/libxenon.a(xenon_uart.o)
                0x00000000800067c8                putch
 .text.xenos_is_overscan
                0x0000000080006828       0x50 /usr/local/xenon/usr/lib/libxenon.a(xenos.o)
                0x0000000080006828                xenos_is_overscan
 .text.xenos_read32
                0x0000000080006878       0x24 /usr/local/xenon/usr/lib/libxenon.a(xenos.o)
                0x0000000080006878                xenos_read32
 .text.xenos_write32
                0x000000008000689c       0x24 /usr/local/xenon/usr/lib/libxenon.a(xenos.o)
                0x000000008000689c                xenos_write32
 .text.xenos_set_mode_f2
                0x00000000800068c0      0x314 /usr/local/xenon/usr/lib/libxenon.a(xenos.o)
                0x00000000800068c0                xenos_set_mode_f2
 .text.xenos_set_mode_f1
                0x0000000080006bd4      0x148 /usr/local/xenon/usr/lib/libxenon.a(xenos.o)
                0x0000000080006bd4                xenos_set_mode_f1
 .text.xenos_ana_preinit
                0x0000000080006d1c       0xe0 /usr/local/xenon/usr/lib/libxenon.a(xenos.o)
                0x0000000080006d1c                xenos_ana_preinit
 .text.xenos_init_phase1
                0x0000000080006dfc      0x3c0 /usr/local/xenon/usr/lib/libxenon.a(xenos.o)
                0x0000000080006dfc                xenos_init_phase1
 .text.xenos_init_phase0
                0x00000000800071bc       0xc0 /usr/local/xenon/usr/lib/libxenon.a(xenos.o)
                0x00000000800071bc                xenos_init_phase0
 .text.xenos_ana_write
                0x000000008000727c       0x70 /usr/local/xenon/usr/lib/libxenon.a(xenos.o)
 .text.xenos_init_ana_new
                0x00000000800072ec      0x3a4 /usr/local/xenon/usr/lib/libxenon.a(xenos.o)
                0x00000000800072ec                xenos_init_ana_new
 .text.xenos_set_mode
                0x0000000080007690      0x35c /usr/local/xenon/usr/lib/libxenon.a(xenos.o)
                0x0000000080007690                xenos_set_mode
 .text.xenos_autoset_mode
                0x00000000800079ec       0xf0 /usr/local/xenon/usr/lib/libxenon.a(xenos.o)
                0x00000000800079ec                xenos_autoset_mode
 .text.xenos_init
                0x0000000080007adc       0xac /usr/local/xenon/usr/lib/libxenon.a(xenos.o)
                0x0000000080007adc                xenos_init
 .text.determine_filesystem
                0x0000000080007b88       0x80 /usr/local/xenon/usr/lib/libxenon.a(diskio.o)
                0x0000000080007b88                determine_filesystem
 .text.register_bdev
                0x0000000080007c08       0xf0 /usr/local/xenon/usr/lib/libxenon.a(diskio.o)
                0x0000000080007c08                register_bdev
 .text._fat_umount
                0x0000000080007cf8       0x28 /usr/local/xenon/usr/lib/libxenon.a(fat.o)
                0x0000000080007cf8                _fat_umount
 .text._fat_mount
                0x0000000080007d20       0x48 /usr/local/xenon/usr/lib/libxenon.a(fat.o)
                0x0000000080007d20                _fat_mount
 .text._fat_opendir
                0x0000000080007d68       0x6c /usr/local/xenon/usr/lib/libxenon.a(fat.o)
                0x0000000080007d68                _fat_opendir
 .text._fat_open
                0x0000000080007dd4       0x4c /usr/local/xenon/usr/lib/libxenon.a(fat.o)
                0x0000000080007dd4                _fat_open
 .text._fat_readdir
                0x0000000080007e20       0xa4 /usr/local/xenon/usr/lib/libxenon.a(fat.o)
                0x0000000080007e20                _fat_readdir
 .text._fat_closedir
                0x0000000080007ec4       0x3c /usr/local/xenon/usr/lib/libxenon.a(fat.o)
                0x0000000080007ec4                _fat_closedir
 .text._fat_close
                0x0000000080007f00       0x24 /usr/local/xenon/usr/lib/libxenon.a(fat.o)
                0x0000000080007f00                _fat_close
 .text._fat_fstat
                0x0000000080007f24       0x4c /usr/local/xenon/usr/lib/libxenon.a(fat.o)
                0x0000000080007f24                _fat_fstat
 .text._fat_write
                0x0000000080007f70       0x24 /usr/local/xenon/usr/lib/libxenon.a(fat.o)
                0x0000000080007f70                _fat_write
 .text._fat_read
                0x0000000080007f94       0x24 /usr/local/xenon/usr/lib/libxenon.a(fat.o)
                0x0000000080007f94                _fat_read
 .text._fat_lseek
                0x0000000080007fb8       0x24 /usr/local/xenon/usr/lib/libxenon.a(fat.o)
                0x0000000080007fb8                _fat_lseek
 .text.fat_init
                0x0000000080007fdc       0x7c /usr/local/xenon/usr/lib/libxenon.a(fat_rb.o)
                0x0000000080007fdc                fat_init
 .text.fat_time
                0x0000000080008058      0x128 /usr/local/xenon/usr/lib/libxenon.a(fat_rb.o)
 .text.fat_open
                0x0000000080008180       0x74 /usr/local/xenon/usr/lib/libxenon.a(fat_rb.o)
                0x0000000080008180                fat_open
 .text.fat_opendir
                0x00000000800081f4       0xa8 /usr/local/xenon/usr/lib/libxenon.a(fat_rb.o)
                0x00000000800081f4                fat_opendir
 .text.cluster2sec
                0x000000008000829c       0x60 /usr/local/xenon/usr/lib/libxenon.a(fat_rb.o)
 .text.update_fsinfo
                0x00000000800082fc      0x128 /usr/local/xenon/usr/lib/libxenon.a(fat_rb.o)
 .text.flush_fat_sector
                0x0000000080008424      0x108 /usr/local/xenon/usr/lib/libxenon.a(fat_rb.o)
 .text.cache_fat_sector
                0x000000008000852c      0x160 /usr/local/xenon/usr/lib/libxenon.a(fat_rb.o)
 .text.get_next_cluster
                0x000000008000868c      0x11c /usr/local/xenon/usr/lib/libxenon.a(fat_rb.o)
 .text.fat_seek
                0x00000000800087a8      0x14c /usr/local/xenon/usr/lib/libxenon.a(fat_rb.o)
                0x00000000800087a8                fat_seek
 .text.find_free_cluster
                0x00000000800088f4      0x1bc /usr/local/xenon/usr/lib/libxenon.a(fat_rb.o)
 .text.fat_recalc_free
                0x0000000080008ab0      0x174 /usr/local/xenon/usr/lib/libxenon.a(fat_rb.o)
                0x0000000080008ab0                fat_recalc_free
 .text.flush_fat
                0x0000000080008c24       0xc8 /usr/local/xenon/usr/lib/libxenon.a(fat_rb.o)
 .text.fat_unmount
                0x0000000080008cec       0xac /usr/local/xenon/usr/lib/libxenon.a(fat_rb.o)
                0x0000000080008cec                fat_unmount
 .text.update_fat_entry
                0x0000000080008d98      0x268 /usr/local/xenon/usr/lib/libxenon.a(fat_rb.o)
 .text.fat_truncate
                0x0000000080009000       0xa8 /usr/local/xenon/usr/lib/libxenon.a(fat_rb.o)
                0x0000000080009000                fat_truncate
 .text.transfer
                0x00000000800090a8      0x154 /usr/local/xenon/usr/lib/libxenon.a(fat_rb.o)
 .text.fat_readwrite
                0x00000000800091fc      0x390 /usr/local/xenon/usr/lib/libxenon.a(fat_rb.o)
                0x00000000800091fc                fat_readwrite
 .text.fat_getnext
                0x000000008000958c      0x4c4 /usr/local/xenon/usr/lib/libxenon.a(fat_rb.o)
                0x000000008000958c                fat_getnext
 .text.update_short_entry
                0x0000000080009a50      0x244 /usr/local/xenon/usr/lib/libxenon.a(fat_rb.o)
 .text.fat_closewrite
                0x0000000080009c94       0xb8 /usr/local/xenon/usr/lib/libxenon.a(fat_rb.o)
                0x0000000080009c94                fat_closewrite
 .text.fat_mount
                0x0000000080009d4c      0x4f4 /usr/local/xenon/usr/lib/libxenon.a(fat_rb.o)
                0x0000000080009d4c                fat_mount
 .text.char2dos
                0x000000008000a240       0x8c /usr/local/xenon/usr/lib/libxenon.a(fat_rb.o)
 .text.randomize_dos_name
                0x000000008000a2cc      0x178 /usr/local/xenon/usr/lib/libxenon.a(fat_rb.o)
 .text.write_long_name
                0x000000008000a444      0x564 /usr/local/xenon/usr/lib/libxenon.a(fat_rb.o)
 .text.add_dir_entry
                0x000000008000a9a8      0x530 /usr/local/xenon/usr/lib/libxenon.a(fat_rb.o)
 .text.fat_create_file
                0x000000008000aed8       0x60 /usr/local/xenon/usr/lib/libxenon.a(fat_rb.o)
                0x000000008000aed8                fat_create_file
 .text.rb_filesize
                0x000000008000af38       0x6c /usr/local/xenon/usr/lib/libxenon.a(file_rb.o)
                0x000000008000af38                rb_filesize
 .text.flush_cache
                0x000000008000afa4       0xd0 /usr/local/xenon/usr/lib/libxenon.a(file_rb.o)
 .text.rb_lseek
                0x000000008000b074      0x1c4 /usr/local/xenon/usr/lib/libxenon.a(file_rb.o)
                0x000000008000b074                rb_lseek
 .text.readwrite
                0x000000008000b238      0x440 /usr/local/xenon/usr/lib/libxenon.a(file_rb.o)
 .text.rb_read  0x000000008000b678        0x8 /usr/local/xenon/usr/lib/libxenon.a(file_rb.o)
                0x000000008000b678                rb_read
 .text.rb_write
                0x000000008000b680       0x5c /usr/local/xenon/usr/lib/libxenon.a(file_rb.o)
                0x000000008000b680                rb_write
 .text.rb_ftruncate
                0x000000008000b6dc       0xc8 /usr/local/xenon/usr/lib/libxenon.a(file_rb.o)
                0x000000008000b6dc                rb_ftruncate
 .text.open_internal
                0x000000008000b7a4      0x39c /usr/local/xenon/usr/lib/libxenon.a(file_rb.o)
 .text.rb_open  0x000000008000bb40        0x8 /usr/local/xenon/usr/lib/libxenon.a(file_rb.o)
                0x000000008000bb40                rb_open
 .text.rb_fsync
                0x000000008000bb48      0x128 /usr/local/xenon/usr/lib/libxenon.a(file_rb.o)
                0x000000008000bb48                rb_fsync
 .text.rb_close
                0x000000008000bc70       0xa0 /usr/local/xenon/usr/lib/libxenon.a(file_rb.o)
                0x000000008000bc70                rb_close
 .text.rb_closedir
                0x000000008000bd10       0x14 /usr/local/xenon/usr/lib/libxenon.a(dir_rb.o)
                0x000000008000bd10                rb_closedir
 .text.rb_readdir
                0x000000008000bd24       0xb0 /usr/local/xenon/usr/lib/libxenon.a(dir_rb.o)
                0x000000008000bd24                rb_readdir
 .text.rb_opendir
                0x000000008000bdd4      0x1e8 /usr/local/xenon/usr/lib/libxenon.a(dir_rb.o)
                0x000000008000bdd4                rb_opendir
 .text._iso9660_lseek
                0x000000008000bfbc       0xa8 /usr/local/xenon/usr/lib/libxenon.a(iso9660.o)
                0x000000008000bfbc                _iso9660_lseek
 .text._iso9660_fstat
                0x000000008000c064       0x60 /usr/local/xenon/usr/lib/libxenon.a(iso9660.o)
                0x000000008000c064                _iso9660_fstat
 .text._iso9660_close
                0x000000008000c0c4       0x24 /usr/local/xenon/usr/lib/libxenon.a(iso9660.o)
                0x000000008000c0c4                _iso9660_close
 .text._iso9660_closedir
                0x000000008000c0e8       0x28 /usr/local/xenon/usr/lib/libxenon.a(iso9660.o)
                0x000000008000c0e8                _iso9660_closedir
 .text.bclear_cache
                0x000000008000c110       0x60 /usr/local/xenon/usr/lib/libxenon.a(iso9660.o)
 .text.iso_reset
                0x000000008000c170       0x80 /usr/local/xenon/usr/lib/libxenon.a(iso9660.o)
                0x000000008000c170                iso_reset
 .text.fs_iso9660_shutdown
                0x000000008000c1f0       0xa4 /usr/local/xenon/usr/lib/libxenon.a(iso9660.o)
                0x000000008000c1f0                fs_iso9660_shutdown
 .text._iso9660_umount
                0x000000008000c294        0x4 /usr/local/xenon/usr/lib/libxenon.a(iso9660.o)
                0x000000008000c294                _iso9660_umount
 .text.fs_iso9660_init
                0x000000008000c298       0xe0 /usr/local/xenon/usr/lib/libxenon.a(iso9660.o)
                0x000000008000c298                fs_iso9660_init
 .text._iso9660_mount
                0x000000008000c378        0xc /usr/local/xenon/usr/lib/libxenon.a(iso9660.o)
                0x000000008000c378                _iso9660_mount
 .text.init_percd
                0x000000008000c384      0x264 /usr/local/xenon/usr/lib/libxenon.a(iso9660.o)
 .text.bread_cache
                0x000000008000c5e8      0x1ac /usr/local/xenon/usr/lib/libxenon.a(iso9660.o)
 .text._iso9660_read
                0x000000008000c794      0x1cc /usr/local/xenon/usr/lib/libxenon.a(iso9660.o)
                0x000000008000c794                _iso9660_read
 .text._iso9660_readdir
                0x000000008000c960      0x430 /usr/local/xenon/usr/lib/libxenon.a(iso9660.o)
                0x000000008000c960                _iso9660_readdir
 .text.find_object
                0x000000008000cd90      0x400 /usr/local/xenon/usr/lib/libxenon.a(iso9660.o)
 .text.iso_open
                0x000000008000d190      0x288 /usr/local/xenon/usr/lib/libxenon.a(iso9660.o)
 .text._iso9660_opendir
                0x000000008000d418       0x50 /usr/local/xenon/usr/lib/libxenon.a(iso9660.o)
                0x000000008000d418                _iso9660_opendir
 .text._iso9660_open
                0x000000008000d468       0x50 /usr/local/xenon/usr/lib/libxenon.a(iso9660.o)
                0x000000008000d468                _iso9660_open
 .text.kfree    0x000000008000d4b8       0xb4 /usr/local/xenon/usr/lib/libxenon.a(lib_malloc.o)
                0x000000008000d4b8                kfree
 .text.kmem_init
                0x000000008000d56c       0x8c /usr/local/xenon/usr/lib/libxenon.a(lib_malloc.o)
                0x000000008000d56c                kmem_init
 .text.lib_outofmemory
                0x000000008000d5f8       0x28 /usr/local/xenon/usr/lib/libxenon.a(lib_malloc.o)
                0x000000008000d5f8                lib_outofmemory
 .text.kmalloc  0x000000008000d620      0x14c /usr/local/xenon/usr/lib/libxenon.a(lib_malloc.o)
                0x000000008000d620                kmalloc
 .text.read32n  0x000000008000d76c        0x8 /usr/local/xenon/usr/lib/libxenon.a(io.o)
                0x000000008000d76c                read32n
 .text.write32n
                0x000000008000d774        0x8 /usr/local/xenon/usr/lib/libxenon.a(io.o)
                0x000000008000d774                write32n
 .text.write32  0x000000008000d77c        0x8 /usr/local/xenon/usr/lib/libxenon.a(io.o)
                0x000000008000d77c                write32
 .text.read32   0x000000008000d784        0x8 /usr/local/xenon/usr/lib/libxenon.a(io.o)
                0x000000008000d784                read32
 .text.udelay   0x000000008000d78c       0x4c /usr/local/xenon/usr/lib/libxenon.a(time.o)
                0x000000008000d78c                udelay
 .text.mdelay   0x000000008000d7d8       0x54 /usr/local/xenon/usr/lib/libxenon.a(time.o)
                0x000000008000d7d8                mdelay
 .text.delay    0x000000008000d82c       0x54 /usr/local/xenon/usr/lib/libxenon.a(time.o)
                0x000000008000d82c                delay
 .text._ohci_allocept
                0x000000008000d880       0x64 /usr/local/xenon/usr/lib/libxenon.a(ohci.o)
 .text._ohci_allocxfer
                0x000000008000d8e4       0x5c /usr/local/xenon/usr/lib/libxenon.a(ohci.o)
 .text.ohci_stop
                0x000000008000d940       0x14 /usr/local/xenon/usr/lib/libxenon.a(ohci.o)
 .text.ohci_delete
                0x000000008000d954        0x4 /usr/local/xenon/usr/lib/libxenon.a(ohci.o)
 .text.ohci_ept_cleartoggle
                0x000000008000d958       0x48 /usr/local/xenon/usr/lib/libxenon.a(ohci.o)
 .text.ohci_ept_setaddr
                0x000000008000d9a0       0x38 /usr/local/xenon/usr/lib/libxenon.a(ohci.o)
 .text.ohci_ept_setmps
                0x000000008000d9d8       0x44 /usr/local/xenon/usr/lib/libxenon.a(ohci.o)
 .text._ohci_queueept
                0x000000008000da1c       0x5c /usr/local/xenon/usr/lib/libxenon.a(ohci.o)
 .text.ohci_ept_create
                0x000000008000da78      0x190 /usr/local/xenon/usr/lib/libxenon.a(ohci.o)
 .text.ohci_ept_delete
                0x000000008000dc08      0x20c /usr/local/xenon/usr/lib/libxenon.a(ohci.o)
 .text.ohci_start
                0x000000008000de14      0x1d4 /usr/local/xenon/usr/lib/libxenon.a(ohci.o)
 .text.ohci_roothub_strdscr
                0x000000008000dfe8       0x7c /usr/local/xenon/usr/lib/libxenon.a(ohci.o)
 .text.ohci_xfer
                0x000000008000e064      0x86c /usr/local/xenon/usr/lib/libxenon.a(ohci.o)
 .text.ohci_intr
                0x000000008000e8d0      0x274 /usr/local/xenon/usr/lib/libxenon.a(ohci.o)
 .text._ohci_dma_alloc
                0x000000008000eb44       0x60 /usr/local/xenon/usr/lib/libxenon.a(ohci.o)
 .text.ohci_create
                0x000000008000eba4      0x2e0 /usr/local/xenon/usr/lib/libxenon.a(ohci.o)
 .text.usb_poll
                0x000000008000ee84       0x2c /usr/local/xenon/usr/lib/libxenon.a(usbd.o)
                0x000000008000ee84                usb_poll
 .text.usb_queue_request
                0x000000008000eeb0       0x54 /usr/local/xenon/usr/lib/libxenon.a(usbd.o)
                0x000000008000eeb0                usb_queue_request
 .text.usb_wait_request
                0x000000008000ef04       0x48 /usr/local/xenon/usr/lib/libxenon.a(usbd.o)
                0x000000008000ef04                usb_wait_request
 .text.usb_sync_request
                0x000000008000ef4c       0x30 /usr/local/xenon/usr/lib/libxenon.a(usbd.o)
                0x000000008000ef4c                usb_sync_request
 .text.usb_new_address
                0x000000008000ef7c       0x30 /usr/local/xenon/usr/lib/libxenon.a(usbd.o)
                0x000000008000ef7c                usb_new_address
 .text.usb_set_ep0mps
                0x000000008000efac       0x74 /usr/local/xenon/usr/lib/libxenon.a(usbd.o)
                0x000000008000efac                usb_set_ep0mps
 .text.usb_complete_request
                0x000000008000f020       0x3c /usr/local/xenon/usr/lib/libxenon.a(usbd.o)
                0x000000008000f020                usb_complete_request
 .text.usb_find_cfg_descr
                0x000000008000f05c       0x54 /usr/local/xenon/usr/lib/libxenon.a(usbd.o)
                0x000000008000f05c                usb_find_cfg_descr
 .text.usb_create_pipe
                0x000000008000f0b0      0x110 /usr/local/xenon/usr/lib/libxenon.a(usbd.o)
                0x000000008000f0b0                usb_create_pipe
 .text.usb_open_pipe
                0x000000008000f1c0       0x8c /usr/local/xenon/usr/lib/libxenon.a(usbd.o)
                0x000000008000f1c0                usb_open_pipe
 .text.usb_free_request
                0x000000008000f24c       0x48 /usr/local/xenon/usr/lib/libxenon.a(usbd.o)
                0x000000008000f24c                usb_free_request
 .text.usb_destroy_all_pipes
                0x000000008000f294       0xa0 /usr/local/xenon/usr/lib/libxenon.a(usbd.o)
                0x000000008000f294                usb_destroy_all_pipes
 .text.usb_destroy_device
                0x000000008000f334       0x54 /usr/local/xenon/usr/lib/libxenon.a(usbd.o)
                0x000000008000f334                usb_destroy_device
 .text.usb_make_request
                0x000000008000f388       0xbc /usr/local/xenon/usr/lib/libxenon.a(usbd.o)
                0x000000008000f388                usb_make_request
 .text.usb_clear_stall
                0x000000008000f444      0x124 /usr/local/xenon/usr/lib/libxenon.a(usbd.o)
                0x000000008000f444                usb_clear_stall
 .text.usb_std_request
                0x000000008000f568      0x2c0 /usr/local/xenon/usr/lib/libxenon.a(usbd.o)
                0x000000008000f568                usb_std_request
 .text.usb_get_device_status
                0x000000008000f828       0x1c /usr/local/xenon/usr/lib/libxenon.a(usbd.o)
                0x000000008000f828                usb_get_device_status
 .text.usb_get_string
                0x000000008000f844      0x12c /usr/local/xenon/usr/lib/libxenon.a(usbd.o)
                0x000000008000f844                usb_get_string
 .text.usb_get_descriptor
                0x000000008000f970       0x20 /usr/local/xenon/usr/lib/libxenon.a(usbd.o)
                0x000000008000f970                usb_get_descriptor
 .text.usb_get_config_descriptor
                0x000000008000f990       0xbc /usr/local/xenon/usr/lib/libxenon.a(usbd.o)
                0x000000008000f990                usb_get_config_descriptor
 .text.usb_get_device_descriptor
                0x000000008000fa4c       0xc4 /usr/local/xenon/usr/lib/libxenon.a(usbd.o)
                0x000000008000fa4c                usb_get_device_descriptor
 .text.usb_simple_request
                0x000000008000fb10       0x18 /usr/local/xenon/usr/lib/libxenon.a(usbd.o)
                0x000000008000fb10                usb_simple_request
 .text.usb_set_address
                0x000000008000fb28       0xc4 /usr/local/xenon/usr/lib/libxenon.a(usbd.o)
                0x000000008000fb28                usb_set_address
 .text.usb_set_configuration
                0x000000008000fbec       0x14 /usr/local/xenon/usr/lib/libxenon.a(usbd.o)
                0x000000008000fbec                usb_set_configuration
 .text.usb_create_device
                0x000000008000fc00       0x90 /usr/local/xenon/usr/lib/libxenon.a(usbd.o)
                0x000000008000fc00                usb_create_device
 .text.usb_initroot
                0x000000008000fc90      0x18c /usr/local/xenon/usr/lib/libxenon.a(usbd.o)
                0x000000008000fc90                usb_initroot
 .text.usb_delay_ms
                0x000000008000fe1c       0x28 /usr/local/xenon/usr/lib/libxenon.a(usbd.o)
                0x000000008000fe1c                usb_delay_ms
 .text.usb_daemon
                0x000000008000fe44       0x38 /usr/local/xenon/usr/lib/libxenon.a(usbd.o)
                0x000000008000fe44                usb_daemon
 .text.usb_find_driver
                0x000000008000fe7c      0x124 /usr/local/xenon/usr/lib/libxenon.a(usbdevs.o)
                0x000000008000fe7c                usb_find_driver
 .text.usbhid_detach
                0x000000008000ffa0        0x8 /usr/local/xenon/usr/lib/libxenon.a(usbhid.o)
 .text.usbhid_kbd_scan1
                0x000000008000ffa8       0x9c /usr/local/xenon/usr/lib/libxenon.a(usbhid.o)
 .text.usbhid_attach
                0x0000000080010044      0x190 /usr/local/xenon/usr/lib/libxenon.a(usbhid.o)
 .text.usbhid_ireq_callback
                0x00000000800101d4      0x18c /usr/local/xenon/usr/lib/libxenon.a(usbhid.o)
 .text.usbhub_map_tree1
                0x0000000080010360       0xa4 /usr/local/xenon/usr/lib/libxenon.a(usbhub.o)
 .text.usbhub_map_tree
                0x0000000080010404       0x14 /usr/local/xenon/usr/lib/libxenon.a(usbhub.o)
                0x0000000080010404                usbhub_map_tree
 .text.usbhub_map_from_device
                0x0000000080010418       0x10 /usr/local/xenon/usr/lib/libxenon.a(usbhub.o)
                0x0000000080010418                usbhub_map_from_device
 .text.usbhub_markdetached1
                0x0000000080010428       0x18 /usr/local/xenon/usr/lib/libxenon.a(usbhub.o)
 .text.usb_scan
                0x0000000080010440       0x10 /usr/local/xenon/usr/lib/libxenon.a(usbhub.o)
                0x0000000080010440                usb_scan
 .text.usbhub_detach
                0x0000000080010450      0x188 /usr/local/xenon/usr/lib/libxenon.a(usbhub.o)
 .text.usbhub_get_port_status
                0x00000000800105d8       0x38 /usr/local/xenon/usr/lib/libxenon.a(usbhub.o)
 .text.usbhub_scan1
                0x0000000080010610      0x60c /usr/local/xenon/usr/lib/libxenon.a(usbhub.o)
 .text.usbhub_ireq_callback
                0x0000000080010c1c       0x90 /usr/local/xenon/usr/lib/libxenon.a(usbhub.o)
 .text.usbhub_attach
                0x0000000080010cac      0x1d4 /usr/local/xenon/usr/lib/libxenon.a(usbhub.o)
 .text.ehci_virt_to_dma
                0x0000000080010e80        0x8 /usr/local/xenon/usr/lib/libxenon.a(usb_os.o)
                0x0000000080010e80                ehci_virt_to_dma
 .text.USB_Free
                0x0000000080010e88       0x20 /usr/local/xenon/usr/lib/libxenon.a(usb_os.o)
                0x0000000080010e88                USB_Free
 .text.USB_Alloc
                0x0000000080010ea8       0x20 /usr/local/xenon/usr/lib/libxenon.a(usb_os.o)
                0x0000000080010ea8                USB_Alloc
 .text.ehci_msleep
                0x0000000080010ec8       0x20 /usr/local/xenon/usr/lib/libxenon.a(usb_os.o)
                0x0000000080010ec8                ehci_msleep
 .text.ehci_usleep
                0x0000000080010ee8       0x20 /usr/local/xenon/usr/lib/libxenon.a(usb_os.o)
                0x0000000080010ee8                ehci_usleep
 .text.ehci_dma_unmap_bidir
                0x0000000080010f08       0x24 /usr/local/xenon/usr/lib/libxenon.a(usb_os.o)
                0x0000000080010f08                ehci_dma_unmap_bidir
 .text.ehci_dma_unmap_from
                0x0000000080010f2c       0x24 /usr/local/xenon/usr/lib/libxenon.a(usb_os.o)
                0x0000000080010f2c                ehci_dma_unmap_from
 .text.ehci_dma_unmap_to
                0x0000000080010f50       0x24 /usr/local/xenon/usr/lib/libxenon.a(usb_os.o)
                0x0000000080010f50                ehci_dma_unmap_to
 .text.ehci_dma_map_bidir
                0x0000000080010f74       0x30 /usr/local/xenon/usr/lib/libxenon.a(usb_os.o)
                0x0000000080010f74                ehci_dma_map_bidir
 .text.ehci_dma_map_from
                0x0000000080010fa4       0x30 /usr/local/xenon/usr/lib/libxenon.a(usb_os.o)
                0x0000000080010fa4                ehci_dma_map_from
 .text.ehci_dma_map_to
                0x0000000080010fd4       0x30 /usr/local/xenon/usr/lib/libxenon.a(usb_os.o)
                0x0000000080010fd4                ehci_dma_map_to
 .text.ehci_maligned
                0x0000000080011004       0xa4 /usr/local/xenon/usr/lib/libxenon.a(usb_os.o)
                0x0000000080011004                ehci_maligned
 .text.utf8encode
                0x00000000800110a8       0x84 /usr/local/xenon/usr/lib/libxenon.a(unicode_rb.o)
                0x00000000800110a8                utf8encode
 .text.utf8length
                0x000000008001112c       0x34 /usr/local/xenon/usr/lib/libxenon.a(unicode_rb.o)
                0x000000008001112c                utf8length
 .text.utf8decode
                0x0000000080011160       0xd4 /usr/local/xenon/usr/lib/libxenon.a(unicode_rb.o)
                0x0000000080011160                utf8decode
 .text.xenon_gpio_set
                0x0000000080011234       0x5c /usr/local/xenon/usr/lib/libxenon.a(xenon_gpio.o)
                0x0000000080011234                xenon_gpio_set
 .text.xenon_gpio_set_oe
                0x0000000080011290       0x5c /usr/local/xenon/usr/lib/libxenon.a(xenon_gpio.o)
                0x0000000080011290                xenon_gpio_set_oe
 .text.xenon_smc_handle_bulk
                0x00000000800112ec       0x98 /usr/local/xenon/usr/lib/libxenon.a(xenon_smc.o)
                0x00000000800112ec                xenon_smc_handle_bulk
 .text.xenon_smc_receive_message
                0x0000000080011384       0x90 /usr/local/xenon/usr/lib/libxenon.a(xenon_smc.o)
                0x0000000080011384                xenon_smc_receive_message
 .text.xenon_smc_receive_response
                0x0000000080011414       0x50 /usr/local/xenon/usr/lib/libxenon.a(xenon_smc.o)
                0x0000000080011414                xenon_smc_receive_response
 .text.xenon_smc_send_message
                0x0000000080011464       0xa0 /usr/local/xenon/usr/lib/libxenon.a(xenon_smc.o)
                0x0000000080011464                xenon_smc_send_message
 .text.xenon_smc_read_avpack
                0x0000000080011504       0x54 /usr/local/xenon/usr/lib/libxenon.a(xenon_smc.o)
                0x0000000080011504                xenon_smc_read_avpack
 .text.xenon_smc_i2c_write
                0x0000000080011558       0xac /usr/local/xenon/usr/lib/libxenon.a(xenon_smc.o)
                0x0000000080011558                xenon_smc_i2c_write
 .text.xenon_smc_ana_read
                0x0000000080011604       0xdc /usr/local/xenon/usr/lib/libxenon.a(xenon_smc.o)
                0x0000000080011604                xenon_smc_ana_read
 .text.xenon_smc_ana_write
                0x00000000800116e0       0xb0 /usr/local/xenon/usr/lib/libxenon.a(xenon_smc.o)
                0x00000000800116e0                xenon_smc_ana_write
 .text.xenon_config_get_avregion
                0x0000000080011790       0xac /usr/local/xenon/usr/lib/libxenon.a(xenon_config.o)
                0x0000000080011790                xenon_config_get_avregion
 .text.xenon_config_init
                0x000000008001183c       0xb0 /usr/local/xenon/usr/lib/libxenon.a(xenon_config.o)
                0x000000008001183c                xenon_config_init
 .text.storage_write_sectors
                0x00000000800118ec       0x78 /usr/local/xenon/usr/lib/libxenon.a(disk_rb.o)
                0x00000000800118ec                storage_write_sectors
 .text.storage_read_sectors
                0x0000000080011964      0x1b0 /usr/local/xenon/usr/lib/libxenon.a(disk_rb.o)
                0x0000000080011964                storage_read_sectors
 .text.disk_init
                0x0000000080011b14      0x154 /usr/local/xenon/usr/lib/libxenon.a(disk_rb.o)
                0x0000000080011b14                disk_init
 .text.disk_mount
                0x0000000080011c68      0x140 /usr/local/xenon/usr/lib/libxenon.a(disk_rb.o)
                0x0000000080011c68                disk_mount
 .text.q_enqueue
                0x0000000080011da8       0x18 /usr/local/xenon/usr/lib/libxenon.a(lib_queue.o)
                0x0000000080011da8                q_enqueue
 .text.q_deqnext
                0x0000000080011dc0       0x30 /usr/local/xenon/usr/lib/libxenon.a(lib_queue.o)
                0x0000000080011dc0                q_deqnext
 .text.usbctrl_detach
                0x0000000080011df0       0x5c /usr/local/xenon/usr/lib/libxenon.a(usbctrl.o)
 .text.usbctrl_attach
                0x0000000080011e4c      0x1cc /usr/local/xenon/usr/lib/libxenon.a(usbctrl.o)
 .text.usbctrl_ireq_callback
                0x0000000080012018      0x190 /usr/local/xenon/usr/lib/libxenon.a(usbctrl.o)
 .text.getstringmaybe
                0x00000000800121a8       0x88 /usr/local/xenon/usr/lib/libxenon.a(usbdebug.o)
 .text.usb_dbg_dumpdescriptors
                0x0000000080012230      0x708 /usr/local/xenon/usr/lib/libxenon.a(usbdebug.o)
                0x0000000080012230                usb_dbg_dumpdescriptors
 .text.usb_dbg_dumpportstatus
                0x0000000080012938      0x284 /usr/local/xenon/usr/lib/libxenon.a(usbdebug.o)
                0x0000000080012938                usb_dbg_dumpportstatus
 .text.sfcx_readreg
                0x0000000080012bbc       0x14 /usr/local/xenon/usr/lib/libxenon.a(xenon_sfcx.o)
                0x0000000080012bbc                sfcx_readreg
 .text.sfcx_writereg
                0x0000000080012bd0       0x14 /usr/local/xenon/usr/lib/libxenon.a(xenon_sfcx.o)
                0x0000000080012bd0                sfcx_writereg
 .text.sfcx_init
                0x0000000080012be4      0x280 /usr/local/xenon/usr/lib/libxenon.a(xenon_sfcx.o)
                0x0000000080012be4                sfcx_init
 .text.sfcx_read_page
                0x0000000080012e64      0x170 /usr/local/xenon/usr/lib/libxenon.a(xenon_sfcx.o)
                0x0000000080012e64                sfcx_read_page
 .text.set_controller_data
                0x0000000080012fd4       0x5c /usr/local/xenon/usr/lib/libxenon.a(input.o)
                0x0000000080012fd4                set_controller_data
 .text          0x0000000080013030       0x88 /usr/local/xenon/xenon/lib/32/libc.a(lib_a-assert.o)
                0x0000000080013034                __assert_func
                0x00000000800130a0                __assert
 .text          0x00000000800130b8       0x50 /usr/local/xenon/xenon/lib/32/libc.a(lib_a-atoi.o)
                0x00000000800130b8                _atoi_r
                0x00000000800130e0                atoi
 .text          0x0000000080013108       0x40 /usr/local/xenon/xenon/lib/32/libc.a(lib_a-errno.o)
                0x000000008001310c                __errno
 .text          0x0000000080013148       0x58 /usr/local/xenon/xenon/lib/32/libc.a(lib_a-exit.o)
                0x000000008001314c                exit
 .text          0x00000000800131a0      0x12c /usr/local/xenon/xenon/lib/32/libc.a(lib_a-fiprintf.o)
                0x00000000800131a4                fiprintf
                0x0000000080013250                _fiprintf_r
 *fill*         0x00000000800132cc        0x4 00
 .text          0x00000000800132d0      0x16c /usr/local/xenon/xenon/lib/32/libc.a(lib_a-fopen.o)
                0x00000000800132d4                _fopen_r
                0x00000000800133f4                fopen
 *fill*         0x000000008001343c        0x4 00
 .text          0x0000000080013440      0x12c /usr/local/xenon/xenon/lib/32/libc.a(lib_a-fprintf.o)
                0x0000000080013444                fprintf
                0x00000000800134f0                _fprintf_r
 *fill*         0x000000008001356c        0x4 00
 .text          0x0000000080013570      0x644 /usr/local/xenon/xenon/lib/32/libc.a(lib_a-fseek.o)
                0x0000000080013574                _fseek_r
                0x0000000080013b64                fseek
 *fill*         0x0000000080013bb4        0x4 00
 .text          0x0000000080013bb8       0x9c /usr/local/xenon/xenon/lib/32/libc.a(lib_a-fstatr.o)
                0x0000000080013bbc                _fstat_r
 *fill*         0x0000000080013c54        0x4 00
 .text          0x0000000080013c58      0x22c /usr/local/xenon/xenon/lib/32/libc.a(lib_a-makebuf.o)
                0x0000000080013c5c                __smakebuf_r
 *fill*         0x0000000080013e84        0x4 00
 .text          0x0000000080013e88       0x90 /usr/local/xenon/xenon/lib/32/libc.a(lib_a-malloc.o)
                0x0000000080013e8c                free
                0x0000000080013ed4                malloc
 .text          0x0000000080013f18      0x880 /usr/local/xenon/xenon/lib/32/libc.a(lib_a-mallocr.o)
                0x0000000080013f1c                _malloc_r
 .text          0x0000000080014798      0x128 /usr/local/xenon/xenon/lib/32/libc.a(lib_a-memchr.o)
                0x0000000080014798                memchr
 .text          0x00000000800148c0       0xd8 /usr/local/xenon/xenon/lib/32/libc.a(lib_a-memcmp.o)
                0x00000000800148c0                memcmp
 .text          0x0000000080014998      0x12c /usr/local/xenon/xenon/lib/32/libc.a(lib_a-memcpy.o)
                0x0000000080014998                memcpy
 *fill*         0x0000000080014ac4        0x4 00
 .text          0x0000000080014ac8      0x138 /usr/local/xenon/xenon/lib/32/libc.a(lib_a-memset.o)
                0x0000000080014ac8                memset
 .text          0x0000000080014c00        0xc /usr/local/xenon/xenon/lib/32/libc.a(lib_a-mlock.o)
                0x0000000080014c00                __malloc_lock
                0x0000000080014c08                __malloc_unlock
 *fill*         0x0000000080014c0c        0x4 00
 .text          0x0000000080014c10       0xa4 /usr/local/xenon/xenon/lib/32/libc.a(lib_a-openr.o)
                0x0000000080014c14                _open_r
 *fill*         0x0000000080014cb4        0x4 00
 .text          0x0000000080014cb8      0x140 /usr/local/xenon/xenon/lib/32/libc.a(lib_a-printf.o)
                0x0000000080014cbc                printf
                0x0000000080014d70                _printf_r
 .text          0x0000000080014df8       0x74 /usr/local/xenon/xenon/lib/32/libc.a(lib_a-putchar.o)
                0x0000000080014dfc                putchar
                0x0000000080014e48                _putchar_r
 *fill*         0x0000000080014e6c        0x4 00
 .text          0x0000000080014e70      0x208 /usr/local/xenon/xenon/lib/32/libc.a(lib_a-putc.o)
                0x0000000080014e74                putc
                0x0000000080014f98                _putc_r
 .text          0x0000000080015078      0x130 /usr/local/xenon/xenon/lib/32/libc.a(lib_a-puts.o)
                0x000000008001507c                _puts_r
                0x0000000080015164                puts
 .text          0x00000000800151a8      0x2ac /usr/local/xenon/xenon/lib/32/libc.a(lib_a-refill.o)
                0x00000000800151ac                __srefill_r
 *fill*         0x0000000080015454        0x4 00
 .text          0x0000000080015458       0x94 /usr/local/xenon/xenon/lib/32/libc.a(lib_a-sbrkr.o)
                0x000000008001545c                _sbrk_r
 *fill*         0x00000000800154ec        0x4 00
 .text          0x00000000800154f0      0x250 /usr/local/xenon/xenon/lib/32/libc.a(lib_a-snprintf.o)
                0x00000000800154f4                snprintf
                0x0000000080015628                _snprintf_r
 .text          0x0000000080015740      0x1a8 /usr/local/xenon/xenon/lib/32/libc.a(lib_a-stdio.o)
                0x0000000080015740                __sclose
                0x0000000080015768                __sseek
                0x00000000800157d8                __swrite
                0x0000000080015880                __sread
 .text          0x00000000800158e8      0x108 /usr/local/xenon/xenon/lib/32/libc.a(lib_a-strcasecmp.o)
                0x00000000800158ec                strcasecmp
 .text          0x00000000800159f0       0x8c /usr/local/xenon/xenon/lib/32/libc.a(lib_a-strcat.o)
                0x00000000800159f0                strcat
 *fill*         0x0000000080015a7c        0x4 00
 .text          0x0000000080015a80      0x1e4 /usr/local/xenon/xenon/lib/32/libc.a(lib_a-strchr.o)
                0x0000000080015a80                strchr
 *fill*         0x0000000080015c64        0x4 00
 .text          0x0000000080015c68       0xe8 /usr/local/xenon/xenon/lib/32/libc.a(lib_a-strcmp.o)
                0x0000000080015c68                strcmp
 .text          0x0000000080015d50       0x90 /usr/local/xenon/xenon/lib/32/libc.a(lib_a-strcpy.o)
                0x0000000080015d50                strcpy
 .text          0x0000000080015de0       0x88 /usr/local/xenon/xenon/lib/32/libc.a(lib_a-strlcpy.o)
                0x0000000080015de0                strlcpy
 .text          0x0000000080015e68       0xb4 /usr/local/xenon/xenon/lib/32/libc.a(lib_a-strlen.o)
                0x0000000080015e68                strlen
 *fill*         0x0000000080015f1c        0x4 00
 .text          0x0000000080015f20       0xe8 /usr/local/xenon/xenon/lib/32/libc.a(lib_a-strncasecmp.o)
                0x0000000080015f24                strncasecmp
 .text          0x0000000080016008      0x180 /usr/local/xenon/xenon/lib/32/libc.a(lib_a-strncmp.o)
                0x0000000080016008                strncmp
 .text          0x0000000080016188      0x108 /usr/local/xenon/xenon/lib/32/libc.a(lib_a-strncpy.o)
                0x0000000080016188                strncpy
 .text          0x0000000080016290       0x98 /usr/local/xenon/xenon/lib/32/libc.a(lib_a-strrchr.o)
                0x0000000080016290                strrchr
 .text          0x0000000080016328      0x12c /usr/local/xenon/xenon/lib/32/libc.a(lib_a-strtok_r.o)
                0x0000000080016328                __strtok_r
                0x0000000080016430                strtok_r
 *fill*         0x0000000080016454        0x4 00
 .text          0x0000000080016458      0x2a4 /usr/local/xenon/xenon/lib/32/libc.a(lib_a-strtol.o)
                0x000000008001645c                _strtol_r
                0x00000000800166ac                strtol
 *fill*         0x00000000800166fc        0x4 00
 .text          0x0000000080016700     0x2144 /usr/local/xenon/xenon/lib/32/libc.a(lib_a-svfprintf.o)
                0x00000000800169ec                _svfprintf_r
 *fill*         0x0000000080018844        0x4 00
 .text          0x0000000080018848     0x1224 /usr/local/xenon/xenon/lib/32/libc.a(lib_a-vfiprintf.o)
                0x00000000800188b4                _vfiprintf_r
                0x0000000080019a1c                vfiprintf
 *fill*         0x0000000080019a6c        0x4 00
 .text          0x0000000080019a70     0x1ffc /usr/local/xenon/xenon/lib/32/libc.a(lib_a-vfprintf.o)
                0x0000000080019adc                _vfprintf_r
                0x000000008001ba1c                vfprintf
 *fill*         0x000000008001ba6c        0x4 00
 .text          0x000000008001ba70      0x1e4 /usr/local/xenon/xenon/lib/32/libc.a(lib_a-wbuf.o)
                0x000000008001ba70                __swbuf_r
                0x000000008001bc0c                __swbuf
 *fill*         0x000000008001bc54        0x4 00
 .text          0x000000008001bc58       0x9c /usr/local/xenon/xenon/lib/32/libc.a(lib_a-writer.o)
                0x000000008001bc5c                _write_r
 *fill*         0x000000008001bcf4        0x4 00
 .text          0x000000008001bcf8      0x1a8 /usr/local/xenon/xenon/lib/32/libc.a(lib_a-wsetup.o)
                0x000000008001bcfc                __swsetup_r
 .text          0x000000008001bea0       0x1c /usr/local/xenon/xenon/lib/32/libc.a(lib_a-abort.o)
                0x000000008001bea0                abort
 *fill*         0x000000008001bebc        0x4 00
 .text          0x000000008001bec0      0x1f4 /usr/local/xenon/xenon/lib/32/libc.a(lib_a-__call_atexit.o)
                0x000000008001bec4                __call_exitprocs
 *fill*         0x000000008001c0b4        0x4 00
 .text          0x000000008001c0b8       0x94 /usr/local/xenon/xenon/lib/32/libc.a(lib_a-closer.o)
                0x000000008001c0bc                _close_r
 *fill*         0x000000008001c14c        0x4 00
 .text          0x000000008001c150     0x144c /usr/local/xenon/xenon/lib/32/libc.a(lib_a-dtoa.o)
                0x000000008001c38c                _dtoa_r
 *fill*         0x000000008001d59c        0x4 00
 .text          0x000000008001d5a0      0x2ec /usr/local/xenon/xenon/lib/32/libc.a(lib_a-fflush.o)
                0x000000008001d5a0                _fflush_r
                0x000000008001d81c                fflush
 *fill*         0x000000008001d88c        0x4 00
 .text          0x000000008001d890      0x49c /usr/local/xenon/xenon/lib/32/libc.a(lib_a-findfp.o)
                0x000000008001d890                __sfp_lock_acquire
                0x000000008001d898                __sfp_lock_release
                0x000000008001d8a0                __sinit_lock_acquire
                0x000000008001d8a8                __sinit_lock_release
                0x000000008001d8c4                __fp_unlock_all
                0x000000008001d914                __fp_lock_all
                0x000000008001d964                _cleanup_r
                0x000000008001d9a4                _cleanup
                0x000000008001da8c                __sinit
                0x000000008001db40                __sfmoreglue
                0x000000008001dbc4                __sfp
 *fill*         0x000000008001dd2c        0x4 00
 .text          0x000000008001dd30       0xa0 /usr/local/xenon/xenon/lib/32/libc.a(lib_a-flags.o)
                0x000000008001dd30                __sflags
 .text          0x000000008001ddd0      0x428 /usr/local/xenon/xenon/lib/32/libc.a(lib_a-freer.o)
                0x000000008001ddd4                _malloc_trim_r
                0x000000008001df34                _free_r
 .text          0x000000008001e1f8      0x58c /usr/local/xenon/xenon/lib/32/libc.a(lib_a-fvwrite.o)
                0x000000008001e1f8                __sfvwrite_r
 *fill*         0x000000008001e784        0x4 00
 .text          0x000000008001e788      0x18c /usr/local/xenon/xenon/lib/32/libc.a(lib_a-fwalk.o)
                0x000000008001e788                _fwalk_reent
                0x000000008001e858                _fwalk
 *fill*         0x000000008001e914        0x4 00
 .text          0x000000008001e918       0x94 /usr/local/xenon/xenon/lib/32/libc.a(lib_a-isattyr.o)
                0x000000008001e91c                _isatty_r
 *fill*         0x000000008001e9ac        0x4 00
 .text          0x000000008001e9b0      0x1ec /usr/local/xenon/xenon/lib/32/libc.a(lib_a-locale.o)
                0x000000008001e9b4                __locale_charset
                0x000000008001e9f4                _localeconv_r
                0x000000008001ea34                localeconv
                0x000000008001ea7c                _setlocale_r
                0x000000008001eb54                setlocale
 *fill*         0x000000008001eb9c        0x4 00
 .text          0x000000008001eba0       0x9c /usr/local/xenon/xenon/lib/32/libc.a(lib_a-lseekr.o)
                0x000000008001eba4                _lseek_r
 *fill*         0x000000008001ec3c        0x4 00
 .text          0x000000008001ec40      0x16c /usr/local/xenon/xenon/lib/32/libc.a(lib_a-memmove.o)
                0x000000008001ec40                memmove
 *fill*         0x000000008001edac        0x4 00
 .text          0x000000008001edb0     0x1334 /usr/local/xenon/xenon/lib/32/libc.a(lib_a-mprec.o)
                0x000000008001edb0                _Bfree
                0x000000008001edd8                __hi0bits
                0x000000008001ee50                __lo0bits
                0x000000008001ef40                __mcmp
                0x000000008001efd0                __ulp
                0x000000008001f080                __b2d
                0x000000008001f210                __ratio
                0x000000008001f2fc                _mprec_log10
                0x000000008001f378                __copybits
                0x000000008001f408                __any_on
                0x000000008001f4b0                _Balloc
                0x000000008001f570                __d2b
                0x000000008001f720                __mdiff
                0x000000008001f8f8                __lshift
                0x000000008001fa88                __multiply
                0x000000008001fce0                __i2b
                0x000000008001fd20                __multadd
                0x000000008001fe4c                __pow5mult
                0x000000008001ffb0                __s2b
 *fill*         0x00000000800200e4        0x4 00
 .text          0x00000000800200e8       0x9c /usr/local/xenon/xenon/lib/32/libc.a(lib_a-readr.o)
                0x00000000800200ec                _read_r
 *fill*         0x0000000080020184        0x4 00
 .text          0x0000000080020188      0x650 /usr/local/xenon/xenon/lib/32/libc.a(lib_a-reallocr.o)
                0x000000008002018c                _realloc_r
 .text          0x00000000800207d8      0x3dc /usr/local/xenon/xenon/lib/32/libc.a(lib_a-signal.o)
                0x00000000800207d8                _raise_r
                0x00000000800208c4                raise
                0x0000000080020908                _init_signal_r
                0x000000008002098c                _init_signal
                0x00000000800209d0                __sigtramp_r
                0x0000000080020a94                __sigtramp
                0x0000000080020ad8                _signal_r
                0x0000000080020b6c                signal
 *fill*         0x0000000080020bb4        0x4 00
 .text          0x0000000080020bb8       0xbc /usr/local/xenon/xenon/lib/32/libc.a(lib_a-signalr.o)
                0x0000000080020bb8                _getpid_r
                0x0000000080020bdc                _kill_r
 *fill*         0x0000000080020c74        0x4 00
 .text          0x0000000080020c78       0x44 /usr/local/xenon/xenon/lib/32/libc.a(lib_a-s_isinfd.o)
                0x0000000080020c78                __isinfd
 *fill*         0x0000000080020cbc        0x4 00
 .text          0x0000000080020cc0       0x38 /usr/local/xenon/xenon/lib/32/libc.a(lib_a-s_isnand.o)
                0x0000000080020cc0                __isnand
 .text          0x0000000080020cf8       0xd0 /usr/local/xenon/xenon/lib/32/libc.a(lib_a-callocr.o)
                0x0000000080020cf8                _calloc_r
 .text          0x0000000080020dc8      0x1b8 /usr/local/xenon/xenon/lib/32/libc.a(lib_a-fclose.o)
                0x0000000080020dc8                _fclose_r
                0x0000000080020f3c                fclose
 *(.init*)

.glink          0x0000000080020f80        0x0
 .glink         0x0000000000000000        0x0 /usr/local/xenon/lib/gcc/xenon/4.4.0/../../../../xenon/lib/../lib/crt1.o

.elfldr         0x0000000080020f80        0x0
                0x0000000080020f80                elfldr_start = .
 *(.elfldr)
                0x0000000080020f80                elfldr_end = .

.data           0x0000000080020f80     0x5754
 *(.data*)
 .data.console_color
                0x0000000080020f80        0x8 /usr/local/xenon/usr/lib/libxenon.a(console.o)
 .data.mounts   0x0000000080020f88      0x480 /usr/local/xenon/usr/lib/libxenon.a(newlib.o)
 .data.vfs_console_ops
                0x0000000080021408       0x18 /usr/local/xenon/usr/lib/libxenon.a(newlib.o)
                0x0000000080021408                vfs_console_ops
 .data.vfs_console_mount_ops
                0x0000000080021420       0x10 /usr/local/xenon/usr/lib/libxenon.a(newlib.o)
                0x0000000080021420                vfs_console_mount_ops
 .data.fd_array
                0x0000000080021430      0xc00 /usr/local/xenon/usr/lib/libxenon.a(newlib.o)
 .data.first_access
                0x0000000080022030        0x4 /usr/local/xenon/usr/lib/libxenon.a(tinyehci.o)
 .data.__lun    0x0000000080022034        0x1 /usr/local/xenon/usr/lib/libxenon.a(tinyehci.o)
 *fill*         0x0000000080022035        0x3 00
 .data.ana_1280x1024
                0x0000000080022038      0x400 /usr/local/xenon/usr/lib/libxenon.a(xenos.o)
                0x0000000080022038                ana_1280x1024
 .data.ana_640x480p
                0x0000000080022438      0x400 /usr/local/xenon/usr/lib/libxenon.a(xenos.o)
                0x0000000080022438                ana_640x480p
 .data.ana_1360x768
                0x0000000080022838      0x400 /usr/local/xenon/usr/lib/libxenon.a(xenos.o)
                0x0000000080022838                ana_1360x768
 .data.ana_1280x720
                0x0000000080022c38      0x400 /usr/local/xenon/usr/lib/libxenon.a(xenos.o)
                0x0000000080022c38                ana_1280x720
 .data.ana_ntsc_480i
                0x0000000080023038      0x400 /usr/local/xenon/usr/lib/libxenon.a(xenos.o)
                0x0000000080023038                ana_ntsc_480i
 .data.ana_1024x768
                0x0000000080023438      0x400 /usr/local/xenon/usr/lib/libxenon.a(xenos.o)
                0x0000000080023438                ana_1024x768
 .data.ana_pal  0x0000000080023838      0x400 /usr/local/xenon/usr/lib/libxenon.a(xenos.o)
                0x0000000080023838                ana_pal
 .data.ana_yuv_720p
                0x0000000080023c38      0x400 /usr/local/xenon/usr/lib/libxenon.a(xenos.o)
                0x0000000080023c38                ana_yuv_720p
 .data.ana_yuv_480p
                0x0000000080024038      0x400 /usr/local/xenon/usr/lib/libxenon.a(xenos.o)
                0x0000000080024038                ana_yuv_480p
 .data.ana_hdmi_720p
                0x0000000080024438      0x400 /usr/local/xenon/usr/lib/libxenon.a(xenos.o)
                0x0000000080024438                ana_hdmi_720p
 .data.xenos_modes
                0x0000000080024838      0x2d8 /usr/local/xenon/usr/lib/libxenon.a(xenos.o)
                0x0000000080024838                xenos_modes
 .data.ana_640_480_composite
                0x0000000080024b10      0x400 /usr/local/xenon/usr/lib/libxenon.a(xenos.o)
                0x0000000080024b10                ana_640_480_composite
 .data.ana_1440x900
                0x0000000080024f10      0x400 /usr/local/xenon/usr/lib/libxenon.a(xenos.o)
                0x0000000080024f10                ana_1440x900
 .data.ana_1280x768
                0x0000000080025310      0x400 /usr/local/xenon/usr/lib/libxenon.a(xenos.o)
                0x0000000080025310                ana_1280x768
 .data.vfs_fat_mount_ops
                0x0000000080025710       0x10 /usr/local/xenon/usr/lib/libxenon.a(fat.o)
                0x0000000080025710                vfs_fat_mount_ops
 .data.vfs_fat_file_ops
                0x0000000080025720       0x18 /usr/local/xenon/usr/lib/libxenon.a(fat.o)
                0x0000000080025720                vfs_fat_file_ops
 .data.vfs_iso9660_mount_ops
                0x0000000080025738       0x10 /usr/local/xenon/usr/lib/libxenon.a(iso9660.o)
                0x0000000080025738                vfs_iso9660_mount_ops
 .data.vfs_iso9660_file_ops
                0x0000000080025748       0x18 /usr/local/xenon/usr/lib/libxenon.a(iso9660.o)
                0x0000000080025748                vfs_iso9660_file_ops
 .data.ohci_driver
                0x0000000080025760       0x2c /usr/local/xenon/usr/lib/libxenon.a(ohci.o)
                0x0000000080025760                ohci_driver
 .data.usb_drivers
                0x000000008002578c       0x60 /usr/local/xenon/usr/lib/libxenon.a(usbdevs.o)
                0x000000008002578c                usb_drivers
 .data.usbhid_driver
                0x00000000800257ec        0xc /usr/local/xenon/usr/lib/libxenon.a(usbhid.o)
                0x00000000800257ec                usbhid_driver
 .data.usbhid_scantable
                0x00000000800257f8      0x650 /usr/local/xenon/usr/lib/libxenon.a(usbhid.o)
 .data.usbhub_driver
                0x0000000080025e48        0xc /usr/local/xenon/usr/lib/libxenon.a(usbhub.o)
                0x0000000080025e48                usbhub_driver
 .data.usbroothub_driver
                0x0000000080025e54        0xc /usr/local/xenon/usr/lib/libxenon.a(usbhub.o)
                0x0000000080025e54                usbroothub_driver
 .data.usbctrl_driver
                0x0000000080025e60        0xc /usr/local/xenon/usr/lib/libxenon.a(usbctrl.o)
                0x0000000080025e60                usbctrl_driver
 *fill*         0x0000000080025e6c        0x4 00
 .data.rel.local
                0x0000000080025e70      0x428 /usr/local/xenon/xenon/lib/32/libc.a(lib_a-impure.o)
 .data.rel      0x0000000080026298      0x408 /usr/local/xenon/xenon/lib/32/libc.a(lib_a-mallocr.o)
                0x0000000080026298                __malloc_av_
 .data.rel.ro.local
                0x00000000800266a0       0x34 /usr/local/xenon/xenon/lib/32/libc.a(lib_a-locale.o)

.got2           0x00000000800266d4      0x204
 .got2          0x00000000800266d4       0x10 /usr/local/xenon/xenon/lib/32/libc.a(lib_a-assert.o)
 .got2          0x00000000800266e4        0x4 /usr/local/xenon/xenon/lib/32/libc.a(lib_a-errno.o)
 .got2          0x00000000800266e8        0x4 /usr/local/xenon/xenon/lib/32/libc.a(lib_a-exit.o)
 .got2          0x00000000800266ec        0x4 /usr/local/xenon/xenon/lib/32/libc.a(lib_a-fiprintf.o)
 .got2          0x00000000800266f0       0x14 /usr/local/xenon/xenon/lib/32/libc.a(lib_a-fopen.o)
 .got2          0x0000000080026704        0x4 /usr/local/xenon/xenon/lib/32/libc.a(lib_a-fprintf.o)
 .got2          0x0000000080026708        0x8 /usr/local/xenon/xenon/lib/32/libc.a(lib_a-fseek.o)
 .got2          0x0000000080026710        0x4 /usr/local/xenon/xenon/lib/32/libc.a(lib_a-fstatr.o)
 .got2          0x0000000080026714        0x8 /usr/local/xenon/xenon/lib/32/libc.a(lib_a-makebuf.o)
 .got2          0x000000008002671c        0x4 /usr/local/xenon/xenon/lib/32/libc.a(lib_a-malloc.o)
 .got2          0x0000000080026720       0x1c /usr/local/xenon/xenon/lib/32/libc.a(lib_a-mallocr.o)
 .got2          0x000000008002673c        0x4 /usr/local/xenon/xenon/lib/32/libc.a(lib_a-openr.o)
 .got2          0x0000000080026740        0x4 /usr/local/xenon/xenon/lib/32/libc.a(lib_a-printf.o)
 .got2          0x0000000080026744        0x4 /usr/local/xenon/xenon/lib/32/libc.a(lib_a-putchar.o)
 .got2          0x0000000080026748        0x4 /usr/local/xenon/xenon/lib/32/libc.a(lib_a-putc.o)
 .got2          0x000000008002674c        0x8 /usr/local/xenon/xenon/lib/32/libc.a(lib_a-puts.o)
 .got2          0x0000000080026754        0x8 /usr/local/xenon/xenon/lib/32/libc.a(lib_a-refill.o)
 .got2          0x000000008002675c        0x4 /usr/local/xenon/xenon/lib/32/libc.a(lib_a-sbrkr.o)
 .got2          0x0000000080026760        0x4 /usr/local/xenon/xenon/lib/32/libc.a(lib_a-snprintf.o)
 .got2          0x0000000080026764        0x4 /usr/local/xenon/xenon/lib/32/libc.a(lib_a-strcasecmp.o)
 .got2          0x0000000080026768        0x4 /usr/local/xenon/xenon/lib/32/libc.a(lib_a-strncasecmp.o)
 .got2          0x000000008002676c        0x8 /usr/local/xenon/xenon/lib/32/libc.a(lib_a-strtol.o)
 .got2          0x0000000080026774       0x30 /usr/local/xenon/xenon/lib/32/libc.a(lib_a-svfprintf.o)
 .got2          0x00000000800267a4       0x1c /usr/local/xenon/xenon/lib/32/libc.a(lib_a-vfiprintf.o)
 .got2          0x00000000800267c0       0x34 /usr/local/xenon/xenon/lib/32/libc.a(lib_a-vfprintf.o)
 .got2          0x00000000800267f4        0x4 /usr/local/xenon/xenon/lib/32/libc.a(lib_a-wbuf.o)
 .got2          0x00000000800267f8        0x4 /usr/local/xenon/xenon/lib/32/libc.a(lib_a-writer.o)
 .got2          0x00000000800267fc        0x4 /usr/local/xenon/xenon/lib/32/libc.a(lib_a-wsetup.o)
 .got2          0x0000000080026800        0x4 /usr/local/xenon/xenon/lib/32/libc.a(lib_a-__call_atexit.o)
 .got2          0x0000000080026804        0x4 /usr/local/xenon/xenon/lib/32/libc.a(lib_a-closer.o)
 .got2          0x0000000080026808       0x48 /usr/local/xenon/xenon/lib/32/libc.a(lib_a-dtoa.o)
 .got2          0x0000000080026850        0xc /usr/local/xenon/xenon/lib/32/libc.a(lib_a-fflush.o)
 .got2          0x000000008002685c       0x28 /usr/local/xenon/xenon/lib/32/libc.a(lib_a-findfp.o)
 .got2          0x0000000080026884       0x18 /usr/local/xenon/xenon/lib/32/libc.a(lib_a-freer.o)
 .got2          0x000000008002689c        0x4 /usr/local/xenon/xenon/lib/32/libc.a(lib_a-isattyr.o)
 .got2          0x00000000800268a0       0x10 /usr/local/xenon/xenon/lib/32/libc.a(lib_a-locale.o)
 .got2          0x00000000800268b0        0x4 /usr/local/xenon/xenon/lib/32/libc.a(lib_a-lseekr.o)
 .got2          0x00000000800268b4       0x10 /usr/local/xenon/xenon/lib/32/libc.a(lib_a-mprec.o)
 .got2          0x00000000800268c4        0x4 /usr/local/xenon/xenon/lib/32/libc.a(lib_a-readr.o)
 .got2          0x00000000800268c8        0x4 /usr/local/xenon/xenon/lib/32/libc.a(lib_a-reallocr.o)
 .got2          0x00000000800268cc        0x4 /usr/local/xenon/xenon/lib/32/libc.a(lib_a-signal.o)
 .got2          0x00000000800268d0        0x4 /usr/local/xenon/xenon/lib/32/libc.a(lib_a-signalr.o)
 .got2          0x00000000800268d4        0x4 /usr/local/xenon/xenon/lib/32/libc.a(lib_a-fclose.o)

.sdata          0x00000000800268d8       0x34
 *(.sdata*)
 .sdata.usb_timeout
                0x00000000800268d8        0x4 /usr/local/xenon/usr/lib/libxenon.a(tinyehci.o)
                0x00000000800268d8                usb_timeout
 .sdata.usb2mass_ops
                0x00000000800268dc        0x8 /usr/local/xenon/usr/lib/libxenon.a(tinyehci.o)
                0x00000000800268dc                usb2mass_ops
 .sdata.vfs_fat_dir_ops
                0x00000000800268e4        0x8 /usr/local/xenon/usr/lib/libxenon.a(fat.o)
                0x00000000800268e4                vfs_fat_dir_ops
 .sdata.vfs_iso9660_dir_ops
                0x00000000800268ec        0x8 /usr/local/xenon/usr/lib/libxenon.a(iso9660.o)
                0x00000000800268ec                vfs_iso9660_dir_ops
 .sdata         0x00000000800268f4        0x8 /usr/local/xenon/xenon/lib/32/libc.a(lib_a-ctype_.o)
                0x00000000800268f4                __ctype_ptr
                0x00000000800268f8                __ctype_ptr__
 .sdata         0x00000000800268fc        0x8 /usr/local/xenon/xenon/lib/32/libc.a(lib_a-impure.o)
                0x00000000800268fc                _impure_ptr
                0x0000000080026900                _global_impure_ptr
 .sdata         0x0000000080026904        0x8 /usr/local/xenon/xenon/lib/32/libc.a(lib_a-mallocr.o)
                0x0000000080026904                __malloc_trim_threshold
                0x0000000080026908                __malloc_sbrk_base

.rodata         0x0000000080026910     0x3620
 *(.rodata*)
 .rodata.str1.8
                0x0000000080026910       0x78 main.o
                                         0x75 (size before relaxing)
 .rodata.str1.1
                0x0000000080026988       0x33 /usr/local/xenon/usr/lib/libxenon.a(console.o)
 *fill*         0x00000000800269bb        0x5 00
 .rodata.fontdata_8x16
                0x00000000800269c0     0x1000 /usr/local/xenon/usr/lib/libxenon.a(console.o)
                0x00000000800269c0                fontdata_8x16
 .rodata.str1.1
                0x00000000800279c0       0x1d /usr/local/xenon/usr/lib/libxenon.a(newlib.o)
 .rodata.str1.1
                0x00000000800279dd       0xcf /usr/local/xenon/usr/lib/libxenon.a(usbmain.o)
 .rodata.str1.1
                0x0000000080027aac        0x4 /usr/local/xenon/usr/lib/libxenon.a(tinyehci.o)
 .rodata.C.12.3395
                0x0000000080027ab0       0x40 /usr/local/xenon/usr/lib/libxenon.a(xenos.o)
 .rodata.CSWTCH.31
                0x0000000080027af0       0x10 /usr/local/xenon/usr/lib/libxenon.a(xenos.o)
 .rodata.C.9.3386
                0x0000000080027b00       0x44 /usr/local/xenon/usr/lib/libxenon.a(xenos.o)
 .rodata.C.13.3414
                0x0000000080027b44       0x5c /usr/local/xenon/usr/lib/libxenon.a(xenos.o)
 .rodata.str1.1
                0x0000000080027ba0      0x1e0 /usr/local/xenon/usr/lib/libxenon.a(xenos.o)
 .rodata.__FUNCTION__.3425
                0x0000000080027d80       0x12 /usr/local/xenon/usr/lib/libxenon.a(xenos.o)
 *fill*         0x0000000080027d92        0x6 00
 .rodata.__FUNCTION__.3630
                0x0000000080027d98       0x12 /usr/local/xenon/usr/lib/libxenon.a(xenos.o)
 *fill*         0x0000000080027daa        0x2 00
 .rodata.C.6.3366
                0x0000000080027dac       0x1c /usr/local/xenon/usr/lib/libxenon.a(xenos.o)
 .rodata.C.10.3387
                0x0000000080027dc8       0x44 /usr/local/xenon/usr/lib/libxenon.a(xenos.o)
 .rodata.str1.1
                0x0000000080027e0c       0x78 /usr/local/xenon/usr/lib/libxenon.a(diskio.o)
                                         0x79 (size before relaxing)
 *fill*         0x0000000080027e84        0x4 00
 .rodata.FATLONG_NAME_SIZE
                0x0000000080027e88        0x3 /usr/local/xenon/usr/lib/libxenon.a(fat_rb.o)
 *fill*         0x0000000080027e8b        0x5 00
 .rodata.invalid_chars.4668
                0x0000000080027e90       0x11 /usr/local/xenon/usr/lib/libxenon.a(fat_rb.o)
 *fill*         0x0000000080027ea1        0x7 00
 .rodata.daysinmonth.4276
                0x0000000080027ea8        0xc /usr/local/xenon/usr/lib/libxenon.a(fat_rb.o)
 .rodata.str1.1
                0x0000000080027eb4      0x63d /usr/local/xenon/usr/lib/libxenon.a(fat_rb.o)
                                        0x642 (size before relaxing)
 *fill*         0x00000000800284f1        0x7 00
 .rodata.invalid_chars.4533
                0x00000000800284f8        0xa /usr/local/xenon/usr/lib/libxenon.a(fat_rb.o)
 *fill*         0x0000000080028502        0x6 00
 .rodata.FATLONG_NAME_POS
                0x0000000080028508        0x3 /usr/local/xenon/usr/lib/libxenon.a(fat_rb.o)
 .rodata.str1.1
                0x000000008002850b      0x1a4 /usr/local/xenon/usr/lib/libxenon.a(file_rb.o)
 .rodata.str1.1
                0x00000000800286af      0x112 /usr/local/xenon/usr/lib/libxenon.a(dir_rb.o)
                                        0x141 (size before relaxing)
 .rodata.str1.1
                0x00000000800287c1       0xba /usr/local/xenon/usr/lib/libxenon.a(iso9660.o)
 .rodata.str1.1
                0x000000008002887b       0x4b /usr/local/xenon/usr/lib/libxenon.a(lib_malloc.o)
 *fill*         0x00000000800288c6        0x2 00
 .rodata.ohci_xfer
                0x00000000800288c8       0x50 /usr/local/xenon/usr/lib/libxenon.a(ohci.o)
 .rodata.ohci_root_ifdsc
                0x0000000080028918        0x9 /usr/local/xenon/usr/lib/libxenon.a(ohci.o)
 *fill*         0x0000000080028921        0x3 00
 .rodata.ohci_revbits
                0x0000000080028924       0x80 /usr/local/xenon/usr/lib/libxenon.a(ohci.o)
 .rodata.ohci_root_cfgdsc
                0x00000000800289a4        0x9 /usr/local/xenon/usr/lib/libxenon.a(ohci.o)
 .rodata.str1.1
                0x00000000800289ad       0x11 /usr/local/xenon/usr/lib/libxenon.a(ohci.o)
 .rodata.ohci_root_devdsc
                0x00000000800289be       0x12 /usr/local/xenon/usr/lib/libxenon.a(ohci.o)
 .rodata.ohci_root_hubdsc
                0x00000000800289d0       0x47 /usr/local/xenon/usr/lib/libxenon.a(ohci.o)
 .rodata.ohci_root_epdsc
                0x0000000080028a17        0x7 /usr/local/xenon/usr/lib/libxenon.a(ohci.o)
 .rodata.str1.1
                0x0000000080028a1e      0x100 /usr/local/xenon/usr/lib/libxenon.a(usbd.o)
 .rodata.str1.1
                0x0000000080028b1e       0x47 /usr/local/xenon/usr/lib/libxenon.a(usbdevs.o)
 .rodata.str1.1
                0x0000000080028b65       0x4a /usr/local/xenon/usr/lib/libxenon.a(usbhid.o)
 *fill*         0x0000000080028baf        0x1 00
 .rodata.usbhid_devtypes
                0x0000000080028bb0        0xc /usr/local/xenon/usr/lib/libxenon.a(usbhid.o)
 .rodata.str1.1
                0x0000000080028bbc      0x241 /usr/local/xenon/usr/lib/libxenon.a(usbhub.o)
                                        0x24a (size before relaxing)
 *fill*         0x0000000080028dfd        0x3 00
 .rodata.utf8comp
                0x0000000080028e00        0x6 /usr/local/xenon/usr/lib/libxenon.a(unicode_rb.o)
 .rodata.str1.1
                0x0000000080028e06      0x10b /usr/local/xenon/usr/lib/libxenon.a(xenon_smc.o)
 .rodata.str1.1
                0x0000000080028f11       0x40 /usr/local/xenon/usr/lib/libxenon.a(xenon_config.o)
 .rodata.str1.1
                0x0000000080028f51       0x75 /usr/local/xenon/usr/lib/libxenon.a(disk_rb.o)
 *fill*         0x0000000080028fc6        0x2 00
 .rodata.fat_partition_types
                0x0000000080028fc8        0xa /usr/local/xenon/usr/lib/libxenon.a(disk_rb.o)
 .rodata.str1.1
                0x0000000080028fd2       0x73 /usr/local/xenon/usr/lib/libxenon.a(usbctrl.o)
 .rodata.str1.1
                0x0000000080029045      0x61a /usr/local/xenon/usr/lib/libxenon.a(usbdebug.o)
                                        0x672 (size before relaxing)
 *fill*         0x000000008002965f        0x1 00
 .rodata.eptattribs.3323
                0x0000000080029660       0x10 /usr/local/xenon/usr/lib/libxenon.a(usbdebug.o)
 .rodata.str1.1
                0x0000000080029670      0x11d /usr/local/xenon/usr/lib/libxenon.a(xenon_sfcx.o)
 *fill*         0x000000008002978d        0x3 00
 .rodata.str1.4
                0x0000000080029790       0x3f /usr/local/xenon/xenon/lib/32/libc.a(lib_a-assert.o)
                                         0x43 (size before relaxing)
 *fill*         0x00000000800297cf        0x1 00
 .rodata        0x00000000800297d0      0x101 /usr/local/xenon/xenon/lib/32/libc.a(lib_a-ctype_.o)
                0x00000000800297d0                _ctype_
 *fill*         0x00000000800298d1        0x3 00
 .rodata.str1.4
                0x00000000800298d4        0x2 /usr/local/xenon/xenon/lib/32/libc.a(lib_a-impure.o)
 *fill*         0x00000000800298d6        0x2 00
 .rodata.str1.4
                0x00000000800298d8        0x2 /usr/local/xenon/xenon/lib/32/libc.a(lib_a-puts.o)
 *fill*         0x00000000800298da        0x2 00
 .rodata        0x00000000800298dc      0x184 /usr/local/xenon/xenon/lib/32/libc.a(lib_a-svfprintf.o)
 .rodata.cst4   0x0000000080029a60        0x4 /usr/local/xenon/xenon/lib/32/libc.a(lib_a-svfprintf.o)
 .rodata.str1.4
                0x0000000080029a64       0x42 /usr/local/xenon/xenon/lib/32/libc.a(lib_a-svfprintf.o)
 *fill*         0x0000000080029aa6        0x2 00
 .rodata        0x0000000080029aa8      0x184 /usr/local/xenon/xenon/lib/32/libc.a(lib_a-vfiprintf.o)
 .rodata.str1.4
                0x0000000000000000       0x2f /usr/local/xenon/xenon/lib/32/libc.a(lib_a-vfiprintf.o)
 .rodata        0x0000000080029c2c      0x184 /usr/local/xenon/xenon/lib/32/libc.a(lib_a-vfprintf.o)
 .rodata.cst4   0x0000000000000000        0x4 /usr/local/xenon/xenon/lib/32/libc.a(lib_a-vfprintf.o)
 .rodata.str1.4
                0x0000000000000000       0x42 /usr/local/xenon/xenon/lib/32/libc.a(lib_a-vfprintf.o)
 .rodata.cst4   0x0000000080029db0       0x20 /usr/local/xenon/xenon/lib/32/libc.a(lib_a-dtoa.o)
                                         0x24 (size before relaxing)
 .rodata.cst8   0x0000000080029dd0       0x18 /usr/local/xenon/xenon/lib/32/libc.a(lib_a-dtoa.o)
 .rodata.str1.4
                0x0000000080029de8       0x10 /usr/local/xenon/xenon/lib/32/libc.a(lib_a-dtoa.o)
                                         0x12 (size before relaxing)
 .rodata.str1.4
                0x0000000080029df8       0x10 /usr/local/xenon/xenon/lib/32/libc.a(lib_a-locale.o)
                                         0x17 (size before relaxing)
 .rodata        0x0000000080029e08      0x128 /usr/local/xenon/xenon/lib/32/libc.a(lib_a-mprec.o)
                0x0000000080029e18                __mprec_tens
                0x0000000080029ee0                __mprec_bigtens
                0x0000000080029f08                __mprec_tinytens
 .rodata.cst4   0x0000000000000000        0x8 /usr/local/xenon/xenon/lib/32/libc.a(lib_a-mprec.o)

.ctors          0x0000000080029f30        0x0
                0x0000000080029f30                __CTOR_LIST__ = .
 *(.ctors)
                0x0000000080029f30                __CTOR_END__ = .

.dtors          0x0000000080029f30        0x0
                0x0000000080029f30                __DTOR_LIST__ = .
 *(.dtors)
                0x0000000080029f30                __DTOR_END__ = .

.eh_frame_hdr   0x0000000080029f30      0xcdc
 *(.eh_frame_hdr)
 .eh_frame_hdr  0x0000000080029f30      0xcdc /usr/local/xenon/lib/gcc/xenon/4.4.0/../../../../xenon/lib/../lib/crt1.o

.eh_frame       0x000000008002ac0c     0x34a8
 *(.eh_frame)
 .eh_frame      0x000000008002ac0c       0x38 /usr/local/xenon/lib/gcc/xenon/4.4.0/../../../../xenon/lib/../lib/crt1.o
 .eh_frame      0x000000008002ac44        0x0 /usr/local/xenon/lib/gcc/xenon/4.4.0/32/crtbegin.o
 .eh_frame      0x000000008002ac44       0x4c main.o
                                         0x60 (size before relaxing)
 .eh_frame      0x000000008002ac90       0xa8 /usr/local/xenon/usr/lib/libxenon.a(console.o)
                                         0xf8 (size before relaxing)
 .eh_frame      0x000000008002ad38      0x198 /usr/local/xenon/usr/lib/libxenon.a(newlib.o)
                                        0x250 (size before relaxing)
 .eh_frame      0x000000008002aed0       0x5c /usr/local/xenon/usr/lib/libxenon.a(usbmain.o)
                                         0x70 (size before relaxing)
 .eh_frame      0x000000008002af2c      0x670 /usr/local/xenon/usr/lib/libxenon.a(tinyehci.o)
                                        0x808 (size before relaxing)
 .eh_frame      0x000000008002b59c       0x20 /usr/local/xenon/usr/lib/libxenon.a(xenon_uart.o)
                                         0x5c (size before relaxing)
 .eh_frame      0x000000008002b5bc      0x1a0 /usr/local/xenon/usr/lib/libxenon.a(xenos.o)
                                        0x1b4 (size before relaxing)
 .eh_frame      0x000000008002b75c       0x40 /usr/local/xenon/usr/lib/libxenon.a(diskio.o)
                                         0xd0 (size before relaxing)
 .eh_frame      0x000000008002b79c      0x12c /usr/local/xenon/usr/lib/libxenon.a(fat.o)
                                        0x140 (size before relaxing)
 .eh_frame      0x000000008002b8c8      0x430 /usr/local/xenon/usr/lib/libxenon.a(fat_rb.o)
                                        0x560 (size before relaxing)
 .eh_frame      0x000000008002bcf8      0x160 /usr/local/xenon/usr/lib/libxenon.a(file_rb.o)
                                        0x1d4 (size before relaxing)
 .eh_frame      0x000000008002be58       0x64 /usr/local/xenon/usr/lib/libxenon.a(dir_rb.o)
                                         0xd4 (size before relaxing)
 .eh_frame      0x000000008002bebc      0x234 /usr/local/xenon/usr/lib/libxenon.a(iso9660.o)
                                        0x248 (size before relaxing)
 .eh_frame      0x000000008002c0f0       0x5c /usr/local/xenon/usr/lib/libxenon.a(lib_malloc.o)
                                         0xc0 (size before relaxing)
 .eh_frame      0x000000008002c14c       0x50 /usr/local/xenon/usr/lib/libxenon.a(io.o)
                                         0x64 (size before relaxing)
 .eh_frame      0x000000008002c19c       0x3c /usr/local/xenon/usr/lib/libxenon.a(time.o)
                                         0x50 (size before relaxing)
 .eh_frame      0x000000008002c1d8      0x1d4 /usr/local/xenon/usr/lib/libxenon.a(ohci.o)
                                        0x1e8 (size before relaxing)
 .eh_frame      0x000000008002c3ac      0x358 /usr/local/xenon/usr/lib/libxenon.a(usbd.o)
                                        0x3bc (size before relaxing)
 .eh_frame      0x000000008002c704       0x24 /usr/local/xenon/usr/lib/libxenon.a(usbdevs.o)
                                         0x38 (size before relaxing)
 .eh_frame      0x000000008002c728       0x7c /usr/local/xenon/usr/lib/libxenon.a(usbhid.o)
                                         0x90 (size before relaxing)
 .eh_frame      0x000000008002c7a4      0x144 /usr/local/xenon/usr/lib/libxenon.a(usbhub.o)
                                        0x190 (size before relaxing)
 .eh_frame      0x000000008002c8e8      0x12c /usr/local/xenon/usr/lib/libxenon.a(usb_os.o)
                                        0x140 (size before relaxing)
 .eh_frame      0x000000008002ca14       0x3c /usr/local/xenon/usr/lib/libxenon.a(unicode_rb.o)
                                         0xac (size before relaxing)
 .eh_frame      0x000000008002ca50       0x48 /usr/local/xenon/usr/lib/libxenon.a(xenon_gpio.o)
                                         0x7c (size before relaxing)
 .eh_frame      0x000000008002ca98       0xf0 /usr/local/xenon/usr/lib/libxenon.a(xenon_smc.o)
                                        0x1bc (size before relaxing)
 .eh_frame      0x000000008002cb88       0x34 /usr/local/xenon/usr/lib/libxenon.a(xenon_config.o)
                                         0x70 (size before relaxing)
 .eh_frame      0x000000008002cbbc       0xa0 /usr/local/xenon/usr/lib/libxenon.a(disk_rb.o)
                                         0xf4 (size before relaxing)
 .eh_frame      0x000000008002cc5c       0x28 /usr/local/xenon/usr/lib/libxenon.a(lib_queue.o)
                                         0xa0 (size before relaxing)
 .eh_frame      0x000000008002cc84       0x60 /usr/local/xenon/usr/lib/libxenon.a(usbctrl.o)
                                         0x74 (size before relaxing)
 .eh_frame      0x000000008002cce4       0x94 /usr/local/xenon/usr/lib/libxenon.a(usbdebug.o)
                                        0x104 (size before relaxing)
 .eh_frame      0x000000008002cd78       0x70 /usr/local/xenon/usr/lib/libxenon.a(xenon_sfcx.o)
                                        0x1e8 (size before relaxing)
 .eh_frame      0x000000008002cde8       0x20 /usr/local/xenon/usr/lib/libxenon.a(input.o)
                                         0x50 (size before relaxing)
 .eh_frame      0x000000008002ce08       0x38 /usr/local/xenon/xenon/lib/32/libc.a(lib_a-assert.o)
                                         0x4c (size before relaxing)
 .eh_frame      0x000000008002ce40       0x30 /usr/local/xenon/xenon/lib/32/libc.a(lib_a-atoi.o)
                                         0x44 (size before relaxing)
 .eh_frame      0x000000008002ce70       0x20 /usr/local/xenon/xenon/lib/32/libc.a(lib_a-errno.o)
                                         0x34 (size before relaxing)
 .eh_frame      0x000000008002ce90       0x24 /usr/local/xenon/xenon/lib/32/libc.a(lib_a-exit.o)
                                         0x38 (size before relaxing)
 .eh_frame      0x000000008002ceb4       0x38 /usr/local/xenon/xenon/lib/32/libc.a(lib_a-fiprintf.o)
                                         0x4c (size before relaxing)
 .eh_frame      0x000000008002ceec       0x48 /usr/local/xenon/xenon/lib/32/libc.a(lib_a-fopen.o)
                                         0x5c (size before relaxing)
 .eh_frame      0x000000008002cf34       0x38 /usr/local/xenon/xenon/lib/32/libc.a(lib_a-fprintf.o)
                                         0x4c (size before relaxing)
 .eh_frame      0x000000008002cf6c       0x54 /usr/local/xenon/xenon/lib/32/libc.a(lib_a-fseek.o)
                                         0x68 (size before relaxing)
 .eh_frame      0x000000008002cfc0       0x24 /usr/local/xenon/xenon/lib/32/libc.a(lib_a-fstatr.o)
                                         0x38 (size before relaxing)
 .eh_frame      0x000000008002cfe4       0x28 /usr/local/xenon/xenon/lib/32/libc.a(lib_a-makebuf.o)
                                         0x3c (size before relaxing)
 .eh_frame      0x000000008002d00c       0x40 /usr/local/xenon/xenon/lib/32/libc.a(lib_a-malloc.o)
                                         0x54 (size before relaxing)
 .eh_frame      0x000000008002d04c       0x34 /usr/local/xenon/xenon/lib/32/libc.a(lib_a-mallocr.o)
                                         0x48 (size before relaxing)
 .eh_frame      0x000000008002d080       0x1c /usr/local/xenon/xenon/lib/32/libc.a(lib_a-memchr.o)
                                         0x30 (size before relaxing)
 .eh_frame      0x000000008002d09c       0x1c /usr/local/xenon/xenon/lib/32/libc.a(lib_a-memcmp.o)
                                         0x30 (size before relaxing)
 .eh_frame      0x000000008002d0b8       0x1c /usr/local/xenon/xenon/lib/32/libc.a(lib_a-memcpy.o)
                                         0x30 (size before relaxing)
 .eh_frame      0x000000008002d0d4       0x1c /usr/local/xenon/xenon/lib/32/libc.a(lib_a-memset.o)
                                         0x30 (size before relaxing)
 .eh_frame      0x000000008002d0f0       0x28 /usr/local/xenon/xenon/lib/32/libc.a(lib_a-mlock.o)
                                         0x3c (size before relaxing)
 .eh_frame      0x000000008002d118       0x24 /usr/local/xenon/xenon/lib/32/libc.a(lib_a-openr.o)
                                         0x38 (size before relaxing)
 .eh_frame      0x000000008002d13c       0x38 /usr/local/xenon/xenon/lib/32/libc.a(lib_a-printf.o)
                                         0x4c (size before relaxing)
 .eh_frame      0x000000008002d174       0x38 /usr/local/xenon/xenon/lib/32/libc.a(lib_a-putchar.o)
                                         0x4c (size before relaxing)
 .eh_frame      0x000000008002d1ac       0x48 /usr/local/xenon/xenon/lib/32/libc.a(lib_a-putc.o)
                                         0x5c (size before relaxing)
 .eh_frame      0x000000008002d1f4       0x44 /usr/local/xenon/xenon/lib/32/libc.a(lib_a-puts.o)
                                         0x58 (size before relaxing)
 .eh_frame      0x000000008002d238        0x0 /usr/local/xenon/xenon/lib/32/libc.a(lib_a-reent.o)
                                         0x84 (size before relaxing)
 .eh_frame      0x000000008002d238       0x3c /usr/local/xenon/xenon/lib/32/libc.a(lib_a-refill.o)
                                         0x50 (size before relaxing)
 .eh_frame      0x000000008002d274       0x24 /usr/local/xenon/xenon/lib/32/libc.a(lib_a-sbrkr.o)
                                         0x38 (size before relaxing)
 .eh_frame      0x000000008002d298       0x50 /usr/local/xenon/xenon/lib/32/libc.a(lib_a-snprintf.o)
                                         0x64 (size before relaxing)
 .eh_frame      0x000000008002d2e8        0x0 /usr/local/xenon/xenon/lib/32/libc.a(lib_a-sprintf.o)
                                         0x54 (size before relaxing)
 .eh_frame      0x000000008002d2e8       0x74 /usr/local/xenon/xenon/lib/32/libc.a(lib_a-stdio.o)
                                         0x88 (size before relaxing)
 .eh_frame      0x000000008002d35c       0x1c /usr/local/xenon/xenon/lib/32/libc.a(lib_a-strcasecmp.o)
                                         0x30 (size before relaxing)
 .eh_frame      0x000000008002d378       0x20 /usr/local/xenon/xenon/lib/32/libc.a(lib_a-strcat.o)
                                         0x34 (size before relaxing)
 .eh_frame      0x000000008002d398       0x1c /usr/local/xenon/xenon/lib/32/libc.a(lib_a-strchr.o)
                                         0x30 (size before relaxing)
 .eh_frame      0x000000008002d3b4       0x1c /usr/local/xenon/xenon/lib/32/libc.a(lib_a-strcmp.o)