Archive member included because of file (symbol)

/usr/local/xenon/usr/lib/libfat.a(libfat.o)
                              main.o (fatInitDefault)
/usr/local/xenon/usr/lib/libfat.a(partition.o)
                              /usr/local/xenon/usr/lib/libfat.a(libfat.o) (_FAT_partition_constructor)
/usr/local/xenon/usr/lib/libfat.a(cache.o)
                              /usr/local/xenon/usr/lib/libfat.a(partition.o) (_FAT_cache_constructor)
/usr/local/xenon/usr/lib/libfat.a(directory.o)
                              /usr/local/xenon/usr/lib/libfat.a(libfat.o) (_FAT_directory_getVolumeLabel)
/usr/local/xenon/usr/lib/libfat.a(disc.o)
                              /usr/local/xenon/usr/lib/libfat.a(libfat.o) (_FAT_disc_interfaces)
/usr/local/xenon/usr/lib/libfat.a(fatdir.o)
                              /usr/local/xenon/usr/lib/libfat.a(libfat.o) (_FAT_stat_r)
/usr/local/xenon/usr/lib/libfat.a(fatfile.o)
                              /usr/local/xenon/usr/lib/libfat.a(libfat.o) (_FAT_open_r)
/usr/local/xenon/usr/lib/libfat.a(file_allocation_table.o)
                              /usr/local/xenon/usr/lib/libfat.a(directory.o) (_FAT_fat_nextCluster)
/usr/local/xenon/usr/lib/libfat.a(filetime.o)
                              /usr/local/xenon/usr/lib/libfat.a(fatdir.o) (_FAT_filetime_getTimeFromRTC)
/usr/local/xenon/usr/lib/libfat.a(lock.o)
                              /usr/local/xenon/usr/lib/libfat.a(partition.o) (_FAT_lock_init)
/usr/local/xenon/usr/lib/libxenon.a(startup_from_xell.o)
                              (_start)
/usr/local/xenon/usr/lib/libxenon.a(console.o)
                              main.o (console_init)
/usr/local/xenon/usr/lib/libxenon.a(newlib.o)
                              /usr/local/xenon/usr/lib/libxenon.a(console.o) (stdout_hook)
/usr/local/xenon/usr/lib/libxenon.a(xenon_syscalls.o)
                              /usr/local/xenon/usr/lib/libxenon.a(newlib.o) (__syscalls)
/usr/local/xenon/usr/lib/libxenon.a(ata.o)
                              /usr/local/xenon/usr/lib/libfat.a(disc.o) (xenon_ata_ops)
/usr/local/xenon/usr/lib/libxenon.a(atomic.o)
                              /usr/local/xenon/usr/lib/libxenon.a(startup_from_xell.o) (atomic_clearset)
/usr/local/xenon/usr/lib/libxenon.a(cache.o)
                              /usr/local/xenon/usr/lib/libxenon.a(ata.o) (memdcbt)
/usr/local/xenon/usr/lib/libxenon.a(except.o)
                              (exc_base)
/usr/local/xenon/usr/lib/libxenon.a(c_except.o)
                              /usr/local/xenon/usr/lib/libxenon.a(except.o) (crashdump)
/usr/local/xenon/usr/lib/libxenon.a(vm.o)
                              /usr/local/xenon/usr/lib/libxenon.a(except.o) (vm_segfault_handler)
/usr/local/xenon/usr/lib/libxenon.a(time.o)
                              /usr/local/xenon/usr/lib/libxenon.a(ata.o) (mdelay)
/usr/local/xenon/usr/lib/libxenon.a(usbmain.o)
                              /usr/local/xenon/usr/lib/libxenon.a(xenon_syscalls.o) (usb_shutdown)
/usr/local/xenon/usr/lib/libxenon.a(tinyehci.o)
                              /usr/local/xenon/usr/lib/libxenon.a(usbmain.o) (USBStorage_Init)
/usr/local/xenon/usr/lib/libxenon.a(xenon_smc.o)
                              /usr/local/xenon/usr/lib/libxenon.a(xenon_syscalls.o) (xenon_smc_send_message)
/usr/local/xenon/usr/lib/libxenon.a(xenon_power.o)
                              /usr/local/xenon/usr/lib/libxenon.a(xenon_syscalls.o) (xenon_is_thread_task_running)
/usr/local/xenon/usr/lib/libxenon.a(xenon_uart.o)
                              /usr/local/xenon/usr/lib/libxenon.a(newlib.o) (putch)
/usr/local/xenon/usr/lib/libxenon.a(xenon_config.o)
                              /usr/local/xenon/usr/lib/libxenon.a(xenon_power.o) (xenon_config_init)
/usr/local/xenon/usr/lib/libxenon.a(xenos.o)
                              main.o (xenos_init)
/usr/local/xenon/usr/lib/libxenon.a(xenos_edid.o)
                              /usr/local/xenon/usr/lib/libxenon.a(xenos.o) (xenos_get_edid)
/usr/local/xenon/usr/lib/libxenon.a(enet.o)
                              /usr/local/xenon/usr/lib/libxenon.a(xenon_syscalls.o) (enet_quiesce)
/usr/local/xenon/usr/lib/libxenon.a(threads.o)
                              /usr/local/xenon/usr/lib/libxenon.a(except.o) (common_interrupt_handler)
/usr/local/xenon/usr/lib/libxenon.a(c_threads.o)
                              /usr/local/xenon/usr/lib/libxenon.a(time.o) (_clock_time)
/usr/local/xenon/usr/lib/libxenon.a(c_debug.o)
                              /usr/local/xenon/usr/lib/libxenon.a(except.o) (segfault_handler)
/usr/local/xenon/usr/lib/libxenon.a(mutex.o)
                              /usr/local/xenon/usr/lib/libxenon.a(xenon_syscalls.o) (mutex_create)
/usr/local/xenon/usr/lib/libxenon.a(lib_malloc.o)
                              /usr/local/xenon/usr/lib/libxenon.a(usbmain.o) (kmem_init)
/usr/local/xenon/usr/lib/libxenon.a(io.o)
                              /usr/local/xenon/usr/lib/libxenon.a(usbmain.o) (read32)
/usr/local/xenon/usr/lib/libxenon.a(interrupt.o)
[...]
Memory Configuration

Name             Origin             Length             Attributes
*default*        0x0000000000000000 0xffffffffffffffff

Linker script and memory map

LOAD /usr/local/xenon/lib/gcc/xenon/4.6.1/../../../../xenon/lib/../lib/crt1.o
LOAD /usr/local/xenon/lib/gcc/xenon/4.6.1/../../../../xenon/lib/../lib/crti.o
LOAD /usr/local/xenon/lib/gcc/xenon/4.6.1/32/crtbegin.o
LOAD main.o
LOAD /usr/local/xenon/usr/lib/libfat.a
LOAD /usr/local/xenon/usr/lib/libxenon.a
LOAD /usr/local/xenon/xenon/lib/32/libm.a
LOAD /usr/local/xenon/usr/lib/libfat.a
LOAD /usr/local/xenon/lib/gcc/xenon/4.6.1/32/libgcc.a
LOAD /usr/local/xenon/xenon/lib/32/libc.a
LOAD /usr/local/xenon/lib/gcc/xenon/4.6.1/32/libgcc.a
LOAD /usr/local/xenon/lib/gcc/xenon/4.6.1/32/crtend.o
LOAD /usr/local/xenon/lib/gcc/xenon/4.6.1/../../../../xenon/lib/../lib/crtn.o
                0x0000000080000000                . = 0x80000000

.text           0x0000000080000000    0x28028
 *(.except*)
 .except        0x0000000080000000     0x1f20 /usr/local/xenon/usr/lib/libxenon.a(except.o)
                0x0000000080000000                secondary_lock
                0x0000000080000000                exc_base
                0x0000000080000004                secondary_alive
                0x0000000080001e18                dump_from_pagefault
 *(.pagetable)
 .pagetable     0x0000000080001f20       0x40 /usr/local/xenon/usr/lib/libxenon.a(vm.o)
                0x0000000080001f20                pagetable
                0x0000000080001f60                pagetable_end = .
 *(.text*)
 .text.call_ctors
                0x0000000080001f60       0x48 /usr/local/xenon/lib/gcc/xenon/4.6.1/../../../../xenon/lib/../lib/crt1.o
                0x0000000080001f60                call_ctors
 .text.c_register_frame
                0x0000000080001fa8       0x28 /usr/local/xenon/lib/gcc/xenon/4.6.1/../../../../xenon/lib/../lib/crt1.o
                0x0000000080001fa8                c_register_frame
 .text.mainInit
                0x0000000080001fd0       0x28 main.o
                0x0000000080001fd0                mainInit
 .text.debug    0x0000000080001ff8       0x50 main.o
                0x0000000080001ff8                debug
 .text.startup.main
                0x0000000080002048       0x48 main.o
                0x0000000080002048                main
 .text          0x0000000080002090      0x3d8 /usr/local/xenon/usr/lib/libfat.a(libfat.o)
                0x0000000080002090                fatMount
                0x00000000800021c8                fatMountSimple
                0x00000000800021d8                fatUnmount
                0x000000008000223c                fatInit
                0x0000000080002314                fatInitDefault
                0x0000000080002320                fatGetVolumeLabel
 .text          0x0000000080002468      0x9f8 /usr/local/xenon/usr/lib/libfat.a(partition.o)
                0x00000000800024d0                FindFirstValidPartition_buf
                0x00000000800026d0                FindFirstValidPartition
                0x0000000080002720                _FAT_partition_getPartitionFromPath
                0x0000000080002754                _FAT_partition_createFSinfo
                0x0000000080002844                _FAT_partition_readFSinfo
                0x0000000080002928                _FAT_partition_constructor_buf
                0x0000000080002c9c                _FAT_partition_constructor
                0x0000000080002d04                _FAT_partition_writeFSinfo
                0x0000000080002df0                _FAT_partition_destructor
 .text          0x0000000080002e60      0x7b4 /usr/local/xenon/usr/lib/libfat.a(cache.o)
                0x0000000080002fcc                _FAT_cache_constructor
                0x00000000800030a0                _FAT_cache_readSectors
                0x0000000080003144                _FAT_cache_readPartialSector
                0x00000000800031c8                _FAT_cache_readLittleEndianValue
                0x0000000080003264                _FAT_cache_writePartialSector
                0x00000000800032f0                _FAT_cache_writeLittleEndianValue
                0x0000000080003374                _FAT_cache_eraseWritePartialSector
                0x0000000080003418                _FAT_cache_writeSectors
                0x00000000800034c4                _FAT_cache_flush
                0x0000000080003554                _FAT_cache_destructor
                0x00000000800035b0                _FAT_cache_invalidate
 .text          0x0000000080003614     0x1ac8 /usr/local/xenon/usr/lib/libfat.a(directory.o)
                0x0000000080003a48                _FAT_directory_entryGetCluster
                0x0000000080003aa0                _FAT_directory_getNextEntry
                0x0000000080003d54                _FAT_directory_getFirstEntry
                0x0000000080003e44                _FAT_directory_getRootEntry
                0x0000000080003ef0                _FAT_directory_getVolumeLabel
                0x0000000080003fec                _FAT_directory_entryFromPosition
                0x0000000080004190                _FAT_directory_entryFromPath
                0x0000000080004450                _FAT_directory_removeEntry
                0x0000000080004544                _FAT_directory_addEntry
                0x0000000080004f20                _FAT_directory_chdir
                0x0000000080004f84                _FAT_directory_entryStat
 .text          0x00000000800050dc       0x18 /usr/local/xenon/usr/lib/libfat.a(disc.o)
 .text          0x00000000800050f4      0xc50 /usr/local/xenon/usr/lib/libfat.a(fatdir.o)
                0x0000000080005104                _FAT_stat_r
                0x00000000800051d0                _FAT_link_r
                0x00000000800051e0                _FAT_unlink_r
                0x00000000800053a4                _FAT_chdir_r
                0x000000008000544c                _FAT_rename_r
                0x0000000080005690                _FAT_mkdir_r
                0x00000000800059bc                _FAT_statvfs_r
                0x0000000080005aac                _FAT_diropen_r
                0x0000000080005bc0                _FAT_dirreset_r
                0x0000000080005c38                _FAT_dirnext_r
                0x0000000080005d00                _FAT_dirclose_r
 .text          0x0000000080005d44     0x18e8 /usr/local/xenon/usr/lib/libfat.a(fatfile.o)
                0x00000000800060fc                _FAT_findEntry
                0x0000000080006174                FAT_getAttr
                0x00000000800061ac                FAT_setAttr
                0x00000000800061e4                _FAT_open_r
                0x00000000800065f4                _FAT_syncToDisc
                0x000000008000674c                _FAT_close_r
                0x0000000080006810                _FAT_read_r
                0x0000000080006be8                _FAT_write_r
                0x0000000080007140                _FAT_seek_r
                0x0000000080007310                _FAT_fstat_r
                0x00000000800073d8                _FAT_ftruncate_r
                0x00000000800075b8                _FAT_fsync_r
 .text          0x000000008000762c      0x748 /usr/local/xenon/usr/lib/libfat.a(file_allocation_table.o)
                0x00000000800077f4                _FAT_fat_nextCluster
                0x000000008000798c                _FAT_fat_linkFreeCluster
                0x0000000080007a78                _FAT_fat_linkFreeClusterCleared
                0x0000000080007b3c                _FAT_fat_clearLinks
                0x0000000080007bf8                _FAT_fat_trimChain
                0x0000000080007cb0                _FAT_fat_lastCluster
                0x0000000080007d1c                _FAT_fat_freeClusterCount
 .text          0x0000000080007d74      0x15c /usr/local/xenon/usr/lib/libfat.a(filetime.o)
                0x0000000080007d74                _FAT_filetime_getTimeFromRTC
                0x0000000080007df0                _FAT_filetime_getDateFromRTC
                0x0000000080007e6c                _FAT_filetime_to_time_t
 .text          0x0000000080007ed0       0x10 /usr/local/xenon/usr/lib/libfat.a(lock.o)
                0x0000000080007ed0                _FAT_lock_init
                0x0000000080007ed4                _FAT_lock_deinit
                0x0000000080007ed8                _FAT_lock
                0x0000000080007edc                _FAT_unlock
 *fill*         0x0000000080007ee0       0x20 00
 .text          0x0000000080007f00      0x334 /usr/local/xenon/usr/lib/libxenon.a(startup_from_xell.o)
                0x0000000080007f00                _start
                0x0000000080008134                wait
                0x00000000800081bc                return_to_xell
 .text.console_pset32
                0x0000000080008234       0x54 /usr/local/xenon/usr/lib/libxenon.a(console.o)
 .text.console_clrscr
                0x0000000080008288       0x80 /usr/local/xenon/usr/lib/libxenon.a(console.o)
                0x0000000080008288                console_clrscr
 .text.console_newline
                0x0000000080008308       0xe8 /usr/local/xenon/usr/lib/libxenon.a(console.o)
                0x0000000080008308                console_newline
 .text.console_putch
                0x00000000800083f0      0x120 /usr/local/xenon/usr/lib/libxenon.a(console.o)
                0x00000000800083f0                console_putch
 .text.console_stdout_hook
                0x0000000080008510       0x50 /usr/local/xenon/usr/lib/libxenon.a(console.o)
 .text.console_init
                0x0000000080008560      0x170 /usr/local/xenon/usr/lib/libxenon.a(console.o)
                0x0000000080008560                console_init
 .text.console_is_initialized
                0x00000000800086d0        0xc /usr/local/xenon/usr/lib/libxenon.a(console.o)
                0x00000000800086d0                console_is_initialized
 .text.console_set_colors
                0x00000000800086dc        0x4 /usr/local/xenon/usr/lib/libxenon.a(console.o)
                0x00000000800086dc                console_set_colors
 .text.vfs_console_write
                0x00000000800086e0       0x64 /usr/local/xenon/usr/lib/libxenon.a(newlib.o)
                0x00000000800086e0                vfs_console_write
 .text.__malloc_lock
                0x0000000080008744       0x34 /usr/local/xenon/usr/lib/libxenon.a(newlib.o)
                0x0000000080008744                __malloc_lock
 .text.__malloc_unlock
                0x0000000080008778       0x34 /usr/local/xenon/usr/lib/libxenon.a(newlib.o)
                0x0000000080008778                __malloc_unlock
 .text._exit    0x00000000800087ac       0x38 /usr/local/xenon/usr/lib/libxenon.a(newlib.o)
                0x00000000800087ac                _exit
 .text.sbrk     0x00000000800087e4       0x50 /usr/local/xenon/usr/lib/libxenon.a(newlib.o)
                0x00000000800087e4                sbrk
 .text.abort    0x0000000080008834       0x2c /usr/local/xenon/usr/lib/libxenon.a(newlib.o)
                0x0000000080008834                abort
 .text.gettimeofday
                0x0000000080008860       0x58 /usr/local/xenon/usr/lib/libxenon.a(newlib.o)
                0x0000000080008860                gettimeofday
 .text.isatty   0x00000000800088b8        0x8 /usr/local/xenon/usr/lib/libxenon.a(newlib.o)
                0x00000000800088b8                isatty
 .text.__release_handle
                0x00000000800088c0       0x4c /usr/local/xenon/usr/lib/libxenon.a(newlib.o)
                0x00000000800088c0                __release_handle
 .text.__alloc_handle
                0x000000008000890c       0x78 /usr/local/xenon/usr/lib/libxenon.a(newlib.o)
                0x000000008000890c                __alloc_handle
 .text.__get_handle
                0x0000000080008984       0x24 /usr/local/xenon/usr/lib/libxenon.a(newlib.o)
                0x0000000080008984                __get_handle
 .text.setDefaultDevice
                0x00000000800089a8       0x18 /usr/local/xenon/usr/lib/libxenon.a(newlib.o)
                0x00000000800089a8                setDefaultDevice
 .text.FindDevice
                0x00000000800089c0       0xc0 /usr/local/xenon/usr/lib/libxenon.a(newlib.o)
                0x00000000800089c0                FindDevice
 .text.RemoveDevice
                0x0000000080008a80       0x4c /usr/local/xenon/usr/lib/libxenon.a(newlib.o)
                0x0000000080008a80                RemoveDevice
 .text.AddDevice
                0x0000000080008acc       0xb0 /usr/local/xenon/usr/lib/libxenon.a(newlib.o)
                0x0000000080008acc                AddDevice
 .text.GetDeviceOpTab
                0x0000000080008b7c       0x40 /usr/local/xenon/usr/lib/libxenon.a(newlib.o)
                0x0000000080008b7c                GetDeviceOpTab
 .text.open     0x0000000080008bbc       0xd4 /usr/local/xenon/usr/lib/libxenon.a(newlib.o)
                0x0000000080008bbc                open
 .text.read     0x0000000080008c90       0x98 /usr/local/xenon/usr/lib/libxenon.a(newlib.o)
                0x0000000080008c90                read
 .text.write    0x0000000080008d28       0x9c /usr/local/xenon/usr/lib/libxenon.a(newlib.o)
                0x0000000080008d28                write
 .text.fstat    0x0000000080008dc4       0x9c /usr/local/xenon/usr/lib/libxenon.a(newlib.o)
                0x0000000080008dc4                fstat
 .text.lseek    0x0000000080008e60       0x98 /usr/local/xenon/usr/lib/libxenon.a(newlib.o)
                0x0000000080008e60                lseek
 .text.close    0x0000000080008ef8       0x80 /usr/local/xenon/usr/lib/libxenon.a(newlib.o)
                0x0000000080008ef8                close
 .text._concatenate_path
                0x0000000080008f78      0x1b0 /usr/local/xenon/usr/lib/libxenon.a(newlib.o)
                0x0000000080008f78                _concatenate_path
 .text.chdir    0x0000000080009128      0x13c /usr/local/xenon/usr/lib/libxenon.a(newlib.o)
                0x0000000080009128                chdir
 .text.xenon_sbrk
                0x0000000080009264       0x2c /usr/local/xenon/usr/lib/libxenon.a(xenon_syscalls.o)
 .text.xenon_gettimeofday
                0x0000000080009290       0xa8 /usr/local/xenon/usr/lib/libxenon.a(xenon_syscalls.o)
 .text.xenon_malloc_unlock
                0x0000000080009338       0xb0 /usr/local/xenon/usr/lib/libxenon.a(xenon_syscalls.o)
 .text.xenon_malloc_lock
                0x00000000800093e8       0x98 /usr/local/xenon/usr/lib/libxenon.a(xenon_syscalls.o)
 .text.shutdown_drivers
                0x0000000080009480       0x24 /usr/local/xenon/usr/lib/libxenon.a(xenon_syscalls.o)
                0x0000000080009480                shutdown_drivers
 .text.try_return_to_xell
                0x00000000800094a4       0x50 /usr/local/xenon/usr/lib/libxenon.a(xenon_syscalls.o)
                0x00000000800094a4                try_return_to_xell
 .text.xenon_exit
                0x00000000800094f4      0x15c /usr/local/xenon/usr/lib/libxenon.a(xenon_syscalls.o)
 .text.newlib_thread_shutdown
                0x0000000080009650       0x3c /usr/local/xenon/usr/lib/libxenon.a(xenon_syscalls.o)
                0x0000000080009650                newlib_thread_shutdown
 .text.xenon_ata_wait_ready
                0x000000008000968c       0x1c /usr/local/xenon/usr/lib/libxenon.a(ata.o)
 .text.xenon_ata_pio_write
                0x00000000800096a8       0x64 /usr/local/xenon/usr/lib/libxenon.a(ata.o)
 .text.ATA_True
                0x000000008000970c        0x8 /usr/local/xenon/usr/lib/libxenon.a(ata.o)
 .text.ata_inserted
                0x0000000080009714        0xc /usr/local/xenon/usr/lib/libxenon.a(ata.o)
 .text.xenon_ata_dma_read
                0x0000000080009720      0x1a8 /usr/local/xenon/usr/lib/libxenon.a(ata.o)
 .text.xenon_ata_setlba.constprop.13
                0x00000000800098c8       0x38 /usr/local/xenon/usr/lib/libxenon.a(ata.o)
 .text.xenon_ata_setaddress.constprop.12
                0x0000000080009900      0x160 /usr/local/xenon/usr/lib/libxenon.a(ata.o)
 .text.xenon_ata_read_sectors
                0x0000000080009a60       0x7c /usr/local/xenon/usr/lib/libxenon.a(ata.o)
 .text.xenon_ata_write_sectors
                0x0000000080009adc       0x98 /usr/local/xenon/usr/lib/libxenon.a(ata.o)
 .text          0x0000000080009b74       0xc4 /usr/local/xenon/usr/lib/libxenon.a(atomic.o)
                0x0000000080009b74                atomic_inc
                0x0000000080009b88                atomic_dec
                0x0000000080009b9c                atomic_clearset
                0x0000000080009bb4                atomic_compareswap
                0x0000000080009bec                lock
                0x0000000080009c28                unlock
 .text          0x0000000080009c38       0xa8 /usr/local/xenon/usr/lib/libxenon.a(cache.o)
                0x0000000080009c38                memdcbt
                0x0000000080009c60                memdcbst
                0x0000000080009c88                memdcbf
                0x0000000080009cb0                memicbi
 .text.flush_console
                0x0000000080009ce0       0x78 /usr/local/xenon/usr/lib/libxenon.a(c_except.o)
 .text.crashdump
                0x0000000080009d58      0x454 /usr/local/xenon/usr/lib/libxenon.a(c_except.o)
                0x0000000080009d58                crashdump
 .text.mftb     0x000000008000a1ac       0x1c /usr/local/xenon/usr/lib/libxenon.a(time.o)
 .text.tdelay   0x000000008000a1c8       0x5c /usr/local/xenon/usr/lib/libxenon.a(time.o)
 .text.stall_execution
                0x000000008000a224       0x54 /usr/local/xenon/usr/lib/libxenon.a(time.o)
                0x000000008000a224                stall_execution
 .text.udelay   0x000000008000a278       0x24 /usr/local/xenon/usr/lib/libxenon.a(time.o)
                0x000000008000a278                udelay
 .text.mdelay   0x000000008000a29c       0x18 /usr/local/xenon/usr/lib/libxenon.a(time.o)
                0x000000008000a29c                mdelay
 .text.delay    0x000000008000a2b4       0x18 /usr/local/xenon/usr/lib/libxenon.a(time.o)
                0x000000008000a2b4                delay
 .text.usb_init_one_ohci
                0x000000008000a2cc       0xcc /usr/local/xenon/usr/lib/libxenon.a(usbmain.o)
 .text.usb_shutdown
                0x000000008000a398       0xb4 /usr/local/xenon/usr/lib/libxenon.a(usbmain.o)
                0x000000008000a398                usb_shutdown
 .text.usb_init
                0x000000008000a44c      0x114 /usr/local/xenon/usr/lib/libxenon.a(usbmain.o)
                0x000000008000a44c                usb_init
 .text.usb_do_poll
                0x000000008000a560       0x90 /usr/local/xenon/usr/lib/libxenon.a(usbmain.o)
                0x000000008000a560                usb_do_poll
 .text.USBStorage_True
                0x000000008000a5f0        0x8 /usr/local/xenon/usr/lib/libxenon.a(tinyehci.o)
 .text.USBStorage_Inserted
                0x000000008000a5f8        0xc /usr/local/xenon/usr/lib/libxenon.a(tinyehci.o)
 .text.qtd_fill
                0x000000008000a604       0xa4 /usr/local/xenon/usr/lib/libxenon.a(tinyehci.o)
 .text.ehci_qtd_alloc
                0x000000008000a6a8       0x78 /usr/local/xenon/usr/lib/libxenon.a(tinyehci.o)
 .text.handshake.isra.5
                0x000000008000a720      0x178 /usr/local/xenon/usr/lib/libxenon.a(tinyehci.o)
 .text.ehci_mem_init
                0x000000008000a898       0xf8 /usr/local/xenon/usr/lib/libxenon.a(tinyehci.o)
                0x000000008000a898                ehci_mem_init
 .text.qh_urb_transaction
                0x000000008000a990      0x1c0 /usr/local/xenon/usr/lib/libxenon.a(tinyehci.o)
                0x000000008000a990                qh_urb_transaction
 .text.ehci_do_urb
                0x000000008000ab50      0x3c8 /usr/local/xenon/usr/lib/libxenon.a(tinyehci.o)
                0x000000008000ab50                ehci_do_urb
 .text.ehci_control_message
                0x000000008000af18       0x84 /usr/local/xenon/usr/lib/libxenon.a(tinyehci.o)
                0x000000008000af18                ehci_control_message
 .text.ehci_bulk_message
                0x000000008000af9c       0x48 /usr/local/xenon/usr/lib/libxenon.a(tinyehci.o)
                0x000000008000af9c                ehci_bulk_message
 .text.__send_cbw
                0x000000008000afe4      0x118 /usr/local/xenon/usr/lib/libxenon.a(tinyehci.o)
 .text.ehci_reset_port_old
                0x000000008000b0fc      0x1a4 /usr/local/xenon/usr/lib/libxenon.a(tinyehci.o)
                0x000000008000b0fc                ehci_reset_port_old
 .text.ehci_adquire_port
                0x000000008000b2a0       0x88 /usr/local/xenon/usr/lib/libxenon.a(tinyehci.o)
                0x000000008000b2a0                ehci_adquire_port
 .text.ehci_reset_usb_port
                0x000000008000b328      0x174 /usr/local/xenon/usr/lib/libxenon.a(tinyehci.o)
                0x000000008000b328                ehci_reset_usb_port
 .text.ehci_reset_port2
                0x000000008000b49c       0x6c /usr/local/xenon/usr/lib/libxenon.a(tinyehci.o)
                0x000000008000b49c                ehci_reset_port2
 .text.USB_FreeDescriptors
                0x000000008000b508       0xa8 /usr/local/xenon/usr/lib/libxenon.a(tinyehci.o)
                0x000000008000b508                USB_FreeDescriptors
 .text.USB_GetDescriptors
                0x000000008000b5b0      0x340 /usr/local/xenon/usr/lib/libxenon.a(tinyehci.o)
                0x000000008000b5b0                USB_GetDescriptors
 .text.USB_GetConfiguration
                0x000000008000b8f0       0x7c /usr/local/xenon/usr/lib/libxenon.a(tinyehci.o)
                0x000000008000b8f0                USB_GetConfiguration
 .text.USB_SetConfiguration
                0x000000008000b96c       0x1c /usr/local/xenon/usr/lib/libxenon.a(tinyehci.o)
                0x000000008000b96c                USB_SetConfiguration
 .text.USB_SetAlternativeInterface
                0x000000008000b988       0x28 /usr/local/xenon/usr/lib/libxenon.a(tinyehci.o)
                0x000000008000b988                USB_SetAlternativeInterface
 .text.USB_ClearHalt
                0x000000008000b9b0       0x1c /usr/local/xenon/usr/lib/libxenon.a(tinyehci.o)
                0x000000008000b9b0                USB_ClearHalt
 .text.ehci_init_port
                0x000000008000b9cc      0x14c /usr/local/xenon/usr/lib/libxenon.a(tinyehci.o)
                0x000000008000b9cc                ehci_init_port
 .text.ehci_reset_port
                0x000000008000bb18       0x50 /usr/local/xenon/usr/lib/libxenon.a(tinyehci.o)
                0x000000008000bb18                ehci_reset_port
 .text.ehci_discover
                0x000000008000bb68       0x54 /usr/local/xenon/usr/lib/libxenon.a(tinyehci.o)
                0x000000008000bb68                ehci_discover
 .text.EHCI_do_one
                0x000000008000bbbc      0x144 /usr/local/xenon/usr/lib/libxenon.a(tinyehci.o)
 .text.my_memcmp
                0x000000008000bd00       0x44 /usr/local/xenon/usr/lib/libxenon.a(tinyehci.o)
                0x000000008000bd00                my_memcmp
 .text.USBStorage_Close
                0x000000008000bd44       0x44 /usr/local/xenon/usr/lib/libxenon.a(tinyehci.o)
                0x000000008000bd44                USBStorage_Close
 .text.USBStorage_ReadCapacity
                0x000000008000bd88       0xb8 /usr/local/xenon/usr/lib/libxenon.a(tinyehci.o)
                0x000000008000bd88                USBStorage_ReadCapacity
 .text.USBStorage_MountLUN
                0x000000008000be40      0x1f4 /usr/local/xenon/usr/lib/libxenon.a(tinyehci.o)
                0x000000008000be40                USBStorage_MountLUN
 .text.__usbstorage_reset.isra.9
                0x000000008000c034      0x1a8 /usr/local/xenon/usr/lib/libxenon.a(tinyehci.o)
 .text.USBStorage_Open
                0x000000008000c1dc      0x3b8 /usr/local/xenon/usr/lib/libxenon.a(tinyehci.o)
                0x000000008000c1dc                USBStorage_Open
 .text.__cycle.constprop.13
                0x000000008000c594      0x268 /usr/local/xenon/usr/lib/libxenon.a(tinyehci.o)
 .text.USBStorage_Inquiry
                0x000000008000c7fc       0xa0 /usr/local/xenon/usr/lib/libxenon.a(tinyehci.o)
                0x000000008000c7fc                USBStorage_Inquiry
 .text.USBStorage_Read
                0x000000008000c89c      0x158 /usr/local/xenon/usr/lib/libxenon.a(tinyehci.o)
                0x000000008000c89c                USBStorage_Read
 .text.USBStorage_Write
                0x000000008000c9f4      0x158 /usr/local/xenon/usr/lib/libxenon.a(tinyehci.o)
                0x000000008000c9f4                USBStorage_Write
 .text.USBStorage_Try_Device
                0x000000008000cb4c      0x19c /usr/local/xenon/usr/lib/libxenon.a(tinyehci.o)
                0x000000008000cb4c                USBStorage_Try_Device
 .text.USBStorage_Init
                0x000000008000cce8      0x18c /usr/local/xenon/usr/lib/libxenon.a(tinyehci.o)
                0x000000008000cce8                USBStorage_Init
 .text.unplug_procedure
                0x000000008000ce74       0xd4 /usr/local/xenon/usr/lib/libxenon.a(tinyehci.o)
                0x000000008000ce74                unplug_procedure
 .text.USBStorage_Write_Sectors
                0x000000008000cf48      0x108 /usr/local/xenon/usr/lib/libxenon.a(tinyehci.o)
                0x000000008000cf48                USBStorage_Write_Sectors
 .text.USBStorage_Read_Sectors
                0x000000008000d050      0x108 /usr/local/xenon/usr/lib/libxenon.a(tinyehci.o)
                0x000000008000d050                USBStorage_Read_Sectors
 .text.EHCI_Init
                0x000000008000d158       0x50 /usr/local/xenon/usr/lib/libxenon.a(tinyehci.o)
                0x000000008000d158                EHCI_Init
 .text.xenon_smc_send_message
                0x000000008000d1a8       0x98 /usr/local/xenon/usr/lib/libxenon.a(xenon_smc.o)
                0x000000008000d1a8                xenon_smc_send_message
 .text.xenon_smc_receive_message
                0x000000008000d240       0x80 /usr/local/xenon/usr/lib/libxenon.a(xenon_smc.o)
                0x000000008000d240                xenon_smc_receive_message
 .text.xenon_smc_handle_bulk
                0x000000008000d2c0       0x94 /usr/local/xenon/usr/lib/libxenon.a(xenon_smc.o)
                0x000000008000d2c0                xenon_smc_handle_bulk
 .text.xenon_smc_receive_response
                0x000000008000d354       0x48 /usr/local/xenon/usr/lib/libxenon.a(xenon_smc.o)
                0x000000008000d354                xenon_smc_receive_response
 .text.xenon_smc_ana_write
                0x000000008000d39c       0x9c /usr/local/xenon/usr/lib/libxenon.a(xenon_smc.o)
                0x000000008000d39c                xenon_smc_ana_write
 .text.xenon_smc_ana_read
                0x000000008000d438       0xc0 /usr/local/xenon/usr/lib/libxenon.a(xenon_smc.o)
                0x000000008000d438                xenon_smc_ana_read
 .text.xenon_smc_i2c_ddc_lock
                0x000000008000d4f8       0x78 /usr/local/xenon/usr/lib/libxenon.a(xenon_smc.o)
                0x000000008000d4f8                xenon_smc_i2c_ddc_lock
 .text.xenon_smc_i2c_write
                0x000000008000d570       0xb0 /usr/local/xenon/usr/lib/libxenon.a(xenon_smc.o)
                0x000000008000d570                xenon_smc_i2c_write
 .text.xenon_smc_i2c_read
                0x000000008000d620       0xc8 /usr/local/xenon/usr/lib/libxenon.a(xenon_smc.o)
                0x000000008000d620                xenon_smc_i2c_read
 .text.xenon_smc_power_shutdown
                0x000000008000d6e8       0x40 /usr/local/xenon/usr/lib/libxenon.a(xenon_smc.o)
                0x000000008000d6e8                xenon_smc_power_shutdown
 .text.xenon_smc_power_reboot
                0x000000008000d728       0x48 /usr/local/xenon/usr/lib/libxenon.a(xenon_smc.o)
                0x000000008000d728                xenon_smc_power_reboot
 .text.xenon_smc_read_avpack
                0x000000008000d770       0x48 /usr/local/xenon/usr/lib/libxenon.a(xenon_smc.o)
                0x000000008000d770                xenon_smc_read_avpack
 .text.prepare_sleep
                0x000000008000d7b8       0x74 /usr/local/xenon/usr/lib/libxenon.a(xenon_power.o)
                0x000000008000d7b8                prepare_sleep
 .text.xenon_thread_sleep
                0x000000008000d82c       0x5c /usr/local/xenon/usr/lib/libxenon.a(xenon_power.o)
                0x000000008000d82c                xenon_thread_sleep
 .text.xenon_run_thread_task
                0x000000008000d888       0x38 /usr/local/xenon/usr/lib/libxenon.a(xenon_power.o)
                0x000000008000d888                xenon_run_thread_task
 .text.xenon_is_thread_task_running
                0x000000008000d8c0       0x20 /usr/local/xenon/usr/lib/libxenon.a(xenon_power.o)
                0x000000008000d8c0                xenon_is_thread_task_running
 .text.xenon_thread_startup
                0x000000008000d8e0       0x4c /usr/local/xenon/usr/lib/libxenon.a(xenon_power.o)
                0x000000008000d8e0                xenon_thread_startup
 .text.xenon_set_single_thread_mode
                0x000000008000d92c       0x94 /usr/local/xenon/usr/lib/libxenon.a(xenon_power.o)
                0x000000008000d92c                xenon_set_single_thread_mode
 .text.poll_status
                0x000000008000d9c0       0x84 /usr/local/xenon/usr/lib/libxenon.a(xenon_uart.o)
                0x000000008000d9c0                poll_status
 .text.kbhit    0x000000008000da44       0x40 /usr/local/xenon/usr/lib/libxenon.a(xenon_uart.o)
                0x000000008000da44                kbhit
 .text.putch    0x000000008000da84       0x68 /usr/local/xenon/usr/lib/libxenon.a(xenon_uart.o)
                0x000000008000da84                putch
 .text.getch    0x000000008000daec       0x64 /usr/local/xenon/usr/lib/libxenon.a(xenon_uart.o)
                0x000000008000daec                getch
 .text.xenon_config_init
                0x000000008000db50       0xa4 /usr/local/xenon/usr/lib/libxenon.a(xenon_config.o)
                0x000000008000db50                xenon_config_init
 .text.xenon_config_get_avregion
                0x000000008000dbf4       0x94 /usr/local/xenon/usr/lib/libxenon.a(xenon_config.o)
                0x000000008000dbf4                xenon_config_get_avregion
 .text.xenos_write32
                0x000000008000dc88       0x24 /usr/local/xenon/usr/lib/libxenon.a(xenos.o)
                0x000000008000dc88                xenos_write32
 .text.xenos_read32
                0x000000008000dcac       0x24 /usr/local/xenon/usr/lib/libxenon.a(xenos.o)
                0x000000008000dcac                xenos_read32
 .text.xenos_ana_write
                0x000000008000dcd0       0x6c /usr/local/xenon/usr/lib/libxenon.a(xenos.o)
 .text.xenos_init_ana_new
                0x000000008000dd3c      0x338 /usr/local/xenon/usr/lib/libxenon.a(xenos.o)
                0x000000008000dd3c                xenos_init_ana_new
 .text.xenos_init_phase0
                0x000000008000e074       0x98 /usr/local/xenon/usr/lib/libxenon.a(xenos.o)
                0x000000008000e074                xenos_init_phase0
 .text.xenos_init_phase1
                0x000000008000e10c      0x3b0 /usr/local/xenon/usr/lib/libxenon.a(xenos.o)
                0x000000008000e10c                xenos_init_phase1
 .text.xenos_ana_preinit
                0x000000008000e4bc       0xd0 /usr/local/xenon/usr/lib/libxenon.a(xenos.o)
                0x000000008000e4bc                xenos_ana_preinit
 .text.xenos_set_mode_f1
                0x000000008000e58c      0x148 /usr/local/xenon/usr/lib/libxenon.a(xenos.o)
                0x000000008000e58c                xenos_set_mode_f1
 .text.xenos_set_mode_f2
                0x000000008000e6d4      0x304 /usr/local/xenon/usr/lib/libxenon.a(xenos.o)
                0x000000008000e6d4                xenos_set_mode_f2
 .text.xenos_set_mode
                0x000000008000e9d8      0x358 /usr/local/xenon/usr/lib/libxenon.a(xenos.o)
                0x000000008000e9d8                xenos_set_mode
 .text.xenos_autoset_mode
                0x000000008000ed30      0x210 /usr/local/xenon/usr/lib/libxenon.a(xenos.o)
                0x000000008000ed30                xenos_autoset_mode
 .text.xenos_init
                0x000000008000ef40       0xf4 /usr/local/xenon/usr/lib/libxenon.a(xenos.o)
                0x000000008000ef40                xenos_init
 .text.xenos_is_initialized
                0x000000008000f034        0xc /usr/local/xenon/usr/lib/libxenon.a(xenos.o)
                0x000000008000f034                xenos_is_initialized
 .text.xenos_is_overscan
                0x000000008000f040       0x1c /usr/local/xenon/usr/lib/libxenon.a(xenos.o)
                0x000000008000f040                xenos_is_overscan
 .text.xenos_do_probe_ddc_edid
                0x000000008000f05c      0x1a0 /usr/local/xenon/usr/lib/libxenon.a(xenos_edid.o)
                0x000000008000f05c                xenos_do_probe_ddc_edid
 .text.xenos_ddc_read_edid
                0x000000008000f1fc      0x184 /usr/local/xenon/usr/lib/libxenon.a(xenos_edid.o)
 .text.xenos_get_edid
                0x000000008000f380       0xa8 /usr/local/xenon/usr/lib/libxenon.a(xenos_edid.o)
                0x000000008000f380                xenos_get_edid
 .text.xenos_detect_hdmi_monitor
                0x000000008000f428       0xe4 /usr/local/xenon/usr/lib/libxenon.a(xenos_edid.o)
                0x000000008000f428                xenos_detect_hdmi_monitor
 .text.enet_quiesce
                0x000000008000f50c       0x3c /usr/local/xenon/usr/lib/libxenon.a(enet.o)
                0x000000008000f50c                enet_quiesce
 .text          0x000000008000f548      0x2b0 /usr/local/xenon/usr/lib/libxenon.a(threads.o)
                0x000000008000f548                thread_disable_interrupts
                0x000000008000f558                thread_enable_interrupts
                0x000000008000f560                spinlock
                0x000000008000f59c                common_interrupt_handler
                0x000000008000f62c                common_interrupt_return
                0x000000008000f6e0                save_floating_point
                0x000000008000f76c                restore_floating_point
 .text.thread_interrupt_unexpected
                0x000000008000f7f8       0x18 /usr/local/xenon/usr/lib/libxenon.a(c_threads.o)
 .text.thread_idle_ipi
                0x000000008000f810       0x88 /usr/local/xenon/usr/lib/libxenon.a(c_threads.o)
                0x000000008000f810                thread_idle_ipi
 .text.external_interrupt_handler
                0x000000008000f898       0xac /usr/local/xenon/usr/lib/libxenon.a(c_threads.o)
                0x000000008000f898                external_interrupt_handler
 .text.dump_thread_context
                0x000000008000f944      0x77c /usr/local/xenon/usr/lib/libxenon.a(c_threads.o)
                0x000000008000f944                dump_thread_context
 .text.restore_thread_context
                0x00000000800100c0      0x770 /usr/local/xenon/usr/lib/libxenon.a(c_threads.o)
                0x00000000800100c0                restore_thread_context
 .text.thread_schedule_core
                0x0000000080010830      0x358 /usr/local/xenon/usr/lib/libxenon.a(c_threads.o)
                0x0000000080010830                thread_schedule_core
 .text.ipi_send_packet
                0x0000000080010b88       0xa4 /usr/local/xenon/usr/lib/libxenon.a(c_threads.o)
                0x0000000080010b88                ipi_send_packet
 .text.thread_raise_irql
                0x0000000080010c2c       0x78 /usr/local/xenon/usr/lib/libxenon.a(c_threads.o)
                0x0000000080010c2c                thread_raise_irql
 .text.thread_lower_irql
                0x0000000080010ca4       0x78 /usr/local/xenon/usr/lib/libxenon.a(c_threads.o)
                0x0000000080010ca4                thread_lower_irql
 .text.thread_process_dpc
                0x0000000080010d1c       0xc4 /usr/local/xenon/usr/lib/libxenon.a(c_threads.o)
                0x0000000080010d1c                thread_process_dpc
 .text.thread_schedule
                0x0000000080010de0       0x94 /usr/local/xenon/usr/lib/libxenon.a(c_threads.o)
                0x0000000080010de0                thread_schedule
 .text.system_call_handler
                0x0000000080010e74       0x40 /usr/local/xenon/usr/lib/libxenon.a(c_threads.o)
                0x0000000080010e74                system_call_handler
 .text.decrementer_interrupt_handler
                0x0000000080010eb4       0x6c /usr/local/xenon/usr/lib/libxenon.a(c_threads.o)
                0x0000000080010eb4                decrementer_interrupt_handler
 .text.threading_shutdown
                0x0000000080010f20       0xec /usr/local/xenon/usr/lib/libxenon.a(c_threads.o)
                0x0000000080010f20                threading_shutdown
 .text.debug_flush_console
                0x000000008001100c       0x4c /usr/local/xenon/usr/lib/libxenon.a(c_debug.o)
 .text.debug_routine_stub
                0x0000000080011058      0x1c4 /usr/local/xenon/usr/lib/libxenon.a(c_debug.o)
                0x0000000080011058                debug_routine_stub
 .text.dump_thread_context_to_screen
                0x000000008001121c      0x484 /usr/local/xenon/usr/lib/libxenon.a(c_debug.o)
                0x000000008001121c                dump_thread_context_to_screen
 .text.decode_exception
                0x00000000800116a0       0xb8 /usr/local/xenon/usr/lib/libxenon.a(c_debug.o)
                0x00000000800116a0                decode_exception
 .text.segfault_handler
                0x0000000080011758      0x304 /usr/local/xenon/usr/lib/libxenon.a(c_debug.o)
                0x0000000080011758                segfault_handler
 .text.program_interrupt_handler
                0x0000000080011a5c       0xbc /usr/local/xenon/usr/lib/libxenon.a(c_debug.o)
                0x0000000080011a5c                program_interrupt_handler
 .text.printf   0x0000000080011b18       0xa4 /usr/local/xenon/usr/lib/libxenon.a(c_debug.o)
                0x0000000080011b18                printf
 .text.mutex_destroy
                0x0000000080011bbc       0x30 /usr/local/xenon/usr/lib/libxenon.a(mutex.o)
                0x0000000080011bbc                mutex_destroy
 .text.kmeminit
                0x0000000080011bec       0x38 /usr/local/xenon/usr/lib/libxenon.a(lib_malloc.o)
                0x0000000080011bec                kmeminit
 .text.kfree    0x0000000080011c24       0xb8 /usr/local/xenon/usr/lib/libxenon.a(lib_malloc.o)
                0x0000000080011c24                kfree
 .text.lib_outofmemory
                0x0000000080011cdc       0x2c /usr/local/xenon/usr/lib/libxenon.a(lib_malloc.o)
                0x0000000080011cdc                lib_outofmemory
 .text.kmalloc  0x0000000080011d08      0x138 /usr/local/xenon/usr/lib/libxenon.a(lib_malloc.o)
                0x0000000080011d08                kmalloc
 .text.kmem_init
                0x0000000080011e40       0x68 /usr/local/xenon/usr/lib/libxenon.a(lib_malloc.o)
                0x0000000080011e40                kmem_init
 .text.read32   0x0000000080011ea8        0x8 /usr/local/xenon/usr/lib/libxenon.a(io.o)
                0x0000000080011ea8                read32
 .text.read32n  0x0000000080011eb0        0x8 /usr/local/xenon/usr/lib/libxenon.a(io.o)
                0x0000000080011eb0                read32n
 .text.write32  0x0000000080011eb8        0x8 /usr/local/xenon/usr/lib/libxenon.a(io.o)
                0x0000000080011eb8                write32
 .text.write32n
                0x0000000080011ec0        0x8 /usr/local/xenon/usr/lib/libxenon.a(io.o)
                0x0000000080011ec0                write32n
 .text._ohci_allocept
                0x0000000080011ec8       0x64 /usr/local/xenon/usr/lib/libxenon.a(ohci.o)
 .text._ohci_allocxfer
                0x0000000080011f2c       0x5c /usr/local/xenon/usr/lib/libxenon.a(ohci.o)
 .text.ohci_delete
                0x0000000080011f88        0x4 /usr/local/xenon/usr/lib/libxenon.a(ohci.o)
 .text.ohci_ept_setaddr
                0x0000000080011f8c       0x38 /usr/local/xenon/usr/lib/libxenon.a(ohci.o)
 .text.ohci_ept_setmps
                0x0000000080011fc4       0x44 /usr/local/xenon/usr/lib/libxenon.a(ohci.o)
 .text._ohci_queueept
                0x0000000080012008       0x5c /usr/local/xenon/usr/lib/libxenon.a(ohci.o)
 .text.ohci_ept_create
                0x0000000080012064      0x148 /usr/local/xenon/usr/lib/libxenon.a(ohci.o)
 .text.ohci_ept_cleartoggle
                0x00000000800121ac       0x64 /usr/local/xenon/usr/lib/libxenon.a(ohci.o)
 .text.ohci_stop
                0x0000000080012210       0x30 /usr/local/xenon/usr/lib/libxenon.a(ohci.o)
 .text.ohci_ept_delete
                0x0000000080012240      0x1fc /usr/local/xenon/usr/lib/libxenon.a(ohci.o)
 .text.ohci_start
                0x000000008001243c      0x1b0 /usr/local/xenon/usr/lib/libxenon.a(ohci.o)
 .text.ohci_roothub_strdscr
                0x00000000800125ec       0x6c /usr/local/xenon/usr/lib/libxenon.a(ohci.o)
 .text.ohci_intr
                0x0000000080012658      0x20c /usr/local/xenon/usr/lib/libxenon.a(ohci.o)
 .text._ohci_dma_alloc
                0x0000000080012864       0x50 /usr/local/xenon/usr/lib/libxenon.a(ohci.o)
 .text.ohci_create
                0x00000000800128b4      0x2a8 /usr/local/xenon/usr/lib/libxenon.a(ohci.o)
 .text.ohci_xfer
                0x0000000080012b5c      0x7d8 /usr/local/xenon/usr/lib/libxenon.a(ohci.o)
 .text.usb_create_pipe
                0x0000000080013334       0xdc /usr/local/xenon/usr/lib/libxenon.a(usbd.o)
                0x0000000080013334                usb_create_pipe
 .text.usb_open_pipe
                0x0000000080013410       0x84 /usr/local/xenon/usr/lib/libxenon.a(usbd.o)
                0x0000000080013410                usb_open_pipe
 .text.usb_destroy_all_pipes
                0x0000000080013494       0x74 /usr/local/xenon/usr/lib/libxenon.a(usbd.o)
                0x0000000080013494                usb_destroy_all_pipes
 .text.usb_destroy_device
                0x0000000080013508       0x4c /usr/local/xenon/usr/lib/libxenon.a(usbd.o)
                0x0000000080013508                usb_destroy_device
 .text.usb_create_device
                0x0000000080013554       0x78 /usr/local/xenon/usr/lib/libxenon.a(usbd.o)
                0x0000000080013554                usb_create_device
 .text.usb_make_request
                0x00000000800135cc       0x8c /usr/local/xenon/usr/lib/libxenon.a(usbd.o)
                0x00000000800135cc                usb_make_request
 .text.usb_poll
                0x0000000080013658       0x2c /usr/local/xenon/usr/lib/libxenon.a(usbd.o)
                0x0000000080013658                usb_poll
 .text.usb_daemon
                0x0000000080013684       0x38 /usr/local/xenon/usr/lib/libxenon.a(usbd.o)
                0x0000000080013684                usb_daemon
 .text.usb_free_request
                0x00000000800136bc       0x4c /usr/local/xenon/usr/lib/libxenon.a(usbd.o)
                0x00000000800136bc                usb_free_request
 .text.usb_delay_ms
                0x0000000080013708       0x24 /usr/local/xenon/usr/lib/libxenon.a(usbd.o)
                0x0000000080013708                usb_delay_ms
 .text.usb_queue_request
                0x000000008001372c       0x50 /usr/local/xenon/usr/lib/libxenon.a(usbd.o)
                0x000000008001372c                usb_queue_request
 .text.usb_wait_request
                0x000000008001377c       0x40 /usr/local/xenon/usr/lib/libxenon.a(usbd.o)
                0x000000008001377c                usb_wait_request
 .text.usb_sync_request
                0x00000000800137bc       0x34 /usr/local/xenon/usr/lib/libxenon.a(usbd.o)
                0x00000000800137bc                usb_sync_request
 .text.usb_new_address
                0x00000000800137f0       0x30 /usr/local/xenon/usr/lib/libxenon.a(usbd.o)
                0x00000000800137f0                usb_new_address
 .text.usb_set_ep0mps
                0x0000000080013820       0x60 /usr/local/xenon/usr/lib/libxenon.a(usbd.o)
                0x0000000080013820                usb_set_ep0mps
 .text.usb_clear_stall
                0x0000000080013880      0x100 /usr/local/xenon/usr/lib/libxenon.a(usbd.o)
                0x0000000080013880                usb_clear_stall
 .text.usb_std_request
                0x0000000080013980      0x234 /usr/local/xenon/usr/lib/libxenon.a(usbd.o)
                0x0000000080013980                usb_std_request
 .text.usb_simple_request
                0x0000000080013bb4       0x18 /usr/local/xenon/usr/lib/libxenon.a(usbd.o)
                0x0000000080013bb4                usb_simple_request
 .text.usb_set_address
                0x0000000080013bcc       0x9c /usr/local/xenon/usr/lib/libxenon.a(usbd.o)
                0x0000000080013bcc                usb_set_address
 .text.usb_set_configuration
                0x0000000080013c68       0x14 /usr/local/xenon/usr/lib/libxenon.a(usbd.o)
                0x0000000080013c68                usb_set_configuration
 .text.usb_get_descriptor
                0x0000000080013c7c       0x24 /usr/local/xenon/usr/lib/libxenon.a(usbd.o)
                0x0000000080013c7c                usb_get_descriptor
 .text.usb_get_string
                0x0000000080013ca0      0x104 /usr/local/xenon/usr/lib/libxenon.a(usbd.o)
                0x0000000080013ca0                usb_get_string
 .text.usb_get_device_descriptor
                0x0000000080013da4       0x90 /usr/local/xenon/usr/lib/libxenon.a(usbd.o)
                0x0000000080013da4                usb_get_device_descriptor
 .text.usb_get_config_descriptor
                0x0000000080013e34       0x8c /usr/local/xenon/usr/lib/libxenon.a(usbd.o)
                0x0000000080013e34                usb_get_config_descriptor
 .text.usb_get_device_status
                0x0000000080013ec0       0x1c /usr/local/xenon/usr/lib/libxenon.a(usbd.o)
                0x0000000080013ec0                usb_get_device_status
 .text.usb_complete_request
                0x0000000080013edc       0x3c /usr/local/xenon/usr/lib/libxenon.a(usbd.o)
                0x0000000080013edc                usb_complete_request
 .text.usb_initroot
                0x0000000080013f18      0x154 /usr/local/xenon/usr/lib/libxenon.a(usbd.o)
                0x0000000080013f18                usb_initroot
 .text.usb_find_cfg_descr
                0x000000008001406c       0x54 /usr/local/xenon/usr/lib/libxenon.a(usbd.o)
                0x000000008001406c                usb_find_cfg_descr
 .text.usb_find_driver
                0x00000000800140c0      0x114 /usr/local/xenon/usr/lib/libxenon.a(usbdevs.o)
                0x00000000800140c0                usb_find_driver
 .text.usbhid_detach
                0x00000000800141d4        0x8 /usr/local/xenon/usr/lib/libxenon.a(usbhid.o)
 .text.usbhid_attach
                0x00000000800141dc      0x164 /usr/local/xenon/usr/lib/libxenon.a(usbhid.o)
 .text.usbhid_kbd_scan1.isra.0.part.1
                0x0000000080014340       0x94 /usr/local/xenon/usr/lib/libxenon.a(usbhid.o)
 .text.usbhid_ireq_callback
                0x00000000800143d4      0x18c /usr/local/xenon/usr/lib/libxenon.a(usbhid.o)
 .text.usbhub_markdetached1
                0x0000000080014560       0x14 /usr/local/xenon/usr/lib/libxenon.a(usbhub.o)
 .text.usbhub_get_port_status
                0x0000000080014574       0x38 /usr/local/xenon/usr/lib/libxenon.a(usbhub.o)
 .text.usbhub_ireq_callback
                0x00000000800145ac       0x8c /usr/local/xenon/usr/lib/libxenon.a(usbhub.o)
 .text.usbhub_map_tree1
                0x0000000080014638       0x7c /usr/local/xenon/usr/lib/libxenon.a(usbhub.o)
 .text.usbhub_detach
                0x00000000800146b4      0x13c /usr/local/xenon/usr/lib/libxenon.a(usbhub.o)
 .text.usbhub_attach
                0x00000000800147f0      0x1a4 /usr/local/xenon/usr/lib/libxenon.a(usbhub.o)
 .text.usbhub_map_tree
                0x0000000080014994       0x18 /usr/local/xenon/usr/lib/libxenon.a(usbhub.o)
                0x0000000080014994                usbhub_map_tree
 .text.usbhub_map_from_device
                0x00000000800149ac       0x14 /usr/local/xenon/usr/lib/libxenon.a(usbhub.o)
                0x00000000800149ac                usbhub_map_from_device
 .text.usbhub_scan1
                0x00000000800149c0      0x558 /usr/local/xenon/usr/lib/libxenon.a(usbhub.o)
 .text.usb_scan
                0x0000000080014f18       0x10 /usr/local/xenon/usr/lib/libxenon.a(usbhub.o)
                0x0000000080014f18                usb_scan
 .text.ehci_maligned
                0x0000000080014f28       0x9c /usr/local/xenon/usr/lib/libxenon.a(usb_os.o)
                0x0000000080014f28                ehci_maligned
 .text.ehci_virt_to_dma
                0x0000000080014fc4        0x8 /usr/local/xenon/usr/lib/libxenon.a(usb_os.o)
                0x0000000080014fc4                ehci_virt_to_dma
 .text.ehci_dma_map_to
                0x0000000080014fcc       0x28 /usr/local/xenon/usr/lib/libxenon.a(usb_os.o)
                0x0000000080014fcc                ehci_dma_map_to
 .text.ehci_dma_map_from
                0x0000000080014ff4       0x28 /usr/local/xenon/usr/lib/libxenon.a(usb_os.o)
                0x0000000080014ff4                ehci_dma_map_from
 .text.ehci_dma_map_bidir
                0x000000008001501c       0x28 /usr/local/xenon/usr/lib/libxenon.a(usb_os.o)
                0x000000008001501c                ehci_dma_map_bidir
 .text.ehci_dma_unmap_to
                0x0000000080015044       0x24 /usr/local/xenon/usr/lib/libxenon.a(usb_os.o)
                0x0000000080015044                ehci_dma_unmap_to
 .text.ehci_dma_unmap_from
                0x0000000080015068       0x24 /usr/local/xenon/usr/lib/libxenon.a(usb_os.o)
                0x0000000080015068                ehci_dma_unmap_from
 .text.ehci_dma_unmap_bidir
                0x000000008001508c       0x24 /usr/local/xenon/usr/lib/libxenon.a(usb_os.o)
                0x000000008001508c                ehci_dma_unmap_bidir
 .text.ehci_usleep
                0x00000000800150b0       0x20 /usr/local/xenon/usr/lib/libxenon.a(usb_os.o)
                0x00000000800150b0                ehci_usleep
 .text.ehci_msleep
                0x00000000800150d0       0x20 /usr/local/xenon/usr/lib/libxenon.a(usb_os.o)
                0x00000000800150d0                ehci_msleep
 .text.USB_Alloc
                0x00000000800150f0       0x20 /usr/local/xenon/usr/lib/libxenon.a(usb_os.o)
                0x00000000800150f0                USB_Alloc
 .text.USB_Free
                0x0000000080015110       0x20 /usr/local/xenon/usr/lib/libxenon.a(usb_os.o)
                0x0000000080015110                USB_Free
 .text.xenon_gpio_set_oe
                0x0000000080015130       0x44 /usr/local/xenon/usr/lib/libxenon.a(xenon_gpio.o)
                0x0000000080015130                xenon_gpio_set_oe
 .text.xenon_gpio_set
                0x0000000080015174       0x44 /usr/local/xenon/usr/lib/libxenon.a(xenon_gpio.o)
                0x0000000080015174                xenon_gpio_set
 .text          0x00000000800151b8       0x3c /usr/local/xenon/usr/lib/libxenon.a(cpusleep.o)
                0x00000000800151b8                cpusleep
 .text.sfcx_read_page
                0x00000000800151f4      0x148 /usr/local/xenon/usr/lib/libxenon.a(xenon_sfcx.o)
                0x00000000800151f4                sfcx_read_page
 .text.sfcx_init
                0x000000008001533c      0x2bc /usr/local/xenon/usr/lib/libxenon.a(xenon_sfcx.o)
                0x000000008001533c                sfcx_init
 .text          0x00000000800155f8        0x8 /usr/local/xenon/usr/lib/libxenon.a(debug.o)
                0x00000000800155f8                debug_print
 .text.q_enqueue
                0x0000000080015600       0x18 /usr/local/xenon/usr/lib/libxenon.a(lib_queue.o)
                0x0000000080015600                q_enqueue
 .text.q_deqnext
                0x0000000080015618       0x30 /usr/local/xenon/usr/lib/libxenon.a(lib_queue.o)
                0x0000000080015618                q_deqnext
 .text.usbctrl_queue_intreq
                0x0000000080015648       0x48 /usr/local/xenon/usr/lib/libxenon.a(usbctrl.o)
 .text.usbctrl_set_led_callback
                0x0000000080015690       0x3c /usr/local/xenon/usr/lib/libxenon.a(usbctrl.o)
 .text.usbctrl_detach
                0x00000000800156cc       0x8c /usr/local/xenon/usr/lib/libxenon.a(usbctrl.o)
 .text.usbctrl_set_leds
                0x0000000080015758      0x11c /usr/local/xenon/usr/lib/libxenon.a(usbctrl.o)
                0x0000000080015758                usbctrl_set_leds
 .text.usbctrl_ireq_callback
                0x0000000080015874      0x25c /usr/local/xenon/usr/lib/libxenon.a(usbctrl.o)
 .text.usbctrl_poll
                0x0000000080015ad0       0xb4 /usr/local/xenon/usr/lib/libxenon.a(usbctrl.o)
                0x0000000080015ad0                usbctrl_poll
 .text.usbctrl_attach
                0x0000000080015b84      0x328 /usr/local/xenon/usr/lib/libxenon.a(usbctrl.o)
 .text.getstringmaybe
                0x0000000080015eac       0x6c /usr/local/xenon/usr/lib/libxenon.a(usbdebug.o)
 .text.usb_dbg_dumpportstatus
                0x0000000080015f18      0x26c /usr/local/xenon/usr/lib/libxenon.a(usbdebug.o)
                0x0000000080015f18                usb_dbg_dumpportstatus
 .text.usb_dbg_dumpdescriptors
                0x0000000080016184      0x6b8 /usr/local/xenon/usr/lib/libxenon.a(usbdebug.o)
                0x0000000080016184                usb_dbg_dumpdescriptors
 .text.set_controller_data
                0x000000008001683c       0x54 /usr/local/xenon/usr/lib/libxenon.a(input.o)
                0x000000008001683c                set_controller_data
 .text          0x0000000080016890       0x4c /usr/local/xenon/lib/gcc/xenon/4.6.1/32/libgcc.a(crtsavgpr.o)
                0x0000000080016890                _savegpr_14
                0x0000000080016894                _savegpr_15
                0x0000000080016898                _savegpr_16
                0x000000008001689c                _savegpr_17
                0x00000000800168a0                _savegpr_18
                0x00000000800168a4                _savegpr_19
                0x00000000800168a8                _savegpr_20
                0x00000000800168ac                _savegpr_21
                0x00000000800168b0                _savegpr_22
                0x00000000800168b4                _savegpr_23
                0x00000000800168b8                _savegpr_24
                0x00000000800168bc                _savegpr_25
                0x00000000800168c0                _savegpr_26
                0x00000000800168c4                _savegpr_27
                0x00000000800168c8                _savegpr_28
                0x00000000800168cc                _savegpr_29
                0x00000000800168d0                _savegpr_30
                0x00000000800168d4                _savegpr_31
 .text          0x00000000800168dc       0x58 /usr/local/xenon/lib/gcc/xenon/4.6.1/32/libgcc.a(crtresxgpr.o)
                0x00000000800168dc                _restgpr_14_x
                0x00000000800168e0                _restgpr_15_x
                0x00000000800168e4                _restgpr_16_x
                0x00000000800168e8                _restgpr_17_x
                0x00000000800168ec                _restgpr_18_x
                0x00000000800168f0                _restgpr_19_x
                0x00000000800168f4                _restgpr_20_x
                0x00000000800168f8                _restgpr_21_x
                0x00000000800168fc                _restgpr_22_x
                0x0000000080016900                _restgpr_23_x
                0x0000000080016904                _restgpr_24_x
                0x0000000080016908                _restgpr_25_x
                0x000000008001690c                _restgpr_26_x
                0x0000000080016910                _restgpr_27_x
                0x0000000080016914                _restgpr_28_x
                0x0000000080016918                _restgpr_29_x
                0x000000008001691c                _restgpr_30_x
                0x0000000080016920                _restgpr_31_x
 *fill*         0x0000000080016934        0x4 00
 .text          0x0000000080016938     0x1ae0 /usr/local/xenon/lib/gcc/xenon/4.6.1/32/libgcc.a(unwind-dw2-fde-glibc.o)
                0x0000000080017eb4                __register_frame_info_bases
                0x0000000080017f28                __register_frame_info
                0x0000000080017f50                __register_frame
                0x0000000080017f9c                __register_frame_info_table_bases
                0x0000000080018000                __register_frame_info_table
                0x0000000080018028                __register_frame_table
                0x000000008001806c                __deregister_frame_info_bases
                0x00000000800181b8                __deregister_frame_info
                0x00000000800181d8                __deregister_frame
                0x000000008001820c                _Unwind_Find_FDE
 .text          0x0000000080018418       0x88 /usr/local/xenon/xenon/lib/32/libc.a(lib_a-assert.o)
                0x000000008001841c                __assert_func
                0x0000000080018488                __assert
 .text          0x00000000800184a0       0x58 /usr/local/xenon/xenon/lib/32/libc.a(lib_a-exit.o)
                0x00000000800184a4                exit
 .text          0x00000000800184f8      0x130 /usr/local/xenon/xenon/lib/32/libc.a(lib_a-fiprintf.o)
                0x00000000800184f8                _fiprintf_r
                0x000000008001857c                fiprintf
 .text          0x0000000080018628      0x194 /usr/local/xenon/xenon/lib/32/libc.a(lib_a-fopen.o)
                0x000000008001862c                _fopen_r
                0x0000000080018774                fopen
 *fill*         0x00000000800187bc        0x4 00
 .text          0x00000000800187c0      0x130 /usr/local/xenon/xenon/lib/32/libc.a(lib_a-fprintf.o)
                0x00000000800187c0                _fprintf_r
                0x0000000080018844                fprintf
 .text          0x00000000800188f0      0x5e4 /usr/local/xenon/xenon/lib/32/libc.a(lib_a-fseek.o)
                0x00000000800188f4                _fseek_r
                0x0000000080018e84                fseek
 *fill*         0x0000000080018ed4        0x4 00
 .text          0x0000000080018ed8       0x9c /usr/local/xenon/xenon/lib/32/libc.a(lib_a-fstatr.o)
                0x0000000080018edc                _fstat_r
 *fill*         0x0000000080018f74        0x4 00
 .text          0x0000000080018f78       0x24 /usr/local/xenon/xenon/lib/32/libc.a(lib_a-lcltime_r.o)
                0x0000000080018f78                localtime_r
 *fill*         0x0000000080018f9c        0x4 00
 .text          0x0000000080018fa0      0x1cc /usr/local/xenon/xenon/lib/32/libc.a(lib_a-locale.o)
                0x0000000080018fa4                _setlocale_r
                0x000000008001905c                __locale_charset
                0x000000008001909c                _localeconv_r
                0x00000000800190dc                setlocale
                0x000000008001912c                localeconv
 *fill*         0x000000008001916c        0x4 00
 .text          0x0000000080019170      0x220 /usr/local/xenon/xenon/lib/32/libc.a(lib_a-makebuf.o)
                0x0000000080019174                __smakebuf_r
 .text          0x0000000080019390       0x90 /usr/local/xenon/xenon/lib/32/libc.a(lib_a-malloc.o)
                0x0000000080019394                malloc
                0x00000000800193dc                free
 .text          0x0000000080019420      0x890 /usr/local/xenon/xenon/lib/32/libc.a(lib_a-mallocr.o)
                0x0000000080019424                _malloc_r
 .text          0x0000000080019cb0       0xf0 /usr/local/xenon/xenon/lib/32/libc.a(lib_a-mbrtowc.o)
                0x0000000080019cb4                _mbrtowc_r
                0x0000000080019d44                mbrtowc
 .text          0x0000000080019da0      0x210 /usr/local/xenon/xenon/lib/32/libc.a(lib_a-mbsrtowcs.o)
                0x0000000080019da4                _mbsrtowcs_r
                0x0000000080019f54                mbsrtowcs
 .text          0x0000000080019fb0       0x48 /usr/local/xenon/xenon/lib/32/libc.a(lib_a-mbtowc_r.o)
                0x0000000080019fb0                _mbtowc_r
 .text          0x0000000080019ff8       0xe0 /usr/local/xenon/xenon/lib/32/libc.a(lib_a-memcmp.o)
                0x0000000080019ff8                memcmp
 .text          0x000000008001a0d8      0x128 /usr/local/xenon/xenon/lib/32/libc.a(lib_a-memcpy.o)
                0x000000008001a0d8                memcpy
 .text          0x000000008001a200      0x198 /usr/local/xenon/xenon/lib/32/libc.a(lib_a-memmove.o)
                0x000000008001a200                memmove
 .text          0x000000008001a398      0x134 /usr/local/xenon/xenon/lib/32/libc.a(lib_a-memset.o)
                0x000000008001a398                memset
 *fill*         0x000000008001a4cc        0x4 00
 .text          0x000000008001a4d0      0x7e4 /usr/local/xenon/xenon/lib/32/libc.a(lib_a-mktime.o)
                0x000000008001a874                mktime
 *fill*         0x000000008001acb4        0x4 00
 .text          0x000000008001acb8      0x8b0 /usr/local/xenon/xenon/lib/32/libc.a(lib_a-mktm_r.o)
                0x000000008001acbc                __tzcalc_limits
                0x000000008001af4c                _mktm_r
 .text          0x000000008001b568       0xa4 /usr/local/xenon/xenon/lib/32/libc.a(lib_a-openr.o)
                0x000000008001b56c                _open_r
 *fill*         0x000000008001b60c        0x4 00
 .text          0x000000008001b610      0x2bc /usr/local/xenon/xenon/lib/32/libc.a(lib_a-refill.o)
                0x000000008001b66c                __srefill_r
 *fill*         0x000000008001b8cc        0x4 00
 .text          0x000000008001b8d0       0x94 /usr/local/xenon/xenon/lib/32/libc.a(lib_a-sbrkr.o)
                0x000000008001b8d4                _sbrk_r
 *fill*         0x000000008001b964        0x4 00
 .text          0x000000008001b968      0x1a8 /usr/local/xenon/xenon/lib/32/libc.a(lib_a-sprintf.o)
                0x000000008001b968                _sprintf_r
                0x000000008001ba2c                sprintf
 .text          0x000000008001bb10      0x1a8 /usr/local/xenon/xenon/lib/32/libc.a(lib_a-stdio.o)
                0x000000008001bb10                __sread
                0x000000008001bb78                __swrite
                0x000000008001bc20                __sseek
                0x000000008001bc90                __sclose
 .text          0x000000008001bcb8       0xb0 /usr/local/xenon/xenon/lib/32/libc.a(lib_a-strcat.o)
                0x000000008001bcb8                strcat
 .text          0x000000008001bd68      0x238 /usr/local/xenon/xenon/lib/32/libc.a(lib_a-strchr.o)
                0x000000008001bd68                strchr
 .text          0x000000008001bfa0      0x10c /usr/local/xenon/xenon/lib/32/libc.a(lib_a-strcmp.o)
                0x000000008001bfa0                strcmp
 *fill*         0x000000008001c0ac        0x4 00
 .text          0x000000008001c0b0       0xa4 /usr/local/xenon/xenon/lib/32/libc.a(lib_a-strcpy.o)
                0x000000008001c0b0                strcpy
 *fill*         0x000000008001c154        0x4 00
 .text          0x000000008001c158      0x100 /usr/local/xenon/xenon/lib/32/libc.a(lib_a-strlen.o)
                0x000000008001c158                strlen
 .text          0x000000008001c258       0xe8 /usr/local/xenon/xenon/lib/32/libc.a(lib_a-strncasecmp.o)
                0x000000008001c25c                strncasecmp
 .text          0x000000008001c340      0x18c /usr/local/xenon/xenon/lib/32/libc.a(lib_a-strncmp.o)
                0x000000008001c340                strncmp
 *fill*         0x000000008001c4cc        0x4 00
 .text          0x000000008001c4d0       0xec /usr/local/xenon/xenon/lib/32/libc.a(lib_a-strncpy.o)
                0x000000008001c4d0                strncpy
 *fill*         0x000000008001c5bc        0x4 00
 .text          0x000000008001c5c0       0x70 /usr/local/xenon/xenon/lib/32/libc.a(lib_a-strnlen.o)
                0x000000008001c5c0                strnlen
 .text          0x000000008001c630       0xb4 /usr/local/xenon/xenon/lib/32/libc.a(lib_a-strpbrk.o)
                0x000000008001c630                strpbrk
 *fill*         0x000000008001c6e4        0x4 00
 .text          0x000000008001c6e8       0x94 /usr/local/xenon/xenon/lib/32/libc.a(lib_a-strrchr.o)
                0x000000008001c6e8                strrchr
 *fill*         0x000000008001c77c        0x4 00
 .text          0x000000008001c780     0x2318 /usr/local/xenon/xenon/lib/32/libc.a(lib_a-svfprintf.o)
                0x000000008001ca64                _svfprintf_r
 .text          0x000000008001ea98       0x74 /usr/local/xenon/xenon/lib/32/libc.a(lib_a-time.o)
                0x000000008001ea9c                time
 *fill*         0x000000008001eb0c        0x4 00
 .text          0x000000008001eb10       0x60 /usr/local/xenon/xenon/lib/32/libc.a(lib_a-towlower.o)
                0x000000008001eb14                towlower
 .text          0x000000008001eb70       0x60 /usr/local/xenon/xenon/lib/32/libc.a(lib_a-towupper.o)
                0x000000008001eb74                towupper
 .text          0x000000008001ebd0        0xc /usr/local/xenon/xenon/lib/32/libc.a(lib_a-tzlock.o)
                0x000000008001ebd0                __tz_lock
                0x000000008001ebd8                __tz_unlock
 *fill*         0x000000008001ebdc        0x4 00
 .text          0x000000008001ebe0     0x153c /usr/local/xenon/xenon/lib/32/libc.a(lib_a-vfiprintf.o)
                0x000000008001ec4c                _vfiprintf_r
                0x00000000800200cc                vfiprintf
 *fill*         0x000000008002011c        0x4 00
 .text          0x0000000080020120     0x21e4 /usr/local/xenon/xenon/lib/32/libc.a(lib_a-vfprintf.o)
                0x000000008002018c                _vfprintf_r
                0x00000000800222b4                vfprintf
 *fill*         0x0000000080022304        0x4 00
 .text          0x0000000080022308      0x148 /usr/local/xenon/xenon/lib/32/libc.a(lib_a-vsnprintf.o)
                0x0000000080022308                _vsnprintf_r
                0x00000000800223f4                vsnprintf
 .text          0x0000000080022450       0xc4 /usr/local/xenon/xenon/lib/32/libc.a(lib_a-wcrtomb.o)
                0x0000000080022450                _wcrtomb_r
                0x00000000800224c4                wcrtomb
 *fill*         0x0000000080022514        0x4 00
 .text          0x0000000080022518       0x88 /usr/local/xenon/xenon/lib/32/libc.a(lib_a-wctob.o)
                0x000000008002251c                wctob
 .text          0x00000000800225a0      0x478 /usr/local/xenon/xenon/lib/32/libc.a(lib_a-wctomb_r.o)
                0x00000000800225a4                _wctomb_r
 .text          0x0000000080022a18       0x9c /usr/local/xenon/xenon/lib/32/libc.a(lib_a-writer.o)
                0x0000000080022a1c                _write_r
 *fill*         0x0000000080022ab4        0x4 00
 .text          0x0000000080022ab8      0x1b0 /usr/local/xenon/xenon/lib/32/libc.a(lib_a-wsetup.o)
                0x0000000080022abc                __swsetup_r
 .text          0x0000000080022c68      0x1f8 /usr/local/xenon/xenon/lib/32/libc.a(lib_a-__call_atexit.o)
                0x0000000080022c6c                __call_exitprocs
 .text          0x0000000080022e60       0x94 /usr/local/xenon/xenon/lib/32/libc.a(lib_a-closer.o)
                0x0000000080022e64                _close_r
 *fill*         0x0000000080022ef4        0x4 00
 .text          0x0000000080022ef8       0x5c /usr/local/xenon/xenon/lib/32/libc.a(lib_a-div.o)
                0x0000000080022ef8                div
 *fill*         0x0000000080022f54        0x4 00
 .text          0x0000000080022f58     0x14dc /usr/local/xenon/xenon/lib/32/libc.a(lib_a-dtoa.o)
                0x00000000800231ac                _dtoa_r
 *fill*         0x0000000080024434        0x4 00
 .text          0x0000000080024438      0x334 /usr/local/xenon/xenon/lib/32/libc.a(lib_a-fflush.o)
                0x0000000080024438                _fflush_r
                0x00000000800246fc                fflush
 *fill*         0x000000008002476c        0x4 00
 .text          0x0000000080024770      0x48c /usr/local/xenon/xenon/lib/32/libc.a(lib_a-findfp.o)
                0x0000000080024784                _cleanup_r
                0x0000000080024860                __sfmoreglue
                0x00000000800248e4                _cleanup
                0x0000000080024928                __sfp_lock_acquire
                0x0000000080024930                __sfp_lock_release
                0x0000000080024938                __sinit_lock_acquire
                0x0000000080024940                __sinit_lock_release
                0x000000008002494c                __sinit
                0x00000000800249fc                __sfp
                0x0000000080024b64                __fp_lock_all
                0x0000000080024bb4                __fp_unlock_all
 *fill*         0x0000000080024bfc        0x4 00
 .text          0x0000000080024c00       0xa0 /usr/local/xenon/xenon/lib/32/libc.a(lib_a-flags.o)
                0x0000000080024c00                __sflags
 .text          0x0000000080024ca0      0x418 /usr/local/xenon/xenon/lib/32/libc.a(lib_a-freer.o)
                0x0000000080024ca4                _malloc_trim_r
                0x0000000080024dfc                _free_r
 .text          0x00000000800250b8      0x57c /usr/local/xenon/xenon/lib/32/libc.a(lib_a-fvwrite.o)
                0x00000000800250b8                __sfvwrite_r
 *fill*         0x0000000080025634        0x4 00
 .text          0x0000000080025638      0x19c /usr/local/xenon/xenon/lib/32/libc.a(lib_a-fwalk.o)
                0x0000000080025638                _fwalk
                0x0000000080025700                _fwalk_reent
 *fill*         0x00000000800257d4        0x4 00
 .text          0x00000000800257d8       0x9c /usr/local/xenon/xenon/lib/32/libc.a(lib_a-gettimeofdayr.o)
                0x00000000800257dc                _gettimeofday_r
 *fill*         0x0000000080025874        0x4 00
 .text          0x0000000080025878       0x3c /usr/local/xenon/xenon/lib/32/libc.a(lib_a-gettzinfo.o)
                0x000000008002587c                __gettzinfo
 *fill*         0x00000000800258b4        0x4 00
 .text          0x00000000800258b8       0x94 /usr/local/xenon/xenon/lib/32/libc.a(lib_a-isattyr.o)
                0x00000000800258bc                _isatty_r
 *fill*         0x000000008002594c        0x4 00
 .text          0x0000000080025950       0x9c /usr/local/xenon/xenon/lib/32/libc.a(lib_a-lseekr.o)
                0x0000000080025954                _lseek_r
 *fill*         0x00000000800259ec        0x4 00
 .text          0x00000000800259f0      0x130 /usr/local/xenon/xenon/lib/32/libc.a(lib_a-memchr.o)
                0x00000000800259f0                memchr
 .text          0x0000000080025b20     0x1308 /usr/local/xenon/xenon/lib/32/libc.a(lib_a-mprec.o)
                0x0000000080025b20                _Balloc
                0x0000000080025be8                _Bfree
                0x0000000080025c10                __multadd
                0x0000000080025d38                __s2b
                0x0000000080025e88                __hi0bits
                0x0000000080025f00                __lo0bits
                0x0000000080025fe0                __i2b
                0x0000000080026020                __multiply
                0x0000000080026284                __pow5mult
                0x00000000800263d8                __lshift
                0x0000000080026558                __mcmp
                0x00000000800265b8                __mdiff
                0x00000000800267a0                __ulp
                0x0000000080026838                __b2d
                0x00000000800269b8                __d2b
                0x0000000080026b58                __ratio
                0x0000000080026c44                _mprec_log10
                0x0000000080026cc0                __copybits
                0x0000000080026d48                __any_on
 .text          0x0000000080026e28       0x9c /usr/local/xenon/xenon/lib/32/libc.a(lib_a-readr.o)
                0x0000000080026e2c                _read_r
 *fill*         0x0000000080026ec4        0x4 00
 .text          0x0000000080026ec8      0x630 /usr/local/xenon/xenon/lib/32/libc.a(lib_a-reallocr.o)
                0x0000000080026ecc                _realloc_r
 .text          0x00000000800274f8       0x44 /usr/local/xenon/xenon/lib/32/libc.a(lib_a-s_isinfd.o)
                0x00000000800274f8                __isinfd
 *fill*         0x000000008002753c        0x4 00
 .text          0x0000000080027540       0x38 /usr/local/xenon/xenon/lib/32/libc.a(lib_a-s_isnand.o)
                0x0000000080027540                __isnand
 .text          0x0000000080027578       0xc8 /usr/local/xenon/xenon/lib/32/libc.a(lib_a-callocr.o)
                0x0000000080027578                _calloc_r
 .text          0x0000000080027640      0x1c0 /usr/local/xenon/xenon/lib/32/libc.a(lib_a-fclose.o)
                0x0000000080027640                _fclose_r
                0x00000000800277bc                fclose
 .text          0x0000000080027800      0x434 /usr/local/xenon/lib/gcc/xenon/4.6.1/32/libgcc.a(_udivdi3.o)
                0x0000000080027800                __udivdi3
 *fill*         0x0000000080027c34        0x4 00
 .text          0x0000000080027c38      0x3f0 /usr/local/xenon/lib/gcc/xenon/4.6.1/32/libgcc.a(_umoddi3.o)
                0x0000000080027c38                __umoddi3
 *(.init*)

.glink          0x0000000080028028        0x0
 .glink         0x0000000000000000        0x0 /usr/local/xenon/lib/gcc/xenon/4.6.1/../../../../xenon/lib/../lib/crt1.o

.elfldr         0x0000000080028028        0x0
                0x0000000080028028                elfldr_start = .
 *(.elfldr)
                0x0000000080028028                elfldr_end = .

.data           0x0000000080028028     0x4f5c
 *(.data*)
 .data._current_working_directory
                0x0000000080028028      0x800 /usr/local/xenon/usr/lib/libxenon.a(newlib.o)
 .data.devoptab_list
                0x0000000080028828       0x40 /usr/local/xenon/usr/lib/libxenon.a(newlib.o)
                0x0000000080028828                devoptab_list
 .data.defaultDevice
                0x0000000080028868        0x4 /usr/local/xenon/usr/lib/libxenon.a(newlib.o)
 .data.__syscalls
                0x000000008002886c       0x24 /usr/local/xenon/usr/lib/libxenon.a(xenon_syscalls.o)
                0x000000008002886c                __syscalls
 .data.lockowner
                0x0000000080028890        0x4 /usr/local/xenon/usr/lib/libxenon.a(xenon_syscalls.o)
 .data.xenon_ata_ops
                0x0000000080028894       0x20 /usr/local/xenon/usr/lib/libxenon.a(ata.o)
                0x0000000080028894                xenon_ata_ops
 .data.__lun    0x00000000800288b4        0x1 /usr/local/xenon/usr/lib/libxenon.a(tinyehci.o)
 *fill*         0x00000000800288b5        0x3 00
 .data.usb2mass_ops
                0x00000000800288b8       0x20 /usr/local/xenon/usr/lib/libxenon.a(tinyehci.o)
                0x00000000800288b8                usb2mass_ops
 .data.first_access
                0x00000000800288d8        0x4 /usr/local/xenon/usr/lib/libxenon.a(tinyehci.o)
 .data.ana_1024x768
                0x00000000800288dc      0x400 /usr/local/xenon/usr/lib/libxenon.a(xenos.o)
                0x00000000800288dc                ana_1024x768
 .data.ana_ntsc_480i
                0x0000000080028cdc      0x400 /usr/local/xenon/usr/lib/libxenon.a(xenos.o)
                0x0000000080028cdc                ana_ntsc_480i
 .data.ana_yuv_480p
                0x00000000800290dc      0x400 /usr/local/xenon/usr/lib/libxenon.a(xenos.o)
                0x00000000800290dc                ana_yuv_480p
 .data.ana_1280x1024
                0x00000000800294dc      0x400 /usr/local/xenon/usr/lib/libxenon.a(xenos.o)
                0x00000000800294dc                ana_1280x1024
 .data.ana_1360x768
                0x00000000800298dc      0x400 /usr/local/xenon/usr/lib/libxenon.a(xenos.o)
                0x00000000800298dc                ana_1360x768
 .data.ana_640_480_composite
                0x0000000080029cdc      0x400 /usr/local/xenon/usr/lib/libxenon.a(xenos.o)
                0x0000000080029cdc                ana_640_480_composite
 .data.ana_1440x900
                0x000000008002a0dc      0x400 /usr/local/xenon/usr/lib/libxenon.a(xenos.o)
                0x000000008002a0dc                ana_1440x900
 .data.ana_1280x768
                0x000000008002a4dc      0x400 /usr/local/xenon/usr/lib/libxenon.a(xenos.o)
                0x000000008002a4dc                ana_1280x768
 .data.ana_pal  0x000000008002a8dc      0x400 /usr/local/xenon/usr/lib/libxenon.a(xenos.o)
                0x000000008002a8dc                ana_pal
 .data.ana_640x480p
                0x000000008002acdc      0x400 /usr/local/xenon/usr/lib/libxenon.a(xenos.o)
                0x000000008002acdc                ana_640x480p
 .data.ana_1280x720
                0x000000008002b0dc      0x400 /usr/local/xenon/usr/lib/libxenon.a(xenos.o)
                0x000000008002b0dc                ana_1280x720
 .data.ana_hdmi_720p
                0x000000008002b4dc      0x400 /usr/local/xenon/usr/lib/libxenon.a(xenos.o)
                0x000000008002b4dc                ana_hdmi_720p
 .data.xenos_modes
                0x000000008002b8dc      0x2d8 /usr/local/xenon/usr/lib/libxenon.a(xenos.o)
                0x000000008002b8dc                xenos_modes
 .data.ana_yuv_720p
                0x000000008002bbb4      0x400 /usr/local/xenon/usr/lib/libxenon.a(xenos.o)
                0x000000008002bbb4                ana_yuv_720p
 .data.decrementer_ticks
                0x000000008002bfb4        0x4 /usr/local/xenon/usr/lib/libxenon.a(c_threads.o)
 .data.ohci_driver
                0x000000008002bfb8       0x2c /usr/local/xenon/usr/lib/libxenon.a(ohci.o)
                0x000000008002bfb8                ohci_driver
 .data.usb_drivers
                0x000000008002bfe4       0x70 /usr/local/xenon/usr/lib/libxenon.a(usbdevs.o)
                0x000000008002bfe4                usb_drivers
 .data.usbhid_driver
                0x000000008002c054        0xc /usr/local/xenon/usr/lib/libxenon.a(usbhid.o)
                0x000000008002c054                usbhid_driver
 .data.usbhid_scantable
                0x000000008002c060      0x650 /usr/local/xenon/usr/lib/libxenon.a(usbhid.o)
 .data.usbhub_driver
                0x000000008002c6b0        0xc /usr/local/xenon/usr/lib/libxenon.a(usbhub.o)
                0x000000008002c6b0                usbhub_driver
 .data.usbroothub_driver
                0x000000008002c6bc        0xc /usr/local/xenon/usr/lib/libxenon.a(usbhub.o)
                0x000000008002c6bc                usbroothub_driver
 .data.usbctrl_driver
                0x000000008002c6c8        0xc /usr/local/xenon/usr/lib/libxenon.a(usbctrl.o)
                0x000000008002c6c8                usbctrl_driver
 *fill*         0x000000008002c6d4        0x4 00
 .data.rel.local
                0x000000008002c6d8      0x428 /usr/local/xenon/xenon/lib/32/libc.a(lib_a-impure.o)
 .data          0x000000008002cb00        0xc /usr/local/xenon/xenon/lib/32/libc.a(lib_a-locale.o)
                0x000000008002cb00                __lc_ctype
 .data.rel.ro.local
                0x000000008002cb0c       0x30 /usr/local/xenon/xenon/lib/32/libc.a(lib_a-locale.o)
 .data.rel      0x000000008002cb3c      0x408 /usr/local/xenon/xenon/lib/32/libc.a(lib_a-mallocr.o)
                0x000000008002cb3c                __malloc_av_
 .data          0x000000008002cf44       0x40 /usr/local/xenon/xenon/lib/32/libc.a(lib_a-gettzinfo.o)

.got2           0x000000008002cf84      0x238
 .got2          0x000000008002cf84       0x14 /usr/local/xenon/lib/gcc/xenon/4.6.1/32/libgcc.a(unwind-dw2-fde-glibc.o)
 .got2          0x000000008002cf98       0x10 /usr/local/xenon/xenon/lib/32/libc.a(lib_a-assert.o)
 .got2          0x000000008002cfa8        0x4 /usr/local/xenon/xenon/lib/32/libc.a(lib_a-exit.o)
 .got2          0x000000008002cfac        0x4 /usr/local/xenon/xenon/lib/32/libc.a(lib_a-fiprintf.o)
 .got2          0x000000008002cfb0       0x14 /usr/local/xenon/xenon/lib/32/libc.a(lib_a-fopen.o)
 .got2          0x000000008002cfc4        0x4 /usr/local/xenon/xenon/lib/32/libc.a(lib_a-fprintf.o)
 .got2          0x000000008002cfc8        0x8 /usr/local/xenon/xenon/lib/32/libc.a(lib_a-fseek.o)
 .got2          0x000000008002cfd0        0x4 /usr/local/xenon/xenon/lib/32/libc.a(lib_a-fstatr.o)
 .got2          0x000000008002cfd4       0x14 /usr/local/xenon/xenon/lib/32/libc.a(lib_a-locale.o)
 .got2          0x000000008002cfe8        0x8 /usr/local/xenon/xenon/lib/32/libc.a(lib_a-makebuf.o)
 .got2          0x000000008002cff0        0x4 /usr/local/xenon/xenon/lib/32/libc.a(lib_a-malloc.o)
 .got2          0x000000008002cff4       0x18 /usr/local/xenon/xenon/lib/32/libc.a(lib_a-mallocr.o)
 .got2          0x000000008002d00c        0x8 /usr/local/xenon/xenon/lib/32/libc.a(lib_a-mbrtowc.o)
 .got2          0x000000008002d014        0x8 /usr/local/xenon/xenon/lib/32/libc.a(lib_a-mbsrtowcs.o)
 .got2          0x000000008002d01c        0x8 /usr/local/xenon/xenon/lib/32/libc.a(lib_a-mktime.o)
 .got2          0x000000008002d024        0x8 /usr/local/xenon/xenon/lib/32/libc.a(lib_a-mktm_r.o)
 .got2          0x000000008002d02c        0x4 /usr/local/xenon/xenon/lib/32/libc.a(lib_a-openr.o)
 .got2          0x000000008002d030        0x8 /usr/local/xenon/xenon/lib/32/libc.a(lib_a-refill.o)
 .got2          0x000000008002d038        0x4 /usr/local/xenon/xenon/lib/32/libc.a(lib_a-sbrkr.o)
 .got2          0x000000008002d03c        0x4 /usr/local/xenon/xenon/lib/32/libc.a(lib_a-sprintf.o)
 .got2          0x000000008002d040        0x4 /usr/local/xenon/xenon/lib/32/libc.a(lib_a-strncasecmp.o)
 .got2          0x000000008002d044       0x30 /usr/local/xenon/xenon/lib/32/libc.a(lib_a-svfprintf.o)
 .got2          0x000000008002d074        0x4 /usr/local/xenon/xenon/lib/32/libc.a(lib_a-time.o)
 .got2          0x000000008002d078        0x4 /usr/local/xenon/xenon/lib/32/libc.a(lib_a-towlower.o)
 .got2          0x000000008002d07c        0x4 /usr/local/xenon/xenon/lib/32/libc.a(lib_a-towupper.o)
 .got2          0x000000008002d080       0x1c /usr/local/xenon/xenon/lib/32/libc.a(lib_a-vfiprintf.o)
 .got2          0x000000008002d09c       0x34 /usr/local/xenon/xenon/lib/32/libc.a(lib_a-vfprintf.o)
 .got2          0x000000008002d0d0        0x4 /usr/local/xenon/xenon/lib/32/libc.a(lib_a-vsnprintf.o)
 .got2          0x000000008002d0d4        0x4 /usr/local/xenon/xenon/lib/32/libc.a(lib_a-wcrtomb.o)
 .got2          0x000000008002d0d8        0x4 /usr/local/xenon/xenon/lib/32/libc.a(lib_a-wctob.o)
 .got2          0x000000008002d0dc       0x14 /usr/local/xenon/xenon/lib/32/libc.a(lib_a-wctomb_r.o)
 .got2          0x000000008002d0f0        0x4 /usr/local/xenon/xenon/lib/32/libc.a(lib_a-writer.o)
 .got2          0x000000008002d0f4        0x4 /usr/local/xenon/xenon/lib/32/libc.a(lib_a-wsetup.o)
 .got2          0x000000008002d0f8        0x4 /usr/local/xenon/xenon/lib/32/libc.a(lib_a-__call_atexit.o)
 .got2          0x000000008002d0fc        0x4 /usr/local/xenon/xenon/lib/32/libc.a(lib_a-closer.o)
 .got2          0x000000008002d100       0x44 /usr/local/xenon/xenon/lib/32/libc.a(lib_a-dtoa.o)
 .got2          0x000000008002d144        0xc /usr/local/xenon/xenon/lib/32/libc.a(lib_a-fflush.o)
 .got2          0x000000008002d150       0x28 /usr/local/xenon/xenon/lib/32/libc.a(lib_a-findfp.o)
 .got2          0x000000008002d178       0x18 /usr/local/xenon/xenon/lib/32/libc.a(lib_a-freer.o)
 .got2          0x000000008002d190        0x4 /usr/local/xenon/xenon/lib/32/libc.a(lib_a-gettimeofdayr.o)
 .got2          0x000000008002d194        0x4 /usr/local/xenon/xenon/lib/32/libc.a(lib_a-gettzinfo.o)
 .got2          0x000000008002d198        0x4 /usr/local/xenon/xenon/lib/32/libc.a(lib_a-isattyr.o)
 .got2          0x000000008002d19c        0x4 /usr/local/xenon/xenon/lib/32/libc.a(lib_a-lseekr.o)
 .got2          0x000000008002d1a0       0x10 /usr/local/xenon/xenon/lib/32/libc.a(lib_a-mprec.o)
 .got2          0x000000008002d1b0        0x4 /usr/local/xenon/xenon/lib/32/libc.a(lib_a-readr.o)
 .got2          0x000000008002d1b4        0x4 /usr/local/xenon/xenon/lib/32/libc.a(lib_a-reallocr.o)
 .got2          0x000000008002d1b8        0x4 /usr/local/xenon/xenon/lib/32/libc.a(lib_a-fclose.o)

.sdata          0x000000008002d1c0       0x34
 *(.sdata*)
 .sdata.console_color
                0x000000008002d1c0        0x8 /usr/local/xenon/usr/lib/libxenon.a(console.o)
                0x000000008002d1c0                console_color
 .sdata.DIRECTORY_PARENT
                0x000000008002d1c8        0x3 /usr/local/xenon/usr/lib/libxenon.a(newlib.o)
                0x000000008002d1c8                DIRECTORY_PARENT
 *fill*         0x000000008002d1cb        0x1 00
 .sdata.usb_timeout
                0x000000008002d1cc        0x4 /usr/local/xenon/usr/lib/libxenon.a(tinyehci.o)
                0x000000008002d1cc                usb_timeout
 .sdata.xenon_smc_last_ir
                0x000000008002d1d0        0x4 /usr/local/xenon/usr/lib/libxenon.a(xenon_smc.o)
                0x000000008002d1d0                xenon_smc_last_ir
 .sdata.debugRoutine
                0x000000008002d1d4        0x4 /usr/local/xenon/usr/lib/libxenon.a(c_debug.o)
                0x000000008002d1d4                debugRoutine
 .sdata         0x000000008002d1d8        0x8 /usr/local/xenon/xenon/lib/32/libc.a(lib_a-ctype_.o)
                0x000000008002d1d8                __ctype_ptr__
                0x000000008002d1dc                __ctype_ptr
 .sdata         0x000000008002d1e0        0x8 /usr/local/xenon/xenon/lib/32/libc.a(lib_a-impure.o)
                0x000000008002d1e0                _global_impure_ptr
                0x000000008002d1e4                _impure_ptr
 .sdata         0x000000008002d1e8        0x4 /usr/local/xenon/xenon/lib/32/libc.a(lib_a-locale.o)
                0x000000008002d1e8                __mb_cur_max
 .sdata         0x000000008002d1ec        0x8 /usr/local/xenon/xenon/lib/32/libc.a(lib_a-mallocr.o)
                0x000000008002d1ec                __malloc_sbrk_base
                0x000000008002d1f0                __malloc_trim_threshold

.rodata         0x000000008002d1f8     0x3b88
 *(.rodata*)
 .rodata.str1.8
                0x000000008002d1f8       0x78 main.o
                                         0x75 (size before relaxing)
 .rodata        0x000000008002d270       0x64 /usr/local/xenon/usr/lib/libfat.a(libfat.o)
 .rodata.str1.1
                0x000000008002d2d4       0x1e /usr/local/xenon/usr/lib/libfat.a(libfat.o)
                                         0x20 (size before relaxing)
 *fill*         0x000000008002d2f2        0x6 00
 .rodata        0x000000008002d2f8       0x14 /usr/local/xenon/usr/lib/libfat.a(partition.o)
 *fill*         0x000000008002d30c        0x4 00
 .rodata        0x000000008002d310       0x5a /usr/local/xenon/usr/lib/libfat.a(directory.o)
 .rodata.str1.1
                0x0000000000000000       0x1e /usr/local/xenon/usr/lib/libfat.a(directory.o)
                                          0x5 (size before relaxing)
 *fill*         0x000000008002d36a        0x2 00
 .rodata        0x000000008002d36c       0x18 /usr/local/xenon/usr/lib/libfat.a(disc.o)
                0x000000008002d36c                _FAT_disc_interfaces
 .rodata.str1.1
                0x000000008002d384        0x8 /usr/local/xenon/usr/lib/libfat.a(disc.o)
 .rodata.str1.1
                0x000000008002d38c        0x5 /usr/local/xenon/usr/lib/libfat.a(fatdir.o)
 .rodata.str1.1
                0x000000008002d391       0x6d /usr/local/xenon/usr/lib/libxenon.a(console.o)
 *fill*         0x000000008002d3fe        0x2 00
 .rodata.fontdata_8x16
                0x000000008002d400     0x1000 /usr/local/xenon/usr/lib/libxenon.a(console.o)
                0x000000008002d400                fontdata_8x16
 .rodata.console_optab
                0x000000008002e400       0x64 /usr/local/xenon/usr/lib/libxenon.a(newlib.o)
                0x000000008002e400                console_optab
 .rodata.str1.1
                0x000000008002e464       0x66 /usr/local/xenon/usr/lib/libxenon.a(newlib.o)
 *fill*         0x000000008002e4ca        0x2 00
 .rodata.dotab_stdnull
                0x000000008002e4cc       0x64 /usr/local/xenon/usr/lib/libxenon.a(newlib.o)
                0x000000008002e4cc                dotab_stdnull
 .rodata.str1.1
                0x000000008002e530      0x126 /usr/local/xenon/usr/lib/libxenon.a(xenon_syscalls.o)
 *fill*         0x000000008002e656        0x2 00
 .rodata.__FUNCTION__.3891
                0x000000008002e658       0x12 /usr/local/xenon/usr/lib/libxenon.a(xenon_syscalls.o)
 *fill*         0x000000008002e66a        0x6 00
 .rodata.__FUNCTION__.3899
                0x000000008002e670       0x14 /usr/local/xenon/usr/lib/libxenon.a(xenon_syscalls.o)
 *fill*         0x000000008002e684        0x4 00
 .rodata.__FUNCTION__.3084
                0x000000008002e688       0x13 /usr/local/xenon/usr/lib/libxenon.a(ata.o)
 .rodata.str1.1
                0x000000008002e69b      0x26b /usr/local/xenon/usr/lib/libxenon.a(ata.o)
 .rodata.str1.1
                0x000000008002e906      0x218 /usr/local/xenon/usr/lib/libxenon.a(c_except.o)
                                        0x21c (size before relaxing)
 .rodata.str1.1
                0x000000008002eb1e       0xd2 /usr/local/xenon/usr/lib/libxenon.a(usbmain.o)
 .rodata.str1.1
                0x000000008002ebf0       0x9a /usr/local/xenon/usr/lib/libxenon.a(tinyehci.o)
 .rodata.str1.1
                0x000000008002ec8a      0x121 /usr/local/xenon/usr/lib/libxenon.a(xenon_smc.o)
 .rodata.str1.1
                0x000000008002edab       0x41 /usr/local/xenon/usr/lib/libxenon.a(xenon_config.o)
 .rodata        0x000000008002edec      0x140 /usr/local/xenon/usr/lib/libxenon.a(xenos.o)
 .rodata.str1.1
                0x000000008002ef2c      0x221 /usr/local/xenon/usr/lib/libxenon.a(xenos.o)
                                        0x223 (size before relaxing)
 *fill*         0x000000008002f14d        0x3 00
 .rodata.CSWTCH.26
                0x000000008002f150        0x4 /usr/local/xenon/usr/lib/libxenon.a(xenos.o)
 *fill*         0x000000008002f154        0x4 00
 .rodata.__FUNCTION__.3507
                0x000000008002f158       0x12 /usr/local/xenon/usr/lib/libxenon.a(xenos.o)
 *fill*         0x000000008002f16a        0x6 00
 .rodata.edid_header
                0x000000008002f170        0x8 /usr/local/xenon/usr/lib/libxenon.a(xenos_edid.o)
 .rodata.str1.1
                0x000000008002f178      0x10a /usr/local/xenon/usr/lib/libxenon.a(xenos_edid.o)
 .rodata.str1.1
                0x000000008002f282      0x184 /usr/local/xenon/usr/lib/libxenon.a(c_threads.o)
                                        0x1ae (size before relaxing)
 *fill*         0x000000008002f406        0x2 00
 .rodata.__FUNCTION__.3605
                0x000000008002f408       0x15 /usr/local/xenon/usr/lib/libxenon.a(c_threads.o)
 .rodata.str1.1
                0x000000008002f41d      0x109 /usr/local/xenon/usr/lib/libxenon.a(c_debug.o)
                                        0x168 (size before relaxing)
 *fill*         0x000000008002f526        0x2 00
 .rodata.exception_strings
                0x000000008002f528       0x24 /usr/local/xenon/usr/lib/libxenon.a(c_debug.o)
 .rodata.str1.1
                0x000000008002f54c       0x4d /usr/local/xenon/usr/lib/libxenon.a(lib_malloc.o)
 *fill*         0x000000008002f599        0x3 00
 .rodata.ohci_xfer
                0x000000008002f59c       0x50 /usr/local/xenon/usr/lib/libxenon.a(ohci.o)
 .rodata.ohci_root_ifdsc
                0x000000008002f5ec        0x9 /usr/local/xenon/usr/lib/libxenon.a(ohci.o)
 *fill*         0x000000008002f5f5        0x3 00
 .rodata.ohci_revbits
                0x000000008002f5f8       0x80 /usr/local/xenon/usr/lib/libxenon.a(ohci.o)
 .rodata.ohci_root_cfgdsc
                0x000000008002f678        0x9 /usr/local/xenon/usr/lib/libxenon.a(ohci.o)
 .rodata.str1.1
                0x000000008002f681       0x11 /usr/local/xenon/usr/lib/libxenon.a(ohci.o)
 .rodata.ohci_root_devdsc
                0x000000008002f692       0x12 /usr/local/xenon/usr/lib/libxenon.a(ohci.o)
 .rodata.ohci_root_hubdsc
                0x000000008002f6a4       0x47 /usr/local/xenon/usr/lib/libxenon.a(ohci.o)
 .rodata.ohci_root_epdsc
                0x000000008002f6eb        0x7 /usr/local/xenon/usr/lib/libxenon.a(ohci.o)
 .rodata.str1.1
                0x000000008002f6f2      0x104 /usr/local/xenon/usr/lib/libxenon.a(usbd.o)
 .rodata.str1.1
                0x000000008002f7f6       0x48 /usr/local/xenon/usr/lib/libxenon.a(usbdevs.o)
                                         0x4c (size before relaxing)
 .rodata.str1.1
                0x000000008002f83e       0x4a /usr/local/xenon/usr/lib/libxenon.a(usbhid.o)
 .rodata.usbhid_devtypes
                0x000000008002f888        0xc /usr/local/xenon/usr/lib/libxenon.a(usbhid.o)
 .rodata.str1.1
                0x000000008002f894      0x242 /usr/local/xenon/usr/lib/libxenon.a(usbhub.o)
                                        0x24b (size before relaxing)
 .rodata.str1.1
                0x000000008002fad6      0x2d3 /usr/local/xenon/usr/lib/libxenon.a(xenon_sfcx.o)
                                        0x2d6 (size before relaxing)
 .rodata.str1.1
                0x000000008002fda9       0xe7 /usr/local/xenon/usr/lib/libxenon.a(usbctrl.o)
 .rodata.str1.1
                0x000000008002fe90      0x622 /usr/local/xenon/usr/lib/libxenon.a(usbdebug.o)
                                        0x67c (size before relaxing)
 *fill*         0x00000000800304b2        0x2 00
 .rodata.eptattribs.3270
                0x00000000800304b4       0x10 /usr/local/xenon/usr/lib/libxenon.a(usbdebug.o)
 .rodata        0x00000000800304c4       0x34 /usr/local/xenon/lib/gcc/xenon/4.6.1/32/libgcc.a(unwind-dw2-fde-glibc.o)
 .rodata.str1.4
                0x00000000800304f8       0x3f /usr/local/xenon/xenon/lib/32/libc.a(lib_a-assert.o)
                                         0x43 (size before relaxing)
 *fill*         0x0000000080030537        0x1 00