Archive member included because of file (symbol)

/usr/local/xenon/usr/lib/libxenon.a(startup_from_xell.o)
                              (_start)
/usr/local/xenon/usr/lib/libxenon.a(console.o)
                              main.o (console_set_colors)
/usr/local/xenon/usr/lib/libxenon.a(input.o)
                              main.o (get_controller_data)
/usr/local/xenon/usr/lib/libxenon.a(newlib.o)
                              (read)
/usr/local/xenon/usr/lib/libxenon.a(lib_malloc.o)
                              main.o (kmem_init)
/usr/local/xenon/usr/lib/libxenon.a(atomic.o)
                              /usr/local/xenon/usr/lib/libxenon.a(startup_from_xell.o) (atomic_clearset)
/usr/local/xenon/usr/lib/libxenon.a(cache.o)
                              /usr/local/xenon/usr/lib/libxenon.a(console.o) (memdcbst)
/usr/local/xenon/usr/lib/libxenon.a(except.o)
                              (exc_base)
/usr/local/xenon/usr/lib/libxenon.a(vm.o)
                              /usr/local/xenon/usr/lib/libxenon.a(except.o) (pagetable)
/usr/local/xenon/usr/lib/libxenon.a(usbmain.o)
                              main.o (usb_do_poll)
/usr/local/xenon/usr/lib/libxenon.a(xenon_smc.o)
                              main.o (xenon_smc_receive_response)
/usr/local/xenon/usr/lib/libxenon.a(xenon_power.o)
                              main.o (xenon_make_it_faster)
/usr/local/xenon/usr/lib/libxenon.a(xenon_uart.o)
                              /usr/local/xenon/usr/lib/libxenon.a(newlib.o) (putch)
/usr/local/xenon/usr/lib/libxenon.a(xenon_config.o)
                              /usr/local/xenon/usr/lib/libxenon.a(xenon_power.o) (xenon_config_get_vid_delta)
/usr/local/xenon/usr/lib/libxenon.a(xenos.o)
                              /usr/local/xenon/usr/lib/libxenon.a(console.o) (xenos_is_overscan)
/usr/local/xenon/usr/lib/libxenon.a(io.o)
                              /usr/local/xenon/usr/lib/libxenon.a(xenon_smc.o) (read32n)
/usr/local/xenon/usr/lib/libxenon.a(time.o)
                              /usr/local/xenon/usr/lib/libxenon.a(xenon_power.o) (udelay)
/usr/local/xenon/usr/lib/libxenon.a(ohci.o)
                              /usr/local/xenon/usr/lib/libxenon.a(usbmain.o) (ohci_driver)
/usr/local/xenon/usr/lib/libxenon.a(usbd.o)
                              /usr/local/xenon/usr/lib/libxenon.a(usbmain.o) (usb_poll)
/usr/local/xenon/usr/lib/libxenon.a(usbdevs.o)
                              /usr/local/xenon/usr/lib/libxenon.a(usbd.o) (usb_find_driver)
/usr/local/xenon/usr/lib/libxenon.a(usbhid.o)
                              /usr/local/xenon/usr/lib/libxenon.a(usbdevs.o) (usbhid_driver)
/usr/local/xenon/usr/lib/libxenon.a(usbhub.o)
                              /usr/local/xenon/usr/lib/libxenon.a(usbd.o) (usb_scan)
/usr/local/xenon/usr/lib/libxenon.a(usbmass.o)
                              /usr/local/xenon/usr/lib/libxenon.a(usbdevs.o) (usbmass_driver)
/usr/local/xenon/usr/lib/libxenon.a(xenon_gpio.o)
                              /usr/local/xenon/usr/lib/libxenon.a(xenos.o) (xenon_gpio_set)
/usr/local/xenon/usr/lib/libxenon.a(cpusleep.o)
                              /usr/local/xenon/usr/lib/libxenon.a(xenon_power.o) (cpusleep)
/usr/local/xenon/usr/lib/libxenon.a(xenon_sfcx.o)
                              /usr/local/xenon/usr/lib/libxenon.a(xenon_config.o) (sfcx_init)
/usr/local/xenon/usr/lib/libxenon.a(diskio.o)
                              /usr/local/xenon/usr/lib/libxenon.a(usbmass.o) (unregister_bdev)
/usr/local/xenon/usr/lib/libxenon.a(disk_rb.o)
                              /usr/local/xenon/usr/lib/libxenon.a(diskio.o) (disk_mount)
/usr/local/xenon/usr/lib/libxenon.a(fat_rb.o)
                              /usr/local/xenon/usr/lib/libxenon.a(diskio.o) (fat_init)
/usr/local/xenon/usr/lib/libxenon.a(file_rb.o)
                              /usr/local/xenon/usr/lib/libxenon.a(disk_rb.o) (release_files)
/usr/local/xenon/usr/lib/libxenon.a(dir_rb.o)
                              /usr/local/xenon/usr/lib/libxenon.a(disk_rb.o) (release_dirs)
/usr/local/xenon/usr/lib/libxenon.a(iso9660.o)
                              /usr/local/xenon/usr/lib/libxenon.a(diskio.o) (vfs_iso9660_mount_ops)
/usr/local/xenon/usr/lib/libxenon.a(lib_queue.o)
                              /usr/local/xenon/usr/lib/libxenon.a(ohci.o) (q_enqueue)
/usr/local/xenon/usr/lib/libxenon.a(usbctrl.o)
                              /usr/local/xenon/usr/lib/libxenon.a(usbdevs.o) (usbctrl_driver)
/usr/local/xenon/usr/lib/libxenon.a(usbdebug.o)
                              /usr/local/xenon/usr/lib/libxenon.a(usbhub.o) (usb_dbg_showdevice)
/usr/local/xenon/usr/lib/libxenon.a(unicode_rb.o)
                              /usr/local/xenon/usr/lib/libxenon.a(fat_rb.o) (utf8encode)
/usr/local/xenon/xenon/lib/32/libc.a(lib_a-assert.o)
                              /usr/local/xenon/usr/lib/libxenon.a(xenos.o) (__assert_func)
/usr/local/xenon/xenon/lib/32/libc.a(lib_a-atoi.o)
                              /usr/local/xenon/usr/lib/libxenon.a(fat_rb.o) (atoi)
[...]
Memory Configuration

Name             Origin             Length             Attributes
*default*        0x0000000000000000 0xffffffffffffffff

Linker script and memory map

LOAD /usr/local/xenon/lib/gcc/xenon/4.4.0/../../../../xenon/lib/../lib/crt1.o
LOAD /usr/local/xenon/lib/gcc/xenon/4.4.0/../../../../xenon/lib/../lib/crti.o
LOAD /usr/local/xenon/lib/gcc/xenon/4.4.0/32/crtbegin.o
LOAD main.o
LOAD /usr/local/xenon/usr/lib/libxenon.a
LOAD /usr/local/xenon/xenon/lib/32/libm.a
LOAD /usr/local/xenon/lib/gcc/xenon/4.4.0/32/libgcc.a
LOAD /usr/local/xenon/xenon/lib/32/libc.a
LOAD /usr/local/xenon/lib/gcc/xenon/4.4.0/32/libgcc.a
LOAD /usr/local/xenon/lib/gcc/xenon/4.4.0/32/crtend.o
LOAD /usr/local/xenon/lib/gcc/xenon/4.4.0/../../../../xenon/lib/../lib/crtn.o
                0x0000000080000000                . = 0x80000000

.text           0x0000000080000000    0x1db9c
 *(.except*)
 .except        0x0000000080000000     0x1d50 /usr/local/xenon/usr/lib/libxenon.a(except.o)
                0x0000000080000000                secondary_lock
                0x0000000080000000                exc_base
                0x0000000080000004                secondary_alive
 *(.pagetable)
 .pagetable     0x0000000080001d50       0x40 /usr/local/xenon/usr/lib/libxenon.a(vm.o)
                0x0000000080001d50                pagetable
 *(.text*)
 .text.call_ctors
                0x0000000080001d90       0x58 /usr/local/xenon/lib/gcc/xenon/4.4.0/../../../../xenon/lib/../lib/crt1.o
                0x0000000080001d90                call_ctors
 .text.load_dir
                0x0000000080001de8       0xd8 main.o
                0x0000000080001de8                load_dir
 .text.xenon_set_gpu_fan_speed
                0x0000000080001ec0       0x44 main.o
                0x0000000080001ec0                xenon_set_gpu_fan_speed
 *fill*         0x0000000080001f04        0x4 00
 .text.xenon_set_cpu_fan_speed
                0x0000000080001f08       0x44 main.o
                0x0000000080001f08                xenon_set_cpu_fan_speed
 *fill*         0x0000000080001f4c        0x4 00
 .text.regulateTemperatures
                0x0000000080001f50      0x13c main.o
                0x0000000080001f50                regulateTemperatures
 *fill*         0x000000008000208c        0x4 00
 .text.printTemperatures
                0x0000000080002090      0x130 main.o
                0x0000000080002090                printTemperatures
 .text.setASCII
                0x00000000800021c0       0x78 main.o
                0x00000000800021c0                setASCII
 .text.clearScreen
                0x0000000080002238       0x40 main.o
                0x0000000080002238                clearScreen
 .text.reDash   0x0000000080002278       0x6c main.o
                0x0000000080002278                reDash
 *fill*         0x00000000800022e4        0x4 00
 .text.shutdownConsole
                0x00000000800022e8       0x20 main.o
                0x00000000800022e8                shutdownConsole
 .text.mainInit
                0x0000000080002308       0x40 main.o
                0x0000000080002308                mainInit
 .text.main     0x0000000080002348      0x158 main.o
                0x0000000080002348                main
 *fill*         0x00000000800024a0       0x60 00
 .text          0x0000000080002500      0x2f0 /usr/local/xenon/usr/lib/libxenon.a(startup_from_xell.o)
                0x00000000800026d4                wait
                0x0000000080002500                _start
                0x0000000080002748                return_to_xell
 .text.console_set_colors
                0x00000000800027f0       0x14 /usr/local/xenon/usr/lib/libxenon.a(console.o)
                0x00000000800027f0                console_set_colors
 .text.console_init
                0x0000000080002804      0x1c4 /usr/local/xenon/usr/lib/libxenon.a(console.o)
                0x0000000080002804                console_init
 .text.console_newline
                0x00000000800029c8      0x118 /usr/local/xenon/usr/lib/libxenon.a(console.o)
                0x00000000800029c8                console_newline
 .text.console_putch
                0x0000000080002ae0      0x18c /usr/local/xenon/usr/lib/libxenon.a(console.o)
                0x0000000080002ae0                console_putch
 .text.console_stdout_hook
                0x0000000080002c6c       0x50 /usr/local/xenon/usr/lib/libxenon.a(console.o)
 .text.get_controller_data
                0x0000000080002cbc       0x68 /usr/local/xenon/usr/lib/libxenon.a(input.o)
                0x0000000080002cbc                get_controller_data
 .text.set_controller_data
                0x0000000080002d24       0x5c /usr/local/xenon/usr/lib/libxenon.a(input.o)
                0x0000000080002d24                set_controller_data
 .text.vfs_console_isatty
                0x0000000080002d80        0x8 /usr/local/xenon/usr/lib/libxenon.a(newlib.o)
                0x0000000080002d80                vfs_console_isatty
 .text.umount   0x0000000080002d88       0x54 /usr/local/xenon/usr/lib/libxenon.a(newlib.o)
                0x0000000080002d88                umount
 .text.sbrk     0x0000000080002ddc       0x34 /usr/local/xenon/usr/lib/libxenon.a(newlib.o)
                0x0000000080002ddc                sbrk
 .text.getpid   0x0000000080002e10        0x8 /usr/local/xenon/usr/lib/libxenon.a(newlib.o)
                0x0000000080002e10                getpid
 .text.kill     0x0000000080002e18        0x8 /usr/local/xenon/usr/lib/libxenon.a(newlib.o)
                0x0000000080002e18                kill
 .text.read     0x0000000080002e20       0x88 /usr/local/xenon/usr/lib/libxenon.a(newlib.o)
                0x0000000080002e20                read
 .text.lseek    0x0000000080002ea8       0x88 /usr/local/xenon/usr/lib/libxenon.a(newlib.o)
                0x0000000080002ea8                lseek
 .text.isatty   0x0000000080002f30       0x7c /usr/local/xenon/usr/lib/libxenon.a(newlib.o)
                0x0000000080002f30                isatty
 .text.fstat    0x0000000080002fac       0x8c /usr/local/xenon/usr/lib/libxenon.a(newlib.o)
                0x0000000080002fac                fstat
 .text.write    0x0000000080003038       0x94 /usr/local/xenon/usr/lib/libxenon.a(newlib.o)
                0x0000000080003038                write
 .text._exit    0x00000000800030cc       0x24 /usr/local/xenon/usr/lib/libxenon.a(newlib.o)
                0x00000000800030cc                _exit
 .text.close    0x00000000800030f0       0x94 /usr/local/xenon/usr/lib/libxenon.a(newlib.o)
                0x00000000800030f0                close
 .text.mount    0x0000000080003184       0xdc /usr/local/xenon/usr/lib/libxenon.a(newlib.o)
                0x0000000080003184                mount
 .text.vfs_console_open
                0x0000000080003260       0x54 /usr/local/xenon/usr/lib/libxenon.a(newlib.o)
                0x0000000080003260                vfs_console_open
 .text.vfs_console_write
                0x00000000800032b4       0x7c /usr/local/xenon/usr/lib/libxenon.a(newlib.o)
                0x00000000800032b4                vfs_console_write
 .text.kfree    0x0000000080003330       0xb4 /usr/local/xenon/usr/lib/libxenon.a(lib_malloc.o)
                0x0000000080003330                kfree
 .text.kmem_init
                0x00000000800033e4       0x8c /usr/local/xenon/usr/lib/libxenon.a(lib_malloc.o)
                0x00000000800033e4                kmem_init
 .text.lib_outofmemory
                0x0000000080003470       0x28 /usr/local/xenon/usr/lib/libxenon.a(lib_malloc.o)
                0x0000000080003470                lib_outofmemory
 .text.kmalloc  0x0000000080003498      0x14c /usr/local/xenon/usr/lib/libxenon.a(lib_malloc.o)
                0x0000000080003498                kmalloc
 .text          0x00000000800035e4       0x68 /usr/local/xenon/usr/lib/libxenon.a(atomic.o)
                0x000000008000360c                atomic_clearset
                0x0000000080003624                lock
                0x00000000800035f8                atomic_dec
                0x0000000080003640                unlock
                0x00000000800035e4                atomic_inc
 .text          0x000000008000364c       0x80 /usr/local/xenon/usr/lib/libxenon.a(cache.o)
                0x0000000080003674                memdcbf
                0x000000008000369c                memicbi
                0x000000008000364c                memdcbst
 .text.usb_do_poll
                0x00000000800036cc       0xb0 /usr/local/xenon/usr/lib/libxenon.a(usbmain.o)
                0x00000000800036cc                usb_do_poll
 .text.usb_init_one_ohci
                0x000000008000377c       0xe4 /usr/local/xenon/usr/lib/libxenon.a(usbmain.o)
 .text.usb_init
                0x0000000080003860      0x164 /usr/local/xenon/usr/lib/libxenon.a(usbmain.o)
                0x0000000080003860                usb_init
 .text.xenon_smc_handle_bulk
                0x00000000800039c4       0x98 /usr/local/xenon/usr/lib/libxenon.a(xenon_smc.o)
                0x00000000800039c4                xenon_smc_handle_bulk
 .text.xenon_smc_receive_message
                0x0000000080003a5c       0x90 /usr/local/xenon/usr/lib/libxenon.a(xenon_smc.o)
                0x0000000080003a5c                xenon_smc_receive_message
 .text.xenon_smc_receive_response
                0x0000000080003aec       0x50 /usr/local/xenon/usr/lib/libxenon.a(xenon_smc.o)
                0x0000000080003aec                xenon_smc_receive_response
 .text.xenon_smc_send_message
                0x0000000080003b3c       0xa0 /usr/local/xenon/usr/lib/libxenon.a(xenon_smc.o)
                0x0000000080003b3c                xenon_smc_send_message
 .text.xenon_smc_read_avpack
                0x0000000080003bdc       0x54 /usr/local/xenon/usr/lib/libxenon.a(xenon_smc.o)
                0x0000000080003bdc                xenon_smc_read_avpack
 .text.xenon_smc_power_shutdown
                0x0000000080003c30       0x40 /usr/local/xenon/usr/lib/libxenon.a(xenon_smc.o)
                0x0000000080003c30                xenon_smc_power_shutdown
 .text.xenon_smc_i2c_write
                0x0000000080003c70       0xac /usr/local/xenon/usr/lib/libxenon.a(xenon_smc.o)
                0x0000000080003c70                xenon_smc_i2c_write
 .text.xenon_smc_ana_read
                0x0000000080003d1c       0xdc /usr/local/xenon/usr/lib/libxenon.a(xenon_smc.o)
                0x0000000080003d1c                xenon_smc_ana_read
 .text.xenon_smc_ana_write
                0x0000000080003df8       0xb0 /usr/local/xenon/usr/lib/libxenon.a(xenon_smc.o)
                0x0000000080003df8                xenon_smc_ana_write
 .text.wakeup_cpus
                0x0000000080003ea8       0xb8 /usr/local/xenon/usr/lib/libxenon.a(xenon_power.o)
                0x0000000080003ea8                wakeup_cpus
 .text.prepare_sleep
                0x0000000080003f60       0x70 /usr/local/xenon/usr/lib/libxenon.a(xenon_power.o)
                0x0000000080003f60                prepare_sleep
 .text.xenon_thread_startup
                0x0000000080003fd0       0x58 /usr/local/xenon/usr/lib/libxenon.a(xenon_power.o)
                0x0000000080003fd0                xenon_thread_startup
 .text.xenon_set_single_thread_mode
                0x0000000080004028       0xa0 /usr/local/xenon/usr/lib/libxenon.a(xenon_power.o)
                0x0000000080004028                xenon_set_single_thread_mode
 .text.xenon_set_speed
                0x00000000800040c8      0x368 /usr/local/xenon/usr/lib/libxenon.a(xenon_power.o)
                0x00000000800040c8                xenon_set_speed
 .text.xenon_make_it_faster
                0x0000000080004430       0xb8 /usr/local/xenon/usr/lib/libxenon.a(xenon_power.o)
                0x0000000080004430                xenon_make_it_faster
 .text.xenon_thread_sleep
                0x00000000800044e8       0x74 /usr/local/xenon/usr/lib/libxenon.a(xenon_power.o)
                0x00000000800044e8                xenon_thread_sleep
 .text.putch    0x000000008000455c       0x60 /usr/local/xenon/usr/lib/libxenon.a(xenon_uart.o)
                0x000000008000455c                putch
 .text.xenon_config_get_vid_delta
                0x00000000800045bc       0x20 /usr/local/xenon/usr/lib/libxenon.a(xenon_config.o)
                0x00000000800045bc                xenon_config_get_vid_delta
 .text.xenon_config_get_avregion
                0x00000000800045dc       0xac /usr/local/xenon/usr/lib/libxenon.a(xenon_config.o)
                0x00000000800045dc                xenon_config_get_avregion
 .text.xenon_config_init
                0x0000000080004688       0xb0 /usr/local/xenon/usr/lib/libxenon.a(xenon_config.o)
                0x0000000080004688                xenon_config_init
 .text.xenos_is_overscan
                0x0000000080004738       0x50 /usr/local/xenon/usr/lib/libxenon.a(xenos.o)
                0x0000000080004738                xenos_is_overscan
 .text.xenos_read32
                0x0000000080004788       0x24 /usr/local/xenon/usr/lib/libxenon.a(xenos.o)
                0x0000000080004788                xenos_read32
 .text.xenos_write32
                0x00000000800047ac       0x24 /usr/local/xenon/usr/lib/libxenon.a(xenos.o)
                0x00000000800047ac                xenos_write32
 .text.xenos_set_mode_f2
                0x00000000800047d0      0x314 /usr/local/xenon/usr/lib/libxenon.a(xenos.o)
                0x00000000800047d0                xenos_set_mode_f2
 .text.xenos_set_mode_f1
                0x0000000080004ae4      0x148 /usr/local/xenon/usr/lib/libxenon.a(xenos.o)
                0x0000000080004ae4                xenos_set_mode_f1
 .text.xenos_ana_preinit
                0x0000000080004c2c       0xe0 /usr/local/xenon/usr/lib/libxenon.a(xenos.o)
                0x0000000080004c2c                xenos_ana_preinit
 .text.xenos_init_phase1
                0x0000000080004d0c      0x3c0 /usr/local/xenon/usr/lib/libxenon.a(xenos.o)
                0x0000000080004d0c                xenos_init_phase1
 .text.xenos_init_phase0
                0x00000000800050cc       0xc0 /usr/local/xenon/usr/lib/libxenon.a(xenos.o)
                0x00000000800050cc                xenos_init_phase0
 .text.xenos_ana_write
                0x000000008000518c       0x70 /usr/local/xenon/usr/lib/libxenon.a(xenos.o)
 .text.xenos_init_ana_new
                0x00000000800051fc      0x3a4 /usr/local/xenon/usr/lib/libxenon.a(xenos.o)
                0x00000000800051fc                xenos_init_ana_new
 .text.xenos_set_mode
                0x00000000800055a0      0x35c /usr/local/xenon/usr/lib/libxenon.a(xenos.o)
                0x00000000800055a0                xenos_set_mode
 .text.xenos_autoset_mode
                0x00000000800058fc       0xf0 /usr/local/xenon/usr/lib/libxenon.a(xenos.o)
                0x00000000800058fc                xenos_autoset_mode
 .text.xenos_init
                0x00000000800059ec       0xac /usr/local/xenon/usr/lib/libxenon.a(xenos.o)
                0x00000000800059ec                xenos_init
 .text.read32n  0x0000000080005a98        0x8 /usr/local/xenon/usr/lib/libxenon.a(io.o)
                0x0000000080005a98                read32n
 .text.write32n
                0x0000000080005aa0        0x8 /usr/local/xenon/usr/lib/libxenon.a(io.o)
                0x0000000080005aa0                write32n
 .text.write32  0x0000000080005aa8        0x8 /usr/local/xenon/usr/lib/libxenon.a(io.o)
                0x0000000080005aa8                write32
 .text.read32   0x0000000080005ab0        0x8 /usr/local/xenon/usr/lib/libxenon.a(io.o)
                0x0000000080005ab0                read32
 .text.udelay   0x0000000080005ab8       0x4c /usr/local/xenon/usr/lib/libxenon.a(time.o)
                0x0000000080005ab8                udelay
 .text.mdelay   0x0000000080005b04       0x54 /usr/local/xenon/usr/lib/libxenon.a(time.o)
                0x0000000080005b04                mdelay
 .text.delay    0x0000000080005b58       0x54 /usr/local/xenon/usr/lib/libxenon.a(time.o)
                0x0000000080005b58                delay
 .text._ohci_allocept
                0x0000000080005bac       0x64 /usr/local/xenon/usr/lib/libxenon.a(ohci.o)
 .text._ohci_allocxfer
                0x0000000080005c10       0x5c /usr/local/xenon/usr/lib/libxenon.a(ohci.o)
 .text.ohci_stop
                0x0000000080005c6c       0x14 /usr/local/xenon/usr/lib/libxenon.a(ohci.o)
 .text._ohci_queueept
                0x0000000080005c80       0x74 /usr/local/xenon/usr/lib/libxenon.a(ohci.o)
 .text.ohci_delete
                0x0000000080005cf4        0x4 /usr/local/xenon/usr/lib/libxenon.a(ohci.o)
 .text.ohci_ept_create
                0x0000000080005cf8      0x1bc /usr/local/xenon/usr/lib/libxenon.a(ohci.o)
 .text.ohci_ept_setaddr
                0x0000000080005eb4       0x70 /usr/local/xenon/usr/lib/libxenon.a(ohci.o)
 .text.ohci_ept_setmps
                0x0000000080005f24       0x6c /usr/local/xenon/usr/lib/libxenon.a(ohci.o)
 .text.ohci_ept_cleartoggle
                0x0000000080005f90       0x7c /usr/local/xenon/usr/lib/libxenon.a(ohci.o)
 .text.ohci_ept_delete
                0x000000008000600c      0x250 /usr/local/xenon/usr/lib/libxenon.a(ohci.o)
 .text.ohci_start
                0x000000008000625c      0x1d4 /usr/local/xenon/usr/lib/libxenon.a(ohci.o)
 .text.ohci_roothub_strdscr
                0x0000000080006430       0x7c /usr/local/xenon/usr/lib/libxenon.a(ohci.o)
 .text.ohci_xfer
                0x00000000800064ac      0x93c /usr/local/xenon/usr/lib/libxenon.a(ohci.o)
 .text.ohci_intr
                0x0000000080006de8      0x2c4 /usr/local/xenon/usr/lib/libxenon.a(ohci.o)
 .text._ohci_dma_alloc
                0x00000000800070ac       0x60 /usr/local/xenon/usr/lib/libxenon.a(ohci.o)
 .text.ohci_create
                0x000000008000710c      0x314 /usr/local/xenon/usr/lib/libxenon.a(ohci.o)
 .text.usb_poll
                0x0000000080007420       0x2c /usr/local/xenon/usr/lib/libxenon.a(usbd.o)
                0x0000000080007420                usb_poll
 .text.usb_queue_request
                0x000000008000744c       0x54 /usr/local/xenon/usr/lib/libxenon.a(usbd.o)
                0x000000008000744c                usb_queue_request
 .text.usb_wait_request
                0x00000000800074a0       0x48 /usr/local/xenon/usr/lib/libxenon.a(usbd.o)
                0x00000000800074a0                usb_wait_request
 .text.usb_sync_request
                0x00000000800074e8       0x30 /usr/local/xenon/usr/lib/libxenon.a(usbd.o)
                0x00000000800074e8                usb_sync_request
 .text.usb_new_address
                0x0000000080007518       0x30 /usr/local/xenon/usr/lib/libxenon.a(usbd.o)
                0x0000000080007518                usb_new_address
 .text.usb_set_ep0mps
                0x0000000080007548       0x74 /usr/local/xenon/usr/lib/libxenon.a(usbd.o)
                0x0000000080007548                usb_set_ep0mps
 .text.usb_complete_request
                0x00000000800075bc       0x3c /usr/local/xenon/usr/lib/libxenon.a(usbd.o)
                0x00000000800075bc                usb_complete_request
 .text.usb_find_cfg_descr
                0x00000000800075f8       0x54 /usr/local/xenon/usr/lib/libxenon.a(usbd.o)
                0x00000000800075f8                usb_find_cfg_descr
 .text.usb_create_pipe
                0x000000008000764c      0x110 /usr/local/xenon/usr/lib/libxenon.a(usbd.o)
                0x000000008000764c                usb_create_pipe
 .text.usb_open_pipe
                0x000000008000775c       0x8c /usr/local/xenon/usr/lib/libxenon.a(usbd.o)
                0x000000008000775c                usb_open_pipe
 .text.usb_free_request
                0x00000000800077e8       0x48 /usr/local/xenon/usr/lib/libxenon.a(usbd.o)
                0x00000000800077e8                usb_free_request
 .text.usb_destroy_all_pipes
                0x0000000080007830       0xa0 /usr/local/xenon/usr/lib/libxenon.a(usbd.o)
                0x0000000080007830                usb_destroy_all_pipes
 .text.usb_destroy_device
                0x00000000800078d0       0x54 /usr/local/xenon/usr/lib/libxenon.a(usbd.o)
                0x00000000800078d0                usb_destroy_device
 .text.usb_make_request
                0x0000000080007924       0xbc /usr/local/xenon/usr/lib/libxenon.a(usbd.o)
                0x0000000080007924                usb_make_request
 .text.usb_clear_stall
                0x00000000800079e0      0x124 /usr/local/xenon/usr/lib/libxenon.a(usbd.o)
                0x00000000800079e0                usb_clear_stall
 .text.usb_make_sync_request
                0x0000000080007b04       0x48 /usr/local/xenon/usr/lib/libxenon.a(usbd.o)
                0x0000000080007b04                usb_make_sync_request
 .text.usb_std_request
                0x0000000080007b4c      0x2c0 /usr/local/xenon/usr/lib/libxenon.a(usbd.o)
                0x0000000080007b4c                usb_std_request
 .text.usb_get_device_status
                0x0000000080007e0c       0x1c /usr/local/xenon/usr/lib/libxenon.a(usbd.o)
                0x0000000080007e0c                usb_get_device_status
 .text.usb_get_string
                0x0000000080007e28      0x12c /usr/local/xenon/usr/lib/libxenon.a(usbd.o)
                0x0000000080007e28                usb_get_string
 .text.usb_get_descriptor
                0x0000000080007f54       0x20 /usr/local/xenon/usr/lib/libxenon.a(usbd.o)
                0x0000000080007f54                usb_get_descriptor
 .text.usb_get_config_descriptor
                0x0000000080007f74       0xbc /usr/local/xenon/usr/lib/libxenon.a(usbd.o)
                0x0000000080007f74                usb_get_config_descriptor
 .text.usb_get_device_descriptor
                0x0000000080008030       0xc4 /usr/local/xenon/usr/lib/libxenon.a(usbd.o)
                0x0000000080008030                usb_get_device_descriptor
 .text.usb_simple_request
                0x00000000800080f4       0x18 /usr/local/xenon/usr/lib/libxenon.a(usbd.o)
                0x00000000800080f4                usb_simple_request
 .text.usb_set_address
                0x000000008000810c       0xc4 /usr/local/xenon/usr/lib/libxenon.a(usbd.o)
                0x000000008000810c                usb_set_address
 .text.usb_set_configuration
                0x00000000800081d0       0x14 /usr/local/xenon/usr/lib/libxenon.a(usbd.o)
                0x00000000800081d0                usb_set_configuration
 .text.usb_create_device
                0x00000000800081e4       0x90 /usr/local/xenon/usr/lib/libxenon.a(usbd.o)
                0x00000000800081e4                usb_create_device
 .text.usb_initroot
                0x0000000080008274      0x18c /usr/local/xenon/usr/lib/libxenon.a(usbd.o)
                0x0000000080008274                usb_initroot
 .text.usb_delay_ms
                0x0000000080008400       0x28 /usr/local/xenon/usr/lib/libxenon.a(usbd.o)
                0x0000000080008400                usb_delay_ms
 .text.usb_daemon
                0x0000000080008428       0x38 /usr/local/xenon/usr/lib/libxenon.a(usbd.o)
                0x0000000080008428                usb_daemon
 .text.usb_find_driver
                0x0000000080008460      0x124 /usr/local/xenon/usr/lib/libxenon.a(usbdevs.o)
                0x0000000080008460                usb_find_driver
 .text.usbhid_detach
                0x0000000080008584        0x8 /usr/local/xenon/usr/lib/libxenon.a(usbhid.o)
 .text.usbhid_kbd_scan1
                0x000000008000858c       0x9c /usr/local/xenon/usr/lib/libxenon.a(usbhid.o)
 .text.usbhid_attach
                0x0000000080008628      0x190 /usr/local/xenon/usr/lib/libxenon.a(usbhid.o)
 .text.usbhid_ireq_callback
                0x00000000800087b8      0x18c /usr/local/xenon/usr/lib/libxenon.a(usbhid.o)
 .text.usbhub_map_tree1
                0x0000000080008944       0xa4 /usr/local/xenon/usr/lib/libxenon.a(usbhub.o)
 .text.usbhub_map_tree
                0x00000000800089e8       0x14 /usr/local/xenon/usr/lib/libxenon.a(usbhub.o)
                0x00000000800089e8                usbhub_map_tree
 .text.usbhub_map_from_device
                0x00000000800089fc       0x10 /usr/local/xenon/usr/lib/libxenon.a(usbhub.o)
                0x00000000800089fc                usbhub_map_from_device
 .text.usbhub_markdetached1
                0x0000000080008a0c       0x18 /usr/local/xenon/usr/lib/libxenon.a(usbhub.o)
 .text.usb_scan
                0x0000000080008a24       0x10 /usr/local/xenon/usr/lib/libxenon.a(usbhub.o)
                0x0000000080008a24                usb_scan
 .text.usbhub_detach
                0x0000000080008a34      0x188 /usr/local/xenon/usr/lib/libxenon.a(usbhub.o)
 .text.usbhub_get_port_status
                0x0000000080008bbc       0x38 /usr/local/xenon/usr/lib/libxenon.a(usbhub.o)
 .text.usbhub_scan1
                0x0000000080008bf4      0x60c /usr/local/xenon/usr/lib/libxenon.a(usbhub.o)
 .text.usbhub_ireq_callback
                0x0000000080009200       0x90 /usr/local/xenon/usr/lib/libxenon.a(usbhub.o)
 .text.usbhub_attach
                0x0000000080009290      0x1d4 /usr/local/xenon/usr/lib/libxenon.a(usbhub.o)
 .text.usbmass_detach
                0x0000000080009464       0x44 /usr/local/xenon/usr/lib/libxenon.a(usbmass.o)
 .text.usbmass_attach
                0x00000000800094a8      0x1d4 /usr/local/xenon/usr/lib/libxenon.a(usbmass.o)
 .text.usbmass_request_sense
                0x000000008000967c      0x1b4 /usr/local/xenon/usr/lib/libxenon.a(usbmass.o)
                0x000000008000967c                usbmass_request_sense
 .text.usbmass_stall_recovery
                0x0000000080009830       0x38 /usr/local/xenon/usr/lib/libxenon.a(usbmass.o)
 .text.usbmass_read_sector
                0x0000000080009868      0x270 /usr/local/xenon/usr/lib/libxenon.a(usbmass.o)
                0x0000000080009868                usbmass_read_sector
 .text.usbmass_read
                0x0000000080009ad8       0xbc /usr/local/xenon/usr/lib/libxenon.a(usbmass.o)
                0x0000000080009ad8                usbmass_read
 .text.xenon_gpio_set
                0x0000000080009b94       0x5c /usr/local/xenon/usr/lib/libxenon.a(xenon_gpio.o)
                0x0000000080009b94                xenon_gpio_set
 .text.xenon_gpio_set_oe
                0x0000000080009bf0       0x5c /usr/local/xenon/usr/lib/libxenon.a(xenon_gpio.o)
                0x0000000080009bf0                xenon_gpio_set_oe
 .text          0x0000000080009c4c       0x3c /usr/local/xenon/usr/lib/libxenon.a(cpusleep.o)
                0x0000000080009c4c                cpusleep
 .text.sfcx_readreg
                0x0000000080009c88       0x14 /usr/local/xenon/usr/lib/libxenon.a(xenon_sfcx.o)
                0x0000000080009c88                sfcx_readreg
 .text.sfcx_writereg
                0x0000000080009c9c       0x14 /usr/local/xenon/usr/lib/libxenon.a(xenon_sfcx.o)
                0x0000000080009c9c                sfcx_writereg
 .text.sfcx_init
                0x0000000080009cb0      0x280 /usr/local/xenon/usr/lib/libxenon.a(xenon_sfcx.o)
                0x0000000080009cb0                sfcx_init
 .text.sfcx_read_page
                0x0000000080009f30      0x170 /usr/local/xenon/usr/lib/libxenon.a(xenon_sfcx.o)
                0x0000000080009f30                sfcx_read_page
 .text.unregister_bdev
                0x000000008000a0a0       0x38 /usr/local/xenon/usr/lib/libxenon.a(diskio.o)
                0x000000008000a0a0                unregister_bdev
 .text.determine_filesystem
                0x000000008000a0d8       0x80 /usr/local/xenon/usr/lib/libxenon.a(diskio.o)
                0x000000008000a0d8                determine_filesystem
 .text.register_bdev
                0x000000008000a158       0xf0 /usr/local/xenon/usr/lib/libxenon.a(diskio.o)
                0x000000008000a158                register_bdev
 .text._fat_umount
                0x000000008000a248       0x28 /usr/local/xenon/usr/lib/libxenon.a(diskio.o)
                0x000000008000a248                _fat_umount
 .text._fat_mount
                0x000000008000a270       0x48 /usr/local/xenon/usr/lib/libxenon.a(diskio.o)
                0x000000008000a270                _fat_mount
 .text._fat_open
                0x000000008000a2b8       0x4c /usr/local/xenon/usr/lib/libxenon.a(diskio.o)
                0x000000008000a2b8                _fat_open
 .text._fat_close
                0x000000008000a304       0x24 /usr/local/xenon/usr/lib/libxenon.a(diskio.o)
                0x000000008000a304                _fat_close
 .text._fat_fstat
                0x000000008000a328       0x4c /usr/local/xenon/usr/lib/libxenon.a(diskio.o)
                0x000000008000a328                _fat_fstat
 .text._fat_read
                0x000000008000a374       0x24 /usr/local/xenon/usr/lib/libxenon.a(diskio.o)
                0x000000008000a374                _fat_read
 .text._fat_lseek
                0x000000008000a398       0x24 /usr/local/xenon/usr/lib/libxenon.a(diskio.o)
                0x000000008000a398                _fat_lseek
 .text.storage_write_sectors
                0x000000008000a3bc       0x40 /usr/local/xenon/usr/lib/libxenon.a(disk_rb.o)
                0x000000008000a3bc                storage_write_sectors
 .text.storage_read_sectors
                0x000000008000a3fc      0x1b8 /usr/local/xenon/usr/lib/libxenon.a(disk_rb.o)
                0x000000008000a3fc                storage_read_sectors
 .text.disk_init
                0x000000008000a5b4      0x154 /usr/local/xenon/usr/lib/libxenon.a(disk_rb.o)
                0x000000008000a5b4                disk_init
 .text.disk_mount
                0x000000008000a708      0x140 /usr/local/xenon/usr/lib/libxenon.a(disk_rb.o)
                0x000000008000a708                disk_mount
 .text.fat_time
                0x000000008000a848      0x128 /usr/local/xenon/usr/lib/libxenon.a(fat_rb.o)
 .text.fat_open
                0x000000008000a970       0x74 /usr/local/xenon/usr/lib/libxenon.a(fat_rb.o)
                0x000000008000a970                fat_open
 .text.fat_opendir
                0x000000008000a9e4       0xa8 /usr/local/xenon/usr/lib/libxenon.a(fat_rb.o)
                0x000000008000a9e4                fat_opendir
 .text.cluster2sec
                0x000000008000aa8c       0x60 /usr/local/xenon/usr/lib/libxenon.a(fat_rb.o)
 .text.fat_init
                0x000000008000aaec       0x98 /usr/local/xenon/usr/lib/libxenon.a(fat_rb.o)
                0x000000008000aaec                fat_init
 .text.update_fsinfo
                0x000000008000ab84      0x128 /usr/local/xenon/usr/lib/libxenon.a(fat_rb.o)
 .text.flush_fat_sector
                0x000000008000acac      0x108 /usr/local/xenon/usr/lib/libxenon.a(fat_rb.o)
 .text.cache_fat_sector
                0x000000008000adb4      0x160 /usr/local/xenon/usr/lib/libxenon.a(fat_rb.o)
 .text.get_next_cluster
                0x000000008000af14      0x11c /usr/local/xenon/usr/lib/libxenon.a(fat_rb.o)
 .text.fat_seek
                0x000000008000b030      0x14c /usr/local/xenon/usr/lib/libxenon.a(fat_rb.o)
                0x000000008000b030                fat_seek
 .text.find_free_cluster
                0x000000008000b17c      0x1bc /usr/local/xenon/usr/lib/libxenon.a(fat_rb.o)
 .text.fat_recalc_free
                0x000000008000b338      0x174 /usr/local/xenon/usr/lib/libxenon.a(fat_rb.o)
                0x000000008000b338                fat_recalc_free
 .text.flush_fat
                0x000000008000b4ac       0xc8 /usr/local/xenon/usr/lib/libxenon.a(fat_rb.o)
 .text.fat_unmount
                0x000000008000b574       0xac /usr/local/xenon/usr/lib/libxenon.a(fat_rb.o)
                0x000000008000b574                fat_unmount
 .text.update_fat_entry
                0x000000008000b620      0x268 /usr/local/xenon/usr/lib/libxenon.a(fat_rb.o)
 .text.fat_truncate
                0x000000008000b888       0xa8 /usr/local/xenon/usr/lib/libxenon.a(fat_rb.o)
                0x000000008000b888                fat_truncate
 .text.transfer
                0x000000008000b930      0x154 /usr/local/xenon/usr/lib/libxenon.a(fat_rb.o)
 .text.fat_readwrite
                0x000000008000ba84      0x390 /usr/local/xenon/usr/lib/libxenon.a(fat_rb.o)
                0x000000008000ba84                fat_readwrite
 .text.fat_getnext
                0x000000008000be14      0x4c4 /usr/local/xenon/usr/lib/libxenon.a(fat_rb.o)
                0x000000008000be14                fat_getnext
 .text.update_short_entry
                0x000000008000c2d8      0x244 /usr/local/xenon/usr/lib/libxenon.a(fat_rb.o)
 .text.fat_closewrite
                0x000000008000c51c       0xb8 /usr/local/xenon/usr/lib/libxenon.a(fat_rb.o)
                0x000000008000c51c                fat_closewrite
 .text.fat_mount
                0x000000008000c5d4      0x4f4 /usr/local/xenon/usr/lib/libxenon.a(fat_rb.o)
                0x000000008000c5d4                fat_mount
 .text.char2dos
                0x000000008000cac8       0x8c /usr/local/xenon/usr/lib/libxenon.a(fat_rb.o)
 .text.randomize_dos_name
                0x000000008000cb54      0x178 /usr/local/xenon/usr/lib/libxenon.a(fat_rb.o)
 .text.write_long_name
                0x000000008000cccc      0x564 /usr/local/xenon/usr/lib/libxenon.a(fat_rb.o)
 .text.add_dir_entry
                0x000000008000d230      0x530 /usr/local/xenon/usr/lib/libxenon.a(fat_rb.o)
 .text.fat_create_file
                0x000000008000d760       0x60 /usr/local/xenon/usr/lib/libxenon.a(fat_rb.o)
                0x000000008000d760                fat_create_file
 .text.rb_filesize
                0x000000008000d7c0       0x6c /usr/local/xenon/usr/lib/libxenon.a(file_rb.o)
                0x000000008000d7c0                rb_filesize
 .text.flush_cache
                0x000000008000d82c       0xd0 /usr/local/xenon/usr/lib/libxenon.a(file_rb.o)
 .text.rb_lseek
                0x000000008000d8fc      0x1c4 /usr/local/xenon/usr/lib/libxenon.a(file_rb.o)
                0x000000008000d8fc                rb_lseek
 .text.readwrite
                0x000000008000dac0      0x440 /usr/local/xenon/usr/lib/libxenon.a(file_rb.o)
 .text.rb_read  0x000000008000df00        0x8 /usr/local/xenon/usr/lib/libxenon.a(file_rb.o)
                0x000000008000df00                rb_read
 .text.rb_ftruncate
                0x000000008000df08       0xc8 /usr/local/xenon/usr/lib/libxenon.a(file_rb.o)
                0x000000008000df08                rb_ftruncate
 .text.open_internal
                0x000000008000dfd0      0x39c /usr/local/xenon/usr/lib/libxenon.a(file_rb.o)
 .text.rb_open  0x000000008000e36c        0x8 /usr/local/xenon/usr/lib/libxenon.a(file_rb.o)
                0x000000008000e36c                rb_open
 .text.rb_fsync
                0x000000008000e374      0x128 /usr/local/xenon/usr/lib/libxenon.a(file_rb.o)
                0x000000008000e374                rb_fsync
 .text.rb_close
                0x000000008000e49c       0xa0 /usr/local/xenon/usr/lib/libxenon.a(file_rb.o)
                0x000000008000e49c                rb_close
 .text.rb_closedir
                0x000000008000e53c       0x14 /usr/local/xenon/usr/lib/libxenon.a(dir_rb.o)
                0x000000008000e53c                rb_closedir
 .text.rb_readdir
                0x000000008000e550       0xb0 /usr/local/xenon/usr/lib/libxenon.a(dir_rb.o)
                0x000000008000e550                rb_readdir
 .text.rb_opendir
                0x000000008000e600      0x1e8 /usr/local/xenon/usr/lib/libxenon.a(dir_rb.o)
                0x000000008000e600                rb_opendir
 .text._iso9660_lseek
                0x000000008000e7e8       0xa8 /usr/local/xenon/usr/lib/libxenon.a(iso9660.o)
                0x000000008000e7e8                _iso9660_lseek
 .text._iso9660_fstat
                0x000000008000e890       0x60 /usr/local/xenon/usr/lib/libxenon.a(iso9660.o)
                0x000000008000e890                _iso9660_fstat
 .text._iso9660_close
                0x000000008000e8f0       0x24 /usr/local/xenon/usr/lib/libxenon.a(iso9660.o)
                0x000000008000e8f0                _iso9660_close
 .text.bclear_cache
                0x000000008000e914       0x60 /usr/local/xenon/usr/lib/libxenon.a(iso9660.o)
 .text.iso_reset
                0x000000008000e974       0x80 /usr/local/xenon/usr/lib/libxenon.a(iso9660.o)
                0x000000008000e974                iso_reset
 .text.fs_iso9660_shutdown
                0x000000008000e9f4       0xa4 /usr/local/xenon/usr/lib/libxenon.a(iso9660.o)
                0x000000008000e9f4                fs_iso9660_shutdown
 .text._iso9660_umount
                0x000000008000ea98        0x4 /usr/local/xenon/usr/lib/libxenon.a(iso9660.o)
                0x000000008000ea98                _iso9660_umount
 .text.fs_iso9660_init
                0x000000008000ea9c       0xd0 /usr/local/xenon/usr/lib/libxenon.a(iso9660.o)
                0x000000008000ea9c                fs_iso9660_init
 .text._iso9660_mount
                0x000000008000eb6c        0xc /usr/local/xenon/usr/lib/libxenon.a(iso9660.o)
                0x000000008000eb6c                _iso9660_mount
 .text.init_percd
                0x000000008000eb78      0x264 /usr/local/xenon/usr/lib/libxenon.a(iso9660.o)
 .text.bread_cache
                0x000000008000eddc      0x1ac /usr/local/xenon/usr/lib/libxenon.a(iso9660.o)
 .text._iso9660_read
                0x000000008000ef88      0x1cc /usr/local/xenon/usr/lib/libxenon.a(iso9660.o)
                0x000000008000ef88                _iso9660_read
 .text.find_object
                0x000000008000f154      0x400 /usr/local/xenon/usr/lib/libxenon.a(iso9660.o)
 .text._iso9660_open
                0x000000008000f554      0x280 /usr/local/xenon/usr/lib/libxenon.a(iso9660.o)
                0x000000008000f554                _iso9660_open
 .text.q_enqueue
                0x000000008000f7d4       0x18 /usr/local/xenon/usr/lib/libxenon.a(lib_queue.o)
                0x000000008000f7d4                q_enqueue
 .text.q_deqnext
                0x000000008000f7ec       0x30 /usr/local/xenon/usr/lib/libxenon.a(lib_queue.o)
                0x000000008000f7ec                q_deqnext
 .text.usbctrl_detach
                0x000000008000f81c       0x5c /usr/local/xenon/usr/lib/libxenon.a(usbctrl.o)
 .text.usbctrl_attach
                0x000000008000f878      0x1cc /usr/local/xenon/usr/lib/libxenon.a(usbctrl.o)
 .text.usbctrl_ireq_callback
                0x000000008000fa44      0x1a0 /usr/local/xenon/usr/lib/libxenon.a(usbctrl.o)
 .text.getstringmaybe
                0x000000008000fbe4       0x88 /usr/local/xenon/usr/lib/libxenon.a(usbdebug.o)
 .text.usb_dbg_dumpdescriptors
                0x000000008000fc6c      0x708 /usr/local/xenon/usr/lib/libxenon.a(usbdebug.o)
                0x000000008000fc6c                usb_dbg_dumpdescriptors
 .text.usb_dbg_dumpportstatus
                0x0000000080010374      0x284 /usr/local/xenon/usr/lib/libxenon.a(usbdebug.o)
                0x0000000080010374                usb_dbg_dumpportstatus
 .text.utf8encode
                0x00000000800105f8       0x84 /usr/local/xenon/usr/lib/libxenon.a(unicode_rb.o)
                0x00000000800105f8                utf8encode
 .text.utf8length
                0x000000008001067c       0x34 /usr/local/xenon/usr/lib/libxenon.a(unicode_rb.o)
                0x000000008001067c                utf8length
 .text.utf8decode
                0x00000000800106b0       0xd4 /usr/local/xenon/usr/lib/libxenon.a(unicode_rb.o)
                0x00000000800106b0                utf8decode
 *fill*         0x0000000080010784        0x4 00
 .text          0x0000000080010788       0x88 /usr/local/xenon/xenon/lib/32/libc.a(lib_a-assert.o)
                0x000000008001078c                __assert_func
                0x00000000800107f8                __assert
 .text          0x0000000080010810       0x50 /usr/local/xenon/xenon/lib/32/libc.a(lib_a-atoi.o)
                0x0000000080010810                _atoi_r
                0x0000000080010838                atoi
 .text          0x0000000080010860       0x40 /usr/local/xenon/xenon/lib/32/libc.a(lib_a-errno.o)
                0x0000000080010864                __errno
 .text          0x00000000800108a0       0x58 /usr/local/xenon/xenon/lib/32/libc.a(lib_a-exit.o)
                0x00000000800108a4                exit
 .text          0x00000000800108f8      0x12c /usr/local/xenon/xenon/lib/32/libc.a(lib_a-fiprintf.o)
                0x00000000800109a8                _fiprintf_r
                0x00000000800108fc                fiprintf
 *fill*         0x0000000080010a24        0x4 00
 .text          0x0000000080010a28       0x90 /usr/local/xenon/xenon/lib/32/libc.a(lib_a-malloc.o)
                0x0000000080010a74                malloc
                0x0000000080010a2c                free
 .text          0x0000000080010ab8      0x880 /usr/local/xenon/xenon/lib/32/libc.a(lib_a-mallocr.o)
                0x0000000080010abc                _malloc_r
 .text          0x0000000080011338      0x128 /usr/local/xenon/xenon/lib/32/libc.a(lib_a-memchr.o)
                0x0000000080011338                memchr
 .text          0x0000000080011460       0xd8 /usr/local/xenon/xenon/lib/32/libc.a(lib_a-memcmp.o)
                0x0000000080011460                memcmp
 .text          0x0000000080011538      0x12c /usr/local/xenon/xenon/lib/32/libc.a(lib_a-memcpy.o)
                0x0000000080011538                memcpy
 *fill*         0x0000000080011664        0x4 00
 .text          0x0000000080011668      0x138 /usr/local/xenon/xenon/lib/32/libc.a(lib_a-memset.o)
                0x0000000080011668                memset
 .text          0x00000000800117a0        0xc /usr/local/xenon/xenon/lib/32/libc.a(lib_a-mlock.o)
                0x00000000800117a8                __malloc_unlock
                0x00000000800117a0                __malloc_lock
 *fill*         0x00000000800117ac        0x4 00
 .text          0x00000000800117b0      0x140 /usr/local/xenon/xenon/lib/32/libc.a(lib_a-printf.o)
                0x00000000800117b4                printf
                0x0000000080011868                _printf_r
 .text          0x00000000800118f0       0x74 /usr/local/xenon/xenon/lib/32/libc.a(lib_a-putchar.o)
                0x00000000800118f4                putchar
                0x0000000080011940                _putchar_r
 *fill*         0x0000000080011964        0x4 00
 .text          0x0000000080011968      0x208 /usr/local/xenon/xenon/lib/32/libc.a(lib_a-putc.o)
                0x0000000080011a90                _putc_r
                0x000000008001196c                putc
 .text          0x0000000080011b70      0x130 /usr/local/xenon/xenon/lib/32/libc.a(lib_a-puts.o)
                0x0000000080011b74                _puts_r
                0x0000000080011c5c                puts
 .text          0x0000000080011ca0       0x94 /usr/local/xenon/xenon/lib/32/libc.a(lib_a-sbrkr.o)
                0x0000000080011ca4                _sbrk_r
 *fill*         0x0000000080011d34        0x4 00
 .text          0x0000000080011d38      0x250 /usr/local/xenon/xenon/lib/32/libc.a(lib_a-snprintf.o)
                0x0000000080011d3c                snprintf
                0x0000000080011e70                _snprintf_r
 .text          0x0000000080011f88      0x1a4 /usr/local/xenon/xenon/lib/32/libc.a(lib_a-sprintf.o)
                0x0000000080012070                _sprintf_r
                0x0000000080011f8c                sprintf
 *fill*         0x000000008001212c        0x4 00
 .text          0x0000000080012130      0x108 /usr/local/xenon/xenon/lib/32/libc.a(lib_a-strcasecmp.o)
                0x0000000080012134                strcasecmp
 .text          0x0000000080012238       0x8c /usr/local/xenon/xenon/lib/32/libc.a(lib_a-strcat.o)
                0x0000000080012238                strcat
 *fill*         0x00000000800122c4        0x4 00
 .text          0x00000000800122c8      0x1e4 /usr/local/xenon/xenon/lib/32/libc.a(lib_a-strchr.o)
                0x00000000800122c8                strchr
 *fill*         0x00000000800124ac        0x4 00
 .text          0x00000000800124b0       0xe8 /usr/local/xenon/xenon/lib/32/libc.a(lib_a-strcmp.o)
                0x00000000800124b0                strcmp
 .text          0x0000000080012598       0x90 /usr/local/xenon/xenon/lib/32/libc.a(lib_a-strcpy.o)
                0x0000000080012598                strcpy
 .text          0x0000000080012628       0x88 /usr/local/xenon/xenon/lib/32/libc.a(lib_a-strlcpy.o)
                0x0000000080012628                strlcpy
 .text          0x00000000800126b0       0xb4 /usr/local/xenon/xenon/lib/32/libc.a(lib_a-strlen.o)
                0x00000000800126b0                strlen
 *fill*         0x0000000080012764        0x4 00
 .text          0x0000000080012768       0xe8 /usr/local/xenon/xenon/lib/32/libc.a(lib_a-strncasecmp.o)
                0x000000008001276c                strncasecmp
 .text          0x0000000080012850      0x180 /usr/local/xenon/xenon/lib/32/libc.a(lib_a-strncmp.o)
                0x0000000080012850                strncmp
 .text          0x00000000800129d0      0x108 /usr/local/xenon/xenon/lib/32/libc.a(lib_a-strncpy.o)
                0x00000000800129d0                strncpy
 .text          0x0000000080012ad8       0x98 /usr/local/xenon/xenon/lib/32/libc.a(lib_a-strrchr.o)
                0x0000000080012ad8                strrchr
 .text          0x0000000080012b70      0x12c /usr/local/xenon/xenon/lib/32/libc.a(lib_a-strtok_r.o)
                0x0000000080012c78                strtok_r
                0x0000000080012b70                __strtok_r
 *fill*         0x0000000080012c9c        0x4 00
 .text          0x0000000080012ca0      0x2a4 /usr/local/xenon/xenon/lib/32/libc.a(lib_a-strtol.o)
                0x0000000080012ef4                strtol
                0x0000000080012ca4                _strtol_r
 *fill*         0x0000000080012f44        0x4 00
 .text          0x0000000080012f48     0x2144 /usr/local/xenon/xenon/lib/32/libc.a(lib_a-svfprintf.o)
                0x0000000080013234                _svfprintf_r
 *fill*         0x000000008001508c        0x4 00
 .text          0x0000000080015090     0x1224 /usr/local/xenon/xenon/lib/32/libc.a(lib_a-vfiprintf.o)
                0x0000000080016264                vfiprintf
                0x00000000800150fc                _vfiprintf_r
 *fill*         0x00000000800162b4        0x4 00
 .text          0x00000000800162b8     0x1ffc /usr/local/xenon/xenon/lib/32/libc.a(lib_a-vfprintf.o)
                0x0000000080016324                _vfprintf_r
                0x0000000080018264                vfprintf
 *fill*         0x00000000800182b4        0x4 00
 .text          0x00000000800182b8      0x1e4 /usr/local/xenon/xenon/lib/32/libc.a(lib_a-wbuf.o)
                0x00000000800182b8                __swbuf_r
                0x0000000080018454                __swbuf
 *fill*         0x000000008001849c        0x4 00
 .text          0x00000000800184a0      0x1a8 /usr/local/xenon/xenon/lib/32/libc.a(lib_a-wsetup.o)
                0x00000000800184a4                __swsetup_r
 .text          0x0000000080018648       0x1c /usr/local/xenon/xenon/lib/32/libc.a(lib_a-abort.o)
                0x0000000080018648                abort
 *fill*         0x0000000080018664        0x4 00
 .text          0x0000000080018668      0x1f4 /usr/local/xenon/xenon/lib/32/libc.a(lib_a-__call_atexit.o)
                0x000000008001866c                __call_exitprocs
 *fill*         0x000000008001885c        0x4 00
 .text          0x0000000080018860     0x144c /usr/local/xenon/xenon/lib/32/libc.a(lib_a-dtoa.o)
                0x0000000080018a9c                _dtoa_r
 *fill*         0x0000000080019cac        0x4 00
 .text          0x0000000080019cb0      0x2ec /usr/local/xenon/xenon/lib/32/libc.a(lib_a-fflush.o)
                0x0000000080019f2c                fflush
                0x0000000080019cb0                _fflush_r
 *fill*         0x0000000080019f9c        0x4 00
 .text          0x0000000080019fa0      0x49c /usr/local/xenon/xenon/lib/32/libc.a(lib_a-findfp.o)
                0x000000008001a19c                __sinit
                0x000000008001a250                __sfmoreglue
                0x000000008001a0b4                _cleanup
                0x000000008001a074                _cleanup_r
                0x000000008001a024                __fp_lock_all
                0x0000000080019fa0                __sfp_lock_acquire
                0x000000008001a2d4                __sfp
                0x0000000080019fb8                __sinit_lock_release
                0x0000000080019fd4                __fp_unlock_all
                0x0000000080019fa8                __sfp_lock_release
                0x0000000080019fb0                __sinit_lock_acquire
 *fill*         0x000000008001a43c        0x4 00
 .text          0x000000008001a440      0x428 /usr/local/xenon/xenon/lib/32/libc.a(lib_a-freer.o)
                0x000000008001a5a4                _free_r
                0x000000008001a444                _malloc_trim_r
 .text          0x000000008001a868      0x58c /usr/local/xenon/xenon/lib/32/libc.a(lib_a-fvwrite.o)
                0x000000008001a868                __sfvwrite_r
 *fill*         0x000000008001adf4        0x4 00
 .text          0x000000008001adf8      0x18c /usr/local/xenon/xenon/lib/32/libc.a(lib_a-fwalk.o)
                0x000000008001aec8                _fwalk
                0x000000008001adf8                _fwalk_reent
 *fill*         0x000000008001af84        0x4 00
 .text          0x000000008001af88      0x1ec /usr/local/xenon/xenon/lib/32/libc.a(lib_a-locale.o)
                0x000000008001b054                _setlocale_r
                0x000000008001af8c                __locale_charset
                0x000000008001afcc                _localeconv_r
                0x000000008001b12c                setlocale
                0x000000008001b00c                localeconv
 *fill*         0x000000008001b174        0x4 00
 .text          0x000000008001b178      0x22c /usr/local/xenon/xenon/lib/32/libc.a(lib_a-makebuf.o)
                0x000000008001b17c                __smakebuf_r
 *fill*         0x000000008001b3a4        0x4 00
 .text          0x000000008001b3a8      0x16c /usr/local/xenon/xenon/lib/32/libc.a(lib_a-memmove.o)
                0x000000008001b3a8                memmove
 *fill*         0x000000008001b514        0x4 00
 .text          0x000000008001b518     0x1334 /usr/local/xenon/xenon/lib/32/libc.a(lib_a-mprec.o)
                0x000000008001ba64                _mprec_log10
                0x000000008001bb70                __any_on
                0x000000008001bc18                _Balloc
                0x000000008001b978                __ratio
                0x000000008001c448                __i2b
                0x000000008001b7e8                __b2d
                0x000000008001c718                __s2b
                0x000000008001b6a8                __mcmp
                0x000000008001b540                __hi0bits
                0x000000008001c5b4                __pow5mult
                0x000000008001c060                __lshift
                0x000000008001c1f0                __multiply
                0x000000008001bcd8                __d2b
                0x000000008001bae0                __copybits
                0x000000008001b738                __ulp
                0x000000008001be88                __mdiff
                0x000000008001b5b8                __lo0bits
                0x000000008001c488                __multadd
                0x000000008001b518                _Bfree
 *fill*         0x000000008001c84c        0x4 00
 .text          0x000000008001c850      0x650 /usr/local/xenon/xenon/lib/32/libc.a(lib_a-reallocr.o)
                0x000000008001c854                _realloc_r
 .text          0x000000008001cea0      0x3dc /usr/local/xenon/xenon/lib/32/libc.a(lib_a-signal.o)
                0x000000008001d1a0                _signal_r
                0x000000008001cea0                _raise_r
                0x000000008001d098                __sigtramp_r
                0x000000008001d234                signal
                0x000000008001d054                _init_signal
                0x000000008001cfd0                _init_signal_r
                0x000000008001d15c                __sigtramp
                0x000000008001cf8c                raise
 *fill*         0x000000008001d27c        0x4 00
 .text          0x000000008001d280       0xbc /usr/local/xenon/xenon/lib/32/libc.a(lib_a-signalr.o)
                0x000000008001d2a4                _kill_r
                0x000000008001d280                _getpid_r
 *fill*         0x000000008001d33c        0x4 00
 .text          0x000000008001d340       0x44 /usr/local/xenon/xenon/lib/32/libc.a(lib_a-s_isinfd.o)
                0x000000008001d340                __isinfd
 *fill*         0x000000008001d384        0x4 00
 .text          0x000000008001d388       0x38 /usr/local/xenon/xenon/lib/32/libc.a(lib_a-s_isnand.o)
                0x000000008001d388                __isnand
 .text          0x000000008001d3c0      0x1a8 /usr/local/xenon/xenon/lib/32/libc.a(lib_a-stdio.o)
                0x000000008001d3e8                __sseek
                0x000000008001d500                __sread
                0x000000008001d3c0                __sclose
                0x000000008001d458                __swrite
 .text          0x000000008001d568       0x9c /usr/local/xenon/xenon/lib/32/libc.a(lib_a-writer.o)
                0x000000008001d56c                _write_r
 *fill*         0x000000008001d604        0x4 00
 .text          0x000000008001d608       0xd0 /usr/local/xenon/xenon/lib/32/libc.a(lib_a-callocr.o)
                0x000000008001d608                _calloc_r
 .text          0x000000008001d6d8       0x94 /usr/local/xenon/xenon/lib/32/libc.a(lib_a-closer.o)
                0x000000008001d6dc                _close_r
 *fill*         0x000000008001d76c        0x4 00
 .text          0x000000008001d770      0x1b8 /usr/local/xenon/xenon/lib/32/libc.a(lib_a-fclose.o)
                0x000000008001d770                _fclose_r
                0x000000008001d8e4                fclose
 .text          0x000000008001d928       0x9c /usr/local/xenon/xenon/lib/32/libc.a(lib_a-fstatr.o)
                0x000000008001d92c                _fstat_r
 *fill*         0x000000008001d9c4        0x4 00
 .text          0x000000008001d9c8       0x94 /usr/local/xenon/xenon/lib/32/libc.a(lib_a-isattyr.o)
                0x000000008001d9cc                _isatty_r
 *fill*         0x000000008001da5c        0x4 00
 .text          0x000000008001da60       0x9c /usr/local/xenon/xenon/lib/32/libc.a(lib_a-lseekr.o)
                0x000000008001da64                _lseek_r
 *fill*         0x000000008001dafc        0x4 00
 .text          0x000000008001db00       0x9c /usr/local/xenon/xenon/lib/32/libc.a(lib_a-readr.o)
                0x000000008001db04                _read_r
 *(.init*)

.elfldr         0x000000008001db9c        0x0
                0x000000008001db9c                elfldr_start = .
 *(.elfldr)
                0x000000008001db9c                elfldr_end = .

.data           0x000000008001dba0     0x575c
 *(.data*)
 .data.console_color
                0x000000008001dba0        0x8 /usr/local/xenon/usr/lib/libxenon.a(console.o)
 .data.mounts   0x000000008001dba8      0x480 /usr/local/xenon/usr/lib/libxenon.a(newlib.o)
 .data.vfs_console_ops
                0x000000008001e028       0x18 /usr/local/xenon/usr/lib/libxenon.a(newlib.o)
                0x000000008001e028                vfs_console_ops
 .data.vfs_console_mount_ops
                0x000000008001e040        0xc /usr/local/xenon/usr/lib/libxenon.a(newlib.o)
                0x000000008001e040                vfs_console_mount_ops
 .data.fd_array
                0x000000008001e04c      0xc00 /usr/local/xenon/usr/lib/libxenon.a(newlib.o)
 .data.ana_1360x768
                0x000000008001ec4c      0x400 /usr/local/xenon/usr/lib/libxenon.a(xenos.o)
                0x000000008001ec4c                ana_1360x768
 .data.xenos_modes
                0x000000008001f04c      0x2d8 /usr/local/xenon/usr/lib/libxenon.a(xenos.o)
                0x000000008001f04c                xenos_modes
 .data.ana_1280x720
                0x000000008001f324      0x400 /usr/local/xenon/usr/lib/libxenon.a(xenos.o)
                0x000000008001f324                ana_1280x720
 .data.ana_ntsc_480i
                0x000000008001f724      0x400 /usr/local/xenon/usr/lib/libxenon.a(xenos.o)
                0x000000008001f724                ana_ntsc_480i
 .data.ana_1024x768
                0x000000008001fb24      0x400 /usr/local/xenon/usr/lib/libxenon.a(xenos.o)
                0x000000008001fb24                ana_1024x768
 .data.ana_640x480p
                0x000000008001ff24      0x400 /usr/local/xenon/usr/lib/libxenon.a(xenos.o)
                0x000000008001ff24                ana_640x480p
 .data.ana_pal  0x0000000080020324      0x400 /usr/local/xenon/usr/lib/libxenon.a(xenos.o)
                0x0000000080020324                ana_pal
 .data.ana_yuv_480p
                0x0000000080020724      0x400 /usr/local/xenon/usr/lib/libxenon.a(xenos.o)
                0x0000000080020724                ana_yuv_480p
 .data.ana_hdmi_720p
                0x0000000080020b24      0x400 /usr/local/xenon/usr/lib/libxenon.a(xenos.o)
                0x0000000080020b24                ana_hdmi_720p
 .data.ana_yuv_720p
                0x0000000080020f24      0x400 /usr/local/xenon/usr/lib/libxenon.a(xenos.o)
                0x0000000080020f24                ana_yuv_720p
 .data.ana_1280x1024
                0x0000000080021324      0x400 /usr/local/xenon/usr/lib/libxenon.a(xenos.o)
                0x0000000080021324                ana_1280x1024
 .data.ana_640_480_composite
                0x0000000080021724      0x400 /usr/local/xenon/usr/lib/libxenon.a(xenos.o)
                0x0000000080021724                ana_640_480_composite
 .data.ana_1440x900
                0x0000000080021b24      0x400 /usr/local/xenon/usr/lib/libxenon.a(xenos.o)
                0x0000000080021b24                ana_1440x900
 .data.ana_1280x768
                0x0000000080021f24      0x400 /usr/local/xenon/usr/lib/libxenon.a(xenos.o)
                0x0000000080021f24                ana_1280x768
 .data.ohci_driver
                0x0000000080022324       0x2c /usr/local/xenon/usr/lib/libxenon.a(ohci.o)
                0x0000000080022324                ohci_driver
 .data.usb_drivers
                0x0000000080022350       0x70 /usr/local/xenon/usr/lib/libxenon.a(usbdevs.o)
                0x0000000080022350                usb_drivers
 .data.usbhid_driver
                0x00000000800223c0        0xc /usr/local/xenon/usr/lib/libxenon.a(usbhid.o)
                0x00000000800223c0                usbhid_driver
 .data.usbhid_scantable
                0x00000000800223cc      0x650 /usr/local/xenon/usr/lib/libxenon.a(usbhid.o)
 .data.usbhub_driver
                0x0000000080022a1c        0xc /usr/local/xenon/usr/lib/libxenon.a(usbhub.o)
                0x0000000080022a1c                usbhub_driver
 .data.usbroothub_driver
                0x0000000080022a28        0xc /usr/local/xenon/usr/lib/libxenon.a(usbhub.o)
                0x0000000080022a28                usbroothub_driver
 .data.usbmass_driver
                0x0000000080022a34        0xc /usr/local/xenon/usr/lib/libxenon.a(usbmass.o)
                0x0000000080022a34                usbmass_driver
 .data.vfs_fat_mount_ops
                0x0000000080022a40        0xc /usr/local/xenon/usr/lib/libxenon.a(diskio.o)
                0x0000000080022a40                vfs_fat_mount_ops
 .data.vfs_fat_file_ops
                0x0000000080022a4c       0x18 /usr/local/xenon/usr/lib/libxenon.a(diskio.o)
                0x0000000080022a4c                vfs_fat_file_ops
 .data.vfs_iso9660_mount_ops
                0x0000000080022a64        0xc /usr/local/xenon/usr/lib/libxenon.a(iso9660.o)
                0x0000000080022a64                vfs_iso9660_mount_ops
 .data.vfs_iso9660_file_ops
                0x0000000080022a70       0x18 /usr/local/xenon/usr/lib/libxenon.a(iso9660.o)
                0x0000000080022a70                vfs_iso9660_file_ops
 .data.usbctrl_driver
                0x0000000080022a88        0xc /usr/local/xenon/usr/lib/libxenon.a(usbctrl.o)
                0x0000000080022a88                usbctrl_driver
 *fill*         0x0000000080022a94        0x4 00
 .data.rel.local
                0x0000000080022a98      0x428 /usr/local/xenon/xenon/lib/32/libc.a(lib_a-impure.o)
 .data.rel      0x0000000080022ec0      0x408 /usr/local/xenon/xenon/lib/32/libc.a(lib_a-mallocr.o)
                0x0000000080022ec0                __malloc_av_
 .data.rel.ro.local
                0x00000000800232c8       0x34 /usr/local/xenon/xenon/lib/32/libc.a(lib_a-locale.o)

.got2           0x00000000800232fc      0x1dc
 .got2          0x00000000800232fc       0x10 /usr/local/xenon/xenon/lib/32/libc.a(lib_a-assert.o)
 .got2          0x000000008002330c        0x4 /usr/local/xenon/xenon/lib/32/libc.a(lib_a-errno.o)
 .got2          0x0000000080023310        0x4 /usr/local/xenon/xenon/lib/32/libc.a(lib_a-exit.o)
 .got2          0x0000000080023314        0x4 /usr/local/xenon/xenon/lib/32/libc.a(lib_a-fiprintf.o)
 .got2          0x0000000080023318        0x4 /usr/local/xenon/xenon/lib/32/libc.a(lib_a-malloc.o)
 .got2          0x000000008002331c       0x1c /usr/local/xenon/xenon/lib/32/libc.a(lib_a-mallocr.o)
 .got2          0x0000000080023338        0x4 /usr/local/xenon/xenon/lib/32/libc.a(lib_a-printf.o)
 .got2          0x000000008002333c        0x4 /usr/local/xenon/xenon/lib/32/libc.a(lib_a-putchar.o)
 .got2          0x0000000080023340        0x4 /usr/local/xenon/xenon/lib/32/libc.a(lib_a-putc.o)
 .got2          0x0000000080023344        0x8 /usr/local/xenon/xenon/lib/32/libc.a(lib_a-puts.o)
 .got2          0x000000008002334c        0x4 /usr/local/xenon/xenon/lib/32/libc.a(lib_a-sbrkr.o)
 .got2          0x0000000080023350        0x4 /usr/local/xenon/xenon/lib/32/libc.a(lib_a-snprintf.o)
 .got2          0x0000000080023354        0x4 /usr/local/xenon/xenon/lib/32/libc.a(lib_a-sprintf.o)
 .got2          0x0000000080023358        0x4 /usr/local/xenon/xenon/lib/32/libc.a(lib_a-strcasecmp.o)
 .got2          0x000000008002335c        0x4 /usr/local/xenon/xenon/lib/32/libc.a(lib_a-strncasecmp.o)
 .got2          0x0000000080023360        0x8 /usr/local/xenon/xenon/lib/32/libc.a(lib_a-strtol.o)
 .got2          0x0000000080023368       0x30 /usr/local/xenon/xenon/lib/32/libc.a(lib_a-svfprintf.o)
 .got2          0x0000000080023398       0x1c /usr/local/xenon/xenon/lib/32/libc.a(lib_a-vfiprintf.o)
 .got2          0x00000000800233b4       0x34 /usr/local/xenon/xenon/lib/32/libc.a(lib_a-vfprintf.o)
 .got2          0x00000000800233e8        0x4 /usr/local/xenon/xenon/lib/32/libc.a(lib_a-wbuf.o)
 .got2          0x00000000800233ec        0x4 /usr/local/xenon/xenon/lib/32/libc.a(lib_a-wsetup.o)
 .got2          0x00000000800233f0        0x4 /usr/local/xenon/xenon/lib/32/libc.a(lib_a-__call_atexit.o)
 .got2          0x00000000800233f4       0x48 /usr/local/xenon/xenon/lib/32/libc.a(lib_a-dtoa.o)
 .got2          0x000000008002343c        0xc /usr/local/xenon/xenon/lib/32/libc.a(lib_a-fflush.o)
 .got2          0x0000000080023448       0x28 /usr/local/xenon/xenon/lib/32/libc.a(lib_a-findfp.o)
 .got2          0x0000000080023470       0x18 /usr/local/xenon/xenon/lib/32/libc.a(lib_a-freer.o)
 .got2          0x0000000080023488       0x10 /usr/local/xenon/xenon/lib/32/libc.a(lib_a-locale.o)
 .got2          0x0000000080023498        0x8 /usr/local/xenon/xenon/lib/32/libc.a(lib_a-makebuf.o)
 .got2          0x00000000800234a0       0x10 /usr/local/xenon/xenon/lib/32/libc.a(lib_a-mprec.o)
 .got2          0x00000000800234b0        0x4 /usr/local/xenon/xenon/lib/32/libc.a(lib_a-reallocr.o)
 .got2          0x00000000800234b4        0x4 /usr/local/xenon/xenon/lib/32/libc.a(lib_a-signal.o)
 .got2          0x00000000800234b8        0x4 /usr/local/xenon/xenon/lib/32/libc.a(lib_a-signalr.o)
 .got2          0x00000000800234bc        0x4 /usr/local/xenon/xenon/lib/32/libc.a(lib_a-writer.o)
 .got2          0x00000000800234c0        0x4 /usr/local/xenon/xenon/lib/32/libc.a(lib_a-closer.o)
 .got2          0x00000000800234c4        0x4 /usr/local/xenon/xenon/lib/32/libc.a(lib_a-fclose.o)
 .got2          0x00000000800234c8        0x4 /usr/local/xenon/xenon/lib/32/libc.a(lib_a-fstatr.o)
 .got2          0x00000000800234cc        0x4 /usr/local/xenon/xenon/lib/32/libc.a(lib_a-isattyr.o)
 .got2          0x00000000800234d0        0x4 /usr/local/xenon/xenon/lib/32/libc.a(lib_a-lseekr.o)
 .got2          0x00000000800234d4        0x4 /usr/local/xenon/xenon/lib/32/libc.a(lib_a-readr.o)

.sdata          0x00000000800234d8       0x1c
 *(.sdata*)
 .sdata.usbmass_ops
                0x00000000800234d8        0x4 /usr/local/xenon/usr/lib/libxenon.a(usbmass.o)
                0x00000000800234d8                usbmass_ops
 .sdata         0x00000000800234dc        0x8 /usr/local/xenon/xenon/lib/32/libc.a(lib_a-ctype_.o)
                0x00000000800234dc                __ctype_ptr
                0x00000000800234e0                __ctype_ptr__
 .sdata         0x00000000800234e4        0x8 /usr/local/xenon/xenon/lib/32/libc.a(lib_a-impure.o)
                0x00000000800234e8                _global_impure_ptr
                0x00000000800234e4                _impure_ptr
 .sdata         0x00000000800234ec        0x8 /usr/local/xenon/xenon/lib/32/libc.a(lib_a-mallocr.o)
                0x00000000800234f0                __malloc_sbrk_base
                0x00000000800234ec                __malloc_trim_threshold

.rodata         0x00000000800234f8     0x3b20
 *(.rodata*)
 .rodata.cst4   0x00000000800234f8       0x10 main.o
 .rodata.str1.8
                0x0000000080023508      0x3f8 main.o
                                        0x3fc (size before relaxing)
 .rodata.str1.1
                0x0000000080023900       0x33 /usr/local/xenon/usr/lib/libxenon.a(console.o)
 *fill*         0x0000000080023933        0x5 00
 .rodata.fontdata_8x16
                0x0000000080023938     0x1000 /usr/local/xenon/usr/lib/libxenon.a(console.o)
                0x0000000080023938                fontdata_8x16
 .rodata.str1.1
                0x0000000080024938       0x1d /usr/local/xenon/usr/lib/libxenon.a(newlib.o)
 .rodata.str1.1
                0x0000000080024955       0x4b /usr/local/xenon/usr/lib/libxenon.a(lib_malloc.o)
 .rodata.str1.1
                0x00000000800249a0       0x97 /usr/local/xenon/usr/lib/libxenon.a(usbmain.o)
 .rodata.str1.1
                0x0000000080024a37      0x10b /usr/local/xenon/usr/lib/libxenon.a(xenon_smc.o)
 .rodata.str1.1
                0x0000000080024b42      0x116 /usr/local/xenon/usr/lib/libxenon.a(xenon_power.o)
 .rodata.str1.1
                0x0000000080024c58       0x40 /usr/local/xenon/usr/lib/libxenon.a(xenon_config.o)
 .rodata.C.12.3393
                0x0000000080024c98       0x40 /usr/local/xenon/usr/lib/libxenon.a(xenos.o)
 .rodata.C.9.3384
                0x0000000080024cd8       0x44 /usr/local/xenon/usr/lib/libxenon.a(xenos.o)
 .rodata.CSWTCH.31
                0x0000000080024d1c       0x10 /usr/local/xenon/usr/lib/libxenon.a(xenos.o)
 .rodata.C.13.3412
                0x0000000080024d2c       0x5c /usr/local/xenon/usr/lib/libxenon.a(xenos.o)
 .rodata.str1.1
                0x0000000080024d88      0x1e0 /usr/local/xenon/usr/lib/libxenon.a(xenos.o)
 .rodata.__FUNCTION__.3423
                0x0000000080024f68       0x12 /usr/local/xenon/usr/lib/libxenon.a(xenos.o)
 *fill*         0x0000000080024f7a        0x6 00
 .rodata.__FUNCTION__.3628
                0x0000000080024f80       0x12 /usr/local/xenon/usr/lib/libxenon.a(xenos.o)
 *fill*         0x0000000080024f92        0x2 00
 .rodata.C.6.3364
                0x0000000080024f94       0x1c /usr/local/xenon/usr/lib/libxenon.a(xenos.o)
 .rodata.C.10.3385
                0x0000000080024fb0       0x44 /usr/local/xenon/usr/lib/libxenon.a(xenos.o)
 .rodata.ohci_xfer
                0x0000000080024ff4       0x50 /usr/local/xenon/usr/lib/libxenon.a(ohci.o)
 .rodata.ohci_root_ifdsc
                0x0000000080025044        0x9 /usr/local/xenon/usr/lib/libxenon.a(ohci.o)
 *fill*         0x000000008002504d        0x3 00
 .rodata.ohci_revbits
                0x0000000080025050       0x80 /usr/local/xenon/usr/lib/libxenon.a(ohci.o)
 .rodata.ohci_root_cfgdsc
                0x00000000800250d0        0x9 /usr/local/xenon/usr/lib/libxenon.a(ohci.o)
 .rodata.str1.1
                0x00000000800250d9       0x11 /usr/local/xenon/usr/lib/libxenon.a(ohci.o)
 .rodata.ohci_root_devdsc
                0x00000000800250ea       0x12 /usr/local/xenon/usr/lib/libxenon.a(ohci.o)
 .rodata.ohci_root_hubdsc
                0x00000000800250fc       0x47 /usr/local/xenon/usr/lib/libxenon.a(ohci.o)
 .rodata.ohci_root_epdsc
                0x0000000080025143        0x7 /usr/local/xenon/usr/lib/libxenon.a(ohci.o)
 .rodata.str1.1
                0x000000008002514a      0x100 /usr/local/xenon/usr/lib/libxenon.a(usbd.o)
 .rodata.str1.1
                0x000000008002524a       0x47 /usr/local/xenon/usr/lib/libxenon.a(usbdevs.o)
 .rodata.str1.1
                0x0000000080025291       0x4a /usr/local/xenon/usr/lib/libxenon.a(usbhid.o)
 *fill*         0x00000000800252db        0x1 00
 .rodata.usbhid_devtypes
                0x00000000800252dc        0xc /usr/local/xenon/usr/lib/libxenon.a(usbhid.o)
 .rodata.str1.1
                0x00000000800252e8      0x241 /usr/local/xenon/usr/lib/libxenon.a(usbhub.o)
                                        0x24a (size before relaxing)
 .rodata.str1.1
                0x0000000080025529       0x63 /usr/local/xenon/usr/lib/libxenon.a(usbmass.o)
 .rodata.str1.1
                0x000000008002558c      0x11d /usr/local/xenon/usr/lib/libxenon.a(xenon_sfcx.o)
 .rodata.str1.1
                0x00000000800256a9       0x78 /usr/local/xenon/usr/lib/libxenon.a(diskio.o)
                                         0x79 (size before relaxing)
 .rodata.str1.1
                0x0000000080025721       0xb3 /usr/local/xenon/usr/lib/libxenon.a(disk_rb.o)
 *fill*         0x00000000800257d4        0x4 00
 .rodata.fat_partition_types
                0x00000000800257d8        0xa /usr/local/xenon/usr/lib/libxenon.a(disk_rb.o)
 *fill*         0x00000000800257e2        0x6 00
 .rodata.invalid_chars.4665
                0x00000000800257e8       0x11 /usr/local/xenon/usr/lib/libxenon.a(fat_rb.o)
 *fill*         0x00000000800257f9        0x7 00
 .rodata.daysinmonth.4273
                0x0000000080025800        0xc /usr/local/xenon/usr/lib/libxenon.a(fat_rb.o)
 *fill*         0x000000008002580c        0x4 00
 .rodata.FATLONG_NAME_SIZE
                0x0000000080025810        0x3 /usr/local/xenon/usr/lib/libxenon.a(fat_rb.o)
 .rodata.str1.1
                0x0000000080025813      0x63d /usr/local/xenon/usr/lib/libxenon.a(fat_rb.o)
                                        0x642 (size before relaxing)
 .rodata.invalid_chars.4530
                0x0000000080025e50        0xa /usr/local/xenon/usr/lib/libxenon.a(fat_rb.o)
 *fill*         0x0000000080025e5a        0x6 00
 .rodata.FATLONG_NAME_POS
                0x0000000080025e60        0x3 /usr/local/xenon/usr/lib/libxenon.a(fat_rb.o)
 .rodata.str1.1
                0x0000000080025e63      0x1a4 /usr/local/xenon/usr/lib/libxenon.a(file_rb.o)
 .rodata.str1.1
                0x0000000080026007      0x112 /usr/local/xenon/usr/lib/libxenon.a(dir_rb.o)
                                        0x141 (size before relaxing)
 .rodata.str1.1
                0x0000000080026119       0xba /usr/local/xenon/usr/lib/libxenon.a(iso9660.o)
 .rodata.str1.1
                0x00000000800261d3       0x73 /usr/local/xenon/usr/lib/libxenon.a(usbctrl.o)
 .rodata.str1.1
                0x0000000080026246      0x61a /usr/local/xenon/usr/lib/libxenon.a(usbdebug.o)
                                        0x672 (size before relaxing)
 .rodata.eptattribs.3320
                0x0000000080026860       0x10 /usr/local/xenon/usr/lib/libxenon.a(usbdebug.o)
 .rodata.utf8comp
                0x0000000080026870        0x6 /usr/local/xenon/usr/lib/libxenon.a(unicode_rb.o)
 *fill*         0x0000000080026876        0x2 00
 .rodata.str1.4
                0x0000000080026878       0x3f /usr/local/xenon/xenon/lib/32/libc.a(lib_a-assert.o)
                                         0x43 (size before relaxing)
 *fill*         0x00000000800268b7        0x1 00
 .rodata        0x00000000800268b8      0x101 /usr/local/xenon/xenon/lib/32/libc.a(lib_a-ctype_.o)
                0x00000000800268b8                _ctype_
 *fill*         0x00000000800269b9        0x3 00
 .rodata.str1.4
                0x00000000800269bc        0x2 /usr/local/xenon/xenon/lib/32/libc.a(lib_a-impure.o)
 *fill*         0x00000000800269be        0x2 00
 .rodata.str1.4
                0x00000000800269c0        0x2 /usr/local/xenon/xenon/lib/32/libc.a(lib_a-puts.o)
 *fill*         0x00000000800269c2        0x2 00
 .rodata        0x00000000800269c4      0x184 /usr/local/xenon/xenon/lib/32/libc.a(lib_a-svfprintf.o)
 .rodata.cst4   0x0000000080026b48        0x4 /usr/local/xenon/xenon/lib/32/libc.a(lib_a-svfprintf.o)
 .rodata.str1.4
                0x0000000080026b4c       0x42 /usr/local/xenon/xenon/lib/32/libc.a(lib_a-svfprintf.o)
 *fill*         0x0000000080026b8e        0x2 00
 .rodata        0x0000000080026b90      0x184 /usr/local/xenon/xenon/lib/32/libc.a(lib_a-vfiprintf.o)
 .rodata.str1.4
                0x0000000000000000       0x2f /usr/local/xenon/xenon/lib/32/libc.a(lib_a-vfiprintf.o)
 .rodata        0x0000000080026d14      0x184 /usr/local/xenon/xenon/lib/32/libc.a(lib_a-vfprintf.o)
 .rodata.cst4   0x0000000000000000        0x4 /usr/local/xenon/xenon/lib/32/libc.a(lib_a-vfprintf.o)
 .rodata.str1.4
                0x0000000000000000       0x42 /usr/local/xenon/xenon/lib/32/libc.a(lib_a-vfprintf.o)
 .rodata.cst4   0x0000000080026e98       0x20 /usr/local/xenon/xenon/lib/32/libc.a(lib_a-dtoa.o)
                                         0x24 (size before relaxing)
 .rodata.cst8   0x0000000080026eb8       0x18 /usr/local/xenon/xenon/lib/32/libc.a(lib_a-dtoa.o)
 .rodata.str1.4
                0x0000000080026ed0       0x10 /usr/local/xenon/xenon/lib/32/libc.a(lib_a-dtoa.o)
                                         0x12 (size before relaxing)
 .rodata.str1.4
                0x0000000080026ee0       0x10 /usr/local/xenon/xenon/lib/32/libc.a(lib_a-locale.o)
                                         0x17 (size before relaxing)
 .rodata        0x0000000080026ef0      0x128 /usr/local/xenon/xenon/lib/32/libc.a(lib_a-mprec.o)
                0x0000000080026ff0                __mprec_tinytens
                0x0000000080026f00                __mprec_tens
                0x0000000080026fc8                __mprec_bigtens
 .rodata.cst4   0x0000000000000000        0x8 /usr/local/xenon/xenon/lib/32/libc.a(lib_a-mprec.o)

.ctors          0x0000000080027018        0x0
                0x0000000080027018                __CTOR_LIST__ = .
 *(.ctors)
                0x0000000080027018                __CTOR_END__ = .

.dtors          0x0000000080027018        0x0
                0x0000000080027018                __DTOR_LIST__ = .
 *(.dtors)
                0x0000000080027018                __DTOR_END__ = .

.eh_frame_hdr   0x0000000080027018      0xb74
 *(.eh_frame_hdr)
 .eh_frame_hdr  0x0000000080027018      0xb74 /usr/local/xenon/lib/gcc/xenon/4.4.0/../../../../xenon/lib/../lib/crt1.o

.eh_frame       0x0000000080027b8c     0x2e08
 *(.eh_frame)
 .eh_frame      0x0000000080027b8c       0x38 /usr/local/xenon/lib/gcc/xenon/4.4.0/../../../../xenon/lib/../lib/crt1.o
 .eh_frame      0x0000000080027bc4        0x0 /usr/local/xenon/lib/gcc/xenon/4.4.0/32/crtbegin.o
 .eh_frame      0x0000000080027bc4      0x13c main.o
                                        0x174 (size before relaxing)
 .eh_frame      0x0000000080027d00       0xa4 /usr/local/xenon/usr/lib/libxenon.a(console.o)
                                         0xe0 (size before relaxing)
 .eh_frame      0x0000000080027da4       0x3c /usr/local/xenon/usr/lib/libxenon.a(input.o)
                                         0x50 (size before relaxing)
 .eh_frame      0x0000000080027de0      0x180 /usr/local/xenon/usr/lib/libxenon.a(newlib.o)
                                        0x1f0 (size before relaxing)
 .eh_frame      0x0000000080027f60       0x5c /usr/local/xenon/usr/lib/libxenon.a(lib_malloc.o)
                                         0xc0 (size before relaxing)
 .eh_frame      0x0000000080027fbc       0x5c /usr/local/xenon/usr/lib/libxenon.a(usbmain.o)
                                         0x70 (size before relaxing)
 .eh_frame      0x0000000080028018      0x108 /usr/local/xenon/usr/lib/libxenon.a(xenon_smc.o)
                                        0x1a4 (size before relaxing)
 .eh_frame      0x0000000080028120       0xc4 /usr/local/xenon/usr/lib/libxenon.a(xenon_power.o)
                                        0x114 (size before relaxing)
 .eh_frame      0x00000000800281e4       0x20 /usr/local/xenon/usr/lib/libxenon.a(xenon_uart.o)
                                         0x5c (size before relaxing)
 .eh_frame      0x0000000080028204       0x48 /usr/local/xenon/usr/lib/libxenon.a(xenon_config.o)
                                         0x70 (size before relaxing)
 .eh_frame      0x000000008002824c      0x1a0 /usr/local/xenon/usr/lib/libxenon.a(xenos.o)
                                        0x1b4 (size before relaxing)
 .eh_frame      0x00000000800283ec       0x50 /usr/local/xenon/usr/lib/libxenon.a(io.o)
                                         0x64 (size before relaxing)
 .eh_frame      0x000000008002843c       0x3c /usr/local/xenon/usr/lib/libxenon.a(time.o)
                                         0x50 (size before relaxing)
 .eh_frame      0x0000000080028478      0x1d8 /usr/local/xenon/usr/lib/libxenon.a(ohci.o)
                                        0x1ec (size before relaxing)
 .eh_frame      0x0000000080028650      0x374 /usr/local/xenon/usr/lib/libxenon.a(usbd.o)
                                        0x3bc (size before relaxing)
 .eh_frame      0x00000000800289c4       0x24 /usr/local/xenon/usr/lib/libxenon.a(usbdevs.o)
                                         0x38 (size before relaxing)
 .eh_frame      0x00000000800289e8       0x7c /usr/local/xenon/usr/lib/libxenon.a(usbhid.o)
                                         0x90 (size before relaxing)
 .eh_frame      0x0000000080028a64      0x144 /usr/local/xenon/usr/lib/libxenon.a(usbhub.o)
                                        0x190 (size before relaxing)
 .eh_frame      0x0000000080028ba8       0xe4 /usr/local/xenon/usr/lib/libxenon.a(usbmass.o)
                                        0x124 (size before relaxing)
 .eh_frame      0x0000000080028c8c       0x48 /usr/local/xenon/usr/lib/libxenon.a(xenon_gpio.o)
                                         0x7c (size before relaxing)
 .eh_frame      0x0000000080028cd4       0x70 /usr/local/xenon/usr/lib/libxenon.a(xenon_sfcx.o)
                                        0x1e8 (size before relaxing)
 .eh_frame      0x0000000080028d44      0x118 /usr/local/xenon/usr/lib/libxenon.a(diskio.o)
                                        0x18c (size before relaxing)
 .eh_frame      0x0000000080028e5c       0x9c /usr/local/xenon/usr/lib/libxenon.a(disk_rb.o)
                                         0xf0 (size before relaxing)
 .eh_frame      0x0000000080028ef8      0x434 /usr/local/xenon/usr/lib/libxenon.a(fat_rb.o)
                                        0x564 (size before relaxing)
 .eh_frame      0x000000008002932c      0x148 /usr/local/xenon/usr/lib/libxenon.a(file_rb.o)
                                        0x1d4 (size before relaxing)
 .eh_frame      0x0000000080029474       0x64 /usr/local/xenon/usr/lib/libxenon.a(dir_rb.o)
                                         0xd4 (size before relaxing)
 .eh_frame      0x00000000800294d8      0x1c0 /usr/local/xenon/usr/lib/libxenon.a(iso9660.o)
                                        0x1d4 (size before relaxing)
 .eh_frame      0x0000000080029698       0x28 /usr/local/xenon/usr/lib/libxenon.a(lib_queue.o)
                                         0xa0 (size before relaxing)
 .eh_frame      0x00000000800296c0       0x60 /usr/local/xenon/usr/lib/libxenon.a(usbctrl.o)
                                         0x74 (size before relaxing)
 .eh_frame      0x0000000080029720       0x94 /usr/local/xenon/usr/lib/libxenon.a(usbdebug.o)
                                        0x104 (size before relaxing)
 .eh_frame      0x00000000800297b4       0x3c /usr/local/xenon/usr/lib/libxenon.a(unicode_rb.o)
                                         0xac (size before relaxing)
 .eh_frame      0x00000000800297f0       0x38 /usr/local/xenon/xenon/lib/32/libc.a(lib_a-assert.o)
                                         0x4c (size before relaxing)
 .eh_frame      0x0000000080029828       0x30 /usr/local/xenon/xenon/lib/32/libc.a(lib_a-atoi.o)
                                         0x44 (size before relaxing)
 .eh_frame      0x0000000080029858       0x20 /usr/local/xenon/xenon/lib/32/libc.a(lib_a-errno.o)
                                         0x34 (size before relaxing)
 .eh_frame      0x0000000080029878       0x24 /usr/local/xenon/xenon/lib/32/libc.a(lib_a-exit.o)
                                         0x38 (size before relaxing)
 .eh_frame      0x000000008002989c       0x38 /usr/local/xenon/xenon/lib/32/libc.a(lib_a-fiprintf.o)
                                         0x4c (size before relaxing)
 .eh_frame      0x00000000800298d4       0x40 /usr/local/xenon/xenon/lib/32/libc.a(lib_a-malloc.o)
                                         0x54 (size before relaxing)
 .eh_frame      0x0000000080029914       0x34 /usr/local/xenon/xenon/lib/32/libc.a(lib_a-mallocr.o)
                                         0x48 (size before relaxing)
 .eh_frame      0x0000000080029948       0x1c /usr/local/xenon/xenon/lib/32/libc.a(lib_a-memchr.o)
                                         0x30 (size before relaxing)
 .eh_frame      0x0000000080029964       0x1c /usr/local/xenon/xenon/lib/32/libc.a(lib_a-memcmp.o)
                                         0x30 (size before relaxing)
 .eh_frame      0x0000000080029980       0x1c /usr/local/xenon/xenon/lib/32/libc.a(lib_a-memcpy.o)
                                         0x30 (size before relaxing)
 .eh_frame      0x000000008002999c       0x1c /usr/local/xenon/xenon/lib/32/libc.a(lib_a-memset.o)
                                         0x30 (size before relaxing)
 .eh_frame      0x00000000800299b8       0x28 /usr/local/xenon/xenon/lib/32/libc.a(lib_a-mlock.o)
                                         0x3c (size before relaxing)
 .eh_frame      0x00000000800299e0       0x38 /usr/local/xenon/xenon/lib/32/libc.a(lib_a-printf.o)
                                         0x4c (size before relaxing)
 .eh_frame      0x0000000080029a18       0x38 /usr/local/xenon/xenon/lib/32/libc.a(lib_a-putchar.o)
                                         0x4c (size before relaxing)
 .eh_frame      0x0000000080029a50       0x48 /usr/local/xenon/xenon/lib/32/libc.a(lib_a-putc.o)
                                         0x5c (size before relaxing)
 .eh_frame      0x0000000080029a98       0x44 /usr/local/xenon/xenon/lib/32/libc.a(lib_a-puts.o)
                                         0x58 (size before relaxing)
 .eh_frame      0x0000000080029adc       0x24 /usr/local/xenon/xenon/lib/32/libc.a(lib_a-sbrkr.o)
                                         0x38 (size before relaxing)
 .eh_frame      0x0000000080029b00       0x50 /usr/local/xenon/xenon/lib/32/libc.a(lib_a-snprintf.o)
                                         0x64 (size before relaxing)
 .eh_frame      0x0000000080029b50       0x40 /usr/local/xenon/xenon/lib/32/libc.a(lib_a-sprintf.o)
                                         0x54 (size before relaxing)
 .eh_frame      0x0000000080029b90       0x1c /usr/local/xenon/xenon/lib/32/libc.a(lib_a-strcasecmp.o)
                                         0x30 (size before relaxing)
 .eh_frame      0x0000000080029bac       0x20 /usr/local/xenon/xenon/lib/32/libc.a(lib_a-strcat.o)
                                         0x34 (size before relaxing)
 .eh_frame      0x0000000080029bcc       0x1c /usr/local/xenon/xenon/lib/32/libc.a(lib_a-strchr.o)
                                         0x30 (size before relaxing)
 .eh_frame      0x0000000080029be8       0x1c /usr/local/xenon/xenon/lib/32/libc.a(lib_a-strcmp.o)
                                         0x30 (size before relaxing)
 .eh_frame      0x0000000080029c04       0x1c /usr/local/xenon/xenon/lib/32/libc.a(lib_a-strcpy.o)
                                         0x30 (size before relaxing)
 .eh_frame      0x0000000080029c20       0x1c /usr/local/xenon/xenon/lib/32/libc.a(lib_a-strlcpy.o)
                                         0x30 (size before relaxing)
 .eh_frame      0x0000000080029c3c       0x1c /usr/local/xenon/xenon/lib/32/libc.a(lib_a-strlen.o)
                                         0x30 (size before relaxing)
 .eh_frame      0x0000000080029c58       0x28 /usr/local/xenon/xenon/lib/32/libc.a(lib_a-strncasecmp.o)
                                         0x3c (size before relaxing)
 .eh_frame      0x0000000080029c80       0x1c /usr/local/xenon/xenon/lib/32/libc.a(lib_a-strncmp.o)
                                         0x30 (size before relaxing)
 .eh_frame      0x0000000080029c9c       0x1c /usr/local/xenon/xenon/lib/32/libc.a(lib_a-strncpy.o)
                                         0x30 (size before relaxing)
 .eh_frame      0x0000000080029cb8       0x20 /usr/local/xenon/xenon/lib/32/libc.a(lib_a-strrchr.o)
                                         0x34 (size before relaxing)
 .eh_frame      0x0000000080029cd8       0x34 /usr/local/xenon/xenon/lib/32/libc.a(lib_a-strtok_r.o)
                                         0x48 (size before relaxing)
 .eh_frame      0x0000000080029d0c       0x50 /usr/local/xenon/xenon/lib/32/libc.a(lib_a-strtol.o)
                                         0x64 (size before relaxing)
 .eh_frame      0x0000000080029d5c       0x84 /usr/local/xenon/xenon/lib/32/libc.a(lib_a-svfprintf.o)
                                         0x98 (size before relaxing)
 .eh_frame      0x0000000080029de0       0x88 /usr/local/xenon/xenon/lib/32/libc.a(lib_a-vfiprintf.o)
                                         0x9c (size before relaxing)
 .eh_frame      0x0000000080029e68       0x8c /usr/local/xenon/xenon/lib/32/libc.a(lib_a-vfprintf.o)
                                         0xa0 (size before relaxing)
 .eh_frame      0x0000000080029ef4       0x48 /usr/local/xenon/xenon/lib/32/libc.a(lib_a-wbuf.o)
                                         0x5c (size before relaxing)
 .eh_frame      0x0000000080029f3c       0x24 /usr/local/xenon/xenon/lib/32/libc.a(lib_a-wsetup.o)
                                         0x38 (size before relaxing)
 .eh_frame      0x0000000080029f60       0x18 /usr/local/xenon/xenon/lib/32/libc.a(lib_a-abort.o)
                                         0x2c (size before relaxing)
 .eh_frame      0x0000000080029f78       0x40 /usr/local/xenon/xenon/lib/32/libc.a(lib_a-__call_atexit.o)
                                         0x54 (size before relaxing)
 .eh_frame      0x0000000080029fb8       0x80 /usr/local/xenon/xenon/lib/32/libc.a(lib_a-dtoa.o)
                                         0x94 (size before relaxing)
 .eh_frame      0x000000008002a038       0x48 /usr/local/xenon/xenon/lib/32/libc.a(lib_a-fflush.o)
                                         0x5c (size before relaxing)
 .eh_frame      0x000000008002a080      0x190 /usr/local/xenon/xenon/lib/32/libc.a(lib_a-findfp.o)
                                        0x1a4 (size before relaxing)
 .eh_frame      0x000000008002a210       0x4c /usr/local/xenon/xenon/lib/32/libc.a(lib_a-freer.o)
                                         0x60 (size before relaxing)
 .eh_frame      0x000000008002a25c       0x34 /usr/local/xenon/xenon/lib/32/libc.a(lib_a-fvwrite.o)
                                         0x48 (size before relaxing)
 .eh_frame      0x000000008002a290       0x54 /usr/local/xenon/xenon/lib/32/libc.a(lib_a-fwalk.o)
                                         0x68 (size before relaxing)
 .eh_frame      0x000000008002a2e4       0xa8 /usr/local/xenon/xenon/lib/32/libc.a(lib_a-locale.o)
                                         0xbc (size before relaxing)
 .eh_frame      0x000000008002a38c       0x28 /usr/local/xenon/xenon/lib/32/libc.a(lib_a-makebuf.o)
                                         0x3c (size before relaxing)
 .eh_frame      0x000000008002a3b4       0x1c /usr/local/xenon/xenon/lib/32/libc.a(lib_a-memmove.o)
                                         0x30 (size before relaxing)
 .eh_frame      0x000000008002a3d0      0x270 /usr/local/xenon/xenon/lib/32/libc.a(lib_a-mprec.o)
                                        0x284 (size before relaxing)
 .eh_frame      0x000000008002a640       0x38 /usr/local/xenon/xenon/lib/32/libc.a(lib_a-reallocr.o)
                                         0x4c (size before relaxing)
 .eh_frame      0x000000008002a678        0x0 /usr/local/xenon/xenon/lib/32/libc.a(lib_a-reent.o)
                                         0x84 (size before relaxing)
 .eh_frame      0x000000008002a678      0x104 /usr/local/xenon/xenon/lib/32/libc.a(lib_a-signal.o)
                                        0x118 (size before relaxing)
 .eh_frame      0x000000008002a77c       0x3c /usr/local/xenon/xenon/lib/32/libc.a(lib_a-signalr.o)
                                         0x50 (size before relaxing)
 .eh_frame      0x000000008002a7b8       0x14 /usr/local/xenon/xenon/lib/32/libc.a(lib_a-s_isinfd.o)
                                         0x28 (size before relaxing)
 .eh_frame      0x000000008002a7cc       0x14 /usr/local/xenon/xenon/lib/32/libc.a(lib_a-s_isnand.o)
                                         0x28 (size before relaxing)
 .eh_frame      0x000000008002a7e0       0x74 /usr/local/xenon/xenon/lib/32/libc.a(lib_a-stdio.o)
                                         0x88 (size before relaxing)
 .eh_frame      0x000000008002a854       0x24 /usr/local/xenon/xenon/lib/32/libc.a(lib_a-writer.o)
                                         0x38 (size before relaxing)
 .eh_frame      0x000000008002a878       0x1c /usr/local/xenon/xenon/lib/32/libc.a(lib_a-callocr.o)
                                         0x30 (size before relaxing)
 .eh_frame      0x000000008002a894       0x24 /usr/local/xenon/xenon/lib/32/libc.a(lib_a-closer.o)
                                         0x38 (size before relaxing)
 .eh_frame      0x000000008002a8b8       0x48 /usr/local/xenon/xenon/lib/32/libc.a(lib_a-fclose.o)
                                         0x5c (size before relaxing)
 .eh_frame      0x000000008002a900       0x24 /usr/local/xenon/xenon/lib/32/libc.a(lib_a-fstatr.o)
                                         0x38 (size before relaxing)
 .eh_frame      0x000000008002a924       0x24 /usr/local/xenon/xenon/lib/32/libc.a(lib_a-isattyr.o)
                                         0x38 (size before relaxing)
 .eh_frame      0x000000008002a948       0x24 /usr/local/xenon/xenon/lib/32/libc.a(lib_a-lseekr.o)
                                         0x38 (size before relaxing)
 .eh_frame      0x000000008002a96c       0x24 /usr/local/xenon/xenon/lib/32/libc.a(lib_a-readr.o)
                                         0x38 (size before relaxing)
 .eh_frame      0x000000008002a990        0x4 /usr/local/xenon/lib/gcc/xenon/4.4.0/32/crtend.o

.rela.dyn       0x000000008002a994        0x0
 .rela.text.call_ctors
                0x0000000000000000        0x0 /usr/local/xenon/lib/gcc/xenon/4.4.0/../../../../xenon/lib/../lib/crt1.o
 .rela.got2     0x0000000000000000        0x0 /usr/local/xenon/lib/gcc/xenon/4.4.0/../../../../xenon/lib/../lib/crt1.o
 .rela.text.load_dir
                0x0000000000000000        0x0 /usr/local/xenon/lib/gcc/xenon/4.4.0/../../../../xenon/lib/../lib/crt1.o
 .rela.text     0x0000000000000000        0x0 /usr/local/xenon/lib/gcc/xenon/4.4.0/../../../../xenon/lib/../lib/crt1.o
 .rela.text.console_close
                0x0000000000000000        0x0 /usr/local/xenon/lib/gcc/xenon/4.4.0/../../../../xenon/lib/../lib/crt1.o
 .rela.text.console_init
                0x0000000000000000        0x0 /usr/local/xenon/lib/gcc/xenon/4.4.0/../../../../xenon/lib/../lib/crt1.o
 .rela.text.sbrk
                0x0000000000000000        0x0 /usr/local/xenon/lib/gcc/xenon/4.4.0/../../../../xenon/lib/../lib/crt1.o
 .rela.text.kmem_init
                0x0000000000000000        0x0 /usr/local/xenon/lib/gcc/xenon/4.4.0/../../../../xenon/lib/../lib/crt1.o
 .rela.text.usb_do_poll
                0x0000000000000000        0x0 /usr/local/xenon/lib/gcc/xenon/4.4.0/../../../../xenon/lib/../lib/crt1.o
 .rela.text.usb_init_one_ohci
                0x0000000000000000        0x0 /usr/local/xenon/lib/gcc/xenon/4.4.0/../../../../xenon/lib/../lib/crt1.o
 .rela.text.xenon_config_init
                0x0000000000000000        0x0 /usr/local/xenon/lib/gcc/xenon/4.4.0/../../../../xenon/lib/../lib/crt1.o
 .rela.text._ohci_dma_alloc
                0x0000000000000000        0x0 /usr/local/xenon/lib/gcc/xenon/4.4.0/../../../../xenon/lib/../lib/crt1.o
 .rela.text.ohci_create
                0x0000000000000000        0x0 /usr/local/xenon/lib/gcc/xenon/4.4.0/../../../../xenon/lib/../lib/crt1.o
 .rela.text.usb_create_pipe
                0x0000000000000000        0x0 /usr/local/xenon/lib/gcc/xenon/4.4.0/../../../../xenon/lib/../lib/crt1.o
 .rela.text.usb_free_request
                0x0000000000000000        0x0 /usr/local/xenon/lib/gcc/xenon/4.4.0/../../../../xenon/lib/../lib/crt1.o
 .rela.text.usb_destroy_all_pipes
                0x0000000000000000        0x0 /usr/local/xenon/lib/gcc/xenon/4.4.0/../../../../xenon/lib/../lib/crt1.o
 .rela.text.usb_destroy_device
                0x0000000000000000        0x0 /usr/local/xenon/lib/gcc/xenon/4.4.0/../../../../xenon/lib/../lib/crt1.o
 .rela.text.usb_destroy_pipe
                0x0000000000000000        0x0 /usr/local/xenon/lib/gcc/xenon/4.4.0/../../../../xenon/lib/../lib/crt1.o
 .rela.text.usb_make_request
                0x0000000000000000        0x0 /usr/local/xenon/lib/gcc/xenon/4.4.0/../../../../xenon/lib/../lib/crt1.o
 .rela.text.usb_clear_stall
                0x0000000000000000        0x0 /usr/local/xenon/lib/gcc/xenon/4.4.0/../../../../xenon/lib/../lib/crt1.o
 .rela.text.usb_std_request
                0x0000000000000000        0x0 /usr/local/xenon/lib/gcc/xenon/4.4.0/../../../../xenon/lib/../lib/crt1.o
 .rela.text.usb_get_string