Archive member included because of file (symbol)

/usr/local/xenon/usr/lib/libxenon.a(startup_from_xell.o)
                              (_start)
/usr/local/xenon/usr/lib/libxenon.a(console.o)
                              main.o (console_set_colors)
/usr/local/xenon/usr/lib/libxenon.a(input.o)
                              main.o (get_controller_data)
/usr/local/xenon/usr/lib/libxenon.a(newlib.o)
                              (read)
/usr/local/xenon/usr/lib/libxenon.a(lib_malloc.o)
                              main.o (kmem_init)
/usr/local/xenon/usr/lib/libxenon.a(atomic.o)
                              /usr/local/xenon/usr/lib/libxenon.a(startup_from_xell.o) (atomic_clearset)
/usr/local/xenon/usr/lib/libxenon.a(cache.o)
                              /usr/local/xenon/usr/lib/libxenon.a(console.o) (memdcbst)
/usr/local/xenon/usr/lib/libxenon.a(except.o)
                              (exc_base)
/usr/local/xenon/usr/lib/libxenon.a(vm.o)
                              /usr/local/xenon/usr/lib/libxenon.a(except.o) (pagetable)
/usr/local/xenon/usr/lib/libxenon.a(usbmain.o)
                              main.o (usb_do_poll)
/usr/local/xenon/usr/lib/libxenon.a(xenon_smc.o)
                              main.o (xenon_smc_receive_response)
/usr/local/xenon/usr/lib/libxenon.a(xenon_uart.o)
                              /usr/local/xenon/usr/lib/libxenon.a(newlib.o) (putch)
/usr/local/xenon/usr/lib/libxenon.a(xenos.o)
                              /usr/local/xenon/usr/lib/libxenon.a(console.o) (xenos_is_overscan)
/usr/local/xenon/usr/lib/libxenon.a(io.o)
                              /usr/local/xenon/usr/lib/libxenon.a(xenon_smc.o) (read32n)
/usr/local/xenon/usr/lib/libxenon.a(time.o)
                              /usr/local/xenon/usr/lib/libxenon.a(xenos.o) (udelay)
/usr/local/xenon/usr/lib/libxenon.a(ohci.o)
                              /usr/local/xenon/usr/lib/libxenon.a(usbmain.o) (ohci_driver)
/usr/local/xenon/usr/lib/libxenon.a(usbd.o)
                              /usr/local/xenon/usr/lib/libxenon.a(usbmain.o) (usb_poll)
/usr/local/xenon/usr/lib/libxenon.a(usbdevs.o)
                              /usr/local/xenon/usr/lib/libxenon.a(usbd.o) (usb_find_driver)
/usr/local/xenon/usr/lib/libxenon.a(usbhid.o)
                              /usr/local/xenon/usr/lib/libxenon.a(usbdevs.o) (usbhid_driver)
/usr/local/xenon/usr/lib/libxenon.a(usbhub.o)
                              /usr/local/xenon/usr/lib/libxenon.a(usbd.o) (usb_scan)
/usr/local/xenon/usr/lib/libxenon.a(usbmass.o)
                              /usr/local/xenon/usr/lib/libxenon.a(usbdevs.o) (usbmass_driver)
/usr/local/xenon/usr/lib/libxenon.a(xenon_gpio.o)
                              /usr/local/xenon/usr/lib/libxenon.a(xenos.o) (xenon_gpio_set)
/usr/local/xenon/usr/lib/libxenon.a(xenon_config.o)
                              /usr/local/xenon/usr/lib/libxenon.a(xenos.o) (xenon_config_get_avregion)
/usr/local/xenon/usr/lib/libxenon.a(diskio.o)
                              /usr/local/xenon/usr/lib/libxenon.a(usbmass.o) (unregister_bdev)
/usr/local/xenon/usr/lib/libxenon.a(disk_rb.o)
                              /usr/local/xenon/usr/lib/libxenon.a(diskio.o) (disk_mount)
/usr/local/xenon/usr/lib/libxenon.a(fat_rb.o)
                              /usr/local/xenon/usr/lib/libxenon.a(diskio.o) (fat_init)
/usr/local/xenon/usr/lib/libxenon.a(file_rb.o)
                              /usr/local/xenon/usr/lib/libxenon.a(disk_rb.o) (release_files)
/usr/local/xenon/usr/lib/libxenon.a(dir_rb.o)
                              /usr/local/xenon/usr/lib/libxenon.a(disk_rb.o) (release_dirs)
/usr/local/xenon/usr/lib/libxenon.a(iso9660.o)
                              /usr/local/xenon/usr/lib/libxenon.a(diskio.o) (vfs_iso9660_mount_ops)
/usr/local/xenon/usr/lib/libxenon.a(lib_queue.o)
                              /usr/local/xenon/usr/lib/libxenon.a(ohci.o) (q_enqueue)
/usr/local/xenon/usr/lib/libxenon.a(usbctrl.o)
                              /usr/local/xenon/usr/lib/libxenon.a(usbdevs.o) (usbctrl_driver)
/usr/local/xenon/usr/lib/libxenon.a(usbdebug.o)
                              /usr/local/xenon/usr/lib/libxenon.a(usbhub.o) (usb_dbg_showdevice)
/usr/local/xenon/usr/lib/libxenon.a(unicode_rb.o)
                              /usr/local/xenon/usr/lib/libxenon.a(fat_rb.o) (utf8encode)
/usr/local/xenon/usr/lib/libxenon.a(xenon_sfcx.o)
                              /usr/local/xenon/usr/lib/libxenon.a(xenon_config.o) (sfcx_init)
/usr/local/xenon/xenon/lib/32/libc.a(lib_a-assert.o)
                              /usr/local/xenon/usr/lib/libxenon.a(xenos.o) (__assert_func)
/usr/local/xenon/xenon/lib/32/libc.a(lib_a-atoi.o)
                              /usr/local/xenon/usr/lib/libxenon.a(fat_rb.o) (atoi)
/usr/local/xenon/xenon/lib/32/libc.a(lib_a-ctype_.o)
                              /usr/local/xenon/usr/lib/libxenon.a(fat_rb.o) (__ctype_ptr__)
/usr/local/xenon/xenon/lib/32/libc.a(lib_a-errno.o)
                              /usr/local/xenon/usr/lib/libxenon.a(newlib.o) (__errno)
[...]
Memory Configuration

Name             Origin             Length             Attributes
*default*        0x0000000000000000 0xffffffffffffffff

Linker script and memory map

LOAD /usr/local/xenon/lib/gcc/xenon/4.4.0/../../../../xenon/lib/../lib/crt1.o
LOAD /usr/local/xenon/lib/gcc/xenon/4.4.0/../../../../xenon/lib/../lib/crti.o
LOAD /usr/local/xenon/lib/gcc/xenon/4.4.0/32/crtbegin.o
LOAD main.o
LOAD /usr/local/xenon/usr/lib/libxenon.a
LOAD /usr/local/xenon/xenon/lib/32/libm.a
LOAD /usr/local/xenon/lib/gcc/xenon/4.4.0/32/libgcc.a
LOAD /usr/local/xenon/xenon/lib/32/libc.a
LOAD /usr/local/xenon/lib/gcc/xenon/4.4.0/32/libgcc.a
LOAD /usr/local/xenon/lib/gcc/xenon/4.4.0/32/crtend.o
LOAD /usr/local/xenon/lib/gcc/xenon/4.4.0/../../../../xenon/lib/../lib/crtn.o
                0x0000000080000000                . = 0x80000000

.text           0x0000000080000000    0x1d4bc
 *(.except*)
 .except        0x0000000080000000     0x1d50 /usr/local/xenon/usr/lib/libxenon.a(except.o)
                0x0000000080000000                secondary_lock
                0x0000000080000000                exc_base
                0x0000000080000004                secondary_alive
 *(.pagetable)
 .pagetable     0x0000000080001d50       0x40 /usr/local/xenon/usr/lib/libxenon.a(vm.o)
                0x0000000080001d50                pagetable
 *(.text*)
 .text.call_ctors
                0x0000000080001d90       0x58 /usr/local/xenon/lib/gcc/xenon/4.4.0/../../../../xenon/lib/../lib/crt1.o
                0x0000000080001d90                call_ctors
 .text.xenon_set_gpu_fan_speed
                0x0000000080001de8       0x44 main.o
                0x0000000080001de8                xenon_set_gpu_fan_speed
 *fill*         0x0000000080001e2c        0x4 00
 .text.xenon_set_cpu_fan_speed
                0x0000000080001e30       0x44 main.o
                0x0000000080001e30                xenon_set_cpu_fan_speed
 *fill*         0x0000000080001e74        0x4 00
 .text.regulateTemperatures
                0x0000000080001e78      0x104 main.o
                0x0000000080001e78                regulateTemperatures
 *fill*         0x0000000080001f7c        0x4 00
 .text.printTemperatures
                0x0000000080001f80      0x130 main.o
                0x0000000080001f80                printTemperatures
 .text.setASCII
                0x00000000800020b0       0x78 main.o
                0x00000000800020b0                setASCII
 .text.clearScreen
                0x0000000080002128       0x40 main.o
                0x0000000080002128                clearScreen
 .text.reDash   0x0000000080002168       0x60 main.o
                0x0000000080002168                reDash
 .text.shutdownConsole
                0x00000000800021c8       0x20 main.o
                0x00000000800021c8                shutdownConsole
 .text.mainInit
                0x00000000800021e8       0x40 main.o
                0x00000000800021e8                mainInit
 .text.main     0x0000000080002228      0x1a0 main.o
                0x0000000080002228                main
 *fill*         0x00000000800023c8       0x38 00
 .text          0x0000000080002400      0x2f0 /usr/local/xenon/usr/lib/libxenon.a(startup_from_xell.o)
                0x00000000800025d4                wait
                0x0000000080002400                _start
                0x0000000080002648                return_to_xell
 .text.console_set_colors
                0x00000000800026f0       0x14 /usr/local/xenon/usr/lib/libxenon.a(console.o)
                0x00000000800026f0                console_set_colors
 .text.console_init
                0x0000000080002704      0x1c4 /usr/local/xenon/usr/lib/libxenon.a(console.o)
                0x0000000080002704                console_init
 .text.console_newline
                0x00000000800028c8      0x118 /usr/local/xenon/usr/lib/libxenon.a(console.o)
                0x00000000800028c8                console_newline
 .text.console_putch
                0x00000000800029e0      0x18c /usr/local/xenon/usr/lib/libxenon.a(console.o)
                0x00000000800029e0                console_putch
 .text.console_stdout_hook
                0x0000000080002b6c       0x50 /usr/local/xenon/usr/lib/libxenon.a(console.o)
 .text.get_controller_data
                0x0000000080002bbc       0x68 /usr/local/xenon/usr/lib/libxenon.a(input.o)
                0x0000000080002bbc                get_controller_data
 .text.set_controller_data
                0x0000000080002c24       0x5c /usr/local/xenon/usr/lib/libxenon.a(input.o)
                0x0000000080002c24                set_controller_data
 .text.vfs_console_isatty
                0x0000000080002c80        0x8 /usr/local/xenon/usr/lib/libxenon.a(newlib.o)
                0x0000000080002c80                vfs_console_isatty
 .text.umount   0x0000000080002c88       0x54 /usr/local/xenon/usr/lib/libxenon.a(newlib.o)
                0x0000000080002c88                umount
 .text.sbrk     0x0000000080002cdc       0x34 /usr/local/xenon/usr/lib/libxenon.a(newlib.o)
                0x0000000080002cdc                sbrk
 .text.getpid   0x0000000080002d10        0x8 /usr/local/xenon/usr/lib/libxenon.a(newlib.o)
                0x0000000080002d10                getpid
 .text.kill     0x0000000080002d18        0x8 /usr/local/xenon/usr/lib/libxenon.a(newlib.o)
                0x0000000080002d18                kill
 .text.read     0x0000000080002d20       0x88 /usr/local/xenon/usr/lib/libxenon.a(newlib.o)
                0x0000000080002d20                read
 .text.lseek    0x0000000080002da8       0x88 /usr/local/xenon/usr/lib/libxenon.a(newlib.o)
                0x0000000080002da8                lseek
 .text.isatty   0x0000000080002e30       0x7c /usr/local/xenon/usr/lib/libxenon.a(newlib.o)
                0x0000000080002e30                isatty
 .text.fstat    0x0000000080002eac       0x8c /usr/local/xenon/usr/lib/libxenon.a(newlib.o)
                0x0000000080002eac                fstat
 .text.write    0x0000000080002f38       0x94 /usr/local/xenon/usr/lib/libxenon.a(newlib.o)
                0x0000000080002f38                write
 .text._exit    0x0000000080002fcc       0x24 /usr/local/xenon/usr/lib/libxenon.a(newlib.o)
                0x0000000080002fcc                _exit
 .text.close    0x0000000080002ff0       0x94 /usr/local/xenon/usr/lib/libxenon.a(newlib.o)
                0x0000000080002ff0                close
 .text.mount    0x0000000080003084       0xdc /usr/local/xenon/usr/lib/libxenon.a(newlib.o)
                0x0000000080003084                mount
 .text.vfs_console_open
                0x0000000080003160       0x54 /usr/local/xenon/usr/lib/libxenon.a(newlib.o)
                0x0000000080003160                vfs_console_open
 .text.vfs_console_write
                0x00000000800031b4       0x7c /usr/local/xenon/usr/lib/libxenon.a(newlib.o)
                0x00000000800031b4                vfs_console_write
 .text.kfree    0x0000000080003230       0xb4 /usr/local/xenon/usr/lib/libxenon.a(lib_malloc.o)
                0x0000000080003230                kfree
 .text.kmem_init
                0x00000000800032e4       0x8c /usr/local/xenon/usr/lib/libxenon.a(lib_malloc.o)
                0x00000000800032e4                kmem_init
 .text.lib_outofmemory
                0x0000000080003370       0x28 /usr/local/xenon/usr/lib/libxenon.a(lib_malloc.o)
                0x0000000080003370                lib_outofmemory
 .text.kmalloc  0x0000000080003398      0x14c /usr/local/xenon/usr/lib/libxenon.a(lib_malloc.o)
                0x0000000080003398                kmalloc
 .text          0x00000000800034e4       0x68 /usr/local/xenon/usr/lib/libxenon.a(atomic.o)
                0x000000008000350c                atomic_clearset
                0x0000000080003524                lock
                0x00000000800034f8                atomic_dec
                0x0000000080003540                unlock
                0x00000000800034e4                atomic_inc
 .text          0x000000008000354c       0x80 /usr/local/xenon/usr/lib/libxenon.a(cache.o)
                0x0000000080003574                memdcbf
                0x000000008000359c                memicbi
                0x000000008000354c                memdcbst
 .text.usb_do_poll
                0x00000000800035cc       0xb0 /usr/local/xenon/usr/lib/libxenon.a(usbmain.o)
                0x00000000800035cc                usb_do_poll
 .text.usb_init_one_ohci
                0x000000008000367c       0xe4 /usr/local/xenon/usr/lib/libxenon.a(usbmain.o)
 .text.usb_init
                0x0000000080003760      0x164 /usr/local/xenon/usr/lib/libxenon.a(usbmain.o)
                0x0000000080003760                usb_init
 .text.xenon_smc_handle_bulk
                0x00000000800038c4       0x98 /usr/local/xenon/usr/lib/libxenon.a(xenon_smc.o)
                0x00000000800038c4                xenon_smc_handle_bulk
 .text.xenon_smc_receive_message
                0x000000008000395c       0x90 /usr/local/xenon/usr/lib/libxenon.a(xenon_smc.o)
                0x000000008000395c                xenon_smc_receive_message
 .text.xenon_smc_receive_response
                0x00000000800039ec       0x50 /usr/local/xenon/usr/lib/libxenon.a(xenon_smc.o)
                0x00000000800039ec                xenon_smc_receive_response
 .text.xenon_smc_send_message
                0x0000000080003a3c       0xa0 /usr/local/xenon/usr/lib/libxenon.a(xenon_smc.o)
                0x0000000080003a3c                xenon_smc_send_message
 .text.xenon_smc_read_avpack
                0x0000000080003adc       0x54 /usr/local/xenon/usr/lib/libxenon.a(xenon_smc.o)
                0x0000000080003adc                xenon_smc_read_avpack
 .text.xenon_smc_power_shutdown
                0x0000000080003b30       0x40 /usr/local/xenon/usr/lib/libxenon.a(xenon_smc.o)
                0x0000000080003b30                xenon_smc_power_shutdown
 .text.xenon_smc_set_power_led
                0x0000000080003b70       0x5c /usr/local/xenon/usr/lib/libxenon.a(xenon_smc.o)
                0x0000000080003b70                xenon_smc_set_power_led
 .text.xenon_smc_i2c_write
                0x0000000080003bcc       0xac /usr/local/xenon/usr/lib/libxenon.a(xenon_smc.o)
                0x0000000080003bcc                xenon_smc_i2c_write
 .text.xenon_smc_ana_read
                0x0000000080003c78       0xdc /usr/local/xenon/usr/lib/libxenon.a(xenon_smc.o)
                0x0000000080003c78                xenon_smc_ana_read
 .text.xenon_smc_ana_write
                0x0000000080003d54       0xb0 /usr/local/xenon/usr/lib/libxenon.a(xenon_smc.o)
                0x0000000080003d54                xenon_smc_ana_write
 .text.putch    0x0000000080003e04       0x60 /usr/local/xenon/usr/lib/libxenon.a(xenon_uart.o)
                0x0000000080003e04                putch
 .text.xenos_is_overscan
                0x0000000080003e64       0x50 /usr/local/xenon/usr/lib/libxenon.a(xenos.o)
                0x0000000080003e64                xenos_is_overscan
 .text.xenos_read32
                0x0000000080003eb4       0x24 /usr/local/xenon/usr/lib/libxenon.a(xenos.o)
                0x0000000080003eb4                xenos_read32
 .text.xenos_write32
                0x0000000080003ed8       0x24 /usr/local/xenon/usr/lib/libxenon.a(xenos.o)
                0x0000000080003ed8                xenos_write32
 .text.xenos_set_mode_f2
                0x0000000080003efc      0x314 /usr/local/xenon/usr/lib/libxenon.a(xenos.o)
                0x0000000080003efc                xenos_set_mode_f2
 .text.xenos_set_mode_f1
                0x0000000080004210      0x148 /usr/local/xenon/usr/lib/libxenon.a(xenos.o)
                0x0000000080004210                xenos_set_mode_f1
 .text.xenos_ana_preinit
                0x0000000080004358       0xe0 /usr/local/xenon/usr/lib/libxenon.a(xenos.o)
                0x0000000080004358                xenos_ana_preinit
 .text.xenos_init_phase1
                0x0000000080004438      0x3c0 /usr/local/xenon/usr/lib/libxenon.a(xenos.o)
                0x0000000080004438                xenos_init_phase1
 .text.xenos_init_phase0
                0x00000000800047f8       0xc0 /usr/local/xenon/usr/lib/libxenon.a(xenos.o)
                0x00000000800047f8                xenos_init_phase0
 .text.xenos_ana_write
                0x00000000800048b8       0x70 /usr/local/xenon/usr/lib/libxenon.a(xenos.o)
 .text.xenos_init_ana_new
                0x0000000080004928      0x3a4 /usr/local/xenon/usr/lib/libxenon.a(xenos.o)
                0x0000000080004928                xenos_init_ana_new
 .text.xenos_set_mode
                0x0000000080004ccc      0x35c /usr/local/xenon/usr/lib/libxenon.a(xenos.o)
                0x0000000080004ccc                xenos_set_mode
 .text.xenos_autoset_mode
                0x0000000080005028       0xf0 /usr/local/xenon/usr/lib/libxenon.a(xenos.o)
                0x0000000080005028                xenos_autoset_mode
 .text.xenos_init
                0x0000000080005118       0xac /usr/local/xenon/usr/lib/libxenon.a(xenos.o)
                0x0000000080005118                xenos_init
 .text.read32n  0x00000000800051c4        0x8 /usr/local/xenon/usr/lib/libxenon.a(io.o)
                0x00000000800051c4                read32n
 .text.write32n
                0x00000000800051cc        0x8 /usr/local/xenon/usr/lib/libxenon.a(io.o)
                0x00000000800051cc                write32n
 .text.write32  0x00000000800051d4        0x8 /usr/local/xenon/usr/lib/libxenon.a(io.o)
                0x00000000800051d4                write32
 .text.read32   0x00000000800051dc        0x8 /usr/local/xenon/usr/lib/libxenon.a(io.o)
                0x00000000800051dc                read32
 .text.udelay   0x00000000800051e4       0x4c /usr/local/xenon/usr/lib/libxenon.a(time.o)
                0x00000000800051e4                udelay
 .text.mdelay   0x0000000080005230       0x54 /usr/local/xenon/usr/lib/libxenon.a(time.o)
                0x0000000080005230                mdelay
 .text.delay    0x0000000080005284       0x54 /usr/local/xenon/usr/lib/libxenon.a(time.o)
                0x0000000080005284                delay
 .text._ohci_allocept
                0x00000000800052d8       0x64 /usr/local/xenon/usr/lib/libxenon.a(ohci.o)
 .text._ohci_allocxfer
                0x000000008000533c       0x5c /usr/local/xenon/usr/lib/libxenon.a(ohci.o)
 .text.ohci_stop
                0x0000000080005398       0x14 /usr/local/xenon/usr/lib/libxenon.a(ohci.o)
 .text._ohci_queueept
                0x00000000800053ac       0x74 /usr/local/xenon/usr/lib/libxenon.a(ohci.o)
 .text.ohci_delete
                0x0000000080005420        0x4 /usr/local/xenon/usr/lib/libxenon.a(ohci.o)
 .text.ohci_ept_create
                0x0000000080005424      0x1bc /usr/local/xenon/usr/lib/libxenon.a(ohci.o)
 .text.ohci_ept_setaddr
                0x00000000800055e0       0x70 /usr/local/xenon/usr/lib/libxenon.a(ohci.o)
 .text.ohci_ept_setmps
                0x0000000080005650       0x6c /usr/local/xenon/usr/lib/libxenon.a(ohci.o)
 .text.ohci_ept_cleartoggle
                0x00000000800056bc       0x7c /usr/local/xenon/usr/lib/libxenon.a(ohci.o)
 .text.ohci_ept_delete
                0x0000000080005738      0x250 /usr/local/xenon/usr/lib/libxenon.a(ohci.o)
 .text.ohci_start
                0x0000000080005988      0x1d4 /usr/local/xenon/usr/lib/libxenon.a(ohci.o)
 .text.ohci_roothub_strdscr
                0x0000000080005b5c       0x7c /usr/local/xenon/usr/lib/libxenon.a(ohci.o)
 .text.ohci_xfer
                0x0000000080005bd8      0x93c /usr/local/xenon/usr/lib/libxenon.a(ohci.o)
 .text.ohci_intr
                0x0000000080006514      0x2c4 /usr/local/xenon/usr/lib/libxenon.a(ohci.o)
 .text._ohci_dma_alloc
                0x00000000800067d8       0x60 /usr/local/xenon/usr/lib/libxenon.a(ohci.o)
 .text.ohci_create
                0x0000000080006838      0x314 /usr/local/xenon/usr/lib/libxenon.a(ohci.o)
 .text.usb_poll
                0x0000000080006b4c       0x2c /usr/local/xenon/usr/lib/libxenon.a(usbd.o)
                0x0000000080006b4c                usb_poll
 .text.usb_queue_request
                0x0000000080006b78       0x54 /usr/local/xenon/usr/lib/libxenon.a(usbd.o)
                0x0000000080006b78                usb_queue_request
 .text.usb_wait_request
                0x0000000080006bcc       0x48 /usr/local/xenon/usr/lib/libxenon.a(usbd.o)
                0x0000000080006bcc                usb_wait_request
 .text.usb_sync_request
                0x0000000080006c14       0x30 /usr/local/xenon/usr/lib/libxenon.a(usbd.o)
                0x0000000080006c14                usb_sync_request
 .text.usb_new_address
                0x0000000080006c44       0x30 /usr/local/xenon/usr/lib/libxenon.a(usbd.o)
                0x0000000080006c44                usb_new_address
 .text.usb_set_ep0mps
                0x0000000080006c74       0x74 /usr/local/xenon/usr/lib/libxenon.a(usbd.o)
                0x0000000080006c74                usb_set_ep0mps
 .text.usb_complete_request
                0x0000000080006ce8       0x3c /usr/local/xenon/usr/lib/libxenon.a(usbd.o)
                0x0000000080006ce8                usb_complete_request
 .text.usb_find_cfg_descr
                0x0000000080006d24       0x54 /usr/local/xenon/usr/lib/libxenon.a(usbd.o)
                0x0000000080006d24                usb_find_cfg_descr
 .text.usb_create_pipe
                0x0000000080006d78      0x110 /usr/local/xenon/usr/lib/libxenon.a(usbd.o)
                0x0000000080006d78                usb_create_pipe
 .text.usb_open_pipe
                0x0000000080006e88       0x8c /usr/local/xenon/usr/lib/libxenon.a(usbd.o)
                0x0000000080006e88                usb_open_pipe
 .text.usb_free_request
                0x0000000080006f14       0x48 /usr/local/xenon/usr/lib/libxenon.a(usbd.o)
                0x0000000080006f14                usb_free_request
 .text.usb_destroy_all_pipes
                0x0000000080006f5c       0xa0 /usr/local/xenon/usr/lib/libxenon.a(usbd.o)
                0x0000000080006f5c                usb_destroy_all_pipes
 .text.usb_destroy_device
                0x0000000080006ffc       0x54 /usr/local/xenon/usr/lib/libxenon.a(usbd.o)
                0x0000000080006ffc                usb_destroy_device
 .text.usb_make_request
                0x0000000080007050       0xbc /usr/local/xenon/usr/lib/libxenon.a(usbd.o)
                0x0000000080007050                usb_make_request
 .text.usb_clear_stall
                0x000000008000710c      0x124 /usr/local/xenon/usr/lib/libxenon.a(usbd.o)
                0x000000008000710c                usb_clear_stall
 .text.usb_make_sync_request
                0x0000000080007230       0x48 /usr/local/xenon/usr/lib/libxenon.a(usbd.o)
                0x0000000080007230                usb_make_sync_request
 .text.usb_std_request
                0x0000000080007278      0x2c0 /usr/local/xenon/usr/lib/libxenon.a(usbd.o)
                0x0000000080007278                usb_std_request
 .text.usb_get_device_status
                0x0000000080007538       0x1c /usr/local/xenon/usr/lib/libxenon.a(usbd.o)
                0x0000000080007538                usb_get_device_status
 .text.usb_get_string
                0x0000000080007554      0x12c /usr/local/xenon/usr/lib/libxenon.a(usbd.o)
                0x0000000080007554                usb_get_string
 .text.usb_get_descriptor
                0x0000000080007680       0x20 /usr/local/xenon/usr/lib/libxenon.a(usbd.o)
                0x0000000080007680                usb_get_descriptor
 .text.usb_get_config_descriptor
                0x00000000800076a0       0xbc /usr/local/xenon/usr/lib/libxenon.a(usbd.o)
                0x00000000800076a0                usb_get_config_descriptor
 .text.usb_get_device_descriptor
                0x000000008000775c       0xc4 /usr/local/xenon/usr/lib/libxenon.a(usbd.o)
                0x000000008000775c                usb_get_device_descriptor
 .text.usb_simple_request
                0x0000000080007820       0x18 /usr/local/xenon/usr/lib/libxenon.a(usbd.o)
                0x0000000080007820                usb_simple_request
 .text.usb_set_address
                0x0000000080007838       0xc4 /usr/local/xenon/usr/lib/libxenon.a(usbd.o)
                0x0000000080007838                usb_set_address
 .text.usb_set_configuration
                0x00000000800078fc       0x14 /usr/local/xenon/usr/lib/libxenon.a(usbd.o)
                0x00000000800078fc                usb_set_configuration
 .text.usb_create_device
                0x0000000080007910       0x90 /usr/local/xenon/usr/lib/libxenon.a(usbd.o)
                0x0000000080007910                usb_create_device
 .text.usb_initroot
                0x00000000800079a0      0x18c /usr/local/xenon/usr/lib/libxenon.a(usbd.o)
                0x00000000800079a0                usb_initroot
 .text.usb_delay_ms
                0x0000000080007b2c       0x28 /usr/local/xenon/usr/lib/libxenon.a(usbd.o)
                0x0000000080007b2c                usb_delay_ms
 .text.usb_daemon
                0x0000000080007b54       0x38 /usr/local/xenon/usr/lib/libxenon.a(usbd.o)
                0x0000000080007b54                usb_daemon
 .text.usb_find_driver
                0x0000000080007b8c      0x124 /usr/local/xenon/usr/lib/libxenon.a(usbdevs.o)
                0x0000000080007b8c                usb_find_driver
 .text.usbhid_detach
                0x0000000080007cb0        0x8 /usr/local/xenon/usr/lib/libxenon.a(usbhid.o)
 .text.usbhid_kbd_scan1
                0x0000000080007cb8       0x9c /usr/local/xenon/usr/lib/libxenon.a(usbhid.o)
 .text.usbhid_attach
                0x0000000080007d54      0x190 /usr/local/xenon/usr/lib/libxenon.a(usbhid.o)
 .text.usbhid_ireq_callback
                0x0000000080007ee4      0x18c /usr/local/xenon/usr/lib/libxenon.a(usbhid.o)
 .text.usbhub_map_tree1
                0x0000000080008070       0xa4 /usr/local/xenon/usr/lib/libxenon.a(usbhub.o)
 .text.usbhub_map_tree
                0x0000000080008114       0x14 /usr/local/xenon/usr/lib/libxenon.a(usbhub.o)
                0x0000000080008114                usbhub_map_tree
 .text.usbhub_map_from_device
                0x0000000080008128       0x10 /usr/local/xenon/usr/lib/libxenon.a(usbhub.o)
                0x0000000080008128                usbhub_map_from_device
 .text.usbhub_markdetached1
                0x0000000080008138       0x18 /usr/local/xenon/usr/lib/libxenon.a(usbhub.o)
 .text.usb_scan
                0x0000000080008150       0x10 /usr/local/xenon/usr/lib/libxenon.a(usbhub.o)
                0x0000000080008150                usb_scan
 .text.usbhub_detach
                0x0000000080008160      0x188 /usr/local/xenon/usr/lib/libxenon.a(usbhub.o)
 .text.usbhub_get_port_status
                0x00000000800082e8       0x38 /usr/local/xenon/usr/lib/libxenon.a(usbhub.o)
 .text.usbhub_scan1
                0x0000000080008320      0x60c /usr/local/xenon/usr/lib/libxenon.a(usbhub.o)
 .text.usbhub_ireq_callback
                0x000000008000892c       0x90 /usr/local/xenon/usr/lib/libxenon.a(usbhub.o)
 .text.usbhub_attach
                0x00000000800089bc      0x1d4 /usr/local/xenon/usr/lib/libxenon.a(usbhub.o)
 .text.usbmass_detach
                0x0000000080008b90       0x44 /usr/local/xenon/usr/lib/libxenon.a(usbmass.o)
 .text.usbmass_attach
                0x0000000080008bd4      0x1d4 /usr/local/xenon/usr/lib/libxenon.a(usbmass.o)
 .text.usbmass_request_sense
                0x0000000080008da8      0x1b4 /usr/local/xenon/usr/lib/libxenon.a(usbmass.o)
                0x0000000080008da8                usbmass_request_sense
 .text.usbmass_stall_recovery
                0x0000000080008f5c       0x38 /usr/local/xenon/usr/lib/libxenon.a(usbmass.o)
 .text.usbmass_read_sector
                0x0000000080008f94      0x270 /usr/local/xenon/usr/lib/libxenon.a(usbmass.o)
                0x0000000080008f94                usbmass_read_sector
 .text.usbmass_read
                0x0000000080009204       0xbc /usr/local/xenon/usr/lib/libxenon.a(usbmass.o)
                0x0000000080009204                usbmass_read
 .text.xenon_gpio_set
                0x00000000800092c0       0x5c /usr/local/xenon/usr/lib/libxenon.a(xenon_gpio.o)
                0x00000000800092c0                xenon_gpio_set
 .text.xenon_gpio_set_oe
                0x000000008000931c       0x5c /usr/local/xenon/usr/lib/libxenon.a(xenon_gpio.o)
                0x000000008000931c                xenon_gpio_set_oe
 .text.xenon_config_get_avregion
                0x0000000080009378       0xac /usr/local/xenon/usr/lib/libxenon.a(xenon_config.o)
                0x0000000080009378                xenon_config_get_avregion
 .text.xenon_config_init
                0x0000000080009424       0xb0 /usr/local/xenon/usr/lib/libxenon.a(xenon_config.o)
                0x0000000080009424                xenon_config_init
 .text.unregister_bdev
                0x00000000800094d4       0x38 /usr/local/xenon/usr/lib/libxenon.a(diskio.o)
                0x00000000800094d4                unregister_bdev
 .text.determine_filesystem
                0x000000008000950c       0x80 /usr/local/xenon/usr/lib/libxenon.a(diskio.o)
                0x000000008000950c                determine_filesystem
 .text.register_bdev
                0x000000008000958c       0xf0 /usr/local/xenon/usr/lib/libxenon.a(diskio.o)
                0x000000008000958c                register_bdev
 .text._fat_umount
                0x000000008000967c       0x28 /usr/local/xenon/usr/lib/libxenon.a(diskio.o)
                0x000000008000967c                _fat_umount
 .text._fat_mount
                0x00000000800096a4       0x48 /usr/local/xenon/usr/lib/libxenon.a(diskio.o)
                0x00000000800096a4                _fat_mount
 .text._fat_open
                0x00000000800096ec       0x4c /usr/local/xenon/usr/lib/libxenon.a(diskio.o)
                0x00000000800096ec                _fat_open
 .text._fat_close
                0x0000000080009738       0x24 /usr/local/xenon/usr/lib/libxenon.a(diskio.o)
                0x0000000080009738                _fat_close
 .text._fat_fstat
                0x000000008000975c       0x4c /usr/local/xenon/usr/lib/libxenon.a(diskio.o)
                0x000000008000975c                _fat_fstat
 .text._fat_read
                0x00000000800097a8       0x24 /usr/local/xenon/usr/lib/libxenon.a(diskio.o)
                0x00000000800097a8                _fat_read
 .text._fat_lseek
                0x00000000800097cc       0x24 /usr/local/xenon/usr/lib/libxenon.a(diskio.o)
                0x00000000800097cc                _fat_lseek
 .text.storage_write_sectors
                0x00000000800097f0       0x40 /usr/local/xenon/usr/lib/libxenon.a(disk_rb.o)
                0x00000000800097f0                storage_write_sectors
 .text.storage_read_sectors
                0x0000000080009830      0x1b8 /usr/local/xenon/usr/lib/libxenon.a(disk_rb.o)
                0x0000000080009830                storage_read_sectors
 .text.disk_init
                0x00000000800099e8      0x154 /usr/local/xenon/usr/lib/libxenon.a(disk_rb.o)
                0x00000000800099e8                disk_init
 .text.disk_mount
                0x0000000080009b3c      0x140 /usr/local/xenon/usr/lib/libxenon.a(disk_rb.o)
                0x0000000080009b3c                disk_mount
 .text.fat_time
                0x0000000080009c7c      0x128 /usr/local/xenon/usr/lib/libxenon.a(fat_rb.o)
 .text.fat_open
                0x0000000080009da4       0x74 /usr/local/xenon/usr/lib/libxenon.a(fat_rb.o)
                0x0000000080009da4                fat_open
 .text.fat_opendir
                0x0000000080009e18       0xa8 /usr/local/xenon/usr/lib/libxenon.a(fat_rb.o)
                0x0000000080009e18                fat_opendir
 .text.cluster2sec
                0x0000000080009ec0       0x60 /usr/local/xenon/usr/lib/libxenon.a(fat_rb.o)
 .text.fat_init
                0x0000000080009f20       0x98 /usr/local/xenon/usr/lib/libxenon.a(fat_rb.o)
                0x0000000080009f20                fat_init
 .text.update_fsinfo
                0x0000000080009fb8      0x128 /usr/local/xenon/usr/lib/libxenon.a(fat_rb.o)
 .text.flush_fat_sector
                0x000000008000a0e0      0x108 /usr/local/xenon/usr/lib/libxenon.a(fat_rb.o)
 .text.cache_fat_sector
                0x000000008000a1e8      0x160 /usr/local/xenon/usr/lib/libxenon.a(fat_rb.o)
 .text.get_next_cluster
                0x000000008000a348      0x11c /usr/local/xenon/usr/lib/libxenon.a(fat_rb.o)
 .text.fat_seek
                0x000000008000a464      0x14c /usr/local/xenon/usr/lib/libxenon.a(fat_rb.o)
                0x000000008000a464                fat_seek
 .text.find_free_cluster
                0x000000008000a5b0      0x1bc /usr/local/xenon/usr/lib/libxenon.a(fat_rb.o)
 .text.fat_recalc_free
                0x000000008000a76c      0x174 /usr/local/xenon/usr/lib/libxenon.a(fat_rb.o)
                0x000000008000a76c                fat_recalc_free
 .text.flush_fat
                0x000000008000a8e0       0xc8 /usr/local/xenon/usr/lib/libxenon.a(fat_rb.o)
 .text.fat_unmount
                0x000000008000a9a8       0xac /usr/local/xenon/usr/lib/libxenon.a(fat_rb.o)
                0x000000008000a9a8                fat_unmount
 .text.update_fat_entry
                0x000000008000aa54      0x268 /usr/local/xenon/usr/lib/libxenon.a(fat_rb.o)
 .text.fat_truncate
                0x000000008000acbc       0xa8 /usr/local/xenon/usr/lib/libxenon.a(fat_rb.o)
                0x000000008000acbc                fat_truncate
 .text.transfer
                0x000000008000ad64      0x154 /usr/local/xenon/usr/lib/libxenon.a(fat_rb.o)
 .text.fat_readwrite
                0x000000008000aeb8      0x390 /usr/local/xenon/usr/lib/libxenon.a(fat_rb.o)
                0x000000008000aeb8                fat_readwrite
 .text.fat_getnext
                0x000000008000b248      0x4c4 /usr/local/xenon/usr/lib/libxenon.a(fat_rb.o)
                0x000000008000b248                fat_getnext
 .text.update_short_entry
                0x000000008000b70c      0x244 /usr/local/xenon/usr/lib/libxenon.a(fat_rb.o)
 .text.fat_closewrite
                0x000000008000b950       0xb8 /usr/local/xenon/usr/lib/libxenon.a(fat_rb.o)
                0x000000008000b950                fat_closewrite
 .text.fat_mount
                0x000000008000ba08      0x4f4 /usr/local/xenon/usr/lib/libxenon.a(fat_rb.o)
                0x000000008000ba08                fat_mount
 .text.char2dos
                0x000000008000befc       0x8c /usr/local/xenon/usr/lib/libxenon.a(fat_rb.o)
 .text.randomize_dos_name
                0x000000008000bf88      0x178 /usr/local/xenon/usr/lib/libxenon.a(fat_rb.o)
 .text.write_long_name
                0x000000008000c100      0x564 /usr/local/xenon/usr/lib/libxenon.a(fat_rb.o)
 .text.add_dir_entry
                0x000000008000c664      0x530 /usr/local/xenon/usr/lib/libxenon.a(fat_rb.o)
 .text.fat_create_file
                0x000000008000cb94       0x60 /usr/local/xenon/usr/lib/libxenon.a(fat_rb.o)
                0x000000008000cb94                fat_create_file
 .text.rb_filesize
                0x000000008000cbf4       0x6c /usr/local/xenon/usr/lib/libxenon.a(file_rb.o)
                0x000000008000cbf4                rb_filesize
 .text.flush_cache
                0x000000008000cc60       0xd0 /usr/local/xenon/usr/lib/libxenon.a(file_rb.o)
 .text.rb_lseek
                0x000000008000cd30      0x1c4 /usr/local/xenon/usr/lib/libxenon.a(file_rb.o)
                0x000000008000cd30                rb_lseek
 .text.readwrite
                0x000000008000cef4      0x440 /usr/local/xenon/usr/lib/libxenon.a(file_rb.o)
 .text.rb_read  0x000000008000d334        0x8 /usr/local/xenon/usr/lib/libxenon.a(file_rb.o)
                0x000000008000d334                rb_read
 .text.rb_ftruncate
                0x000000008000d33c       0xc8 /usr/local/xenon/usr/lib/libxenon.a(file_rb.o)
                0x000000008000d33c                rb_ftruncate
 .text.open_internal
                0x000000008000d404      0x39c /usr/local/xenon/usr/lib/libxenon.a(file_rb.o)
 .text.rb_open  0x000000008000d7a0        0x8 /usr/local/xenon/usr/lib/libxenon.a(file_rb.o)
                0x000000008000d7a0                rb_open
 .text.rb_fsync
                0x000000008000d7a8      0x128 /usr/local/xenon/usr/lib/libxenon.a(file_rb.o)
                0x000000008000d7a8                rb_fsync
 .text.rb_close
                0x000000008000d8d0       0xa0 /usr/local/xenon/usr/lib/libxenon.a(file_rb.o)
                0x000000008000d8d0                rb_close
 .text.rb_closedir
                0x000000008000d970       0x14 /usr/local/xenon/usr/lib/libxenon.a(dir_rb.o)
                0x000000008000d970                rb_closedir
 .text.rb_readdir
                0x000000008000d984       0xb0 /usr/local/xenon/usr/lib/libxenon.a(dir_rb.o)
                0x000000008000d984                rb_readdir
 .text.rb_opendir
                0x000000008000da34      0x1e8 /usr/local/xenon/usr/lib/libxenon.a(dir_rb.o)
                0x000000008000da34                rb_opendir
 .text._iso9660_lseek
                0x000000008000dc1c       0xa8 /usr/local/xenon/usr/lib/libxenon.a(iso9660.o)
                0x000000008000dc1c                _iso9660_lseek
 .text._iso9660_fstat
                0x000000008000dcc4       0x60 /usr/local/xenon/usr/lib/libxenon.a(iso9660.o)
                0x000000008000dcc4                _iso9660_fstat
 .text._iso9660_close
                0x000000008000dd24       0x24 /usr/local/xenon/usr/lib/libxenon.a(iso9660.o)
                0x000000008000dd24                _iso9660_close
 .text.bclear_cache
                0x000000008000dd48       0x60 /usr/local/xenon/usr/lib/libxenon.a(iso9660.o)
 .text.iso_reset
                0x000000008000dda8       0x80 /usr/local/xenon/usr/lib/libxenon.a(iso9660.o)
                0x000000008000dda8                iso_reset
 .text.fs_iso9660_shutdown
                0x000000008000de28       0xa4 /usr/local/xenon/usr/lib/libxenon.a(iso9660.o)
                0x000000008000de28                fs_iso9660_shutdown
 .text._iso9660_umount
                0x000000008000decc        0x4 /usr/local/xenon/usr/lib/libxenon.a(iso9660.o)
                0x000000008000decc                _iso9660_umount
 .text.fs_iso9660_init
                0x000000008000ded0       0xd0 /usr/local/xenon/usr/lib/libxenon.a(iso9660.o)
                0x000000008000ded0                fs_iso9660_init
 .text._iso9660_mount
                0x000000008000dfa0        0xc /usr/local/xenon/usr/lib/libxenon.a(iso9660.o)
                0x000000008000dfa0                _iso9660_mount
 .text.init_percd
                0x000000008000dfac      0x264 /usr/local/xenon/usr/lib/libxenon.a(iso9660.o)
 .text.bread_cache
                0x000000008000e210      0x1ac /usr/local/xenon/usr/lib/libxenon.a(iso9660.o)
 .text._iso9660_read
                0x000000008000e3bc      0x1cc /usr/local/xenon/usr/lib/libxenon.a(iso9660.o)
                0x000000008000e3bc                _iso9660_read
 .text.find_object
                0x000000008000e588      0x400 /usr/local/xenon/usr/lib/libxenon.a(iso9660.o)
 .text._iso9660_open
                0x000000008000e988      0x280 /usr/local/xenon/usr/lib/libxenon.a(iso9660.o)
                0x000000008000e988                _iso9660_open
 .text.q_enqueue
                0x000000008000ec08       0x18 /usr/local/xenon/usr/lib/libxenon.a(lib_queue.o)
                0x000000008000ec08                q_enqueue
 .text.q_deqnext
                0x000000008000ec20       0x30 /usr/local/xenon/usr/lib/libxenon.a(lib_queue.o)
                0x000000008000ec20                q_deqnext
 .text.usbctrl_detach
                0x000000008000ec50       0x5c /usr/local/xenon/usr/lib/libxenon.a(usbctrl.o)
 .text.usbctrl_attach
                0x000000008000ecac      0x1cc /usr/local/xenon/usr/lib/libxenon.a(usbctrl.o)
 .text.usbctrl_ireq_callback
                0x000000008000ee78      0x1a0 /usr/local/xenon/usr/lib/libxenon.a(usbctrl.o)
 .text.getstringmaybe
                0x000000008000f018       0x88 /usr/local/xenon/usr/lib/libxenon.a(usbdebug.o)
 .text.usb_dbg_dumpdescriptors
                0x000000008000f0a0      0x708 /usr/local/xenon/usr/lib/libxenon.a(usbdebug.o)
                0x000000008000f0a0                usb_dbg_dumpdescriptors
 .text.usb_dbg_dumpportstatus
                0x000000008000f7a8      0x284 /usr/local/xenon/usr/lib/libxenon.a(usbdebug.o)
                0x000000008000f7a8                usb_dbg_dumpportstatus
 .text.utf8encode
                0x000000008000fa2c       0x84 /usr/local/xenon/usr/lib/libxenon.a(unicode_rb.o)
                0x000000008000fa2c                utf8encode
 .text.utf8length
                0x000000008000fab0       0x34 /usr/local/xenon/usr/lib/libxenon.a(unicode_rb.o)
                0x000000008000fab0                utf8length
 .text.utf8decode
                0x000000008000fae4       0xd4 /usr/local/xenon/usr/lib/libxenon.a(unicode_rb.o)
                0x000000008000fae4                utf8decode
 .text.sfcx_readreg
                0x000000008000fbb8       0x14 /usr/local/xenon/usr/lib/libxenon.a(xenon_sfcx.o)
                0x000000008000fbb8                sfcx_readreg
 .text.sfcx_writereg
                0x000000008000fbcc       0x14 /usr/local/xenon/usr/lib/libxenon.a(xenon_sfcx.o)
                0x000000008000fbcc                sfcx_writereg
 .text.sfcx_init
                0x000000008000fbe0      0x280 /usr/local/xenon/usr/lib/libxenon.a(xenon_sfcx.o)
                0x000000008000fbe0                sfcx_init
 .text.sfcx_read_page
                0x000000008000fe60      0x170 /usr/local/xenon/usr/lib/libxenon.a(xenon_sfcx.o)
                0x000000008000fe60                sfcx_read_page
 .text          0x000000008000ffd0       0x88 /usr/local/xenon/xenon/lib/32/libc.a(lib_a-assert.o)
                0x000000008000ffd4                __assert_func
                0x0000000080010040                __assert
 .text          0x0000000080010058       0x50 /usr/local/xenon/xenon/lib/32/libc.a(lib_a-atoi.o)
                0x0000000080010058                _atoi_r
                0x0000000080010080                atoi
 .text          0x00000000800100a8       0x40 /usr/local/xenon/xenon/lib/32/libc.a(lib_a-errno.o)
                0x00000000800100ac                __errno
 .text          0x00000000800100e8       0x58 /usr/local/xenon/xenon/lib/32/libc.a(lib_a-exit.o)
                0x00000000800100ec                exit
 .text          0x0000000080010140      0x12c /usr/local/xenon/xenon/lib/32/libc.a(lib_a-fiprintf.o)
                0x00000000800101f0                _fiprintf_r
                0x0000000080010144                fiprintf
 *fill*         0x000000008001026c        0x4 00
 .text          0x0000000080010270       0x90 /usr/local/xenon/xenon/lib/32/libc.a(lib_a-malloc.o)
                0x00000000800102bc                malloc
                0x0000000080010274                free
 .text          0x0000000080010300      0x880 /usr/local/xenon/xenon/lib/32/libc.a(lib_a-mallocr.o)
                0x0000000080010304                _malloc_r
 .text          0x0000000080010b80      0x128 /usr/local/xenon/xenon/lib/32/libc.a(lib_a-memchr.o)
                0x0000000080010b80                memchr
 .text          0x0000000080010ca8       0xd8 /usr/local/xenon/xenon/lib/32/libc.a(lib_a-memcmp.o)
                0x0000000080010ca8                memcmp
 .text          0x0000000080010d80      0x12c /usr/local/xenon/xenon/lib/32/libc.a(lib_a-memcpy.o)
                0x0000000080010d80                memcpy
 *fill*         0x0000000080010eac        0x4 00
 .text          0x0000000080010eb0      0x138 /usr/local/xenon/xenon/lib/32/libc.a(lib_a-memset.o)
                0x0000000080010eb0                memset
 .text          0x0000000080010fe8        0xc /usr/local/xenon/xenon/lib/32/libc.a(lib_a-mlock.o)
                0x0000000080010ff0                __malloc_unlock
                0x0000000080010fe8                __malloc_lock
 *fill*         0x0000000080010ff4        0x4 00
 .text          0x0000000080010ff8      0x140 /usr/local/xenon/xenon/lib/32/libc.a(lib_a-printf.o)
                0x0000000080010ffc                printf
                0x00000000800110b0                _printf_r
 .text          0x0000000080011138       0x74 /usr/local/xenon/xenon/lib/32/libc.a(lib_a-putchar.o)
                0x000000008001113c                putchar
                0x0000000080011188                _putchar_r
 *fill*         0x00000000800111ac        0x4 00
 .text          0x00000000800111b0      0x208 /usr/local/xenon/xenon/lib/32/libc.a(lib_a-putc.o)
                0x00000000800112d8                _putc_r
                0x00000000800111b4                putc
 .text          0x00000000800113b8      0x130 /usr/local/xenon/xenon/lib/32/libc.a(lib_a-puts.o)
                0x00000000800113bc                _puts_r
                0x00000000800114a4                puts
 .text          0x00000000800114e8       0xd4 /usr/local/xenon/xenon/lib/32/libc.a(lib_a-rand.o)
                0x000000008001153c                rand
                0x00000000800114ec                srand
 *fill*         0x00000000800115bc        0x4 00
 .text          0x00000000800115c0       0x94 /usr/local/xenon/xenon/lib/32/libc.a(lib_a-sbrkr.o)
                0x00000000800115c4                _sbrk_r
 *fill*         0x0000000080011654        0x4 00
 .text          0x0000000080011658      0x250 /usr/local/xenon/xenon/lib/32/libc.a(lib_a-snprintf.o)
                0x000000008001165c                snprintf
                0x0000000080011790                _snprintf_r
 .text          0x00000000800118a8      0x1a4 /usr/local/xenon/xenon/lib/32/libc.a(lib_a-sprintf.o)
                0x0000000080011990                _sprintf_r
                0x00000000800118ac                sprintf
 *fill*         0x0000000080011a4c        0x4 00
 .text          0x0000000080011a50      0x108 /usr/local/xenon/xenon/lib/32/libc.a(lib_a-strcasecmp.o)
                0x0000000080011a54                strcasecmp
 .text          0x0000000080011b58       0x8c /usr/local/xenon/xenon/lib/32/libc.a(lib_a-strcat.o)
                0x0000000080011b58                strcat
 *fill*         0x0000000080011be4        0x4 00
 .text          0x0000000080011be8      0x1e4 /usr/local/xenon/xenon/lib/32/libc.a(lib_a-strchr.o)
                0x0000000080011be8                strchr
 *fill*         0x0000000080011dcc        0x4 00
 .text          0x0000000080011dd0       0xe8 /usr/local/xenon/xenon/lib/32/libc.a(lib_a-strcmp.o)
                0x0000000080011dd0                strcmp
 .text          0x0000000080011eb8       0x90 /usr/local/xenon/xenon/lib/32/libc.a(lib_a-strcpy.o)
                0x0000000080011eb8                strcpy
 .text          0x0000000080011f48       0x88 /usr/local/xenon/xenon/lib/32/libc.a(lib_a-strlcpy.o)
                0x0000000080011f48                strlcpy
 .text          0x0000000080011fd0       0xb4 /usr/local/xenon/xenon/lib/32/libc.a(lib_a-strlen.o)
                0x0000000080011fd0                strlen
 *fill*         0x0000000080012084        0x4 00
 .text          0x0000000080012088       0xe8 /usr/local/xenon/xenon/lib/32/libc.a(lib_a-strncasecmp.o)
                0x000000008001208c                strncasecmp
 .text          0x0000000080012170      0x180 /usr/local/xenon/xenon/lib/32/libc.a(lib_a-strncmp.o)
                0x0000000080012170                strncmp
 .text          0x00000000800122f0      0x108 /usr/local/xenon/xenon/lib/32/libc.a(lib_a-strncpy.o)
                0x00000000800122f0                strncpy
 .text          0x00000000800123f8       0x98 /usr/local/xenon/xenon/lib/32/libc.a(lib_a-strrchr.o)
                0x00000000800123f8                strrchr
 .text          0x0000000080012490      0x12c /usr/local/xenon/xenon/lib/32/libc.a(lib_a-strtok_r.o)
                0x0000000080012598                strtok_r
                0x0000000080012490                __strtok_r
 *fill*         0x00000000800125bc        0x4 00
 .text          0x00000000800125c0      0x2a4 /usr/local/xenon/xenon/lib/32/libc.a(lib_a-strtol.o)
                0x0000000080012814                strtol
                0x00000000800125c4                _strtol_r
 *fill*         0x0000000080012864        0x4 00
 .text          0x0000000080012868     0x2144 /usr/local/xenon/xenon/lib/32/libc.a(lib_a-svfprintf.o)
                0x0000000080012b54                _svfprintf_r
 *fill*         0x00000000800149ac        0x4 00
 .text          0x00000000800149b0     0x1224 /usr/local/xenon/xenon/lib/32/libc.a(lib_a-vfiprintf.o)
                0x0000000080015b84                vfiprintf
                0x0000000080014a1c                _vfiprintf_r
 *fill*         0x0000000080015bd4        0x4 00
 .text          0x0000000080015bd8     0x1ffc /usr/local/xenon/xenon/lib/32/libc.a(lib_a-vfprintf.o)
                0x0000000080015c44                _vfprintf_r
                0x0000000080017b84                vfprintf
 *fill*         0x0000000080017bd4        0x4 00
 .text          0x0000000080017bd8      0x1e4 /usr/local/xenon/xenon/lib/32/libc.a(lib_a-wbuf.o)
                0x0000000080017bd8                __swbuf_r
                0x0000000080017d74                __swbuf
 *fill*         0x0000000080017dbc        0x4 00
 .text          0x0000000080017dc0      0x1a8 /usr/local/xenon/xenon/lib/32/libc.a(lib_a-wsetup.o)
                0x0000000080017dc4                __swsetup_r
 .text          0x0000000080017f68       0x1c /usr/local/xenon/xenon/lib/32/libc.a(lib_a-abort.o)
                0x0000000080017f68                abort
 *fill*         0x0000000080017f84        0x4 00
 .text          0x0000000080017f88      0x1f4 /usr/local/xenon/xenon/lib/32/libc.a(lib_a-__call_atexit.o)
                0x0000000080017f8c                __call_exitprocs
 *fill*         0x000000008001817c        0x4 00
 .text          0x0000000080018180     0x144c /usr/local/xenon/xenon/lib/32/libc.a(lib_a-dtoa.o)
                0x00000000800183bc                _dtoa_r
 *fill*         0x00000000800195cc        0x4 00
 .text          0x00000000800195d0      0x2ec /usr/local/xenon/xenon/lib/32/libc.a(lib_a-fflush.o)
                0x000000008001984c                fflush
                0x00000000800195d0                _fflush_r
 *fill*         0x00000000800198bc        0x4 00
 .text          0x00000000800198c0      0x49c /usr/local/xenon/xenon/lib/32/libc.a(lib_a-findfp.o)
                0x0000000080019abc                __sinit
                0x0000000080019b70                __sfmoreglue
                0x00000000800199d4                _cleanup
                0x0000000080019994                _cleanup_r
                0x0000000080019944                __fp_lock_all
                0x00000000800198c0                __sfp_lock_acquire
                0x0000000080019bf4                __sfp
                0x00000000800198d8                __sinit_lock_release
                0x00000000800198f4                __fp_unlock_all
                0x00000000800198c8                __sfp_lock_release
                0x00000000800198d0                __sinit_lock_acquire
 *fill*         0x0000000080019d5c        0x4 00
 .text          0x0000000080019d60      0x428 /usr/local/xenon/xenon/lib/32/libc.a(lib_a-freer.o)
                0x0000000080019ec4                _free_r
                0x0000000080019d64                _malloc_trim_r
 .text          0x000000008001a188      0x58c /usr/local/xenon/xenon/lib/32/libc.a(lib_a-fvwrite.o)
                0x000000008001a188                __sfvwrite_r
 *fill*         0x000000008001a714        0x4 00
 .text          0x000000008001a718      0x18c /usr/local/xenon/xenon/lib/32/libc.a(lib_a-fwalk.o)
                0x000000008001a7e8                _fwalk
                0x000000008001a718                _fwalk_reent
 *fill*         0x000000008001a8a4        0x4 00
 .text          0x000000008001a8a8      0x1ec /usr/local/xenon/xenon/lib/32/libc.a(lib_a-locale.o)
                0x000000008001a974                _setlocale_r
                0x000000008001a8ac                __locale_charset
                0x000000008001a8ec                _localeconv_r
                0x000000008001aa4c                setlocale
                0x000000008001a92c                localeconv
 *fill*         0x000000008001aa94        0x4 00
 .text          0x000000008001aa98      0x22c /usr/local/xenon/xenon/lib/32/libc.a(lib_a-makebuf.o)
                0x000000008001aa9c                __smakebuf_r
 *fill*         0x000000008001acc4        0x4 00
 .text          0x000000008001acc8      0x16c /usr/local/xenon/xenon/lib/32/libc.a(lib_a-memmove.o)
                0x000000008001acc8                memmove
 *fill*         0x000000008001ae34        0x4 00
 .text          0x000000008001ae38     0x1334 /usr/local/xenon/xenon/lib/32/libc.a(lib_a-mprec.o)
                0x000000008001b384                _mprec_log10
                0x000000008001b490                __any_on
                0x000000008001b538                _Balloc
                0x000000008001b298                __ratio
                0x000000008001bd68                __i2b
                0x000000008001b108                __b2d
                0x000000008001c038                __s2b
                0x000000008001afc8                __mcmp
                0x000000008001ae60                __hi0bits
                0x000000008001bed4                __pow5mult
                0x000000008001b980                __lshift
                0x000000008001bb10                __multiply
                0x000000008001b5f8                __d2b
                0x000000008001b400                __copybits
                0x000000008001b058                __ulp
                0x000000008001b7a8                __mdiff
                0x000000008001aed8                __lo0bits
                0x000000008001bda8                __multadd
                0x000000008001ae38                _Bfree
 *fill*         0x000000008001c16c        0x4 00
 .text          0x000000008001c170      0x650 /usr/local/xenon/xenon/lib/32/libc.a(lib_a-reallocr.o)
                0x000000008001c174                _realloc_r
 .text          0x000000008001c7c0      0x3dc /usr/local/xenon/xenon/lib/32/libc.a(lib_a-signal.o)
                0x000000008001cac0                _signal_r
                0x000000008001c7c0                _raise_r
                0x000000008001c9b8                __sigtramp_r
                0x000000008001cb54                signal
                0x000000008001c974                _init_signal
                0x000000008001c8f0                _init_signal_r
                0x000000008001ca7c                __sigtramp
                0x000000008001c8ac                raise
 *fill*         0x000000008001cb9c        0x4 00
 .text          0x000000008001cba0       0xbc /usr/local/xenon/xenon/lib/32/libc.a(lib_a-signalr.o)
                0x000000008001cbc4                _kill_r
                0x000000008001cba0                _getpid_r
 *fill*         0x000000008001cc5c        0x4 00
 .text          0x000000008001cc60       0x44 /usr/local/xenon/xenon/lib/32/libc.a(lib_a-s_isinfd.o)
                0x000000008001cc60                __isinfd
 *fill*         0x000000008001cca4        0x4 00
 .text          0x000000008001cca8       0x38 /usr/local/xenon/xenon/lib/32/libc.a(lib_a-s_isnand.o)
                0x000000008001cca8                __isnand
 .text          0x000000008001cce0      0x1a8 /usr/local/xenon/xenon/lib/32/libc.a(lib_a-stdio.o)
                0x000000008001cd08                __sseek
                0x000000008001ce20                __sread
                0x000000008001cce0                __sclose
                0x000000008001cd78                __swrite
 .text          0x000000008001ce88       0x9c /usr/local/xenon/xenon/lib/32/libc.a(lib_a-writer.o)
                0x000000008001ce8c                _write_r
 *fill*         0x000000008001cf24        0x4 00
 .text          0x000000008001cf28       0xd0 /usr/local/xenon/xenon/lib/32/libc.a(lib_a-callocr.o)
                0x000000008001cf28                _calloc_r
 .text          0x000000008001cff8       0x94 /usr/local/xenon/xenon/lib/32/libc.a(lib_a-closer.o)
                0x000000008001cffc                _close_r
 *fill*         0x000000008001d08c        0x4 00
 .text          0x000000008001d090      0x1b8 /usr/local/xenon/xenon/lib/32/libc.a(lib_a-fclose.o)
                0x000000008001d090                _fclose_r
                0x000000008001d204                fclose
 .text          0x000000008001d248       0x9c /usr/local/xenon/xenon/lib/32/libc.a(lib_a-fstatr.o)
                0x000000008001d24c                _fstat_r
 *fill*         0x000000008001d2e4        0x4 00
 .text          0x000000008001d2e8       0x94 /usr/local/xenon/xenon/lib/32/libc.a(lib_a-isattyr.o)
                0x000000008001d2ec                _isatty_r
 *fill*         0x000000008001d37c        0x4 00
 .text          0x000000008001d380       0x9c /usr/local/xenon/xenon/lib/32/libc.a(lib_a-lseekr.o)
                0x000000008001d384                _lseek_r
 *fill*         0x000000008001d41c        0x4 00
 .text          0x000000008001d420       0x9c /usr/local/xenon/xenon/lib/32/libc.a(lib_a-readr.o)
                0x000000008001d424                _read_r
 *(.init*)

.elfldr         0x000000008001d4bc        0x0
                0x000000008001d4bc                elfldr_start = .
 *(.elfldr)
                0x000000008001d4bc                elfldr_end = .

.data           0x000000008001d4c0     0x575c
 *(.data*)
 .data.console_color
                0x000000008001d4c0        0x8 /usr/local/xenon/usr/lib/libxenon.a(console.o)
 .data.mounts   0x000000008001d4c8      0x480 /usr/local/xenon/usr/lib/libxenon.a(newlib.o)
 .data.vfs_console_ops
                0x000000008001d948       0x18 /usr/local/xenon/usr/lib/libxenon.a(newlib.o)
                0x000000008001d948                vfs_console_ops
 .data.vfs_console_mount_ops
                0x000000008001d960        0xc /usr/local/xenon/usr/lib/libxenon.a(newlib.o)
                0x000000008001d960                vfs_console_mount_ops
 .data.fd_array
                0x000000008001d96c      0xc00 /usr/local/xenon/usr/lib/libxenon.a(newlib.o)
 .data.ana_1360x768
                0x000000008001e56c      0x400 /usr/local/xenon/usr/lib/libxenon.a(xenos.o)
                0x000000008001e56c                ana_1360x768
 .data.xenos_modes
                0x000000008001e96c      0x2d8 /usr/local/xenon/usr/lib/libxenon.a(xenos.o)
                0x000000008001e96c                xenos_modes
 .data.ana_1280x720
                0x000000008001ec44      0x400 /usr/local/xenon/usr/lib/libxenon.a(xenos.o)
                0x000000008001ec44                ana_1280x720
 .data.ana_ntsc_480i
                0x000000008001f044      0x400 /usr/local/xenon/usr/lib/libxenon.a(xenos.o)
                0x000000008001f044                ana_ntsc_480i
 .data.ana_1024x768
                0x000000008001f444      0x400 /usr/local/xenon/usr/lib/libxenon.a(xenos.o)
                0x000000008001f444                ana_1024x768
 .data.ana_640x480p
                0x000000008001f844      0x400 /usr/local/xenon/usr/lib/libxenon.a(xenos.o)
                0x000000008001f844                ana_640x480p
 .data.ana_pal  0x000000008001fc44      0x400 /usr/local/xenon/usr/lib/libxenon.a(xenos.o)
                0x000000008001fc44                ana_pal
 .data.ana_yuv_480p
                0x0000000080020044      0x400 /usr/local/xenon/usr/lib/libxenon.a(xenos.o)
                0x0000000080020044                ana_yuv_480p
 .data.ana_hdmi_720p
                0x0000000080020444      0x400 /usr/local/xenon/usr/lib/libxenon.a(xenos.o)
                0x0000000080020444                ana_hdmi_720p
 .data.ana_yuv_720p
                0x0000000080020844      0x400 /usr/local/xenon/usr/lib/libxenon.a(xenos.o)
                0x0000000080020844                ana_yuv_720p
 .data.ana_1280x1024
                0x0000000080020c44      0x400 /usr/local/xenon/usr/lib/libxenon.a(xenos.o)
                0x0000000080020c44                ana_1280x1024
 .data.ana_640_480_composite
                0x0000000080021044      0x400 /usr/local/xenon/usr/lib/libxenon.a(xenos.o)
                0x0000000080021044                ana_640_480_composite
 .data.ana_1440x900
                0x0000000080021444      0x400 /usr/local/xenon/usr/lib/libxenon.a(xenos.o)
                0x0000000080021444                ana_1440x900
 .data.ana_1280x768
                0x0000000080021844      0x400 /usr/local/xenon/usr/lib/libxenon.a(xenos.o)
                0x0000000080021844                ana_1280x768
 .data.ohci_driver
                0x0000000080021c44       0x2c /usr/local/xenon/usr/lib/libxenon.a(ohci.o)
                0x0000000080021c44                ohci_driver
 .data.usb_drivers
                0x0000000080021c70       0x70 /usr/local/xenon/usr/lib/libxenon.a(usbdevs.o)
                0x0000000080021c70                usb_drivers
 .data.usbhid_driver
                0x0000000080021ce0        0xc /usr/local/xenon/usr/lib/libxenon.a(usbhid.o)
                0x0000000080021ce0                usbhid_driver
 .data.usbhid_scantable
                0x0000000080021cec      0x650 /usr/local/xenon/usr/lib/libxenon.a(usbhid.o)
 .data.usbhub_driver
                0x000000008002233c        0xc /usr/local/xenon/usr/lib/libxenon.a(usbhub.o)
                0x000000008002233c                usbhub_driver
 .data.usbroothub_driver
                0x0000000080022348        0xc /usr/local/xenon/usr/lib/libxenon.a(usbhub.o)
                0x0000000080022348                usbroothub_driver
 .data.usbmass_driver
                0x0000000080022354        0xc /usr/local/xenon/usr/lib/libxenon.a(usbmass.o)
                0x0000000080022354                usbmass_driver
 .data.vfs_fat_mount_ops
                0x0000000080022360        0xc /usr/local/xenon/usr/lib/libxenon.a(diskio.o)
                0x0000000080022360                vfs_fat_mount_ops
 .data.vfs_fat_file_ops
                0x000000008002236c       0x18 /usr/local/xenon/usr/lib/libxenon.a(diskio.o)
                0x000000008002236c                vfs_fat_file_ops
 .data.vfs_iso9660_mount_ops
                0x0000000080022384        0xc /usr/local/xenon/usr/lib/libxenon.a(iso9660.o)
                0x0000000080022384                vfs_iso9660_mount_ops
 .data.vfs_iso9660_file_ops
                0x0000000080022390       0x18 /usr/local/xenon/usr/lib/libxenon.a(iso9660.o)
                0x0000000080022390                vfs_iso9660_file_ops
 .data.usbctrl_driver
                0x00000000800223a8        0xc /usr/local/xenon/usr/lib/libxenon.a(usbctrl.o)
                0x00000000800223a8                usbctrl_driver
 *fill*         0x00000000800223b4        0x4 00
 .data.rel.local
                0x00000000800223b8      0x428 /usr/local/xenon/xenon/lib/32/libc.a(lib_a-impure.o)
 .data.rel      0x00000000800227e0      0x408 /usr/local/xenon/xenon/lib/32/libc.a(lib_a-mallocr.o)
                0x00000000800227e0                __malloc_av_
 .data.rel.ro.local
                0x0000000080022be8       0x34 /usr/local/xenon/xenon/lib/32/libc.a(lib_a-locale.o)

.got2           0x0000000080022c1c      0x1e0
 .got2          0x0000000080022c1c       0x10 /usr/local/xenon/xenon/lib/32/libc.a(lib_a-assert.o)
 .got2          0x0000000080022c2c        0x4 /usr/local/xenon/xenon/lib/32/libc.a(lib_a-errno.o)
 .got2          0x0000000080022c30        0x4 /usr/local/xenon/xenon/lib/32/libc.a(lib_a-exit.o)
 .got2          0x0000000080022c34        0x4 /usr/local/xenon/xenon/lib/32/libc.a(lib_a-fiprintf.o)
 .got2          0x0000000080022c38        0x4 /usr/local/xenon/xenon/lib/32/libc.a(lib_a-malloc.o)
 .got2          0x0000000080022c3c       0x1c /usr/local/xenon/xenon/lib/32/libc.a(lib_a-mallocr.o)
 .got2          0x0000000080022c58        0x4 /usr/local/xenon/xenon/lib/32/libc.a(lib_a-printf.o)
 .got2          0x0000000080022c5c        0x4 /usr/local/xenon/xenon/lib/32/libc.a(lib_a-putchar.o)
 .got2          0x0000000080022c60        0x4 /usr/local/xenon/xenon/lib/32/libc.a(lib_a-putc.o)
 .got2          0x0000000080022c64        0x8 /usr/local/xenon/xenon/lib/32/libc.a(lib_a-puts.o)
 .got2          0x0000000080022c6c        0x4 /usr/local/xenon/xenon/lib/32/libc.a(lib_a-rand.o)
 .got2          0x0000000080022c70        0x4 /usr/local/xenon/xenon/lib/32/libc.a(lib_a-sbrkr.o)
 .got2          0x0000000080022c74        0x4 /usr/local/xenon/xenon/lib/32/libc.a(lib_a-snprintf.o)
 .got2          0x0000000080022c78        0x4 /usr/local/xenon/xenon/lib/32/libc.a(lib_a-sprintf.o)
 .got2          0x0000000080022c7c        0x4 /usr/local/xenon/xenon/lib/32/libc.a(lib_a-strcasecmp.o)
 .got2          0x0000000080022c80        0x4 /usr/local/xenon/xenon/lib/32/libc.a(lib_a-strncasecmp.o)
 .got2          0x0000000080022c84        0x8 /usr/local/xenon/xenon/lib/32/libc.a(lib_a-strtol.o)
 .got2          0x0000000080022c8c       0x30 /usr/local/xenon/xenon/lib/32/libc.a(lib_a-svfprintf.o)
 .got2          0x0000000080022cbc       0x1c /usr/local/xenon/xenon/lib/32/libc.a(lib_a-vfiprintf.o)
 .got2          0x0000000080022cd8       0x34 /usr/local/xenon/xenon/lib/32/libc.a(lib_a-vfprintf.o)
 .got2          0x0000000080022d0c        0x4 /usr/local/xenon/xenon/lib/32/libc.a(lib_a-wbuf.o)
 .got2          0x0000000080022d10        0x4 /usr/local/xenon/xenon/lib/32/libc.a(lib_a-wsetup.o)
 .got2          0x0000000080022d14        0x4 /usr/local/xenon/xenon/lib/32/libc.a(lib_a-__call_atexit.o)
 .got2          0x0000000080022d18       0x48 /usr/local/xenon/xenon/lib/32/libc.a(lib_a-dtoa.o)
 .got2          0x0000000080022d60        0xc /usr/local/xenon/xenon/lib/32/libc.a(lib_a-fflush.o)
 .got2          0x0000000080022d6c       0x28 /usr/local/xenon/xenon/lib/32/libc.a(lib_a-findfp.o)
 .got2          0x0000000080022d94       0x18 /usr/local/xenon/xenon/lib/32/libc.a(lib_a-freer.o)
 .got2          0x0000000080022dac       0x10 /usr/local/xenon/xenon/lib/32/libc.a(lib_a-locale.o)
 .got2          0x0000000080022dbc        0x8 /usr/local/xenon/xenon/lib/32/libc.a(lib_a-makebuf.o)
 .got2          0x0000000080022dc4       0x10 /usr/local/xenon/xenon/lib/32/libc.a(lib_a-mprec.o)
 .got2          0x0000000080022dd4        0x4 /usr/local/xenon/xenon/lib/32/libc.a(lib_a-reallocr.o)
 .got2          0x0000000080022dd8        0x4 /usr/local/xenon/xenon/lib/32/libc.a(lib_a-signal.o)
 .got2          0x0000000080022ddc        0x4 /usr/local/xenon/xenon/lib/32/libc.a(lib_a-signalr.o)
 .got2          0x0000000080022de0        0x4 /usr/local/xenon/xenon/lib/32/libc.a(lib_a-writer.o)
 .got2          0x0000000080022de4        0x4 /usr/local/xenon/xenon/lib/32/libc.a(lib_a-closer.o)
 .got2          0x0000000080022de8        0x4 /usr/local/xenon/xenon/lib/32/libc.a(lib_a-fclose.o)
 .got2          0x0000000080022dec        0x4 /usr/local/xenon/xenon/lib/32/libc.a(lib_a-fstatr.o)
 .got2          0x0000000080022df0        0x4 /usr/local/xenon/xenon/lib/32/libc.a(lib_a-isattyr.o)
 .got2          0x0000000080022df4        0x4 /usr/local/xenon/xenon/lib/32/libc.a(lib_a-lseekr.o)
 .got2          0x0000000080022df8        0x4 /usr/local/xenon/xenon/lib/32/libc.a(lib_a-readr.o)

.sdata          0x0000000080022dfc       0x1c
 *(.sdata*)
 .sdata.usbmass_ops
                0x0000000080022dfc        0x4 /usr/local/xenon/usr/lib/libxenon.a(usbmass.o)
                0x0000000080022dfc                usbmass_ops
 .sdata         0x0000000080022e00        0x8 /usr/local/xenon/xenon/lib/32/libc.a(lib_a-ctype_.o)
                0x0000000080022e00                __ctype_ptr
                0x0000000080022e04                __ctype_ptr__
 .sdata         0x0000000080022e08        0x8 /usr/local/xenon/xenon/lib/32/libc.a(lib_a-impure.o)
                0x0000000080022e0c                _global_impure_ptr
                0x0000000080022e08                _impure_ptr
 .sdata         0x0000000080022e10        0x8 /usr/local/xenon/xenon/lib/32/libc.a(lib_a-mallocr.o)
                0x0000000080022e14                __malloc_sbrk_base
                0x0000000080022e10                __malloc_trim_threshold

.rodata         0x0000000080022e18     0x38d0
 *(.rodata*)
 .rodata.cst4   0x0000000080022e18       0x10 main.o
 .rodata.str1.8
                0x0000000080022e28      0x2b0 main.o
                                        0x2ae (size before relaxing)
 .rodata.str1.1
                0x00000000800230d8       0x33 /usr/local/xenon/usr/lib/libxenon.a(console.o)
 *fill*         0x000000008002310b        0x5 00
 .rodata.fontdata_8x16
                0x0000000080023110     0x1000 /usr/local/xenon/usr/lib/libxenon.a(console.o)
                0x0000000080023110                fontdata_8x16
 .rodata.str1.1
                0x0000000080024110       0x1d /usr/local/xenon/usr/lib/libxenon.a(newlib.o)
 .rodata.str1.1
                0x000000008002412d       0x4b /usr/local/xenon/usr/lib/libxenon.a(lib_malloc.o)
 .rodata.str1.1
                0x0000000080024178       0x97 /usr/local/xenon/usr/lib/libxenon.a(usbmain.o)
 .rodata.str1.1
                0x000000008002420f      0x10b /usr/local/xenon/usr/lib/libxenon.a(xenon_smc.o)
 *fill*         0x000000008002431a        0x2 00
 .rodata.C.12.3393
                0x000000008002431c       0x40 /usr/local/xenon/usr/lib/libxenon.a(xenos.o)
 .rodata.C.9.3384
                0x000000008002435c       0x44 /usr/local/xenon/usr/lib/libxenon.a(xenos.o)
 .rodata.CSWTCH.31
                0x00000000800243a0       0x10 /usr/local/xenon/usr/lib/libxenon.a(xenos.o)
 .rodata.C.13.3412
                0x00000000800243b0       0x5c /usr/local/xenon/usr/lib/libxenon.a(xenos.o)
 .rodata.str1.1
                0x000000008002440c      0x1e0 /usr/local/xenon/usr/lib/libxenon.a(xenos.o)
 *fill*         0x00000000800245ec        0x4 00
 .rodata.__FUNCTION__.3423
                0x00000000800245f0       0x12 /usr/local/xenon/usr/lib/libxenon.a(xenos.o)
 *fill*         0x0000000080024602        0x6 00
 .rodata.__FUNCTION__.3628
                0x0000000080024608       0x12 /usr/local/xenon/usr/lib/libxenon.a(xenos.o)
 *fill*         0x000000008002461a        0x2 00
 .rodata.C.6.3364
                0x000000008002461c       0x1c /usr/local/xenon/usr/lib/libxenon.a(xenos.o)
 .rodata.C.10.3385
                0x0000000080024638       0x44 /usr/local/xenon/usr/lib/libxenon.a(xenos.o)
 .rodata.ohci_xfer
                0x000000008002467c       0x50 /usr/local/xenon/usr/lib/libxenon.a(ohci.o)
 .rodata.ohci_root_ifdsc
                0x00000000800246cc        0x9 /usr/local/xenon/usr/lib/libxenon.a(ohci.o)
 *fill*         0x00000000800246d5        0x3 00
 .rodata.ohci_revbits
                0x00000000800246d8       0x80 /usr/local/xenon/usr/lib/libxenon.a(ohci.o)
 .rodata.ohci_root_cfgdsc
                0x0000000080024758        0x9 /usr/local/xenon/usr/lib/libxenon.a(ohci.o)
 .rodata.str1.1
                0x0000000080024761       0x11 /usr/local/xenon/usr/lib/libxenon.a(ohci.o)
 .rodata.ohci_root_devdsc
                0x0000000080024772       0x12 /usr/local/xenon/usr/lib/libxenon.a(ohci.o)
 .rodata.ohci_root_hubdsc
                0x0000000080024784       0x47 /usr/local/xenon/usr/lib/libxenon.a(ohci.o)
 .rodata.ohci_root_epdsc
                0x00000000800247cb        0x7 /usr/local/xenon/usr/lib/libxenon.a(ohci.o)
 .rodata.str1.1
                0x00000000800247d2      0x100 /usr/local/xenon/usr/lib/libxenon.a(usbd.o)
 .rodata.str1.1
                0x00000000800248d2       0x47 /usr/local/xenon/usr/lib/libxenon.a(usbdevs.o)
 .rodata.str1.1
                0x0000000080024919       0x4a /usr/local/xenon/usr/lib/libxenon.a(usbhid.o)
 *fill*         0x0000000080024963        0x1 00
 .rodata.usbhid_devtypes
                0x0000000080024964        0xc /usr/local/xenon/usr/lib/libxenon.a(usbhid.o)
 .rodata.str1.1
                0x0000000080024970      0x241 /usr/local/xenon/usr/lib/libxenon.a(usbhub.o)
                                        0x24a (size before relaxing)
 .rodata.str1.1
                0x0000000080024bb1       0x63 /usr/local/xenon/usr/lib/libxenon.a(usbmass.o)
 .rodata.str1.1
                0x0000000080024c14       0x40 /usr/local/xenon/usr/lib/libxenon.a(xenon_config.o)
 .rodata.str1.1
                0x0000000080024c54       0x78 /usr/local/xenon/usr/lib/libxenon.a(diskio.o)
                                         0x79 (size before relaxing)
 .rodata.str1.1
                0x0000000080024ccc       0xb3 /usr/local/xenon/usr/lib/libxenon.a(disk_rb.o)
 *fill*         0x0000000080024d7f        0x1 00
 .rodata.fat_partition_types
                0x0000000080024d80        0xa /usr/local/xenon/usr/lib/libxenon.a(disk_rb.o)
 *fill*         0x0000000080024d8a        0x6 00
 .rodata.invalid_chars.4665
                0x0000000080024d90       0x11 /usr/local/xenon/usr/lib/libxenon.a(fat_rb.o)
 *fill*         0x0000000080024da1        0x7 00
 .rodata.daysinmonth.4273
                0x0000000080024da8        0xc /usr/local/xenon/usr/lib/libxenon.a(fat_rb.o)
 *fill*         0x0000000080024db4        0x4 00
 .rodata.FATLONG_NAME_SIZE
                0x0000000080024db8        0x3 /usr/local/xenon/usr/lib/libxenon.a(fat_rb.o)
 .rodata.str1.1
                0x0000000080024dbb      0x640 /usr/local/xenon/usr/lib/libxenon.a(fat_rb.o)
                                        0x642 (size before relaxing)
 *fill*         0x00000000800253fb        0x5 00
 .rodata.invalid_chars.4530
                0x0000000080025400        0xa /usr/local/xenon/usr/lib/libxenon.a(fat_rb.o)
 *fill*         0x000000008002540a        0x6 00
 .rodata.FATLONG_NAME_POS
                0x0000000080025410        0x3 /usr/local/xenon/usr/lib/libxenon.a(fat_rb.o)
 .rodata.str1.1
                0x0000000080025413      0x1a4 /usr/local/xenon/usr/lib/libxenon.a(file_rb.o)
 .rodata.str1.1
                0x00000000800255b7      0x112 /usr/local/xenon/usr/lib/libxenon.a(dir_rb.o)
                                        0x141 (size before relaxing)
 .rodata.str1.1
                0x00000000800256c9       0xba /usr/local/xenon/usr/lib/libxenon.a(iso9660.o)
 .rodata.str1.1
                0x0000000080025783       0x73 /usr/local/xenon/usr/lib/libxenon.a(usbctrl.o)
 .rodata.str1.1
                0x00000000800257f6      0x61a /usr/local/xenon/usr/lib/libxenon.a(usbdebug.o)
                                        0x672 (size before relaxing)
 .rodata.eptattribs.3320
                0x0000000080025e10       0x10 /usr/local/xenon/usr/lib/libxenon.a(usbdebug.o)
 .rodata.utf8comp
                0x0000000080025e20        0x6 /usr/local/xenon/usr/lib/libxenon.a(unicode_rb.o)
 .rodata.str1.1
                0x0000000080025e26      0x11d /usr/local/xenon/usr/lib/libxenon.a(xenon_sfcx.o)
 *fill*         0x0000000080025f43        0x1 00
 .rodata.str1.4
                0x0000000080025f44       0x3f /usr/local/xenon/xenon/lib/32/libc.a(lib_a-assert.o)
                                         0x43 (size before relaxing)
 *fill*         0x0000000080025f83        0x1 00
 .rodata        0x0000000080025f84      0x101 /usr/local/xenon/xenon/lib/32/libc.a(lib_a-ctype_.o)
                0x0000000080025f84                _ctype_
 *fill*         0x0000000080026085        0x3 00
 .rodata.str1.4
                0x0000000080026088        0x2 /usr/local/xenon/xenon/lib/32/libc.a(lib_a-impure.o)
 *fill*         0x000000008002608a        0x2 00
 .rodata.str1.4
                0x000000008002608c        0x2 /usr/local/xenon/xenon/lib/32/libc.a(lib_a-puts.o)
 *fill*         0x000000008002608e        0x2 00
 .rodata        0x0000000080026090      0x184 /usr/local/xenon/xenon/lib/32/libc.a(lib_a-svfprintf.o)
 .rodata.cst4   0x0000000080026214        0x4 /usr/local/xenon/xenon/lib/32/libc.a(lib_a-svfprintf.o)
 .rodata.str1.4
                0x0000000080026218       0x42 /usr/local/xenon/xenon/lib/32/libc.a(lib_a-svfprintf.o)
 *fill*         0x000000008002625a        0x2 00
 .rodata        0x000000008002625c      0x184 /usr/local/xenon/xenon/lib/32/libc.a(lib_a-vfiprintf.o)
 .rodata.str1.4
                0x0000000000000000       0x2f /usr/local/xenon/xenon/lib/32/libc.a(lib_a-vfiprintf.o)
 .rodata        0x00000000800263e0      0x184 /usr/local/xenon/xenon/lib/32/libc.a(lib_a-vfprintf.o)
 .rodata.cst4   0x0000000000000000        0x4 /usr/local/xenon/xenon/lib/32/libc.a(lib_a-vfprintf.o)
 .rodata.str1.4
                0x0000000000000000       0x42 /usr/local/xenon/xenon/lib/32/libc.a(lib_a-vfprintf.o)
 .rodata.cst4   0x0000000080026564       0x20 /usr/local/xenon/xenon/lib/32/libc.a(lib_a-dtoa.o)
                                         0x24 (size before relaxing)
 *fill*         0x0000000080026584        0x4 00
 .rodata.cst8   0x0000000080026588       0x18 /usr/local/xenon/xenon/lib/32/libc.a(lib_a-dtoa.o)
 .rodata.str1.4
                0x00000000800265a0       0x10 /usr/local/xenon/xenon/lib/32/libc.a(lib_a-dtoa.o)
                                         0x12 (size before relaxing)
 .rodata.str1.4
                0x00000000800265b0       0x10 /usr/local/xenon/xenon/lib/32/libc.a(lib_a-locale.o)
                                         0x17 (size before relaxing)
 .rodata        0x00000000800265c0      0x128 /usr/local/xenon/xenon/lib/32/libc.a(lib_a-mprec.o)
                0x00000000800266c0                __mprec_tinytens
                0x00000000800265d0                __mprec_tens
                0x0000000080026698                __mprec_bigtens
 .rodata.cst4   0x0000000000000000        0x8 /usr/local/xenon/xenon/lib/32/libc.a(lib_a-mprec.o)

.ctors          0x00000000800266e8        0x0
                0x00000000800266e8                __CTOR_LIST__ = .
 *(.ctors)
                0x00000000800266e8                __CTOR_END__ = .

.dtors          0x00000000800266e8        0x0
                0x00000000800266e8                __DTOR_LIST__ = .
 *(.dtors)
                0x00000000800266e8                __DTOR_END__ = .

.eh_frame_hdr   0x00000000800266e8      0xb44
 *(.eh_frame_hdr)
 .eh_frame_hdr  0x00000000800266e8      0xb44 /usr/local/xenon/lib/gcc/xenon/4.4.0/../../../../xenon/lib/../lib/crt1.o

.eh_frame       0x000000008002722c     0x2d64
 *(.eh_frame)
 .eh_frame      0x000000008002722c       0x38 /usr/local/xenon/lib/gcc/xenon/4.4.0/../../../../xenon/lib/../lib/crt1.o
 .eh_frame      0x0000000080027264        0x0 /usr/local/xenon/lib/gcc/xenon/4.4.0/32/crtbegin.o
 .eh_frame      0x0000000080027264      0x118 main.o
                                        0x12c (size before relaxing)
 .eh_frame      0x000000008002737c       0xa4 /usr/local/xenon/usr/lib/libxenon.a(console.o)
                                         0xe0 (size before relaxing)
 .eh_frame      0x0000000080027420       0x3c /usr/local/xenon/usr/lib/libxenon.a(input.o)
                                         0x50 (size before relaxing)
 .eh_frame      0x000000008002745c      0x180 /usr/local/xenon/usr/lib/libxenon.a(newlib.o)
                                        0x1f0 (size before relaxing)
 .eh_frame      0x00000000800275dc       0x5c /usr/local/xenon/usr/lib/libxenon.a(lib_malloc.o)
                                         0xc0 (size before relaxing)
 .eh_frame      0x0000000080027638       0x5c /usr/local/xenon/usr/lib/libxenon.a(usbmain.o)
                                         0x70 (size before relaxing)
 .eh_frame      0x0000000080027694      0x120 /usr/local/xenon/usr/lib/libxenon.a(xenon_smc.o)
                                        0x1a4 (size before relaxing)
 .eh_frame      0x00000000800277b4       0x20 /usr/local/xenon/usr/lib/libxenon.a(xenon_uart.o)
                                         0x5c (size before relaxing)
 .eh_frame      0x00000000800277d4      0x1a0 /usr/local/xenon/usr/lib/libxenon.a(xenos.o)
                                        0x1b4 (size before relaxing)
 .eh_frame      0x0000000080027974       0x50 /usr/local/xenon/usr/lib/libxenon.a(io.o)
                                         0x64 (size before relaxing)
 .eh_frame      0x00000000800279c4       0x3c /usr/local/xenon/usr/lib/libxenon.a(time.o)
                                         0x50 (size before relaxing)
 .eh_frame      0x0000000080027a00      0x1d8 /usr/local/xenon/usr/lib/libxenon.a(ohci.o)
                                        0x1ec (size before relaxing)
 .eh_frame      0x0000000080027bd8      0x374 /usr/local/xenon/usr/lib/libxenon.a(usbd.o)
                                        0x3bc (size before relaxing)
 .eh_frame      0x0000000080027f4c       0x24 /usr/local/xenon/usr/lib/libxenon.a(usbdevs.o)
                                         0x38 (size before relaxing)
 .eh_frame      0x0000000080027f70       0x7c /usr/local/xenon/usr/lib/libxenon.a(usbhid.o)
                                         0x90 (size before relaxing)
 .eh_frame      0x0000000080027fec      0x144 /usr/local/xenon/usr/lib/libxenon.a(usbhub.o)
                                        0x190 (size before relaxing)
 .eh_frame      0x0000000080028130       0xe4 /usr/local/xenon/usr/lib/libxenon.a(usbmass.o)
                                        0x124 (size before relaxing)
 .eh_frame      0x0000000080028214       0x48 /usr/local/xenon/usr/lib/libxenon.a(xenon_gpio.o)
                                         0x7c (size before relaxing)
 .eh_frame      0x000000008002825c       0x34 /usr/local/xenon/usr/lib/libxenon.a(xenon_config.o)
                                         0x70 (size before relaxing)
 .eh_frame      0x0000000080028290      0x118 /usr/local/xenon/usr/lib/libxenon.a(diskio.o)
                                        0x18c (size before relaxing)
 .eh_frame      0x00000000800283a8       0x9c /usr/local/xenon/usr/lib/libxenon.a(disk_rb.o)
                                         0xf0 (size before relaxing)
 .eh_frame      0x0000000080028444      0x434 /usr/local/xenon/usr/lib/libxenon.a(fat_rb.o)
                                        0x564 (size before relaxing)
 .eh_frame      0x0000000080028878      0x148 /usr/local/xenon/usr/lib/libxenon.a(file_rb.o)
                                        0x1d4 (size before relaxing)
 .eh_frame      0x00000000800289c0       0x64 /usr/local/xenon/usr/lib/libxenon.a(dir_rb.o)
                                         0xd4 (size before relaxing)
 .eh_frame      0x0000000080028a24      0x1c0 /usr/local/xenon/usr/lib/libxenon.a(iso9660.o)
                                        0x1d4 (size before relaxing)
 .eh_frame      0x0000000080028be4       0x28 /usr/local/xenon/usr/lib/libxenon.a(lib_queue.o)
                                         0xa0 (size before relaxing)
 .eh_frame      0x0000000080028c0c       0x60 /usr/local/xenon/usr/lib/libxenon.a(usbctrl.o)
                                         0x74 (size before relaxing)
 .eh_frame      0x0000000080028c6c       0x94 /usr/local/xenon/usr/lib/libxenon.a(usbdebug.o)
                                        0x104 (size before relaxing)
 .eh_frame      0x0000000080028d00       0x3c /usr/local/xenon/usr/lib/libxenon.a(unicode_rb.o)
                                         0xac (size before relaxing)
 .eh_frame      0x0000000080028d3c       0x70 /usr/local/xenon/usr/lib/libxenon.a(xenon_sfcx.o)
                                        0x1e8 (size before relaxing)
 .eh_frame      0x0000000080028dac       0x38 /usr/local/xenon/xenon/lib/32/libc.a(lib_a-assert.o)
                                         0x4c (size before relaxing)
 .eh_frame      0x0000000080028de4       0x30 /usr/local/xenon/xenon/lib/32/libc.a(lib_a-atoi.o)
                                         0x44 (size before relaxing)
 .eh_frame      0x0000000080028e14       0x20 /usr/local/xenon/xenon/lib/32/libc.a(lib_a-errno.o)
                                         0x34 (size before relaxing)
 .eh_frame      0x0000000080028e34       0x24 /usr/local/xenon/xenon/lib/32/libc.a(lib_a-exit.o)
                                         0x38 (size before relaxing)
 .eh_frame      0x0000000080028e58       0x38 /usr/local/xenon/xenon/lib/32/libc.a(lib_a-fiprintf.o)
                                         0x4c (size before relaxing)
 .eh_frame      0x0000000080028e90       0x40 /usr/local/xenon/xenon/lib/32/libc.a(lib_a-malloc.o)
                                         0x54 (size before relaxing)
 .eh_frame      0x0000000080028ed0       0x34 /usr/local/xenon/xenon/lib/32/libc.a(lib_a-mallocr.o)
                                         0x48 (size before relaxing)
 .eh_frame      0x0000000080028f04       0x1c /usr/local/xenon/xenon/lib/32/libc.a(lib_a-memchr.o)
                                         0x30 (size before relaxing)
 .eh_frame      0x0000000080028f20       0x1c /usr/local/xenon/xenon/lib/32/libc.a(lib_a-memcmp.o)
                                         0x30 (size before relaxing)
 .eh_frame      0x0000000080028f3c       0x1c /usr/local/xenon/xenon/lib/32/libc.a(lib_a-memcpy.o)
                                         0x30 (size before relaxing)
 .eh_frame      0x0000000080028f58       0x1c /usr/local/xenon/xenon/lib/32/libc.a(lib_a-memset.o)
                                         0x30 (size before relaxing)
 .eh_frame      0x0000000080028f74       0x28 /usr/local/xenon/xenon/lib/32/libc.a(lib_a-mlock.o)
                                         0x3c (size before relaxing)
 .eh_frame      0x0000000080028f9c       0x38 /usr/local/xenon/xenon/lib/32/libc.a(lib_a-printf.o)
                                         0x4c (size before relaxing)
 .eh_frame      0x0000000080028fd4       0x38 /usr/local/xenon/xenon/lib/32/libc.a(lib_a-putchar.o)
                                         0x4c (size before relaxing)
 .eh_frame      0x000000008002900c       0x48 /usr/local/xenon/xenon/lib/32/libc.a(lib_a-putc.o)
                                         0x5c (size before relaxing)
 .eh_frame      0x0000000080029054       0x44 /usr/local/xenon/xenon/lib/32/libc.a(lib_a-puts.o)
                                         0x58 (size before relaxing)
 .eh_frame      0x0000000080029098       0x40 /usr/local/xenon/xenon/lib/32/libc.a(lib_a-rand.o)
                                         0x54 (size before relaxing)
 .eh_frame      0x00000000800290d8       0x24 /usr/local/xenon/xenon/lib/32/libc.a(lib_a-sbrkr.o)
                                         0x38 (size before relaxing)
 .eh_frame      0x00000000800290fc       0x50 /usr/local/xenon/xenon/lib/32/libc.a(lib_a-snprintf.o)
                                         0x64 (size before relaxing)
 .eh_frame      0x000000008002914c       0x40 /usr/local/xenon/xenon/lib/32/libc.a(lib_a-sprintf.o)
                                         0x54 (size before relaxing)
 .eh_frame      0x000000008002918c       0x1c /usr/local/xenon/xenon/lib/32/libc.a(lib_a-strcasecmp.o)
                                         0x30 (size before relaxing)
 .eh_frame      0x00000000800291a8       0x20 /usr/local/xenon/xenon/lib/32/libc.a(lib_a-strcat.o)
                                         0x34 (size before relaxing)
 .eh_frame      0x00000000800291c8       0x1c /usr/local/xenon/xenon/lib/32/libc.a(lib_a-strchr.o)
                                         0x30 (size before relaxing)
 .eh_frame      0x00000000800291e4       0x1c /usr/local/xenon/xenon/lib/32/libc.a(lib_a-strcmp.o)
                                         0x30 (size before relaxing)
 .eh_frame      0x0000000080029200       0x1c /usr/local/xenon/xenon/lib/32/libc.a(lib_a-strcpy.o)
                                         0x30 (size before relaxing)
 .eh_frame      0x000000008002921c       0x1c /usr/local/xenon/xenon/lib/32/libc.a(lib_a-strlcpy.o)
                                         0x30 (size before relaxing)
 .eh_frame      0x0000000080029238       0x1c /usr/local/xenon/xenon/lib/32/libc.a(lib_a-strlen.o)
                                         0x30 (size before relaxing)
 .eh_frame      0x0000000080029254       0x28 /usr/local/xenon/xenon/lib/32/libc.a(lib_a-strncasecmp.o)
                                         0x3c (size before relaxing)
 .eh_frame      0x000000008002927c       0x1c /usr/local/xenon/xenon/lib/32/libc.a(lib_a-strncmp.o)
                                         0x30 (size before relaxing)
 .eh_frame      0x0000000080029298       0x1c /usr/local/xenon/xenon/lib/32/libc.a(lib_a-strncpy.o)
                                         0x30 (size before relaxing)
 .eh_frame      0x00000000800292b4       0x20 /usr/local/xenon/xenon/lib/32/libc.a(lib_a-strrchr.o)
                                         0x34 (size before relaxing)
 .eh_frame      0x00000000800292d4       0x34 /usr/local/xenon/xenon/lib/32/libc.a(lib_a-strtok_r.o)
                                         0x48 (size before relaxing)
 .eh_frame      0x0000000080029308       0x50 /usr/local/xenon/xenon/lib/32/libc.a(lib_a-strtol.o)
                                         0x64 (size before relaxing)
 .eh_frame      0x0000000080029358       0x84 /usr/local/xenon/xenon/lib/32/libc.a(lib_a-svfprintf.o)
                                         0x98 (size before relaxing)
 .eh_frame      0x00000000800293dc       0x88 /usr/local/xenon/xenon/lib/32/libc.a(lib_a-vfiprintf.o)
                                         0x9c (size before relaxing)
 .eh_frame      0x0000000080029464       0x8c /usr/local/xenon/xenon/lib/32/libc.a(lib_a-vfprintf.o)
                                         0xa0 (size before relaxing)
 .eh_frame      0x00000000800294f0       0x48 /usr/local/xenon/xenon/lib/32/libc.a(lib_a-wbuf.o)
                                         0x5c (size before relaxing)
 .eh_frame      0x0000000080029538       0x24 /usr/local/xenon/xenon/lib/32/libc.a(lib_a-wsetup.o)
                                         0x38 (size before relaxing)
 .eh_frame      0x000000008002955c       0x18 /usr/local/xenon/xenon/lib/32/libc.a(lib_a-abort.o)
                                         0x2c (size before relaxing)
 .eh_frame      0x0000000080029574       0x40 /usr/local/xenon/xenon/lib/32/libc.a(lib_a-__call_atexit.o)
                                         0x54 (size before relaxing)
 .eh_frame      0x00000000800295b4       0x80 /usr/local/xenon/xenon/lib/32/libc.a(lib_a-dtoa.o)
                                         0x94 (size before relaxing)
 .eh_frame      0x0000000080029634       0x48 /usr/local/xenon/xenon/lib/32/libc.a(lib_a-fflush.o)
                                         0x5c (size before relaxing)
 .eh_frame      0x000000008002967c      0x190 /usr/local/xenon/xenon/lib/32/libc.a(lib_a-findfp.o)
                                        0x1a4 (size before relaxing)
 .eh_frame      0x000000008002980c       0x4c /usr/local/xenon/xenon/lib/32/libc.a(lib_a-freer.o)
                                         0x60 (size before relaxing)
 .eh_frame      0x0000000080029858       0x34 /usr/local/xenon/xenon/lib/32/libc.a(lib_a-fvwrite.o)
                                         0x48 (size before relaxing)
 .eh_frame      0x000000008002988c       0x54 /usr/local/xenon/xenon/lib/32/libc.a(lib_a-fwalk.o)
                                         0x68 (size before relaxing)
 .eh_frame      0x00000000800298e0       0xa8 /usr/local/xenon/xenon/lib/32/libc.a(lib_a-locale.o)
                                         0xbc (size before relaxing)
 .eh_frame      0x0000000080029988       0x28 /usr/local/xenon/xenon/lib/32/libc.a(lib_a-makebuf.o)
                                         0x3c (size before relaxing)
 .eh_frame      0x00000000800299b0       0x1c /usr/local/xenon/xenon/lib/32/libc.a(lib_a-memmove.o)
                                         0x30 (size before relaxing)
 .eh_frame      0x00000000800299cc      0x270 /usr/local/xenon/xenon/lib/32/libc.a(lib_a-mprec.o)
                                        0x284 (size before relaxing)
 .eh_frame      0x0000000080029c3c       0x38 /usr/local/xenon/xenon/lib/32/libc.a(lib_a-reallocr.o)
                                         0x4c (size before relaxing)
 .eh_frame      0x0000000080029c74        0x0 /usr/local/xenon/xenon/lib/32/libc.a(lib_a-reent.o)
                                         0x84 (size before relaxing)
 .eh_frame      0x0000000080029c74      0x104 /usr/local/xenon/xenon/lib/32/libc.a(lib_a-signal.o)
                                        0x118 (size before relaxing)
 .eh_frame      0x0000000080029d78       0x3c /usr/local/xenon/xenon/lib/32/libc.a(lib_a-signalr.o)
                                         0x50 (size before relaxing)
 .eh_frame      0x0000000080029db4       0x14 /usr/local/xenon/xenon/lib/32/libc.a(lib_a-s_isinfd.o)
                                         0x28 (size before relaxing)
 .eh_frame      0x0000000080029dc8       0x14 /usr/local/xenon/xenon/lib/32/libc.a(lib_a-s_isnand.o)
                                         0x28 (size before relaxing)
 .eh_frame      0x0000000080029ddc       0x74 /usr/local/xenon/xenon/lib/32/libc.a(lib_a-stdio.o)
                                         0x88 (size before relaxing)
 .eh_frame      0x0000000080029e50       0x24 /usr/local/xenon/xenon/lib/32/libc.a(lib_a-writer.o)
                                         0x38 (size before relaxing)
 .eh_frame      0x0000000080029e74       0x1c /usr/local/xenon/xenon/lib/32/libc.a(lib_a-callocr.o)
                                         0x30 (size before relaxing)
 .eh_frame      0x0000000080029e90       0x24 /usr/local/xenon/xenon/lib/32/libc.a(lib_a-closer.o)
                                         0x38 (size before relaxing)
 .eh_frame      0x0000000080029eb4       0x48 /usr/local/xenon/xenon/lib/32/libc.a(lib_a-fclose.o)
                                         0x5c (size before relaxing)
 .eh_frame      0x0000000080029efc       0x24 /usr/local/xenon/xenon/lib/32/libc.a(lib_a-fstatr.o)
                                         0x38 (size before relaxing)
 .eh_frame      0x0000000080029f20       0x24 /usr/local/xenon/xenon/lib/32/libc.a(lib_a-isattyr.o)
                                         0x38 (size before relaxing)
 .eh_frame      0x0000000080029f44       0x24 /usr/local/xenon/xenon/lib/32/libc.a(lib_a-lseekr.o)
                                         0x38 (size before relaxing)
 .eh_frame      0x0000000080029f68       0x24 /usr/local/xenon/xenon/lib/32/libc.a(lib_a-readr.o)
                                         0x38 (size before relaxing)
 .eh_frame      0x0000000080029f8c        0x4 /usr/local/xenon/lib/gcc/xenon/4.4.0/32/crtend.o

.rela.dyn       0x0000000080029f90        0x0
 .rela.text.call_ctors
                0x0000000000000000        0x0 /usr/local/xenon/lib/gcc/xenon/4.4.0/../../../../xenon/lib/../lib/crt1.o
 .rela.got2     0x0000000000000000        0x0 /usr/local/xenon/lib/gcc/xenon/4.4.0/../../../../xenon/lib/../lib/crt1.o
 .rela.text     0x0000000000000000        0x0 /usr/local/xenon/lib/gcc/xenon/4.4.0/../../../../xenon/lib/../lib/crt1.o
 .rela.text.console_close
                0x0000000000000000        0x0 /usr/local/xenon/lib/gcc/xenon/4.4.0/../../../../xenon/lib/../lib/crt1.o
 .rela.text.console_init
                0x0000000000000000        0x0 /usr/local/xenon/lib/gcc/xenon/4.4.0/../../../../xenon/lib/../lib/crt1.o
 .rela.text.sbrk
                0x0000000000000000        0x0 /usr/local/xenon/lib/gcc/xenon/4.4.0/../../../../xenon/lib/../lib/crt1.o
 .rela.text.kmem_init
                0x0000000000000000        0x0 /usr/local/xenon/lib/gcc/xenon/4.4.0/../../../../xenon/lib/../lib/crt1.o
 .rela.text.usb_do_poll
                0x0000000000000000        0x0 /usr/local/xenon/lib/gcc/xenon/4.4.0/../../../../xenon/lib/../lib/crt1.o
 .rela.text.usb_init_one_ohci
                0x0000000000000000        0x0 /usr/local/xenon/lib/gcc/xenon/4.4.0/../../../../xenon/lib/../lib/crt1.o
 .rela.text._ohci_dma_alloc
                0x0000000000000000        0x0 /usr/local/xenon/lib/gcc/xenon/4.4.0/../../../../xenon/lib/../lib/crt1.o
 .rela.text.ohci_create
                0x0000000000000000        0x0 /usr/local/xenon/lib/gcc/xenon/4.4.0/../../../../xenon/lib/../lib/crt1.o
 .rela.text.usb_create_pipe
                0x0000000000000000        0x0 /usr/local/xenon/lib/gcc/xenon/4.4.0/../../../../xenon/lib/../lib/crt1.o
 .rela.text.usb_free_request
                0x0000000000000000        0x0 /usr/local/xenon/lib/gcc/xenon/4.4.0/../../../../xenon/lib/../lib/crt1.o
 .rela.text.usb_destroy_all_pipes
                0x0000000000000000        0x0 /usr/local/xenon/lib/gcc/xenon/4.4.0/../../../../xenon/lib/../lib/crt1.o
 .rela.text.usb_destroy_device
                0x0000000000000000        0x0 /usr/local/xenon/lib/gcc/xenon/4.4.0/../../../../xenon/lib/../lib/crt1.o
 .rela.text.usb_destroy_pipe
                0x0000000000000000        0x0 /usr/local/xenon/lib/gcc/xenon/4.4.0/../../../../xenon/lib/../lib/crt1.o
 .rela.text.usb_make_request
                0x0000000000000000        0x0 /usr/local/xenon/lib/gcc/xenon/4.4.0/../../../../xenon/lib/../lib/crt1.o
 .rela.text.usb_clear_stall
                0x0000000000000000        0x0 /usr/local/xenon/lib/gcc/xenon/4.4.0/../../../../xenon/lib/../lib/crt1.o
 .rela.text.usb_std_request
                0x0000000000000000        0x0 /usr/local/xenon/lib/gcc/xenon/4.4.0/../../../../xenon/lib/../lib/crt1.o
 .rela.text.usb_get_string
                0x0000000000000000        0x0 /usr/local/xenon/lib/gcc/xenon/4.4.0/../../../../xenon/lib/../lib/crt1.o
 .rela.text.usb_get_config_descriptor
                0x0000000000000000        0x0 /usr/local/xenon/lib/gcc/xenon/4.4.0/../../../../xenon/lib/../lib/crt1.o
 .rela.text.usb_get_device_descriptor
                0x0000000000000000        0x0 /usr/local/xenon/lib/gcc/xenon/4.4.0/../../../../xenon/lib/../lib/crt1.o
 .rela.text.usb_create_device
                0x0000000000000000        0x0 /usr/local/xenon/lib/gcc/xenon/4.4.0/../../../../xenon/lib/../lib/crt1.o
 .rela.text.usb_initroot
                0x0000000000000000        0x0 /usr/local/xenon/lib/gcc/xenon/4.4.0/../../../../xenon/lib/../lib/crt1.o
 .rela.data.usb_drivers
                0x0000000000000000        0x0 /usr/local/xenon/lib/gcc/xenon/4.4.0/../../../../xenon/lib/../lib/crt1.o
 .rela.text.usbhid_attach
                0x0000000000000000        0x0 /usr/local/xenon/lib/gcc/xenon/4.4.0/../../../../xenon/lib/../lib/crt1.o
 .rela.text.usbhub_detach
                0x0000000000000000        0x0 /usr/local/xenon/lib/gcc/xenon/4.4.0/../../../../xenon/lib/../lib/crt1.o
 .rela.text.usbhub_scan1
                0x0000000000000000        0x0 /usr/local/xenon/lib/gcc/xenon/4.4.0/../../../../xenon/lib/../lib/crt1.o
 .rela.text.usbhub_attach
                0x0000000000000000        0x0 /usr/local/xenon/lib/gcc/xenon/4.4.0/../../../../xenon/lib/../lib/crt1.o
 .rela.text.usbmass_detach
                0x0000000000000000        0x0 /usr/local/xenon/lib/gcc/xenon/4.4.0/../../../../xenon/lib/../lib/crt1.o
 .rela.text.usbmass_attach