Archive member included because of file (symbol)

/usr/local/xenon/usr/lib/libxenon.a(startup_from_xell.o)
                              (_start)
/usr/local/xenon/usr/lib/libxenon.a(console.o)
                              main.o (console_set_colors)
/usr/local/xenon/usr/lib/libxenon.a(input.o)
                              main.o (get_controller_data)
/usr/local/xenon/usr/lib/libxenon.a(newlib.o)
                              (read)
/usr/local/xenon/usr/lib/libxenon.a(lib_malloc.o)
                              main.o (kmem_init)
/usr/local/xenon/usr/lib/libxenon.a(atomic.o)
                              /usr/local/xenon/usr/lib/libxenon.a(startup_from_xell.o) (atomic_clearset)
/usr/local/xenon/usr/lib/libxenon.a(cache.o)
                              /usr/local/xenon/usr/lib/libxenon.a(console.o) (memdcbst)
/usr/local/xenon/usr/lib/libxenon.a(except.o)
                              (exc_base)
/usr/local/xenon/usr/lib/libxenon.a(vm.o)
                              /usr/local/xenon/usr/lib/libxenon.a(except.o) (pagetable)
/usr/local/xenon/usr/lib/libxenon.a(usbmain.o)
                              main.o (usb_do_poll)
/usr/local/xenon/usr/lib/libxenon.a(xenon_smc.o)
                              main.o (xenon_smc_receive_response)
/usr/local/xenon/usr/lib/libxenon.a(xenon_uart.o)
                              /usr/local/xenon/usr/lib/libxenon.a(newlib.o) (putch)
/usr/local/xenon/usr/lib/libxenon.a(xenos.o)
                              /usr/local/xenon/usr/lib/libxenon.a(console.o) (xenos_is_overscan)
/usr/local/xenon/usr/lib/libxenon.a(io.o)
                              /usr/local/xenon/usr/lib/libxenon.a(xenon_smc.o) (read32n)
/usr/local/xenon/usr/lib/libxenon.a(time.o)
                              /usr/local/xenon/usr/lib/libxenon.a(xenos.o) (udelay)
/usr/local/xenon/usr/lib/libxenon.a(ohci.o)
                              /usr/local/xenon/usr/lib/libxenon.a(usbmain.o) (ohci_driver)
/usr/local/xenon/usr/lib/libxenon.a(usbd.o)
                              /usr/local/xenon/usr/lib/libxenon.a(usbmain.o) (usb_poll)
/usr/local/xenon/usr/lib/libxenon.a(usbdevs.o)
                              /usr/local/xenon/usr/lib/libxenon.a(usbd.o) (usb_find_driver)
/usr/local/xenon/usr/lib/libxenon.a(usbhid.o)
                              /usr/local/xenon/usr/lib/libxenon.a(usbdevs.o) (usbhid_driver)
/usr/local/xenon/usr/lib/libxenon.a(usbhub.o)
                              /usr/local/xenon/usr/lib/libxenon.a(usbd.o) (usb_scan)
/usr/local/xenon/usr/lib/libxenon.a(usbmass.o)
                              /usr/local/xenon/usr/lib/libxenon.a(usbdevs.o) (usbmass_driver)
/usr/local/xenon/usr/lib/libxenon.a(xenon_gpio.o)
                              /usr/local/xenon/usr/lib/libxenon.a(xenos.o) (xenon_gpio_set)
/usr/local/xenon/usr/lib/libxenon.a(xenon_config.o)
                              /usr/local/xenon/usr/lib/libxenon.a(xenos.o) (xenon_config_get_avregion)
/usr/local/xenon/usr/lib/libxenon.a(diskio.o)
                              /usr/local/xenon/usr/lib/libxenon.a(usbmass.o) (unregister_bdev)
/usr/local/xenon/usr/lib/libxenon.a(disk_rb.o)
                              /usr/local/xenon/usr/lib/libxenon.a(diskio.o) (disk_mount)
/usr/local/xenon/usr/lib/libxenon.a(fat_rb.o)
                              /usr/local/xenon/usr/lib/libxenon.a(diskio.o) (fat_init)
/usr/local/xenon/usr/lib/libxenon.a(file_rb.o)
                              /usr/local/xenon/usr/lib/libxenon.a(disk_rb.o) (release_files)
/usr/local/xenon/usr/lib/libxenon.a(dir_rb.o)
                              /usr/local/xenon/usr/lib/libxenon.a(disk_rb.o) (release_dirs)
/usr/local/xenon/usr/lib/libxenon.a(iso9660.o)
                              /usr/local/xenon/usr/lib/libxenon.a(diskio.o) (vfs_iso9660_mount_ops)
/usr/local/xenon/usr/lib/libxenon.a(lib_queue.o)
                              /usr/local/xenon/usr/lib/libxenon.a(ohci.o) (q_enqueue)
/usr/local/xenon/usr/lib/libxenon.a(usbctrl.o)
                              /usr/local/xenon/usr/lib/libxenon.a(usbdevs.o) (usbctrl_driver)
/usr/local/xenon/usr/lib/libxenon.a(usbdebug.o)
                              /usr/local/xenon/usr/lib/libxenon.a(usbhub.o) (usb_dbg_showdevice)
/usr/local/xenon/usr/lib/libxenon.a(unicode_rb.o)
                              /usr/local/xenon/usr/lib/libxenon.a(fat_rb.o) (utf8encode)
/usr/local/xenon/usr/lib/libxenon.a(xenon_sfcx.o)
                              /usr/local/xenon/usr/lib/libxenon.a(xenon_config.o) (sfcx_init)
/usr/local/xenon/xenon/lib/32/libc.a(lib_a-assert.o)
                              /usr/local/xenon/usr/lib/libxenon.a(xenos.o) (__assert_func)
/usr/local/xenon/xenon/lib/32/libc.a(lib_a-atoi.o)
                              /usr/local/xenon/usr/lib/libxenon.a(fat_rb.o) (atoi)
/usr/local/xenon/xenon/lib/32/libc.a(lib_a-ctype_.o)
                              /usr/local/xenon/usr/lib/libxenon.a(fat_rb.o) (__ctype_ptr__)
/usr/local/xenon/xenon/lib/32/libc.a(lib_a-errno.o)
                              /usr/local/xenon/usr/lib/libxenon.a(newlib.o) (__errno)
[...]
Memory Configuration

Name             Origin             Length             Attributes
*default*        0x0000000000000000 0xffffffffffffffff

Linker script and memory map

LOAD /usr/local/xenon/lib/gcc/xenon/4.4.0/../../../../xenon/lib/../lib/crt1.o
LOAD /usr/local/xenon/lib/gcc/xenon/4.4.0/../../../../xenon/lib/../lib/crti.o
LOAD /usr/local/xenon/lib/gcc/xenon/4.4.0/32/crtbegin.o
LOAD main.o
LOAD /usr/local/xenon/usr/lib/libxenon.a
LOAD /usr/local/xenon/xenon/lib/32/libm.a
LOAD /usr/local/xenon/lib/gcc/xenon/4.4.0/32/libgcc.a
LOAD /usr/local/xenon/xenon/lib/32/libc.a
LOAD /usr/local/xenon/lib/gcc/xenon/4.4.0/32/libgcc.a
LOAD /usr/local/xenon/lib/gcc/xenon/4.4.0/32/crtend.o
LOAD /usr/local/xenon/lib/gcc/xenon/4.4.0/../../../../xenon/lib/../lib/crtn.o
                0x0000000080000000                . = 0x80000000

.text           0x0000000080000000    0x1d5bc
 *(.except*)
 .except        0x0000000080000000     0x1d50 /usr/local/xenon/usr/lib/libxenon.a(except.o)
                0x0000000080000000                secondary_lock
                0x0000000080000000                exc_base
                0x0000000080000004                secondary_alive
 *(.pagetable)
 .pagetable     0x0000000080001d50       0x40 /usr/local/xenon/usr/lib/libxenon.a(vm.o)
                0x0000000080001d50                pagetable
 *(.text*)
 .text.call_ctors
                0x0000000080001d90       0x58 /usr/local/xenon/lib/gcc/xenon/4.4.0/../../../../xenon/lib/../lib/crt1.o
                0x0000000080001d90                call_ctors
 .text.displayCPUKey
                0x0000000080001de8       0x94 main.o
                0x0000000080001de8                displayCPUKey
 *fill*         0x0000000080001e7c        0x4 00
 .text.xenon_set_gpu_fan_speed
                0x0000000080001e80       0x44 main.o
                0x0000000080001e80                xenon_set_gpu_fan_speed
 *fill*         0x0000000080001ec4        0x4 00
 .text.xenon_set_cpu_fan_speed
                0x0000000080001ec8       0x44 main.o
                0x0000000080001ec8                xenon_set_cpu_fan_speed
 *fill*         0x0000000080001f0c        0x4 00
 .text.regulateTemperatures
                0x0000000080001f10      0x104 main.o
                0x0000000080001f10                regulateTemperatures
 *fill*         0x0000000080002014        0x4 00
 .text.printTemperatures
                0x0000000080002018      0x130 main.o
                0x0000000080002018                printTemperatures
 .text.setASCII
                0x0000000080002148       0x78 main.o
                0x0000000080002148                setASCII
 .text.clearScreen
                0x00000000800021c0       0x40 main.o
                0x00000000800021c0                clearScreen
 .text.reDash   0x0000000080002200       0x6c main.o
                0x0000000080002200                reDash
 *fill*         0x000000008000226c        0x4 00
 .text.shutdownConsole
                0x0000000080002270       0x20 main.o
                0x0000000080002270                shutdownConsole
 .text.mainInit
                0x0000000080002290       0x40 main.o
                0x0000000080002290                mainInit
 .text.main     0x00000000800022d0      0x1a8 main.o
                0x00000000800022d0                main
 *fill*         0x0000000080002478       0x88 00
 .text          0x0000000080002500      0x2f0 /usr/local/xenon/usr/lib/libxenon.a(startup_from_xell.o)
                0x00000000800026d4                wait
                0x0000000080002500                _start
                0x0000000080002748                return_to_xell
 .text.console_set_colors
                0x00000000800027f0       0x14 /usr/local/xenon/usr/lib/libxenon.a(console.o)
                0x00000000800027f0                console_set_colors
 .text.console_init
                0x0000000080002804      0x1c4 /usr/local/xenon/usr/lib/libxenon.a(console.o)
                0x0000000080002804                console_init
 .text.console_newline
                0x00000000800029c8      0x118 /usr/local/xenon/usr/lib/libxenon.a(console.o)
                0x00000000800029c8                console_newline
 .text.console_putch
                0x0000000080002ae0      0x18c /usr/local/xenon/usr/lib/libxenon.a(console.o)
                0x0000000080002ae0                console_putch
 .text.console_stdout_hook
                0x0000000080002c6c       0x50 /usr/local/xenon/usr/lib/libxenon.a(console.o)
 .text.get_controller_data
                0x0000000080002cbc       0x68 /usr/local/xenon/usr/lib/libxenon.a(input.o)
                0x0000000080002cbc                get_controller_data
 .text.set_controller_data
                0x0000000080002d24       0x5c /usr/local/xenon/usr/lib/libxenon.a(input.o)
                0x0000000080002d24                set_controller_data
 .text.vfs_console_isatty
                0x0000000080002d80        0x8 /usr/local/xenon/usr/lib/libxenon.a(newlib.o)
                0x0000000080002d80                vfs_console_isatty
 .text.umount   0x0000000080002d88       0x54 /usr/local/xenon/usr/lib/libxenon.a(newlib.o)
                0x0000000080002d88                umount
 .text.sbrk     0x0000000080002ddc       0x34 /usr/local/xenon/usr/lib/libxenon.a(newlib.o)
                0x0000000080002ddc                sbrk
 .text.getpid   0x0000000080002e10        0x8 /usr/local/xenon/usr/lib/libxenon.a(newlib.o)
                0x0000000080002e10                getpid
 .text.kill     0x0000000080002e18        0x8 /usr/local/xenon/usr/lib/libxenon.a(newlib.o)
                0x0000000080002e18                kill
 .text.read     0x0000000080002e20       0x88 /usr/local/xenon/usr/lib/libxenon.a(newlib.o)
                0x0000000080002e20                read
 .text.lseek    0x0000000080002ea8       0x88 /usr/local/xenon/usr/lib/libxenon.a(newlib.o)
                0x0000000080002ea8                lseek
 .text.isatty   0x0000000080002f30       0x7c /usr/local/xenon/usr/lib/libxenon.a(newlib.o)
                0x0000000080002f30                isatty
 .text.fstat    0x0000000080002fac       0x8c /usr/local/xenon/usr/lib/libxenon.a(newlib.o)
                0x0000000080002fac                fstat
 .text.write    0x0000000080003038       0x94 /usr/local/xenon/usr/lib/libxenon.a(newlib.o)
                0x0000000080003038                write
 .text._exit    0x00000000800030cc       0x24 /usr/local/xenon/usr/lib/libxenon.a(newlib.o)
                0x00000000800030cc                _exit
 .text.close    0x00000000800030f0       0x94 /usr/local/xenon/usr/lib/libxenon.a(newlib.o)
                0x00000000800030f0                close
 .text.mount    0x0000000080003184       0xdc /usr/local/xenon/usr/lib/libxenon.a(newlib.o)
                0x0000000080003184                mount
 .text.vfs_console_open
                0x0000000080003260       0x54 /usr/local/xenon/usr/lib/libxenon.a(newlib.o)
                0x0000000080003260                vfs_console_open
 .text.vfs_console_write
                0x00000000800032b4       0x7c /usr/local/xenon/usr/lib/libxenon.a(newlib.o)
                0x00000000800032b4                vfs_console_write
 .text.kfree    0x0000000080003330       0xb4 /usr/local/xenon/usr/lib/libxenon.a(lib_malloc.o)
                0x0000000080003330                kfree
 .text.kmem_init
                0x00000000800033e4       0x8c /usr/local/xenon/usr/lib/libxenon.a(lib_malloc.o)
                0x00000000800033e4                kmem_init
 .text.lib_outofmemory
                0x0000000080003470       0x28 /usr/local/xenon/usr/lib/libxenon.a(lib_malloc.o)
                0x0000000080003470                lib_outofmemory
 .text.kmalloc  0x0000000080003498      0x14c /usr/local/xenon/usr/lib/libxenon.a(lib_malloc.o)
                0x0000000080003498                kmalloc
 .text          0x00000000800035e4       0x68 /usr/local/xenon/usr/lib/libxenon.a(atomic.o)
                0x000000008000360c                atomic_clearset
                0x0000000080003624                lock
                0x00000000800035f8                atomic_dec
                0x0000000080003640                unlock
                0x00000000800035e4                atomic_inc
 .text          0x000000008000364c       0x80 /usr/local/xenon/usr/lib/libxenon.a(cache.o)
                0x0000000080003674                memdcbf
                0x000000008000369c                memicbi
                0x000000008000364c                memdcbst
 .text.usb_do_poll
                0x00000000800036cc       0xb0 /usr/local/xenon/usr/lib/libxenon.a(usbmain.o)
                0x00000000800036cc                usb_do_poll
 .text.usb_init_one_ohci
                0x000000008000377c       0xe4 /usr/local/xenon/usr/lib/libxenon.a(usbmain.o)
 .text.usb_init
                0x0000000080003860      0x164 /usr/local/xenon/usr/lib/libxenon.a(usbmain.o)
                0x0000000080003860                usb_init
 .text.xenon_smc_handle_bulk
                0x00000000800039c4       0x98 /usr/local/xenon/usr/lib/libxenon.a(xenon_smc.o)
                0x00000000800039c4                xenon_smc_handle_bulk
 .text.xenon_smc_receive_message
                0x0000000080003a5c       0x90 /usr/local/xenon/usr/lib/libxenon.a(xenon_smc.o)
                0x0000000080003a5c                xenon_smc_receive_message
 .text.xenon_smc_receive_response
                0x0000000080003aec       0x50 /usr/local/xenon/usr/lib/libxenon.a(xenon_smc.o)
                0x0000000080003aec                xenon_smc_receive_response
 .text.xenon_smc_send_message
                0x0000000080003b3c       0xa0 /usr/local/xenon/usr/lib/libxenon.a(xenon_smc.o)
                0x0000000080003b3c                xenon_smc_send_message
 .text.xenon_smc_read_avpack
                0x0000000080003bdc       0x54 /usr/local/xenon/usr/lib/libxenon.a(xenon_smc.o)
                0x0000000080003bdc                xenon_smc_read_avpack
 .text.xenon_smc_power_shutdown
                0x0000000080003c30       0x40 /usr/local/xenon/usr/lib/libxenon.a(xenon_smc.o)
                0x0000000080003c30                xenon_smc_power_shutdown
 .text.xenon_smc_set_power_led
                0x0000000080003c70       0x5c /usr/local/xenon/usr/lib/libxenon.a(xenon_smc.o)
                0x0000000080003c70                xenon_smc_set_power_led
 .text.xenon_smc_i2c_write
                0x0000000080003ccc       0xac /usr/local/xenon/usr/lib/libxenon.a(xenon_smc.o)
                0x0000000080003ccc                xenon_smc_i2c_write
 .text.xenon_smc_ana_read
                0x0000000080003d78       0xdc /usr/local/xenon/usr/lib/libxenon.a(xenon_smc.o)
                0x0000000080003d78                xenon_smc_ana_read
 .text.xenon_smc_ana_write
                0x0000000080003e54       0xb0 /usr/local/xenon/usr/lib/libxenon.a(xenon_smc.o)
                0x0000000080003e54                xenon_smc_ana_write
 .text.putch    0x0000000080003f04       0x60 /usr/local/xenon/usr/lib/libxenon.a(xenon_uart.o)
                0x0000000080003f04                putch
 .text.xenos_is_overscan
                0x0000000080003f64       0x50 /usr/local/xenon/usr/lib/libxenon.a(xenos.o)
                0x0000000080003f64                xenos_is_overscan
 .text.xenos_read32
                0x0000000080003fb4       0x24 /usr/local/xenon/usr/lib/libxenon.a(xenos.o)
                0x0000000080003fb4                xenos_read32
 .text.xenos_write32
                0x0000000080003fd8       0x24 /usr/local/xenon/usr/lib/libxenon.a(xenos.o)
                0x0000000080003fd8                xenos_write32
 .text.xenos_set_mode_f2
                0x0000000080003ffc      0x314 /usr/local/xenon/usr/lib/libxenon.a(xenos.o)
                0x0000000080003ffc                xenos_set_mode_f2
 .text.xenos_set_mode_f1
                0x0000000080004310      0x148 /usr/local/xenon/usr/lib/libxenon.a(xenos.o)
                0x0000000080004310                xenos_set_mode_f1
 .text.xenos_ana_preinit
                0x0000000080004458       0xe0 /usr/local/xenon/usr/lib/libxenon.a(xenos.o)
                0x0000000080004458                xenos_ana_preinit
 .text.xenos_init_phase1
                0x0000000080004538      0x3c0 /usr/local/xenon/usr/lib/libxenon.a(xenos.o)
                0x0000000080004538                xenos_init_phase1
 .text.xenos_init_phase0
                0x00000000800048f8       0xc0 /usr/local/xenon/usr/lib/libxenon.a(xenos.o)
                0x00000000800048f8                xenos_init_phase0
 .text.xenos_ana_write
                0x00000000800049b8       0x70 /usr/local/xenon/usr/lib/libxenon.a(xenos.o)
 .text.xenos_init_ana_new
                0x0000000080004a28      0x3a4 /usr/local/xenon/usr/lib/libxenon.a(xenos.o)
                0x0000000080004a28                xenos_init_ana_new
 .text.xenos_set_mode
                0x0000000080004dcc      0x35c /usr/local/xenon/usr/lib/libxenon.a(xenos.o)
                0x0000000080004dcc                xenos_set_mode
 .text.xenos_autoset_mode
                0x0000000080005128       0xf0 /usr/local/xenon/usr/lib/libxenon.a(xenos.o)
                0x0000000080005128                xenos_autoset_mode
 .text.xenos_init
                0x0000000080005218       0xac /usr/local/xenon/usr/lib/libxenon.a(xenos.o)
                0x0000000080005218                xenos_init
 .text.read32n  0x00000000800052c4        0x8 /usr/local/xenon/usr/lib/libxenon.a(io.o)
                0x00000000800052c4                read32n
 .text.write32n
                0x00000000800052cc        0x8 /usr/local/xenon/usr/lib/libxenon.a(io.o)
                0x00000000800052cc                write32n
 .text.write32  0x00000000800052d4        0x8 /usr/local/xenon/usr/lib/libxenon.a(io.o)
                0x00000000800052d4                write32
 .text.read32   0x00000000800052dc        0x8 /usr/local/xenon/usr/lib/libxenon.a(io.o)
                0x00000000800052dc                read32
 .text.udelay   0x00000000800052e4       0x4c /usr/local/xenon/usr/lib/libxenon.a(time.o)
                0x00000000800052e4                udelay
 .text.mdelay   0x0000000080005330       0x54 /usr/local/xenon/usr/lib/libxenon.a(time.o)
                0x0000000080005330                mdelay
 .text.delay    0x0000000080005384       0x54 /usr/local/xenon/usr/lib/libxenon.a(time.o)
                0x0000000080005384                delay
 .text._ohci_allocept
                0x00000000800053d8       0x64 /usr/local/xenon/usr/lib/libxenon.a(ohci.o)
 .text._ohci_allocxfer
                0x000000008000543c       0x5c /usr/local/xenon/usr/lib/libxenon.a(ohci.o)
 .text.ohci_stop
                0x0000000080005498       0x14 /usr/local/xenon/usr/lib/libxenon.a(ohci.o)
 .text._ohci_queueept
                0x00000000800054ac       0x74 /usr/local/xenon/usr/lib/libxenon.a(ohci.o)
 .text.ohci_delete
                0x0000000080005520        0x4 /usr/local/xenon/usr/lib/libxenon.a(ohci.o)
 .text.ohci_ept_create
                0x0000000080005524      0x1bc /usr/local/xenon/usr/lib/libxenon.a(ohci.o)
 .text.ohci_ept_setaddr
                0x00000000800056e0       0x70 /usr/local/xenon/usr/lib/libxenon.a(ohci.o)
 .text.ohci_ept_setmps
                0x0000000080005750       0x6c /usr/local/xenon/usr/lib/libxenon.a(ohci.o)
 .text.ohci_ept_cleartoggle
                0x00000000800057bc       0x7c /usr/local/xenon/usr/lib/libxenon.a(ohci.o)
 .text.ohci_ept_delete
                0x0000000080005838      0x250 /usr/local/xenon/usr/lib/libxenon.a(ohci.o)
 .text.ohci_start
                0x0000000080005a88      0x1d4 /usr/local/xenon/usr/lib/libxenon.a(ohci.o)
 .text.ohci_roothub_strdscr
                0x0000000080005c5c       0x7c /usr/local/xenon/usr/lib/libxenon.a(ohci.o)
 .text.ohci_xfer
                0x0000000080005cd8      0x93c /usr/local/xenon/usr/lib/libxenon.a(ohci.o)
 .text.ohci_intr
                0x0000000080006614      0x2c4 /usr/local/xenon/usr/lib/libxenon.a(ohci.o)
 .text._ohci_dma_alloc
                0x00000000800068d8       0x60 /usr/local/xenon/usr/lib/libxenon.a(ohci.o)
 .text.ohci_create
                0x0000000080006938      0x314 /usr/local/xenon/usr/lib/libxenon.a(ohci.o)
 .text.usb_poll
                0x0000000080006c4c       0x2c /usr/local/xenon/usr/lib/libxenon.a(usbd.o)
                0x0000000080006c4c                usb_poll
 .text.usb_queue_request
                0x0000000080006c78       0x54 /usr/local/xenon/usr/lib/libxenon.a(usbd.o)
                0x0000000080006c78                usb_queue_request
 .text.usb_wait_request
                0x0000000080006ccc       0x48 /usr/local/xenon/usr/lib/libxenon.a(usbd.o)
                0x0000000080006ccc                usb_wait_request
 .text.usb_sync_request
                0x0000000080006d14       0x30 /usr/local/xenon/usr/lib/libxenon.a(usbd.o)
                0x0000000080006d14                usb_sync_request
 .text.usb_new_address
                0x0000000080006d44       0x30 /usr/local/xenon/usr/lib/libxenon.a(usbd.o)
                0x0000000080006d44                usb_new_address
 .text.usb_set_ep0mps
                0x0000000080006d74       0x74 /usr/local/xenon/usr/lib/libxenon.a(usbd.o)
                0x0000000080006d74                usb_set_ep0mps
 .text.usb_complete_request
                0x0000000080006de8       0x3c /usr/local/xenon/usr/lib/libxenon.a(usbd.o)
                0x0000000080006de8                usb_complete_request
 .text.usb_find_cfg_descr
                0x0000000080006e24       0x54 /usr/local/xenon/usr/lib/libxenon.a(usbd.o)
                0x0000000080006e24                usb_find_cfg_descr
 .text.usb_create_pipe
                0x0000000080006e78      0x110 /usr/local/xenon/usr/lib/libxenon.a(usbd.o)
                0x0000000080006e78                usb_create_pipe
 .text.usb_open_pipe
                0x0000000080006f88       0x8c /usr/local/xenon/usr/lib/libxenon.a(usbd.o)
                0x0000000080006f88                usb_open_pipe
 .text.usb_free_request
                0x0000000080007014       0x48 /usr/local/xenon/usr/lib/libxenon.a(usbd.o)
                0x0000000080007014                usb_free_request
 .text.usb_destroy_all_pipes
                0x000000008000705c       0xa0 /usr/local/xenon/usr/lib/libxenon.a(usbd.o)
                0x000000008000705c                usb_destroy_all_pipes
 .text.usb_destroy_device
                0x00000000800070fc       0x54 /usr/local/xenon/usr/lib/libxenon.a(usbd.o)
                0x00000000800070fc                usb_destroy_device
 .text.usb_make_request
                0x0000000080007150       0xbc /usr/local/xenon/usr/lib/libxenon.a(usbd.o)
                0x0000000080007150                usb_make_request
 .text.usb_clear_stall
                0x000000008000720c      0x124 /usr/local/xenon/usr/lib/libxenon.a(usbd.o)
                0x000000008000720c                usb_clear_stall
 .text.usb_make_sync_request
                0x0000000080007330       0x48 /usr/local/xenon/usr/lib/libxenon.a(usbd.o)
                0x0000000080007330                usb_make_sync_request
 .text.usb_std_request
                0x0000000080007378      0x2c0 /usr/local/xenon/usr/lib/libxenon.a(usbd.o)
                0x0000000080007378                usb_std_request
 .text.usb_get_device_status
                0x0000000080007638       0x1c /usr/local/xenon/usr/lib/libxenon.a(usbd.o)
                0x0000000080007638                usb_get_device_status
 .text.usb_get_string
                0x0000000080007654      0x12c /usr/local/xenon/usr/lib/libxenon.a(usbd.o)
                0x0000000080007654                usb_get_string
 .text.usb_get_descriptor
                0x0000000080007780       0x20 /usr/local/xenon/usr/lib/libxenon.a(usbd.o)
                0x0000000080007780                usb_get_descriptor
 .text.usb_get_config_descriptor
                0x00000000800077a0       0xbc /usr/local/xenon/usr/lib/libxenon.a(usbd.o)
                0x00000000800077a0                usb_get_config_descriptor
 .text.usb_get_device_descriptor
                0x000000008000785c       0xc4 /usr/local/xenon/usr/lib/libxenon.a(usbd.o)
                0x000000008000785c                usb_get_device_descriptor
 .text.usb_simple_request
                0x0000000080007920       0x18 /usr/local/xenon/usr/lib/libxenon.a(usbd.o)
                0x0000000080007920                usb_simple_request
 .text.usb_set_address
                0x0000000080007938       0xc4 /usr/local/xenon/usr/lib/libxenon.a(usbd.o)
                0x0000000080007938                usb_set_address
 .text.usb_set_configuration
                0x00000000800079fc       0x14 /usr/local/xenon/usr/lib/libxenon.a(usbd.o)
                0x00000000800079fc                usb_set_configuration
 .text.usb_create_device
                0x0000000080007a10       0x90 /usr/local/xenon/usr/lib/libxenon.a(usbd.o)
                0x0000000080007a10                usb_create_device
 .text.usb_initroot
                0x0000000080007aa0      0x18c /usr/local/xenon/usr/lib/libxenon.a(usbd.o)
                0x0000000080007aa0                usb_initroot
 .text.usb_delay_ms
                0x0000000080007c2c       0x28 /usr/local/xenon/usr/lib/libxenon.a(usbd.o)
                0x0000000080007c2c                usb_delay_ms
 .text.usb_daemon
                0x0000000080007c54       0x38 /usr/local/xenon/usr/lib/libxenon.a(usbd.o)
                0x0000000080007c54                usb_daemon
 .text.usb_find_driver
                0x0000000080007c8c      0x124 /usr/local/xenon/usr/lib/libxenon.a(usbdevs.o)
                0x0000000080007c8c                usb_find_driver
 .text.usbhid_detach
                0x0000000080007db0        0x8 /usr/local/xenon/usr/lib/libxenon.a(usbhid.o)
 .text.usbhid_kbd_scan1
                0x0000000080007db8       0x9c /usr/local/xenon/usr/lib/libxenon.a(usbhid.o)
 .text.usbhid_attach
                0x0000000080007e54      0x190 /usr/local/xenon/usr/lib/libxenon.a(usbhid.o)
 .text.usbhid_ireq_callback
                0x0000000080007fe4      0x18c /usr/local/xenon/usr/lib/libxenon.a(usbhid.o)
 .text.usbhub_map_tree1
                0x0000000080008170       0xa4 /usr/local/xenon/usr/lib/libxenon.a(usbhub.o)
 .text.usbhub_map_tree
                0x0000000080008214       0x14 /usr/local/xenon/usr/lib/libxenon.a(usbhub.o)
                0x0000000080008214                usbhub_map_tree
 .text.usbhub_map_from_device
                0x0000000080008228       0x10 /usr/local/xenon/usr/lib/libxenon.a(usbhub.o)
                0x0000000080008228                usbhub_map_from_device
 .text.usbhub_markdetached1
                0x0000000080008238       0x18 /usr/local/xenon/usr/lib/libxenon.a(usbhub.o)
 .text.usb_scan
                0x0000000080008250       0x10 /usr/local/xenon/usr/lib/libxenon.a(usbhub.o)
                0x0000000080008250                usb_scan
 .text.usbhub_detach
                0x0000000080008260      0x188 /usr/local/xenon/usr/lib/libxenon.a(usbhub.o)
 .text.usbhub_get_port_status
                0x00000000800083e8       0x38 /usr/local/xenon/usr/lib/libxenon.a(usbhub.o)
 .text.usbhub_scan1
                0x0000000080008420      0x60c /usr/local/xenon/usr/lib/libxenon.a(usbhub.o)
 .text.usbhub_ireq_callback
                0x0000000080008a2c       0x90 /usr/local/xenon/usr/lib/libxenon.a(usbhub.o)
 .text.usbhub_attach
                0x0000000080008abc      0x1d4 /usr/local/xenon/usr/lib/libxenon.a(usbhub.o)
 .text.usbmass_detach
                0x0000000080008c90       0x44 /usr/local/xenon/usr/lib/libxenon.a(usbmass.o)
 .text.usbmass_attach
                0x0000000080008cd4      0x1d4 /usr/local/xenon/usr/lib/libxenon.a(usbmass.o)
 .text.usbmass_request_sense
                0x0000000080008ea8      0x1b4 /usr/local/xenon/usr/lib/libxenon.a(usbmass.o)
                0x0000000080008ea8                usbmass_request_sense
 .text.usbmass_stall_recovery
                0x000000008000905c       0x38 /usr/local/xenon/usr/lib/libxenon.a(usbmass.o)
 .text.usbmass_read_sector
                0x0000000080009094      0x270 /usr/local/xenon/usr/lib/libxenon.a(usbmass.o)
                0x0000000080009094                usbmass_read_sector
 .text.usbmass_read
                0x0000000080009304       0xbc /usr/local/xenon/usr/lib/libxenon.a(usbmass.o)
                0x0000000080009304                usbmass_read
 .text.xenon_gpio_set
                0x00000000800093c0       0x5c /usr/local/xenon/usr/lib/libxenon.a(xenon_gpio.o)
                0x00000000800093c0                xenon_gpio_set
 .text.xenon_gpio_set_oe
                0x000000008000941c       0x5c /usr/local/xenon/usr/lib/libxenon.a(xenon_gpio.o)
                0x000000008000941c                xenon_gpio_set_oe
 .text.xenon_config_get_avregion
                0x0000000080009478       0xac /usr/local/xenon/usr/lib/libxenon.a(xenon_config.o)
                0x0000000080009478                xenon_config_get_avregion
 .text.xenon_config_init
                0x0000000080009524       0xb0 /usr/local/xenon/usr/lib/libxenon.a(xenon_config.o)
                0x0000000080009524                xenon_config_init
 .text.unregister_bdev
                0x00000000800095d4       0x38 /usr/local/xenon/usr/lib/libxenon.a(diskio.o)
                0x00000000800095d4                unregister_bdev
 .text.determine_filesystem
                0x000000008000960c       0x80 /usr/local/xenon/usr/lib/libxenon.a(diskio.o)
                0x000000008000960c                determine_filesystem
 .text.register_bdev
                0x000000008000968c       0xf0 /usr/local/xenon/usr/lib/libxenon.a(diskio.o)
                0x000000008000968c                register_bdev
 .text._fat_umount
                0x000000008000977c       0x28 /usr/local/xenon/usr/lib/libxenon.a(diskio.o)
                0x000000008000977c                _fat_umount
 .text._fat_mount
                0x00000000800097a4       0x48 /usr/local/xenon/usr/lib/libxenon.a(diskio.o)
                0x00000000800097a4                _fat_mount
 .text._fat_open
                0x00000000800097ec       0x4c /usr/local/xenon/usr/lib/libxenon.a(diskio.o)
                0x00000000800097ec                _fat_open
 .text._fat_close
                0x0000000080009838       0x24 /usr/local/xenon/usr/lib/libxenon.a(diskio.o)
                0x0000000080009838                _fat_close
 .text._fat_fstat
                0x000000008000985c       0x4c /usr/local/xenon/usr/lib/libxenon.a(diskio.o)
                0x000000008000985c                _fat_fstat
 .text._fat_read
                0x00000000800098a8       0x24 /usr/local/xenon/usr/lib/libxenon.a(diskio.o)
                0x00000000800098a8                _fat_read
 .text._fat_lseek
                0x00000000800098cc       0x24 /usr/local/xenon/usr/lib/libxenon.a(diskio.o)
                0x00000000800098cc                _fat_lseek
 .text.storage_write_sectors
                0x00000000800098f0       0x40 /usr/local/xenon/usr/lib/libxenon.a(disk_rb.o)
                0x00000000800098f0                storage_write_sectors
 .text.storage_read_sectors
                0x0000000080009930      0x1b8 /usr/local/xenon/usr/lib/libxenon.a(disk_rb.o)
                0x0000000080009930                storage_read_sectors
 .text.disk_init
                0x0000000080009ae8      0x154 /usr/local/xenon/usr/lib/libxenon.a(disk_rb.o)
                0x0000000080009ae8                disk_init
 .text.disk_mount
                0x0000000080009c3c      0x140 /usr/local/xenon/usr/lib/libxenon.a(disk_rb.o)
                0x0000000080009c3c                disk_mount
 .text.fat_time
                0x0000000080009d7c      0x128 /usr/local/xenon/usr/lib/libxenon.a(fat_rb.o)
 .text.fat_open
                0x0000000080009ea4       0x74 /usr/local/xenon/usr/lib/libxenon.a(fat_rb.o)
                0x0000000080009ea4                fat_open
 .text.fat_opendir
                0x0000000080009f18       0xa8 /usr/local/xenon/usr/lib/libxenon.a(fat_rb.o)
                0x0000000080009f18                fat_opendir
 .text.cluster2sec
                0x0000000080009fc0       0x60 /usr/local/xenon/usr/lib/libxenon.a(fat_rb.o)
 .text.fat_init
                0x000000008000a020       0x98 /usr/local/xenon/usr/lib/libxenon.a(fat_rb.o)
                0x000000008000a020                fat_init
 .text.update_fsinfo
                0x000000008000a0b8      0x128 /usr/local/xenon/usr/lib/libxenon.a(fat_rb.o)
 .text.flush_fat_sector
                0x000000008000a1e0      0x108 /usr/local/xenon/usr/lib/libxenon.a(fat_rb.o)
 .text.cache_fat_sector
                0x000000008000a2e8      0x160 /usr/local/xenon/usr/lib/libxenon.a(fat_rb.o)
 .text.get_next_cluster
                0x000000008000a448      0x11c /usr/local/xenon/usr/lib/libxenon.a(fat_rb.o)
 .text.fat_seek
                0x000000008000a564      0x14c /usr/local/xenon/usr/lib/libxenon.a(fat_rb.o)
                0x000000008000a564                fat_seek
 .text.find_free_cluster
                0x000000008000a6b0      0x1bc /usr/local/xenon/usr/lib/libxenon.a(fat_rb.o)
 .text.fat_recalc_free
                0x000000008000a86c      0x174 /usr/local/xenon/usr/lib/libxenon.a(fat_rb.o)
                0x000000008000a86c                fat_recalc_free
 .text.flush_fat
                0x000000008000a9e0       0xc8 /usr/local/xenon/usr/lib/libxenon.a(fat_rb.o)
 .text.fat_unmount
                0x000000008000aaa8       0xac /usr/local/xenon/usr/lib/libxenon.a(fat_rb.o)
                0x000000008000aaa8                fat_unmount
 .text.update_fat_entry
                0x000000008000ab54      0x268 /usr/local/xenon/usr/lib/libxenon.a(fat_rb.o)
 .text.fat_truncate
                0x000000008000adbc       0xa8 /usr/local/xenon/usr/lib/libxenon.a(fat_rb.o)
                0x000000008000adbc                fat_truncate
 .text.transfer
                0x000000008000ae64      0x154 /usr/local/xenon/usr/lib/libxenon.a(fat_rb.o)
 .text.fat_readwrite
                0x000000008000afb8      0x390 /usr/local/xenon/usr/lib/libxenon.a(fat_rb.o)
                0x000000008000afb8                fat_readwrite
 .text.fat_getnext
                0x000000008000b348      0x4c4 /usr/local/xenon/usr/lib/libxenon.a(fat_rb.o)
                0x000000008000b348                fat_getnext
 .text.update_short_entry
                0x000000008000b80c      0x244 /usr/local/xenon/usr/lib/libxenon.a(fat_rb.o)
 .text.fat_closewrite
                0x000000008000ba50       0xb8 /usr/local/xenon/usr/lib/libxenon.a(fat_rb.o)
                0x000000008000ba50                fat_closewrite
 .text.fat_mount
                0x000000008000bb08      0x4f4 /usr/local/xenon/usr/lib/libxenon.a(fat_rb.o)
                0x000000008000bb08                fat_mount
 .text.char2dos
                0x000000008000bffc       0x8c /usr/local/xenon/usr/lib/libxenon.a(fat_rb.o)
 .text.randomize_dos_name
                0x000000008000c088      0x178 /usr/local/xenon/usr/lib/libxenon.a(fat_rb.o)
 .text.write_long_name
                0x000000008000c200      0x564 /usr/local/xenon/usr/lib/libxenon.a(fat_rb.o)
 .text.add_dir_entry
                0x000000008000c764      0x530 /usr/local/xenon/usr/lib/libxenon.a(fat_rb.o)
 .text.fat_create_file
                0x000000008000cc94       0x60 /usr/local/xenon/usr/lib/libxenon.a(fat_rb.o)
                0x000000008000cc94                fat_create_file
 .text.rb_filesize
                0x000000008000ccf4       0x6c /usr/local/xenon/usr/lib/libxenon.a(file_rb.o)
                0x000000008000ccf4                rb_filesize
 .text.flush_cache
                0x000000008000cd60       0xd0 /usr/local/xenon/usr/lib/libxenon.a(file_rb.o)
 .text.rb_lseek
                0x000000008000ce30      0x1c4 /usr/local/xenon/usr/lib/libxenon.a(file_rb.o)
                0x000000008000ce30                rb_lseek
 .text.readwrite
                0x000000008000cff4      0x440 /usr/local/xenon/usr/lib/libxenon.a(file_rb.o)
 .text.rb_read  0x000000008000d434        0x8 /usr/local/xenon/usr/lib/libxenon.a(file_rb.o)
                0x000000008000d434                rb_read
 .text.rb_ftruncate
                0x000000008000d43c       0xc8 /usr/local/xenon/usr/lib/libxenon.a(file_rb.o)
                0x000000008000d43c                rb_ftruncate
 .text.open_internal
                0x000000008000d504      0x39c /usr/local/xenon/usr/lib/libxenon.a(file_rb.o)
 .text.rb_open  0x000000008000d8a0        0x8 /usr/local/xenon/usr/lib/libxenon.a(file_rb.o)
                0x000000008000d8a0                rb_open
 .text.rb_fsync
                0x000000008000d8a8      0x128 /usr/local/xenon/usr/lib/libxenon.a(file_rb.o)
                0x000000008000d8a8                rb_fsync
 .text.rb_close
                0x000000008000d9d0       0xa0 /usr/local/xenon/usr/lib/libxenon.a(file_rb.o)
                0x000000008000d9d0                rb_close
 .text.rb_closedir
                0x000000008000da70       0x14 /usr/local/xenon/usr/lib/libxenon.a(dir_rb.o)
                0x000000008000da70                rb_closedir
 .text.rb_readdir
                0x000000008000da84       0xb0 /usr/local/xenon/usr/lib/libxenon.a(dir_rb.o)
                0x000000008000da84                rb_readdir
 .text.rb_opendir
                0x000000008000db34      0x1e8 /usr/local/xenon/usr/lib/libxenon.a(dir_rb.o)
                0x000000008000db34                rb_opendir
 .text._iso9660_lseek
                0x000000008000dd1c       0xa8 /usr/local/xenon/usr/lib/libxenon.a(iso9660.o)
                0x000000008000dd1c                _iso9660_lseek
 .text._iso9660_fstat
                0x000000008000ddc4       0x60 /usr/local/xenon/usr/lib/libxenon.a(iso9660.o)
                0x000000008000ddc4                _iso9660_fstat
 .text._iso9660_close
                0x000000008000de24       0x24 /usr/local/xenon/usr/lib/libxenon.a(iso9660.o)
                0x000000008000de24                _iso9660_close
 .text.bclear_cache
                0x000000008000de48       0x60 /usr/local/xenon/usr/lib/libxenon.a(iso9660.o)
 .text.iso_reset
                0x000000008000dea8       0x80 /usr/local/xenon/usr/lib/libxenon.a(iso9660.o)
                0x000000008000dea8                iso_reset
 .text.fs_iso9660_shutdown
                0x000000008000df28       0xa4 /usr/local/xenon/usr/lib/libxenon.a(iso9660.o)
                0x000000008000df28                fs_iso9660_shutdown
 .text._iso9660_umount
                0x000000008000dfcc        0x4 /usr/local/xenon/usr/lib/libxenon.a(iso9660.o)
                0x000000008000dfcc                _iso9660_umount
 .text.fs_iso9660_init
                0x000000008000dfd0       0xd0 /usr/local/xenon/usr/lib/libxenon.a(iso9660.o)
                0x000000008000dfd0                fs_iso9660_init
 .text._iso9660_mount
                0x000000008000e0a0        0xc /usr/local/xenon/usr/lib/libxenon.a(iso9660.o)
                0x000000008000e0a0                _iso9660_mount
 .text.init_percd
                0x000000008000e0ac      0x264 /usr/local/xenon/usr/lib/libxenon.a(iso9660.o)
 .text.bread_cache
                0x000000008000e310      0x1ac /usr/local/xenon/usr/lib/libxenon.a(iso9660.o)
 .text._iso9660_read
                0x000000008000e4bc      0x1cc /usr/local/xenon/usr/lib/libxenon.a(iso9660.o)
                0x000000008000e4bc                _iso9660_read
 .text.find_object
                0x000000008000e688      0x400 /usr/local/xenon/usr/lib/libxenon.a(iso9660.o)
 .text._iso9660_open
                0x000000008000ea88      0x280 /usr/local/xenon/usr/lib/libxenon.a(iso9660.o)
                0x000000008000ea88                _iso9660_open
 .text.q_enqueue
                0x000000008000ed08       0x18 /usr/local/xenon/usr/lib/libxenon.a(lib_queue.o)
                0x000000008000ed08                q_enqueue
 .text.q_deqnext
                0x000000008000ed20       0x30 /usr/local/xenon/usr/lib/libxenon.a(lib_queue.o)
                0x000000008000ed20                q_deqnext
 .text.usbctrl_detach
                0x000000008000ed50       0x5c /usr/local/xenon/usr/lib/libxenon.a(usbctrl.o)
 .text.usbctrl_attach
                0x000000008000edac      0x1cc /usr/local/xenon/usr/lib/libxenon.a(usbctrl.o)
 .text.usbctrl_ireq_callback
                0x000000008000ef78      0x1a0 /usr/local/xenon/usr/lib/libxenon.a(usbctrl.o)
 .text.getstringmaybe
                0x000000008000f118       0x88 /usr/local/xenon/usr/lib/libxenon.a(usbdebug.o)
 .text.usb_dbg_dumpdescriptors
                0x000000008000f1a0      0x708 /usr/local/xenon/usr/lib/libxenon.a(usbdebug.o)
                0x000000008000f1a0                usb_dbg_dumpdescriptors
 .text.usb_dbg_dumpportstatus
                0x000000008000f8a8      0x284 /usr/local/xenon/usr/lib/libxenon.a(usbdebug.o)
                0x000000008000f8a8                usb_dbg_dumpportstatus
 .text.utf8encode
                0x000000008000fb2c       0x84 /usr/local/xenon/usr/lib/libxenon.a(unicode_rb.o)
                0x000000008000fb2c                utf8encode
 .text.utf8length
                0x000000008000fbb0       0x34 /usr/local/xenon/usr/lib/libxenon.a(unicode_rb.o)
                0x000000008000fbb0                utf8length
 .text.utf8decode
                0x000000008000fbe4       0xd4 /usr/local/xenon/usr/lib/libxenon.a(unicode_rb.o)
                0x000000008000fbe4                utf8decode
 .text.sfcx_readreg
                0x000000008000fcb8       0x14 /usr/local/xenon/usr/lib/libxenon.a(xenon_sfcx.o)
                0x000000008000fcb8                sfcx_readreg
 .text.sfcx_writereg
                0x000000008000fccc       0x14 /usr/local/xenon/usr/lib/libxenon.a(xenon_sfcx.o)
                0x000000008000fccc                sfcx_writereg
 .text.sfcx_init
                0x000000008000fce0      0x280 /usr/local/xenon/usr/lib/libxenon.a(xenon_sfcx.o)
                0x000000008000fce0                sfcx_init
 .text.sfcx_read_page
                0x000000008000ff60      0x170 /usr/local/xenon/usr/lib/libxenon.a(xenon_sfcx.o)
                0x000000008000ff60                sfcx_read_page
 .text          0x00000000800100d0       0x88 /usr/local/xenon/xenon/lib/32/libc.a(lib_a-assert.o)
                0x00000000800100d4                __assert_func
                0x0000000080010140                __assert
 .text          0x0000000080010158       0x50 /usr/local/xenon/xenon/lib/32/libc.a(lib_a-atoi.o)
                0x0000000080010158                _atoi_r
                0x0000000080010180                atoi
 .text          0x00000000800101a8       0x40 /usr/local/xenon/xenon/lib/32/libc.a(lib_a-errno.o)
                0x00000000800101ac                __errno
 .text          0x00000000800101e8       0x58 /usr/local/xenon/xenon/lib/32/libc.a(lib_a-exit.o)
                0x00000000800101ec                exit
 .text          0x0000000080010240      0x12c /usr/local/xenon/xenon/lib/32/libc.a(lib_a-fiprintf.o)
                0x00000000800102f0                _fiprintf_r
                0x0000000080010244                fiprintf
 *fill*         0x000000008001036c        0x4 00
 .text          0x0000000080010370       0x90 /usr/local/xenon/xenon/lib/32/libc.a(lib_a-malloc.o)
                0x00000000800103bc                malloc
                0x0000000080010374                free
 .text          0x0000000080010400      0x880 /usr/local/xenon/xenon/lib/32/libc.a(lib_a-mallocr.o)
                0x0000000080010404                _malloc_r
 .text          0x0000000080010c80      0x128 /usr/local/xenon/xenon/lib/32/libc.a(lib_a-memchr.o)
                0x0000000080010c80                memchr
 .text          0x0000000080010da8       0xd8 /usr/local/xenon/xenon/lib/32/libc.a(lib_a-memcmp.o)
                0x0000000080010da8                memcmp
 .text          0x0000000080010e80      0x12c /usr/local/xenon/xenon/lib/32/libc.a(lib_a-memcpy.o)
                0x0000000080010e80                memcpy
 *fill*         0x0000000080010fac        0x4 00
 .text          0x0000000080010fb0      0x138 /usr/local/xenon/xenon/lib/32/libc.a(lib_a-memset.o)
                0x0000000080010fb0                memset
 .text          0x00000000800110e8        0xc /usr/local/xenon/xenon/lib/32/libc.a(lib_a-mlock.o)
                0x00000000800110f0                __malloc_unlock
                0x00000000800110e8                __malloc_lock
 *fill*         0x00000000800110f4        0x4 00
 .text          0x00000000800110f8      0x140 /usr/local/xenon/xenon/lib/32/libc.a(lib_a-printf.o)
                0x00000000800110fc                printf
                0x00000000800111b0                _printf_r
 .text          0x0000000080011238       0x74 /usr/local/xenon/xenon/lib/32/libc.a(lib_a-putchar.o)
                0x000000008001123c                putchar
                0x0000000080011288                _putchar_r
 *fill*         0x00000000800112ac        0x4 00
 .text          0x00000000800112b0      0x208 /usr/local/xenon/xenon/lib/32/libc.a(lib_a-putc.o)
                0x00000000800113d8                _putc_r
                0x00000000800112b4                putc
 .text          0x00000000800114b8      0x130 /usr/local/xenon/xenon/lib/32/libc.a(lib_a-puts.o)
                0x00000000800114bc                _puts_r
                0x00000000800115a4                puts
 .text          0x00000000800115e8       0xd4 /usr/local/xenon/xenon/lib/32/libc.a(lib_a-rand.o)
                0x000000008001163c                rand
                0x00000000800115ec                srand
 *fill*         0x00000000800116bc        0x4 00
 .text          0x00000000800116c0       0x94 /usr/local/xenon/xenon/lib/32/libc.a(lib_a-sbrkr.o)
                0x00000000800116c4                _sbrk_r
 *fill*         0x0000000080011754        0x4 00
 .text          0x0000000080011758      0x250 /usr/local/xenon/xenon/lib/32/libc.a(lib_a-snprintf.o)
                0x000000008001175c                snprintf
                0x0000000080011890                _snprintf_r
 .text          0x00000000800119a8      0x1a4 /usr/local/xenon/xenon/lib/32/libc.a(lib_a-sprintf.o)
                0x0000000080011a90                _sprintf_r
                0x00000000800119ac                sprintf
 *fill*         0x0000000080011b4c        0x4 00
 .text          0x0000000080011b50      0x108 /usr/local/xenon/xenon/lib/32/libc.a(lib_a-strcasecmp.o)
                0x0000000080011b54                strcasecmp
 .text          0x0000000080011c58       0x8c /usr/local/xenon/xenon/lib/32/libc.a(lib_a-strcat.o)
                0x0000000080011c58                strcat
 *fill*         0x0000000080011ce4        0x4 00
 .text          0x0000000080011ce8      0x1e4 /usr/local/xenon/xenon/lib/32/libc.a(lib_a-strchr.o)
                0x0000000080011ce8                strchr
 *fill*         0x0000000080011ecc        0x4 00
 .text          0x0000000080011ed0       0xe8 /usr/local/xenon/xenon/lib/32/libc.a(lib_a-strcmp.o)
                0x0000000080011ed0                strcmp
 .text          0x0000000080011fb8       0x90 /usr/local/xenon/xenon/lib/32/libc.a(lib_a-strcpy.o)
                0x0000000080011fb8                strcpy
 .text          0x0000000080012048       0x88 /usr/local/xenon/xenon/lib/32/libc.a(lib_a-strlcpy.o)
                0x0000000080012048                strlcpy
 .text          0x00000000800120d0       0xb4 /usr/local/xenon/xenon/lib/32/libc.a(lib_a-strlen.o)
                0x00000000800120d0                strlen
 *fill*         0x0000000080012184        0x4 00
 .text          0x0000000080012188       0xe8 /usr/local/xenon/xenon/lib/32/libc.a(lib_a-strncasecmp.o)
                0x000000008001218c                strncasecmp
 .text          0x0000000080012270      0x180 /usr/local/xenon/xenon/lib/32/libc.a(lib_a-strncmp.o)
                0x0000000080012270                strncmp
 .text          0x00000000800123f0      0x108 /usr/local/xenon/xenon/lib/32/libc.a(lib_a-strncpy.o)
                0x00000000800123f0                strncpy
 .text          0x00000000800124f8       0x98 /usr/local/xenon/xenon/lib/32/libc.a(lib_a-strrchr.o)
                0x00000000800124f8                strrchr
 .text          0x0000000080012590      0x12c /usr/local/xenon/xenon/lib/32/libc.a(lib_a-strtok_r.o)
                0x0000000080012698                strtok_r
                0x0000000080012590                __strtok_r
 *fill*         0x00000000800126bc        0x4 00
 .text          0x00000000800126c0      0x2a4 /usr/local/xenon/xenon/lib/32/libc.a(lib_a-strtol.o)
                0x0000000080012914                strtol
                0x00000000800126c4                _strtol_r
 *fill*         0x0000000080012964        0x4 00
 .text          0x0000000080012968     0x2144 /usr/local/xenon/xenon/lib/32/libc.a(lib_a-svfprintf.o)
                0x0000000080012c54                _svfprintf_r
 *fill*         0x0000000080014aac        0x4 00
 .text          0x0000000080014ab0     0x1224 /usr/local/xenon/xenon/lib/32/libc.a(lib_a-vfiprintf.o)
                0x0000000080015c84                vfiprintf
                0x0000000080014b1c                _vfiprintf_r
 *fill*         0x0000000080015cd4        0x4 00
 .text          0x0000000080015cd8     0x1ffc /usr/local/xenon/xenon/lib/32/libc.a(lib_a-vfprintf.o)
                0x0000000080015d44                _vfprintf_r
                0x0000000080017c84                vfprintf
 *fill*         0x0000000080017cd4        0x4 00
 .text          0x0000000080017cd8      0x1e4 /usr/local/xenon/xenon/lib/32/libc.a(lib_a-wbuf.o)
                0x0000000080017cd8                __swbuf_r
                0x0000000080017e74                __swbuf
 *fill*         0x0000000080017ebc        0x4 00
 .text          0x0000000080017ec0      0x1a8 /usr/local/xenon/xenon/lib/32/libc.a(lib_a-wsetup.o)
                0x0000000080017ec4                __swsetup_r
 .text          0x0000000080018068       0x1c /usr/local/xenon/xenon/lib/32/libc.a(lib_a-abort.o)
                0x0000000080018068                abort
 *fill*         0x0000000080018084        0x4 00
 .text          0x0000000080018088      0x1f4 /usr/local/xenon/xenon/lib/32/libc.a(lib_a-__call_atexit.o)
                0x000000008001808c                __call_exitprocs
 *fill*         0x000000008001827c        0x4 00
 .text          0x0000000080018280     0x144c /usr/local/xenon/xenon/lib/32/libc.a(lib_a-dtoa.o)
                0x00000000800184bc                _dtoa_r
 *fill*         0x00000000800196cc        0x4 00
 .text          0x00000000800196d0      0x2ec /usr/local/xenon/xenon/lib/32/libc.a(lib_a-fflush.o)
                0x000000008001994c                fflush
                0x00000000800196d0                _fflush_r
 *fill*         0x00000000800199bc        0x4 00
 .text          0x00000000800199c0      0x49c /usr/local/xenon/xenon/lib/32/libc.a(lib_a-findfp.o)
                0x0000000080019bbc                __sinit
                0x0000000080019c70                __sfmoreglue
                0x0000000080019ad4                _cleanup
                0x0000000080019a94                _cleanup_r
                0x0000000080019a44                __fp_lock_all
                0x00000000800199c0                __sfp_lock_acquire
                0x0000000080019cf4                __sfp
                0x00000000800199d8                __sinit_lock_release
                0x00000000800199f4                __fp_unlock_all
                0x00000000800199c8                __sfp_lock_release
                0x00000000800199d0                __sinit_lock_acquire
 *fill*         0x0000000080019e5c        0x4 00
 .text          0x0000000080019e60      0x428 /usr/local/xenon/xenon/lib/32/libc.a(lib_a-freer.o)
                0x0000000080019fc4                _free_r
                0x0000000080019e64                _malloc_trim_r
 .text          0x000000008001a288      0x58c /usr/local/xenon/xenon/lib/32/libc.a(lib_a-fvwrite.o)
                0x000000008001a288                __sfvwrite_r
 *fill*         0x000000008001a814        0x4 00
 .text          0x000000008001a818      0x18c /usr/local/xenon/xenon/lib/32/libc.a(lib_a-fwalk.o)
                0x000000008001a8e8                _fwalk
                0x000000008001a818                _fwalk_reent
 *fill*         0x000000008001a9a4        0x4 00
 .text          0x000000008001a9a8      0x1ec /usr/local/xenon/xenon/lib/32/libc.a(lib_a-locale.o)
                0x000000008001aa74                _setlocale_r
                0x000000008001a9ac                __locale_charset
                0x000000008001a9ec                _localeconv_r
                0x000000008001ab4c                setlocale
                0x000000008001aa2c                localeconv
 *fill*         0x000000008001ab94        0x4 00
 .text          0x000000008001ab98      0x22c /usr/local/xenon/xenon/lib/32/libc.a(lib_a-makebuf.o)
                0x000000008001ab9c                __smakebuf_r
 *fill*         0x000000008001adc4        0x4 00
 .text          0x000000008001adc8      0x16c /usr/local/xenon/xenon/lib/32/libc.a(lib_a-memmove.o)
                0x000000008001adc8                memmove
 *fill*         0x000000008001af34        0x4 00
 .text          0x000000008001af38     0x1334 /usr/local/xenon/xenon/lib/32/libc.a(lib_a-mprec.o)
                0x000000008001b484                _mprec_log10
                0x000000008001b590                __any_on
                0x000000008001b638                _Balloc
                0x000000008001b398                __ratio
                0x000000008001be68                __i2b
                0x000000008001b208                __b2d
                0x000000008001c138                __s2b
                0x000000008001b0c8                __mcmp
                0x000000008001af60                __hi0bits
                0x000000008001bfd4                __pow5mult
                0x000000008001ba80                __lshift
                0x000000008001bc10                __multiply
                0x000000008001b6f8                __d2b
                0x000000008001b500                __copybits
                0x000000008001b158                __ulp
                0x000000008001b8a8                __mdiff
                0x000000008001afd8                __lo0bits
                0x000000008001bea8                __multadd
                0x000000008001af38                _Bfree
 *fill*         0x000000008001c26c        0x4 00
 .text          0x000000008001c270      0x650 /usr/local/xenon/xenon/lib/32/libc.a(lib_a-reallocr.o)
                0x000000008001c274                _realloc_r
 .text          0x000000008001c8c0      0x3dc /usr/local/xenon/xenon/lib/32/libc.a(lib_a-signal.o)
                0x000000008001cbc0                _signal_r
                0x000000008001c8c0                _raise_r
                0x000000008001cab8                __sigtramp_r
                0x000000008001cc54                signal
                0x000000008001ca74                _init_signal
                0x000000008001c9f0                _init_signal_r
                0x000000008001cb7c                __sigtramp
                0x000000008001c9ac                raise
 *fill*         0x000000008001cc9c        0x4 00
 .text          0x000000008001cca0       0xbc /usr/local/xenon/xenon/lib/32/libc.a(lib_a-signalr.o)
                0x000000008001ccc4                _kill_r
                0x000000008001cca0                _getpid_r
 *fill*         0x000000008001cd5c        0x4 00
 .text          0x000000008001cd60       0x44 /usr/local/xenon/xenon/lib/32/libc.a(lib_a-s_isinfd.o)
                0x000000008001cd60                __isinfd
 *fill*         0x000000008001cda4        0x4 00
 .text          0x000000008001cda8       0x38 /usr/local/xenon/xenon/lib/32/libc.a(lib_a-s_isnand.o)
                0x000000008001cda8                __isnand
 .text          0x000000008001cde0      0x1a8 /usr/local/xenon/xenon/lib/32/libc.a(lib_a-stdio.o)
                0x000000008001ce08                __sseek
                0x000000008001cf20                __sread
                0x000000008001cde0                __sclose
                0x000000008001ce78                __swrite
 .text          0x000000008001cf88       0x9c /usr/local/xenon/xenon/lib/32/libc.a(lib_a-writer.o)
                0x000000008001cf8c                _write_r
 *fill*         0x000000008001d024        0x4 00
 .text          0x000000008001d028       0xd0 /usr/local/xenon/xenon/lib/32/libc.a(lib_a-callocr.o)
                0x000000008001d028                _calloc_r
 .text          0x000000008001d0f8       0x94 /usr/local/xenon/xenon/lib/32/libc.a(lib_a-closer.o)
                0x000000008001d0fc                _close_r
 *fill*         0x000000008001d18c        0x4 00
 .text          0x000000008001d190      0x1b8 /usr/local/xenon/xenon/lib/32/libc.a(lib_a-fclose.o)
                0x000000008001d190                _fclose_r
                0x000000008001d304                fclose
 .text          0x000000008001d348       0x9c /usr/local/xenon/xenon/lib/32/libc.a(lib_a-fstatr.o)
                0x000000008001d34c                _fstat_r
 *fill*         0x000000008001d3e4        0x4 00
 .text          0x000000008001d3e8       0x94 /usr/local/xenon/xenon/lib/32/libc.a(lib_a-isattyr.o)
                0x000000008001d3ec                _isatty_r
 *fill*         0x000000008001d47c        0x4 00
 .text          0x000000008001d480       0x9c /usr/local/xenon/xenon/lib/32/libc.a(lib_a-lseekr.o)
                0x000000008001d484                _lseek_r
 *fill*         0x000000008001d51c        0x4 00
 .text          0x000000008001d520       0x9c /usr/local/xenon/xenon/lib/32/libc.a(lib_a-readr.o)
                0x000000008001d524                _read_r
 *(.init*)

.elfldr         0x000000008001d5bc        0x0
                0x000000008001d5bc                elfldr_start = .
 *(.elfldr)
                0x000000008001d5bc                elfldr_end = .

.data           0x000000008001d5c0     0x575c
 *(.data*)
 .data.console_color
                0x000000008001d5c0        0x8 /usr/local/xenon/usr/lib/libxenon.a(console.o)
 .data.mounts   0x000000008001d5c8      0x480 /usr/local/xenon/usr/lib/libxenon.a(newlib.o)
 .data.vfs_console_ops
                0x000000008001da48       0x18 /usr/local/xenon/usr/lib/libxenon.a(newlib.o)
                0x000000008001da48                vfs_console_ops
 .data.vfs_console_mount_ops
                0x000000008001da60        0xc /usr/local/xenon/usr/lib/libxenon.a(newlib.o)
                0x000000008001da60                vfs_console_mount_ops
 .data.fd_array
                0x000000008001da6c      0xc00 /usr/local/xenon/usr/lib/libxenon.a(newlib.o)
 .data.ana_1360x768
                0x000000008001e66c      0x400 /usr/local/xenon/usr/lib/libxenon.a(xenos.o)
                0x000000008001e66c                ana_1360x768
 .data.xenos_modes
                0x000000008001ea6c      0x2d8 /usr/local/xenon/usr/lib/libxenon.a(xenos.o)
                0x000000008001ea6c                xenos_modes
 .data.ana_1280x720
                0x000000008001ed44      0x400 /usr/local/xenon/usr/lib/libxenon.a(xenos.o)
                0x000000008001ed44                ana_1280x720
 .data.ana_ntsc_480i
                0x000000008001f144      0x400 /usr/local/xenon/usr/lib/libxenon.a(xenos.o)
                0x000000008001f144                ana_ntsc_480i
 .data.ana_1024x768
                0x000000008001f544      0x400 /usr/local/xenon/usr/lib/libxenon.a(xenos.o)
                0x000000008001f544                ana_1024x768
 .data.ana_640x480p
                0x000000008001f944      0x400 /usr/local/xenon/usr/lib/libxenon.a(xenos.o)
                0x000000008001f944                ana_640x480p
 .data.ana_pal  0x000000008001fd44      0x400 /usr/local/xenon/usr/lib/libxenon.a(xenos.o)
                0x000000008001fd44                ana_pal
 .data.ana_yuv_480p
                0x0000000080020144      0x400 /usr/local/xenon/usr/lib/libxenon.a(xenos.o)
                0x0000000080020144                ana_yuv_480p
 .data.ana_hdmi_720p
                0x0000000080020544      0x400 /usr/local/xenon/usr/lib/libxenon.a(xenos.o)
                0x0000000080020544                ana_hdmi_720p
 .data.ana_yuv_720p
                0x0000000080020944      0x400 /usr/local/xenon/usr/lib/libxenon.a(xenos.o)
                0x0000000080020944                ana_yuv_720p
 .data.ana_1280x1024
                0x0000000080020d44      0x400 /usr/local/xenon/usr/lib/libxenon.a(xenos.o)
                0x0000000080020d44                ana_1280x1024
 .data.ana_640_480_composite
                0x0000000080021144      0x400 /usr/local/xenon/usr/lib/libxenon.a(xenos.o)
                0x0000000080021144                ana_640_480_composite
 .data.ana_1440x900
                0x0000000080021544      0x400 /usr/local/xenon/usr/lib/libxenon.a(xenos.o)
                0x0000000080021544                ana_1440x900
 .data.ana_1280x768
                0x0000000080021944      0x400 /usr/local/xenon/usr/lib/libxenon.a(xenos.o)
                0x0000000080021944                ana_1280x768
 .data.ohci_driver
                0x0000000080021d44       0x2c /usr/local/xenon/usr/lib/libxenon.a(ohci.o)
                0x0000000080021d44                ohci_driver
 .data.usb_drivers
                0x0000000080021d70       0x70 /usr/local/xenon/usr/lib/libxenon.a(usbdevs.o)
                0x0000000080021d70                usb_drivers
 .data.usbhid_driver
                0x0000000080021de0        0xc /usr/local/xenon/usr/lib/libxenon.a(usbhid.o)
                0x0000000080021de0                usbhid_driver
 .data.usbhid_scantable
                0x0000000080021dec      0x650 /usr/local/xenon/usr/lib/libxenon.a(usbhid.o)
 .data.usbhub_driver
                0x000000008002243c        0xc /usr/local/xenon/usr/lib/libxenon.a(usbhub.o)
                0x000000008002243c                usbhub_driver
 .data.usbroothub_driver
                0x0000000080022448        0xc /usr/local/xenon/usr/lib/libxenon.a(usbhub.o)
                0x0000000080022448                usbroothub_driver
 .data.usbmass_driver
                0x0000000080022454        0xc /usr/local/xenon/usr/lib/libxenon.a(usbmass.o)
                0x0000000080022454                usbmass_driver
 .data.vfs_fat_mount_ops
                0x0000000080022460        0xc /usr/local/xenon/usr/lib/libxenon.a(diskio.o)
                0x0000000080022460                vfs_fat_mount_ops
 .data.vfs_fat_file_ops
                0x000000008002246c       0x18 /usr/local/xenon/usr/lib/libxenon.a(diskio.o)
                0x000000008002246c                vfs_fat_file_ops
 .data.vfs_iso9660_mount_ops
                0x0000000080022484        0xc /usr/local/xenon/usr/lib/libxenon.a(iso9660.o)
                0x0000000080022484                vfs_iso9660_mount_ops
 .data.vfs_iso9660_file_ops
                0x0000000080022490       0x18 /usr/local/xenon/usr/lib/libxenon.a(iso9660.o)
                0x0000000080022490                vfs_iso9660_file_ops
 .data.usbctrl_driver
                0x00000000800224a8        0xc /usr/local/xenon/usr/lib/libxenon.a(usbctrl.o)
                0x00000000800224a8                usbctrl_driver
 *fill*         0x00000000800224b4        0x4 00
 .data.rel.local
                0x00000000800224b8      0x428 /usr/local/xenon/xenon/lib/32/libc.a(lib_a-impure.o)
 .data.rel      0x00000000800228e0      0x408 /usr/local/xenon/xenon/lib/32/libc.a(lib_a-mallocr.o)
                0x00000000800228e0                __malloc_av_
 .data.rel.ro.local
                0x0000000080022ce8       0x34 /usr/local/xenon/xenon/lib/32/libc.a(lib_a-locale.o)

.got2           0x0000000080022d1c      0x1e0
 .got2          0x0000000080022d1c       0x10 /usr/local/xenon/xenon/lib/32/libc.a(lib_a-assert.o)
 .got2          0x0000000080022d2c        0x4 /usr/local/xenon/xenon/lib/32/libc.a(lib_a-errno.o)
 .got2          0x0000000080022d30        0x4 /usr/local/xenon/xenon/lib/32/libc.a(lib_a-exit.o)
 .got2          0x0000000080022d34        0x4 /usr/local/xenon/xenon/lib/32/libc.a(lib_a-fiprintf.o)
 .got2          0x0000000080022d38        0x4 /usr/local/xenon/xenon/lib/32/libc.a(lib_a-malloc.o)
 .got2          0x0000000080022d3c       0x1c /usr/local/xenon/xenon/lib/32/libc.a(lib_a-mallocr.o)
 .got2          0x0000000080022d58        0x4 /usr/local/xenon/xenon/lib/32/libc.a(lib_a-printf.o)
 .got2          0x0000000080022d5c        0x4 /usr/local/xenon/xenon/lib/32/libc.a(lib_a-putchar.o)
 .got2          0x0000000080022d60        0x4 /usr/local/xenon/xenon/lib/32/libc.a(lib_a-putc.o)
 .got2          0x0000000080022d64        0x8 /usr/local/xenon/xenon/lib/32/libc.a(lib_a-puts.o)
 .got2          0x0000000080022d6c        0x4 /usr/local/xenon/xenon/lib/32/libc.a(lib_a-rand.o)
 .got2          0x0000000080022d70        0x4 /usr/local/xenon/xenon/lib/32/libc.a(lib_a-sbrkr.o)
 .got2          0x0000000080022d74        0x4 /usr/local/xenon/xenon/lib/32/libc.a(lib_a-snprintf.o)
 .got2          0x0000000080022d78        0x4 /usr/local/xenon/xenon/lib/32/libc.a(lib_a-sprintf.o)
 .got2          0x0000000080022d7c        0x4 /usr/local/xenon/xenon/lib/32/libc.a(lib_a-strcasecmp.o)
 .got2          0x0000000080022d80        0x4 /usr/local/xenon/xenon/lib/32/libc.a(lib_a-strncasecmp.o)
 .got2          0x0000000080022d84        0x8 /usr/local/xenon/xenon/lib/32/libc.a(lib_a-strtol.o)
 .got2          0x0000000080022d8c       0x30 /usr/local/xenon/xenon/lib/32/libc.a(lib_a-svfprintf.o)
 .got2          0x0000000080022dbc       0x1c /usr/local/xenon/xenon/lib/32/libc.a(lib_a-vfiprintf.o)
 .got2          0x0000000080022dd8       0x34 /usr/local/xenon/xenon/lib/32/libc.a(lib_a-vfprintf.o)
 .got2          0x0000000080022e0c        0x4 /usr/local/xenon/xenon/lib/32/libc.a(lib_a-wbuf.o)
 .got2          0x0000000080022e10        0x4 /usr/local/xenon/xenon/lib/32/libc.a(lib_a-wsetup.o)
 .got2          0x0000000080022e14        0x4 /usr/local/xenon/xenon/lib/32/libc.a(lib_a-__call_atexit.o)
 .got2          0x0000000080022e18       0x48 /usr/local/xenon/xenon/lib/32/libc.a(lib_a-dtoa.o)
 .got2          0x0000000080022e60        0xc /usr/local/xenon/xenon/lib/32/libc.a(lib_a-fflush.o)
 .got2          0x0000000080022e6c       0x28 /usr/local/xenon/xenon/lib/32/libc.a(lib_a-findfp.o)
 .got2          0x0000000080022e94       0x18 /usr/local/xenon/xenon/lib/32/libc.a(lib_a-freer.o)
 .got2          0x0000000080022eac       0x10 /usr/local/xenon/xenon/lib/32/libc.a(lib_a-locale.o)
 .got2          0x0000000080022ebc        0x8 /usr/local/xenon/xenon/lib/32/libc.a(lib_a-makebuf.o)
 .got2          0x0000000080022ec4       0x10 /usr/local/xenon/xenon/lib/32/libc.a(lib_a-mprec.o)
 .got2          0x0000000080022ed4        0x4 /usr/local/xenon/xenon/lib/32/libc.a(lib_a-reallocr.o)
 .got2          0x0000000080022ed8        0x4 /usr/local/xenon/xenon/lib/32/libc.a(lib_a-signal.o)
 .got2          0x0000000080022edc        0x4 /usr/local/xenon/xenon/lib/32/libc.a(lib_a-signalr.o)
 .got2          0x0000000080022ee0        0x4 /usr/local/xenon/xenon/lib/32/libc.a(lib_a-writer.o)
 .got2          0x0000000080022ee4        0x4 /usr/local/xenon/xenon/lib/32/libc.a(lib_a-closer.o)
 .got2          0x0000000080022ee8        0x4 /usr/local/xenon/xenon/lib/32/libc.a(lib_a-fclose.o)
 .got2          0x0000000080022eec        0x4 /usr/local/xenon/xenon/lib/32/libc.a(lib_a-fstatr.o)
 .got2          0x0000000080022ef0        0x4 /usr/local/xenon/xenon/lib/32/libc.a(lib_a-isattyr.o)
 .got2          0x0000000080022ef4        0x4 /usr/local/xenon/xenon/lib/32/libc.a(lib_a-lseekr.o)
 .got2          0x0000000080022ef8        0x4 /usr/local/xenon/xenon/lib/32/libc.a(lib_a-readr.o)

.sdata          0x0000000080022efc       0x1c
 *(.sdata*)
 .sdata.usbmass_ops
                0x0000000080022efc        0x4 /usr/local/xenon/usr/lib/libxenon.a(usbmass.o)
                0x0000000080022efc                usbmass_ops
 .sdata         0x0000000080022f00        0x8 /usr/local/xenon/xenon/lib/32/libc.a(lib_a-ctype_.o)
                0x0000000080022f00                __ctype_ptr
                0x0000000080022f04                __ctype_ptr__
 .sdata         0x0000000080022f08        0x8 /usr/local/xenon/xenon/lib/32/libc.a(lib_a-impure.o)
                0x0000000080022f0c                _global_impure_ptr
                0x0000000080022f08                _impure_ptr
 .sdata         0x0000000080022f10        0x8 /usr/local/xenon/xenon/lib/32/libc.a(lib_a-mallocr.o)
                0x0000000080022f14                __malloc_sbrk_base
                0x0000000080022f10                __malloc_trim_threshold

.rodata         0x0000000080022f18     0x38e8
 *(.rodata*)
 .rodata.cst4   0x0000000080022f18       0x10 main.o
 .rodata.str1.8
                0x0000000080022f28      0x2c8 main.o
                                        0x2c3 (size before relaxing)
 .rodata.str1.1
                0x00000000800231f0       0x33 /usr/local/xenon/usr/lib/libxenon.a(console.o)
 *fill*         0x0000000080023223        0x5 00
 .rodata.fontdata_8x16
                0x0000000080023228     0x1000 /usr/local/xenon/usr/lib/libxenon.a(console.o)
                0x0000000080023228                fontdata_8x16
 .rodata.str1.1
                0x0000000080024228       0x1d /usr/local/xenon/usr/lib/libxenon.a(newlib.o)
 .rodata.str1.1
                0x0000000080024245       0x4b /usr/local/xenon/usr/lib/libxenon.a(lib_malloc.o)
 .rodata.str1.1
                0x0000000080024290       0x97 /usr/local/xenon/usr/lib/libxenon.a(usbmain.o)
 .rodata.str1.1
                0x0000000080024327      0x10b /usr/local/xenon/usr/lib/libxenon.a(xenon_smc.o)
 *fill*         0x0000000080024432        0x2 00
 .rodata.C.12.3393
                0x0000000080024434       0x40 /usr/local/xenon/usr/lib/libxenon.a(xenos.o)
 .rodata.C.9.3384
                0x0000000080024474       0x44 /usr/local/xenon/usr/lib/libxenon.a(xenos.o)
 .rodata.CSWTCH.31
                0x00000000800244b8       0x10 /usr/local/xenon/usr/lib/libxenon.a(xenos.o)
 .rodata.C.13.3412
                0x00000000800244c8       0x5c /usr/local/xenon/usr/lib/libxenon.a(xenos.o)
 .rodata.str1.1
                0x0000000080024524      0x1e0 /usr/local/xenon/usr/lib/libxenon.a(xenos.o)
 *fill*         0x0000000080024704        0x4 00
 .rodata.__FUNCTION__.3423
                0x0000000080024708       0x12 /usr/local/xenon/usr/lib/libxenon.a(xenos.o)
 *fill*         0x000000008002471a        0x6 00
 .rodata.__FUNCTION__.3628
                0x0000000080024720       0x12 /usr/local/xenon/usr/lib/libxenon.a(xenos.o)
 *fill*         0x0000000080024732        0x2 00
 .rodata.C.6.3364
                0x0000000080024734       0x1c /usr/local/xenon/usr/lib/libxenon.a(xenos.o)
 .rodata.C.10.3385
                0x0000000080024750       0x44 /usr/local/xenon/usr/lib/libxenon.a(xenos.o)
 .rodata.ohci_xfer
                0x0000000080024794       0x50 /usr/local/xenon/usr/lib/libxenon.a(ohci.o)
 .rodata.ohci_root_ifdsc
                0x00000000800247e4        0x9 /usr/local/xenon/usr/lib/libxenon.a(ohci.o)
 *fill*         0x00000000800247ed        0x3 00
 .rodata.ohci_revbits
                0x00000000800247f0       0x80 /usr/local/xenon/usr/lib/libxenon.a(ohci.o)
 .rodata.ohci_root_cfgdsc
                0x0000000080024870        0x9 /usr/local/xenon/usr/lib/libxenon.a(ohci.o)
 .rodata.str1.1
                0x0000000080024879       0x11 /usr/local/xenon/usr/lib/libxenon.a(ohci.o)
 .rodata.ohci_root_devdsc
                0x000000008002488a       0x12 /usr/local/xenon/usr/lib/libxenon.a(ohci.o)
 .rodata.ohci_root_hubdsc
                0x000000008002489c       0x47 /usr/local/xenon/usr/lib/libxenon.a(ohci.o)
 .rodata.ohci_root_epdsc
                0x00000000800248e3        0x7 /usr/local/xenon/usr/lib/libxenon.a(ohci.o)
 .rodata.str1.1
                0x00000000800248ea      0x100 /usr/local/xenon/usr/lib/libxenon.a(usbd.o)
 .rodata.str1.1
                0x00000000800249ea       0x47 /usr/local/xenon/usr/lib/libxenon.a(usbdevs.o)
 .rodata.str1.1
                0x0000000080024a31       0x4a /usr/local/xenon/usr/lib/libxenon.a(usbhid.o)
 *fill*         0x0000000080024a7b        0x1 00
 .rodata.usbhid_devtypes
                0x0000000080024a7c        0xc /usr/local/xenon/usr/lib/libxenon.a(usbhid.o)
 .rodata.str1.1
                0x0000000080024a88      0x241 /usr/local/xenon/usr/lib/libxenon.a(usbhub.o)
                                        0x24a (size before relaxing)
 .rodata.str1.1
                0x0000000080024cc9       0x63 /usr/local/xenon/usr/lib/libxenon.a(usbmass.o)
 .rodata.str1.1
                0x0000000080024d2c       0x40 /usr/local/xenon/usr/lib/libxenon.a(xenon_config.o)
 .rodata.str1.1
                0x0000000080024d6c       0x78 /usr/local/xenon/usr/lib/libxenon.a(diskio.o)
                                         0x79 (size before relaxing)
 .rodata.str1.1
                0x0000000080024de4       0xb3 /usr/local/xenon/usr/lib/libxenon.a(disk_rb.o)
 *fill*         0x0000000080024e97        0x1 00
 .rodata.fat_partition_types
                0x0000000080024e98        0xa /usr/local/xenon/usr/lib/libxenon.a(disk_rb.o)
 *fill*         0x0000000080024ea2        0x6 00
 .rodata.invalid_chars.4665
                0x0000000080024ea8       0x11 /usr/local/xenon/usr/lib/libxenon.a(fat_rb.o)
 *fill*         0x0000000080024eb9        0x7 00
 .rodata.daysinmonth.4273
                0x0000000080024ec0        0xc /usr/local/xenon/usr/lib/libxenon.a(fat_rb.o)
 *fill*         0x0000000080024ecc        0x4 00
 .rodata.FATLONG_NAME_SIZE
                0x0000000080024ed0        0x3 /usr/local/xenon/usr/lib/libxenon.a(fat_rb.o)
 .rodata.str1.1
                0x0000000080024ed3      0x640 /usr/local/xenon/usr/lib/libxenon.a(fat_rb.o)
                                        0x642 (size before relaxing)
 *fill*         0x0000000080025513        0x5 00
 .rodata.invalid_chars.4530
                0x0000000080025518        0xa /usr/local/xenon/usr/lib/libxenon.a(fat_rb.o)
 *fill*         0x0000000080025522        0x6 00
 .rodata.FATLONG_NAME_POS
                0x0000000080025528        0x3 /usr/local/xenon/usr/lib/libxenon.a(fat_rb.o)
 .rodata.str1.1
                0x000000008002552b      0x1a4 /usr/local/xenon/usr/lib/libxenon.a(file_rb.o)
 .rodata.str1.1
                0x00000000800256cf      0x112 /usr/local/xenon/usr/lib/libxenon.a(dir_rb.o)
                                        0x141 (size before relaxing)
 .rodata.str1.1
                0x00000000800257e1       0xba /usr/local/xenon/usr/lib/libxenon.a(iso9660.o)
 .rodata.str1.1
                0x000000008002589b       0x73 /usr/local/xenon/usr/lib/libxenon.a(usbctrl.o)
 .rodata.str1.1
                0x000000008002590e      0x61a /usr/local/xenon/usr/lib/libxenon.a(usbdebug.o)
                                        0x672 (size before relaxing)
 .rodata.eptattribs.3320
                0x0000000080025f28       0x10 /usr/local/xenon/usr/lib/libxenon.a(usbdebug.o)
 .rodata.utf8comp
                0x0000000080025f38        0x6 /usr/local/xenon/usr/lib/libxenon.a(unicode_rb.o)
 .rodata.str1.1
                0x0000000080025f3e      0x11d /usr/local/xenon/usr/lib/libxenon.a(xenon_sfcx.o)
 *fill*         0x000000008002605b        0x1 00
 .rodata.str1.4
                0x000000008002605c       0x3f /usr/local/xenon/xenon/lib/32/libc.a(lib_a-assert.o)
                                         0x43 (size before relaxing)
 *fill*         0x000000008002609b        0x1 00
 .rodata        0x000000008002609c      0x101 /usr/local/xenon/xenon/lib/32/libc.a(lib_a-ctype_.o)
                0x000000008002609c                _ctype_
 *fill*         0x000000008002619d        0x3 00
 .rodata.str1.4
                0x00000000800261a0        0x2 /usr/local/xenon/xenon/lib/32/libc.a(lib_a-impure.o)
 *fill*         0x00000000800261a2        0x2 00
 .rodata.str1.4
                0x00000000800261a4        0x2 /usr/local/xenon/xenon/lib/32/libc.a(lib_a-puts.o)
 *fill*         0x00000000800261a6        0x2 00
 .rodata        0x00000000800261a8      0x184 /usr/local/xenon/xenon/lib/32/libc.a(lib_a-svfprintf.o)
 .rodata.cst4   0x000000008002632c        0x4 /usr/local/xenon/xenon/lib/32/libc.a(lib_a-svfprintf.o)
 .rodata.str1.4
                0x0000000080026330       0x42 /usr/local/xenon/xenon/lib/32/libc.a(lib_a-svfprintf.o)
 *fill*         0x0000000080026372        0x2 00
 .rodata        0x0000000080026374      0x184 /usr/local/xenon/xenon/lib/32/libc.a(lib_a-vfiprintf.o)
 .rodata.str1.4
                0x0000000000000000       0x2f /usr/local/xenon/xenon/lib/32/libc.a(lib_a-vfiprintf.o)
 .rodata        0x00000000800264f8      0x184 /usr/local/xenon/xenon/lib/32/libc.a(lib_a-vfprintf.o)
 .rodata.cst4   0x0000000000000000        0x4 /usr/local/xenon/xenon/lib/32/libc.a(lib_a-vfprintf.o)
 .rodata.str1.4
                0x0000000000000000       0x42 /usr/local/xenon/xenon/lib/32/libc.a(lib_a-vfprintf.o)
 .rodata.cst4   0x000000008002667c       0x20 /usr/local/xenon/xenon/lib/32/libc.a(lib_a-dtoa.o)
                                         0x24 (size before relaxing)
 *fill*         0x000000008002669c        0x4 00
 .rodata.cst8   0x00000000800266a0       0x18 /usr/local/xenon/xenon/lib/32/libc.a(lib_a-dtoa.o)
 .rodata.str1.4
                0x00000000800266b8       0x10 /usr/local/xenon/xenon/lib/32/libc.a(lib_a-dtoa.o)
                                         0x12 (size before relaxing)
 .rodata.str1.4
                0x00000000800266c8       0x10 /usr/local/xenon/xenon/lib/32/libc.a(lib_a-locale.o)
                                         0x17 (size before relaxing)
 .rodata        0x00000000800266d8      0x128 /usr/local/xenon/xenon/lib/32/libc.a(lib_a-mprec.o)
                0x00000000800267d8                __mprec_tinytens
                0x00000000800266e8                __mprec_tens
                0x00000000800267b0                __mprec_bigtens
 .rodata.cst4   0x0000000000000000        0x8 /usr/local/xenon/xenon/lib/32/libc.a(lib_a-mprec.o)

.ctors          0x0000000080026800        0x0
                0x0000000080026800                __CTOR_LIST__ = .
 *(.ctors)
                0x0000000080026800                __CTOR_END__ = .

.dtors          0x0000000080026800        0x0
                0x0000000080026800                __DTOR_LIST__ = .
 *(.dtors)
                0x0000000080026800                __DTOR_END__ = .

.eh_frame_hdr   0x0000000080026800      0xb4c
 *(.eh_frame_hdr)
 .eh_frame_hdr  0x0000000080026800      0xb4c /usr/local/xenon/lib/gcc/xenon/4.4.0/../../../../xenon/lib/../lib/crt1.o

.eh_frame       0x000000008002734c     0x2d90
 *(.eh_frame)
 .eh_frame      0x000000008002734c       0x38 /usr/local/xenon/lib/gcc/xenon/4.4.0/../../../../xenon/lib/../lib/crt1.o
 .eh_frame      0x0000000080027384        0x0 /usr/local/xenon/lib/gcc/xenon/4.4.0/32/crtbegin.o
 .eh_frame      0x0000000080027384      0x144 main.o
                                        0x158 (size before relaxing)
 .eh_frame      0x00000000800274c8       0xa4 /usr/local/xenon/usr/lib/libxenon.a(console.o)
                                         0xe0 (size before relaxing)
 .eh_frame      0x000000008002756c       0x3c /usr/local/xenon/usr/lib/libxenon.a(input.o)
                                         0x50 (size before relaxing)
 .eh_frame      0x00000000800275a8      0x180 /usr/local/xenon/usr/lib/libxenon.a(newlib.o)
                                        0x1f0 (size before relaxing)
 .eh_frame      0x0000000080027728       0x5c /usr/local/xenon/usr/lib/libxenon.a(lib_malloc.o)
                                         0xc0 (size before relaxing)
 .eh_frame      0x0000000080027784       0x5c /usr/local/xenon/usr/lib/libxenon.a(usbmain.o)
                                         0x70 (size before relaxing)
 .eh_frame      0x00000000800277e0      0x120 /usr/local/xenon/usr/lib/libxenon.a(xenon_smc.o)
                                        0x1a4 (size before relaxing)
 .eh_frame      0x0000000080027900       0x20 /usr/local/xenon/usr/lib/libxenon.a(xenon_uart.o)
                                         0x5c (size before relaxing)
 .eh_frame      0x0000000080027920      0x1a0 /usr/local/xenon/usr/lib/libxenon.a(xenos.o)
                                        0x1b4 (size before relaxing)
 .eh_frame      0x0000000080027ac0       0x50 /usr/local/xenon/usr/lib/libxenon.a(io.o)
                                         0x64 (size before relaxing)
 .eh_frame      0x0000000080027b10       0x3c /usr/local/xenon/usr/lib/libxenon.a(time.o)
                                         0x50 (size before relaxing)
 .eh_frame      0x0000000080027b4c      0x1d8 /usr/local/xenon/usr/lib/libxenon.a(ohci.o)
                                        0x1ec (size before relaxing)
 .eh_frame      0x0000000080027d24      0x374 /usr/local/xenon/usr/lib/libxenon.a(usbd.o)
                                        0x3bc (size before relaxing)
 .eh_frame      0x0000000080028098       0x24 /usr/local/xenon/usr/lib/libxenon.a(usbdevs.o)
                                         0x38 (size before relaxing)
 .eh_frame      0x00000000800280bc       0x7c /usr/local/xenon/usr/lib/libxenon.a(usbhid.o)
                                         0x90 (size before relaxing)
 .eh_frame      0x0000000080028138      0x144 /usr/local/xenon/usr/lib/libxenon.a(usbhub.o)
                                        0x190 (size before relaxing)
 .eh_frame      0x000000008002827c       0xe4 /usr/local/xenon/usr/lib/libxenon.a(usbmass.o)
                                        0x124 (size before relaxing)
 .eh_frame      0x0000000080028360       0x48 /usr/local/xenon/usr/lib/libxenon.a(xenon_gpio.o)
                                         0x7c (size before relaxing)
 .eh_frame      0x00000000800283a8       0x34 /usr/local/xenon/usr/lib/libxenon.a(xenon_config.o)
                                         0x70 (size before relaxing)
 .eh_frame      0x00000000800283dc      0x118 /usr/local/xenon/usr/lib/libxenon.a(diskio.o)
                                        0x18c (size before relaxing)
 .eh_frame      0x00000000800284f4       0x9c /usr/local/xenon/usr/lib/libxenon.a(disk_rb.o)
                                         0xf0 (size before relaxing)
 .eh_frame      0x0000000080028590      0x434 /usr/local/xenon/usr/lib/libxenon.a(fat_rb.o)
                                        0x564 (size before relaxing)
 .eh_frame      0x00000000800289c4      0x148 /usr/local/xenon/usr/lib/libxenon.a(file_rb.o)
                                        0x1d4 (size before relaxing)
 .eh_frame      0x0000000080028b0c       0x64 /usr/local/xenon/usr/lib/libxenon.a(dir_rb.o)
                                         0xd4 (size before relaxing)
 .eh_frame      0x0000000080028b70      0x1c0 /usr/local/xenon/usr/lib/libxenon.a(iso9660.o)
                                        0x1d4 (size before relaxing)
 .eh_frame      0x0000000080028d30       0x28 /usr/local/xenon/usr/lib/libxenon.a(lib_queue.o)
                                         0xa0 (size before relaxing)
 .eh_frame      0x0000000080028d58       0x60 /usr/local/xenon/usr/lib/libxenon.a(usbctrl.o)
                                         0x74 (size before relaxing)
 .eh_frame      0x0000000080028db8       0x94 /usr/local/xenon/usr/lib/libxenon.a(usbdebug.o)
                                        0x104 (size before relaxing)
 .eh_frame      0x0000000080028e4c       0x3c /usr/local/xenon/usr/lib/libxenon.a(unicode_rb.o)
                                         0xac (size before relaxing)
 .eh_frame      0x0000000080028e88       0x70 /usr/local/xenon/usr/lib/libxenon.a(xenon_sfcx.o)
                                        0x1e8 (size before relaxing)
 .eh_frame      0x0000000080028ef8       0x38 /usr/local/xenon/xenon/lib/32/libc.a(lib_a-assert.o)
                                         0x4c (size before relaxing)
 .eh_frame      0x0000000080028f30       0x30 /usr/local/xenon/xenon/lib/32/libc.a(lib_a-atoi.o)
                                         0x44 (size before relaxing)
 .eh_frame      0x0000000080028f60       0x20 /usr/local/xenon/xenon/lib/32/libc.a(lib_a-errno.o)
                                         0x34 (size before relaxing)
 .eh_frame      0x0000000080028f80       0x24 /usr/local/xenon/xenon/lib/32/libc.a(lib_a-exit.o)
                                         0x38 (size before relaxing)
 .eh_frame      0x0000000080028fa4       0x38 /usr/local/xenon/xenon/lib/32/libc.a(lib_a-fiprintf.o)
                                         0x4c (size before relaxing)
 .eh_frame      0x0000000080028fdc       0x40 /usr/local/xenon/xenon/lib/32/libc.a(lib_a-malloc.o)
                                         0x54 (size before relaxing)
 .eh_frame      0x000000008002901c       0x34 /usr/local/xenon/xenon/lib/32/libc.a(lib_a-mallocr.o)
                                         0x48 (size before relaxing)
 .eh_frame      0x0000000080029050       0x1c /usr/local/xenon/xenon/lib/32/libc.a(lib_a-memchr.o)
                                         0x30 (size before relaxing)
 .eh_frame      0x000000008002906c       0x1c /usr/local/xenon/xenon/lib/32/libc.a(lib_a-memcmp.o)
                                         0x30 (size before relaxing)
 .eh_frame      0x0000000080029088       0x1c /usr/local/xenon/xenon/lib/32/libc.a(lib_a-memcpy.o)
                                         0x30 (size before relaxing)
 .eh_frame      0x00000000800290a4       0x1c /usr/local/xenon/xenon/lib/32/libc.a(lib_a-memset.o)
                                         0x30 (size before relaxing)
 .eh_frame      0x00000000800290c0       0x28 /usr/local/xenon/xenon/lib/32/libc.a(lib_a-mlock.o)
                                         0x3c (size before relaxing)
 .eh_frame      0x00000000800290e8       0x38 /usr/local/xenon/xenon/lib/32/libc.a(lib_a-printf.o)
                                         0x4c (size before relaxing)
 .eh_frame      0x0000000080029120       0x38 /usr/local/xenon/xenon/lib/32/libc.a(lib_a-putchar.o)
                                         0x4c (size before relaxing)
 .eh_frame      0x0000000080029158       0x48 /usr/local/xenon/xenon/lib/32/libc.a(lib_a-putc.o)
                                         0x5c (size before relaxing)
 .eh_frame      0x00000000800291a0       0x44 /usr/local/xenon/xenon/lib/32/libc.a(lib_a-puts.o)
                                         0x58 (size before relaxing)
 .eh_frame      0x00000000800291e4       0x40 /usr/local/xenon/xenon/lib/32/libc.a(lib_a-rand.o)
                                         0x54 (size before relaxing)
 .eh_frame      0x0000000080029224       0x24 /usr/local/xenon/xenon/lib/32/libc.a(lib_a-sbrkr.o)
                                         0x38 (size before relaxing)
 .eh_frame      0x0000000080029248       0x50 /usr/local/xenon/xenon/lib/32/libc.a(lib_a-snprintf.o)
                                         0x64 (size before relaxing)
 .eh_frame      0x0000000080029298       0x40 /usr/local/xenon/xenon/lib/32/libc.a(lib_a-sprintf.o)
                                         0x54 (size before relaxing)
 .eh_frame      0x00000000800292d8       0x1c /usr/local/xenon/xenon/lib/32/libc.a(lib_a-strcasecmp.o)
                                         0x30 (size before relaxing)
 .eh_frame      0x00000000800292f4       0x20 /usr/local/xenon/xenon/lib/32/libc.a(lib_a-strcat.o)
                                         0x34 (size before relaxing)
 .eh_frame      0x0000000080029314       0x1c /usr/local/xenon/xenon/lib/32/libc.a(lib_a-strchr.o)
                                         0x30 (size before relaxing)
 .eh_frame      0x0000000080029330       0x1c /usr/local/xenon/xenon/lib/32/libc.a(lib_a-strcmp.o)
                                         0x30 (size before relaxing)
 .eh_frame      0x000000008002934c       0x1c /usr/local/xenon/xenon/lib/32/libc.a(lib_a-strcpy.o)
                                         0x30 (size before relaxing)
 .eh_frame      0x0000000080029368       0x1c /usr/local/xenon/xenon/lib/32/libc.a(lib_a-strlcpy.o)
                                         0x30 (size before relaxing)
 .eh_frame      0x0000000080029384       0x1c /usr/local/xenon/xenon/lib/32/libc.a(lib_a-strlen.o)
                                         0x30 (size before relaxing)
 .eh_frame      0x00000000800293a0       0x28 /usr/local/xenon/xenon/lib/32/libc.a(lib_a-strncasecmp.o)
                                         0x3c (size before relaxing)
 .eh_frame      0x00000000800293c8       0x1c /usr/local/xenon/xenon/lib/32/libc.a(lib_a-strncmp.o)
                                         0x30 (size before relaxing)
 .eh_frame      0x00000000800293e4       0x1c /usr/local/xenon/xenon/lib/32/libc.a(lib_a-strncpy.o)
                                         0x30 (size before relaxing)
 .eh_frame      0x0000000080029400       0x20 /usr/local/xenon/xenon/lib/32/libc.a(lib_a-strrchr.o)
                                         0x34 (size before relaxing)
 .eh_frame      0x0000000080029420       0x34 /usr/local/xenon/xenon/lib/32/libc.a(lib_a-strtok_r.o)
                                         0x48 (size before relaxing)
 .eh_frame      0x0000000080029454       0x50 /usr/local/xenon/xenon/lib/32/libc.a(lib_a-strtol.o)
                                         0x64 (size before relaxing)
 .eh_frame      0x00000000800294a4       0x84 /usr/local/xenon/xenon/lib/32/libc.a(lib_a-svfprintf.o)
                                         0x98 (size before relaxing)
 .eh_frame      0x0000000080029528       0x88 /usr/local/xenon/xenon/lib/32/libc.a(lib_a-vfiprintf.o)
                                         0x9c (size before relaxing)
 .eh_frame      0x00000000800295b0       0x8c /usr/local/xenon/xenon/lib/32/libc.a(lib_a-vfprintf.o)
                                         0xa0 (size before relaxing)
 .eh_frame      0x000000008002963c       0x48 /usr/local/xenon/xenon/lib/32/libc.a(lib_a-wbuf.o)
                                         0x5c (size before relaxing)
 .eh_frame      0x0000000080029684       0x24 /usr/local/xenon/xenon/lib/32/libc.a(lib_a-wsetup.o)
                                         0x38 (size before relaxing)
 .eh_frame      0x00000000800296a8       0x18 /usr/local/xenon/xenon/lib/32/libc.a(lib_a-abort.o)
                                         0x2c (size before relaxing)
 .eh_frame      0x00000000800296c0       0x40 /usr/local/xenon/xenon/lib/32/libc.a(lib_a-__call_atexit.o)
                                         0x54 (size before relaxing)
 .eh_frame      0x0000000080029700       0x80 /usr/local/xenon/xenon/lib/32/libc.a(lib_a-dtoa.o)
                                         0x94 (size before relaxing)
 .eh_frame      0x0000000080029780       0x48 /usr/local/xenon/xenon/lib/32/libc.a(lib_a-fflush.o)
                                         0x5c (size before relaxing)
 .eh_frame      0x00000000800297c8      0x190 /usr/local/xenon/xenon/lib/32/libc.a(lib_a-findfp.o)
                                        0x1a4 (size before relaxing)
 .eh_frame      0x0000000080029958       0x4c /usr/local/xenon/xenon/lib/32/libc.a(lib_a-freer.o)
                                         0x60 (size before relaxing)
 .eh_frame      0x00000000800299a4       0x34 /usr/local/xenon/xenon/lib/32/libc.a(lib_a-fvwrite.o)
                                         0x48 (size before relaxing)
 .eh_frame      0x00000000800299d8       0x54 /usr/local/xenon/xenon/lib/32/libc.a(lib_a-fwalk.o)
                                         0x68 (size before relaxing)
 .eh_frame      0x0000000080029a2c       0xa8 /usr/local/xenon/xenon/lib/32/libc.a(lib_a-locale.o)
                                         0xbc (size before relaxing)
 .eh_frame      0x0000000080029ad4       0x28 /usr/local/xenon/xenon/lib/32/libc.a(lib_a-makebuf.o)
                                         0x3c (size before relaxing)
 .eh_frame      0x0000000080029afc       0x1c /usr/local/xenon/xenon/lib/32/libc.a(lib_a-memmove.o)
                                         0x30 (size before relaxing)
 .eh_frame      0x0000000080029b18      0x270 /usr/local/xenon/xenon/lib/32/libc.a(lib_a-mprec.o)
                                        0x284 (size before relaxing)
 .eh_frame      0x0000000080029d88       0x38 /usr/local/xenon/xenon/lib/32/libc.a(lib_a-reallocr.o)
                                         0x4c (size before relaxing)
 .eh_frame      0x0000000080029dc0        0x0 /usr/local/xenon/xenon/lib/32/libc.a(lib_a-reent.o)
                                         0x84 (size before relaxing)
 .eh_frame      0x0000000080029dc0      0x104 /usr/local/xenon/xenon/lib/32/libc.a(lib_a-signal.o)
                                        0x118 (size before relaxing)
 .eh_frame      0x0000000080029ec4       0x3c /usr/local/xenon/xenon/lib/32/libc.a(lib_a-signalr.o)
                                         0x50 (size before relaxing)
 .eh_frame      0x0000000080029f00       0x14 /usr/local/xenon/xenon/lib/32/libc.a(lib_a-s_isinfd.o)
                                         0x28 (size before relaxing)
 .eh_frame      0x0000000080029f14       0x14 /usr/local/xenon/xenon/lib/32/libc.a(lib_a-s_isnand.o)
                                         0x28 (size before relaxing)
 .eh_frame      0x0000000080029f28       0x74 /usr/local/xenon/xenon/lib/32/libc.a(lib_a-stdio.o)
                                         0x88 (size before relaxing)
 .eh_frame      0x0000000080029f9c       0x24 /usr/local/xenon/xenon/lib/32/libc.a(lib_a-writer.o)
                                         0x38 (size before relaxing)
 .eh_frame      0x0000000080029fc0       0x1c /usr/local/xenon/xenon/lib/32/libc.a(lib_a-callocr.o)
                                         0x30 (size before relaxing)
 .eh_frame      0x0000000080029fdc       0x24 /usr/local/xenon/xenon/lib/32/libc.a(lib_a-closer.o)
                                         0x38 (size before relaxing)
 .eh_frame      0x000000008002a000       0x48 /usr/local/xenon/xenon/lib/32/libc.a(lib_a-fclose.o)
                                         0x5c (size before relaxing)
 .eh_frame      0x000000008002a048       0x24 /usr/local/xenon/xenon/lib/32/libc.a(lib_a-fstatr.o)
                                         0x38 (size before relaxing)
 .eh_frame      0x000000008002a06c       0x24 /usr/local/xenon/xenon/lib/32/libc.a(lib_a-isattyr.o)
                                         0x38 (size before relaxing)
 .eh_frame      0x000000008002a090       0x24 /usr/local/xenon/xenon/lib/32/libc.a(lib_a-lseekr.o)
                                         0x38 (size before relaxing)
 .eh_frame      0x000000008002a0b4       0x24 /usr/local/xenon/xenon/lib/32/libc.a(lib_a-readr.o)
                                         0x38 (size before relaxing)
 .eh_frame      0x000000008002a0d8        0x4 /usr/local/xenon/lib/gcc/xenon/4.4.0/32/crtend.o

.rela.dyn       0x000000008002a0dc        0x0
 .rela.text.call_ctors
                0x0000000000000000        0x0 /usr/local/xenon/lib/gcc/xenon/4.4.0/../../../../xenon/lib/../lib/crt1.o
 .rela.got2     0x0000000000000000        0x0 /usr/local/xenon/lib/gcc/xenon/4.4.0/../../../../xenon/lib/../lib/crt1.o
 .rela.text     0x0000000000000000        0x0 /usr/local/xenon/lib/gcc/xenon/4.4.0/../../../../xenon/lib/../lib/crt1.o
 .rela.text.console_close
                0x0000000000000000        0x0 /usr/local/xenon/lib/gcc/xenon/4.4.0/../../../../xenon/lib/../lib/crt1.o
 .rela.text.console_init
                0x0000000000000000        0x0 /usr/local/xenon/lib/gcc/xenon/4.4.0/../../../../xenon/lib/../lib/crt1.o
 .rela.text.sbrk
                0x0000000000000000        0x0 /usr/local/xenon/lib/gcc/xenon/4.4.0/../../../../xenon/lib/../lib/crt1.o
 .rela.text.kmem_init
                0x0000000000000000        0x0 /usr/local/xenon/lib/gcc/xenon/4.4.0/../../../../xenon/lib/../lib/crt1.o
 .rela.text.usb_do_poll
                0x0000000000000000        0x0 /usr/local/xenon/lib/gcc/xenon/4.4.0/../../../../xenon/lib/../lib/crt1.o
 .rela.text.usb_init_one_ohci
                0x0000000000000000        0x0 /usr/local/xenon/lib/gcc/xenon/4.4.0/../../../../xenon/lib/../lib/crt1.o
 .rela.text._ohci_dma_alloc
                0x0000000000000000        0x0 /usr/local/xenon/lib/gcc/xenon/4.4.0/../../../../xenon/lib/../lib/crt1.o
 .rela.text.ohci_create
                0x0000000000000000        0x0 /usr/local/xenon/lib/gcc/xenon/4.4.0/../../../../xenon/lib/../lib/crt1.o
 .rela.text.usb_create_pipe
                0x0000000000000000        0x0 /usr/local/xenon/lib/gcc/xenon/4.4.0/../../../../xenon/lib/../lib/crt1.o
 .rela.text.usb_free_request
                0x0000000000000000        0x0 /usr/local/xenon/lib/gcc/xenon/4.4.0/../../../../xenon/lib/../lib/crt1.o
 .rela.text.usb_destroy_all_pipes
                0x0000000000000000        0x0 /usr/local/xenon/lib/gcc/xenon/4.4.0/../../../../xenon/lib/../lib/crt1.o
 .rela.text.usb_destroy_device
                0x0000000000000000        0x0 /usr/local/xenon/lib/gcc/xenon/4.4.0/../../../../xenon/lib/../lib/crt1.o
 .rela.text.usb_destroy_pipe
                0x0000000000000000        0x0 /usr/local/xenon/lib/gcc/xenon/4.4.0/../../../../xenon/lib/../lib/crt1.o
 .rela.text.usb_make_request
                0x0000000000000000        0x0 /usr/local/xenon/lib/gcc/xenon/4.4.0/../../../../xenon/lib/../lib/crt1.o
 .rela.text.usb_clear_stall
                0x0000000000000000        0x0 /usr/local/xenon/lib/gcc/xenon/4.4.0/../../../../xenon/lib/../lib/crt1.o
 .rela.text.usb_std_request
                0x0000000000000000        0x0 /usr/local/xenon/lib/gcc/xenon/4.4.0/../../../../xenon/lib/../lib/crt1.o
 .rela.text.usb_get_string
                0x0000000000000000        0x0 /usr/local/xenon/lib/gcc/xenon/4.4.0/../../../../xenon/lib/../lib/crt1.o
 .rela.text.usb_get_config_descriptor
                0x0000000000000000        0x0 /usr/local/xenon/lib/gcc/xenon/4.4.0/../../../../xenon/lib/../lib/crt1.o
 .rela.text.usb_get_device_descriptor
                0x0000000000000000        0x0 /usr/local/xenon/lib/gcc/xenon/4.4.0/../../../../xenon/lib/../lib/crt1.o
 .rela.text.usb_create_device
                0x0000000000000000        0x0 /usr/local/xenon/lib/gcc/xenon/4.4.0/../../../../xenon/lib/../lib/crt1.o
 .rela.text.usb_initroot
                0x0000000000000000        0x0 /usr/local/xenon/lib/gcc/xenon/4.4.0/../../../../xenon/lib/../lib/crt1.o
 .rela.data.usb_drivers
                0x0000000000000000        0x0 /usr/local/xenon/lib/gcc/xenon/4.4.0/../../../../xenon/lib/../lib/crt1.o
 .rela.text.usbhid_attach
                0x0000000000000000        0x0 /usr/local/xenon/lib/gcc/xenon/4.4.0/../../../../xenon/lib/../lib/crt1.o
 .rela.text.usbhub_detach
                0x0000000000000000        0x0 /usr/local/xenon/lib/gcc/xenon/4.4.0/../../../../xenon/lib/../lib/crt1.o
 .rela.text.usbhub_scan1
                0x0000000000000000        0x0 /usr/local/xenon/lib/gcc/xenon/4.4.0/../../../../xenon/lib/../lib/crt1.o
 .rela.text.usbhub_attach