Archive member included because of file (symbol)

/usr/local/xenon/usr/lib/libxenon.a(startup_from_xell.o)
                              (_start)
/usr/local/xenon/usr/lib/libxenon.a(console.o)
                              main.o (console_set_colors)
/usr/local/xenon/usr/lib/libxenon.a(input.o)
                              main.o (get_controller_data)
/usr/local/xenon/usr/lib/libxenon.a(newlib.o)
                              (read)
/usr/local/xenon/usr/lib/libxenon.a(lib_malloc.o)
                              main.o (kmem_init)
/usr/local/xenon/usr/lib/libxenon.a(atomic.o)
                              /usr/local/xenon/usr/lib/libxenon.a(startup_from_xell.o) (atomic_clearset)
/usr/local/xenon/usr/lib/libxenon.a(cache.o)
                              /usr/local/xenon/usr/lib/libxenon.a(console.o) (memdcbst)
/usr/local/xenon/usr/lib/libxenon.a(except.o)
                              (exc_base)
/usr/local/xenon/usr/lib/libxenon.a(vm.o)
                              /usr/local/xenon/usr/lib/libxenon.a(except.o) (pagetable)
/usr/local/xenon/usr/lib/libxenon.a(usbmain.o)
                              main.o (usb_do_poll)
/usr/local/xenon/usr/lib/libxenon.a(xenon_smc.o)
                              main.o (xenon_smc_receive_response)
/usr/local/xenon/usr/lib/libxenon.a(xenon_uart.o)
                              /usr/local/xenon/usr/lib/libxenon.a(newlib.o) (putch)
/usr/local/xenon/usr/lib/libxenon.a(xenos.o)
                              /usr/local/xenon/usr/lib/libxenon.a(console.o) (xenos_is_overscan)
/usr/local/xenon/usr/lib/libxenon.a(io.o)
                              /usr/local/xenon/usr/lib/libxenon.a(xenon_smc.o) (read32n)
/usr/local/xenon/usr/lib/libxenon.a(time.o)
                              /usr/local/xenon/usr/lib/libxenon.a(xenos.o) (udelay)
/usr/local/xenon/usr/lib/libxenon.a(ohci.o)
                              /usr/local/xenon/usr/lib/libxenon.a(usbmain.o) (ohci_driver)
/usr/local/xenon/usr/lib/libxenon.a(usbd.o)
                              /usr/local/xenon/usr/lib/libxenon.a(usbmain.o) (usb_poll)
/usr/local/xenon/usr/lib/libxenon.a(usbdevs.o)
                              /usr/local/xenon/usr/lib/libxenon.a(usbd.o) (usb_find_driver)
/usr/local/xenon/usr/lib/libxenon.a(usbhid.o)
                              /usr/local/xenon/usr/lib/libxenon.a(usbdevs.o) (usbhid_driver)
/usr/local/xenon/usr/lib/libxenon.a(usbhub.o)
                              /usr/local/xenon/usr/lib/libxenon.a(usbd.o) (usb_scan)
/usr/local/xenon/usr/lib/libxenon.a(usbmass.o)
                              /usr/local/xenon/usr/lib/libxenon.a(usbdevs.o) (usbmass_driver)
/usr/local/xenon/usr/lib/libxenon.a(xenon_gpio.o)
                              /usr/local/xenon/usr/lib/libxenon.a(xenos.o) (xenon_gpio_set)
/usr/local/xenon/usr/lib/libxenon.a(xenon_config.o)
                              /usr/local/xenon/usr/lib/libxenon.a(xenos.o) (xenon_config_get_avregion)
/usr/local/xenon/usr/lib/libxenon.a(diskio.o)
                              /usr/local/xenon/usr/lib/libxenon.a(usbmass.o) (unregister_bdev)
/usr/local/xenon/usr/lib/libxenon.a(disk_rb.o)
                              /usr/local/xenon/usr/lib/libxenon.a(diskio.o) (disk_mount)
/usr/local/xenon/usr/lib/libxenon.a(fat_rb.o)
                              /usr/local/xenon/usr/lib/libxenon.a(diskio.o) (fat_init)
/usr/local/xenon/usr/lib/libxenon.a(file_rb.o)
                              /usr/local/xenon/usr/lib/libxenon.a(disk_rb.o) (release_files)
/usr/local/xenon/usr/lib/libxenon.a(dir_rb.o)
                              /usr/local/xenon/usr/lib/libxenon.a(disk_rb.o) (release_dirs)
/usr/local/xenon/usr/lib/libxenon.a(iso9660.o)
                              /usr/local/xenon/usr/lib/libxenon.a(diskio.o) (vfs_iso9660_mount_ops)
/usr/local/xenon/usr/lib/libxenon.a(lib_queue.o)
                              /usr/local/xenon/usr/lib/libxenon.a(ohci.o) (q_enqueue)
/usr/local/xenon/usr/lib/libxenon.a(usbctrl.o)
                              /usr/local/xenon/usr/lib/libxenon.a(usbdevs.o) (usbctrl_driver)
/usr/local/xenon/usr/lib/libxenon.a(usbdebug.o)
                              /usr/local/xenon/usr/lib/libxenon.a(usbhub.o) (usb_dbg_showdevice)
/usr/local/xenon/usr/lib/libxenon.a(unicode_rb.o)
                              /usr/local/xenon/usr/lib/libxenon.a(fat_rb.o) (utf8encode)
/usr/local/xenon/usr/lib/libxenon.a(xenon_sfcx.o)
                              /usr/local/xenon/usr/lib/libxenon.a(xenon_config.o) (sfcx_init)
/usr/local/xenon/xenon/lib/32/libc.a(lib_a-assert.o)
                              /usr/local/xenon/usr/lib/libxenon.a(xenos.o) (__assert_func)
/usr/local/xenon/xenon/lib/32/libc.a(lib_a-atoi.o)
                              /usr/local/xenon/usr/lib/libxenon.a(fat_rb.o) (atoi)
/usr/local/xenon/xenon/lib/32/libc.a(lib_a-ctype_.o)
                              /usr/local/xenon/usr/lib/libxenon.a(fat_rb.o) (__ctype_ptr__)
/usr/local/xenon/xenon/lib/32/libc.a(lib_a-errno.o)
                              /usr/local/xenon/usr/lib/libxenon.a(newlib.o) (__errno)
[...]
Memory Configuration

Name             Origin             Length             Attributes
*default*        0x0000000000000000 0xffffffffffffffff

Linker script and memory map

LOAD /usr/local/xenon/lib/gcc/xenon/4.4.0/../../../../xenon/lib/../lib/crt1.o
LOAD /usr/local/xenon/lib/gcc/xenon/4.4.0/../../../../xenon/lib/../lib/crti.o
LOAD /usr/local/xenon/lib/gcc/xenon/4.4.0/32/crtbegin.o
LOAD main.o
LOAD /usr/local/xenon/usr/lib/libxenon.a
LOAD /usr/local/xenon/xenon/lib/32/libm.a
LOAD /usr/local/xenon/lib/gcc/xenon/4.4.0/32/libgcc.a
LOAD /usr/local/xenon/xenon/lib/32/libc.a
LOAD /usr/local/xenon/lib/gcc/xenon/4.4.0/32/libgcc.a
LOAD /usr/local/xenon/lib/gcc/xenon/4.4.0/32/crtend.o
LOAD /usr/local/xenon/lib/gcc/xenon/4.4.0/../../../../xenon/lib/../lib/crtn.o
                0x0000000080000000                . = 0x80000000

.text           0x0000000080000000    0x1d3bc
 *(.except*)
 .except        0x0000000080000000     0x1d50 /usr/local/xenon/usr/lib/libxenon.a(except.o)
                0x0000000080000000                secondary_lock
                0x0000000080000000                exc_base
                0x0000000080000004                secondary_alive
 *(.pagetable)
 .pagetable     0x0000000080001d50       0x40 /usr/local/xenon/usr/lib/libxenon.a(vm.o)
                0x0000000080001d50                pagetable
 *(.text*)
 .text.call_ctors
                0x0000000080001d90       0x58 /usr/local/xenon/lib/gcc/xenon/4.4.0/../../../../xenon/lib/../lib/crt1.o
                0x0000000080001d90                call_ctors
 .text.printTemperatures
                0x0000000080001de8      0x130 main.o
                0x0000000080001de8                printTemperatures
 .text.setASCII
                0x0000000080001f18       0x78 main.o
                0x0000000080001f18                setASCII
 .text.clearScreen
                0x0000000080001f90       0x40 main.o
                0x0000000080001f90                clearScreen
 .text.reDash   0x0000000080001fd0       0x60 main.o
                0x0000000080001fd0                reDash
 .text.shutdownConsole
                0x0000000080002030       0x20 main.o
                0x0000000080002030                shutdownConsole
 .text.mainInit
                0x0000000080002050       0x40 main.o
                0x0000000080002050                mainInit
 .text.main     0x0000000080002090      0x1a0 main.o
                0x0000000080002090                main
 *fill*         0x0000000080002230       0xd0 00
 .text          0x0000000080002300      0x2f0 /usr/local/xenon/usr/lib/libxenon.a(startup_from_xell.o)
                0x00000000800024d4                wait
                0x0000000080002300                _start
                0x0000000080002548                return_to_xell
 .text.console_set_colors
                0x00000000800025f0       0x14 /usr/local/xenon/usr/lib/libxenon.a(console.o)
                0x00000000800025f0                console_set_colors
 .text.console_init
                0x0000000080002604      0x1c4 /usr/local/xenon/usr/lib/libxenon.a(console.o)
                0x0000000080002604                console_init
 .text.console_newline
                0x00000000800027c8      0x118 /usr/local/xenon/usr/lib/libxenon.a(console.o)
                0x00000000800027c8                console_newline
 .text.console_putch
                0x00000000800028e0      0x18c /usr/local/xenon/usr/lib/libxenon.a(console.o)
                0x00000000800028e0                console_putch
 .text.console_stdout_hook
                0x0000000080002a6c       0x50 /usr/local/xenon/usr/lib/libxenon.a(console.o)
 .text.get_controller_data
                0x0000000080002abc       0x68 /usr/local/xenon/usr/lib/libxenon.a(input.o)
                0x0000000080002abc                get_controller_data
 .text.set_controller_data
                0x0000000080002b24       0x5c /usr/local/xenon/usr/lib/libxenon.a(input.o)
                0x0000000080002b24                set_controller_data
 .text.vfs_console_isatty
                0x0000000080002b80        0x8 /usr/local/xenon/usr/lib/libxenon.a(newlib.o)
                0x0000000080002b80                vfs_console_isatty
 .text.umount   0x0000000080002b88       0x54 /usr/local/xenon/usr/lib/libxenon.a(newlib.o)
                0x0000000080002b88                umount
 .text.sbrk     0x0000000080002bdc       0x34 /usr/local/xenon/usr/lib/libxenon.a(newlib.o)
                0x0000000080002bdc                sbrk
 .text.getpid   0x0000000080002c10        0x8 /usr/local/xenon/usr/lib/libxenon.a(newlib.o)
                0x0000000080002c10                getpid
 .text.kill     0x0000000080002c18        0x8 /usr/local/xenon/usr/lib/libxenon.a(newlib.o)
                0x0000000080002c18                kill
 .text.read     0x0000000080002c20       0x88 /usr/local/xenon/usr/lib/libxenon.a(newlib.o)
                0x0000000080002c20                read
 .text.lseek    0x0000000080002ca8       0x88 /usr/local/xenon/usr/lib/libxenon.a(newlib.o)
                0x0000000080002ca8                lseek
 .text.isatty   0x0000000080002d30       0x7c /usr/local/xenon/usr/lib/libxenon.a(newlib.o)
                0x0000000080002d30                isatty
 .text.fstat    0x0000000080002dac       0x8c /usr/local/xenon/usr/lib/libxenon.a(newlib.o)
                0x0000000080002dac                fstat
 .text.write    0x0000000080002e38       0x94 /usr/local/xenon/usr/lib/libxenon.a(newlib.o)
                0x0000000080002e38                write
 .text._exit    0x0000000080002ecc       0x24 /usr/local/xenon/usr/lib/libxenon.a(newlib.o)
                0x0000000080002ecc                _exit
 .text.close    0x0000000080002ef0       0x94 /usr/local/xenon/usr/lib/libxenon.a(newlib.o)
                0x0000000080002ef0                close
 .text.mount    0x0000000080002f84       0xdc /usr/local/xenon/usr/lib/libxenon.a(newlib.o)
                0x0000000080002f84                mount
 .text.vfs_console_open
                0x0000000080003060       0x54 /usr/local/xenon/usr/lib/libxenon.a(newlib.o)
                0x0000000080003060                vfs_console_open
 .text.vfs_console_write
                0x00000000800030b4       0x7c /usr/local/xenon/usr/lib/libxenon.a(newlib.o)
                0x00000000800030b4                vfs_console_write
 .text.kfree    0x0000000080003130       0xb4 /usr/local/xenon/usr/lib/libxenon.a(lib_malloc.o)
                0x0000000080003130                kfree
 .text.kmem_init
                0x00000000800031e4       0x8c /usr/local/xenon/usr/lib/libxenon.a(lib_malloc.o)
                0x00000000800031e4                kmem_init
 .text.lib_outofmemory
                0x0000000080003270       0x28 /usr/local/xenon/usr/lib/libxenon.a(lib_malloc.o)
                0x0000000080003270                lib_outofmemory
 .text.kmalloc  0x0000000080003298      0x14c /usr/local/xenon/usr/lib/libxenon.a(lib_malloc.o)
                0x0000000080003298                kmalloc
 .text          0x00000000800033e4       0x68 /usr/local/xenon/usr/lib/libxenon.a(atomic.o)
                0x000000008000340c                atomic_clearset
                0x0000000080003424                lock
                0x00000000800033f8                atomic_dec
                0x0000000080003440                unlock
                0x00000000800033e4                atomic_inc
 .text          0x000000008000344c       0x80 /usr/local/xenon/usr/lib/libxenon.a(cache.o)
                0x0000000080003474                memdcbf
                0x000000008000349c                memicbi
                0x000000008000344c                memdcbst
 .text.usb_do_poll
                0x00000000800034cc       0xb0 /usr/local/xenon/usr/lib/libxenon.a(usbmain.o)
                0x00000000800034cc                usb_do_poll
 .text.usb_init_one_ohci
                0x000000008000357c       0xe4 /usr/local/xenon/usr/lib/libxenon.a(usbmain.o)
 .text.usb_init
                0x0000000080003660      0x164 /usr/local/xenon/usr/lib/libxenon.a(usbmain.o)
                0x0000000080003660                usb_init
 .text.xenon_smc_handle_bulk
                0x00000000800037c4       0x98 /usr/local/xenon/usr/lib/libxenon.a(xenon_smc.o)
                0x00000000800037c4                xenon_smc_handle_bulk
 .text.xenon_smc_receive_message
                0x000000008000385c       0x90 /usr/local/xenon/usr/lib/libxenon.a(xenon_smc.o)
                0x000000008000385c                xenon_smc_receive_message
 .text.xenon_smc_receive_response
                0x00000000800038ec       0x50 /usr/local/xenon/usr/lib/libxenon.a(xenon_smc.o)
                0x00000000800038ec                xenon_smc_receive_response
 .text.xenon_smc_send_message
                0x000000008000393c       0xa0 /usr/local/xenon/usr/lib/libxenon.a(xenon_smc.o)
                0x000000008000393c                xenon_smc_send_message
 .text.xenon_smc_read_avpack
                0x00000000800039dc       0x54 /usr/local/xenon/usr/lib/libxenon.a(xenon_smc.o)
                0x00000000800039dc                xenon_smc_read_avpack
 .text.xenon_smc_power_shutdown
                0x0000000080003a30       0x40 /usr/local/xenon/usr/lib/libxenon.a(xenon_smc.o)
                0x0000000080003a30                xenon_smc_power_shutdown
 .text.xenon_smc_set_power_led
                0x0000000080003a70       0x5c /usr/local/xenon/usr/lib/libxenon.a(xenon_smc.o)
                0x0000000080003a70                xenon_smc_set_power_led
 .text.xenon_smc_i2c_write
                0x0000000080003acc       0xac /usr/local/xenon/usr/lib/libxenon.a(xenon_smc.o)
                0x0000000080003acc                xenon_smc_i2c_write
 .text.xenon_smc_ana_read
                0x0000000080003b78       0xdc /usr/local/xenon/usr/lib/libxenon.a(xenon_smc.o)
                0x0000000080003b78                xenon_smc_ana_read
 .text.xenon_smc_ana_write
                0x0000000080003c54       0xb0 /usr/local/xenon/usr/lib/libxenon.a(xenon_smc.o)
                0x0000000080003c54                xenon_smc_ana_write
 .text.putch    0x0000000080003d04       0x60 /usr/local/xenon/usr/lib/libxenon.a(xenon_uart.o)
                0x0000000080003d04                putch
 .text.xenos_is_overscan
                0x0000000080003d64       0x50 /usr/local/xenon/usr/lib/libxenon.a(xenos.o)
                0x0000000080003d64                xenos_is_overscan
 .text.xenos_read32
                0x0000000080003db4       0x24 /usr/local/xenon/usr/lib/libxenon.a(xenos.o)
                0x0000000080003db4                xenos_read32
 .text.xenos_write32
                0x0000000080003dd8       0x24 /usr/local/xenon/usr/lib/libxenon.a(xenos.o)
                0x0000000080003dd8                xenos_write32
 .text.xenos_set_mode_f2
                0x0000000080003dfc      0x314 /usr/local/xenon/usr/lib/libxenon.a(xenos.o)
                0x0000000080003dfc                xenos_set_mode_f2
 .text.xenos_set_mode_f1
                0x0000000080004110      0x148 /usr/local/xenon/usr/lib/libxenon.a(xenos.o)
                0x0000000080004110                xenos_set_mode_f1
 .text.xenos_ana_preinit
                0x0000000080004258       0xe0 /usr/local/xenon/usr/lib/libxenon.a(xenos.o)
                0x0000000080004258                xenos_ana_preinit
 .text.xenos_init_phase1
                0x0000000080004338      0x3c0 /usr/local/xenon/usr/lib/libxenon.a(xenos.o)
                0x0000000080004338                xenos_init_phase1
 .text.xenos_init_phase0
                0x00000000800046f8       0xc0 /usr/local/xenon/usr/lib/libxenon.a(xenos.o)
                0x00000000800046f8                xenos_init_phase0
 .text.xenos_ana_write
                0x00000000800047b8       0x70 /usr/local/xenon/usr/lib/libxenon.a(xenos.o)
 .text.xenos_init_ana_new
                0x0000000080004828      0x3a4 /usr/local/xenon/usr/lib/libxenon.a(xenos.o)
                0x0000000080004828                xenos_init_ana_new
 .text.xenos_set_mode
                0x0000000080004bcc      0x35c /usr/local/xenon/usr/lib/libxenon.a(xenos.o)
                0x0000000080004bcc                xenos_set_mode
 .text.xenos_autoset_mode
                0x0000000080004f28       0xf0 /usr/local/xenon/usr/lib/libxenon.a(xenos.o)
                0x0000000080004f28                xenos_autoset_mode
 .text.xenos_init
                0x0000000080005018       0xac /usr/local/xenon/usr/lib/libxenon.a(xenos.o)
                0x0000000080005018                xenos_init
 .text.read32n  0x00000000800050c4        0x8 /usr/local/xenon/usr/lib/libxenon.a(io.o)
                0x00000000800050c4                read32n
 .text.write32n
                0x00000000800050cc        0x8 /usr/local/xenon/usr/lib/libxenon.a(io.o)
                0x00000000800050cc                write32n
 .text.write32  0x00000000800050d4        0x8 /usr/local/xenon/usr/lib/libxenon.a(io.o)
                0x00000000800050d4                write32
 .text.read32   0x00000000800050dc        0x8 /usr/local/xenon/usr/lib/libxenon.a(io.o)
                0x00000000800050dc                read32
 .text.udelay   0x00000000800050e4       0x4c /usr/local/xenon/usr/lib/libxenon.a(time.o)
                0x00000000800050e4                udelay
 .text.mdelay   0x0000000080005130       0x54 /usr/local/xenon/usr/lib/libxenon.a(time.o)
                0x0000000080005130                mdelay
 .text.delay    0x0000000080005184       0x54 /usr/local/xenon/usr/lib/libxenon.a(time.o)
                0x0000000080005184                delay
 .text._ohci_allocept
                0x00000000800051d8       0x64 /usr/local/xenon/usr/lib/libxenon.a(ohci.o)
 .text._ohci_allocxfer
                0x000000008000523c       0x5c /usr/local/xenon/usr/lib/libxenon.a(ohci.o)
 .text.ohci_stop
                0x0000000080005298       0x14 /usr/local/xenon/usr/lib/libxenon.a(ohci.o)
 .text._ohci_queueept
                0x00000000800052ac       0x74 /usr/local/xenon/usr/lib/libxenon.a(ohci.o)
 .text.ohci_delete
                0x0000000080005320        0x4 /usr/local/xenon/usr/lib/libxenon.a(ohci.o)
 .text.ohci_ept_create
                0x0000000080005324      0x1bc /usr/local/xenon/usr/lib/libxenon.a(ohci.o)
 .text.ohci_ept_setaddr
                0x00000000800054e0       0x70 /usr/local/xenon/usr/lib/libxenon.a(ohci.o)
 .text.ohci_ept_setmps
                0x0000000080005550       0x6c /usr/local/xenon/usr/lib/libxenon.a(ohci.o)
 .text.ohci_ept_cleartoggle
                0x00000000800055bc       0x7c /usr/local/xenon/usr/lib/libxenon.a(ohci.o)
 .text.ohci_ept_delete
                0x0000000080005638      0x250 /usr/local/xenon/usr/lib/libxenon.a(ohci.o)
 .text.ohci_start
                0x0000000080005888      0x1d4 /usr/local/xenon/usr/lib/libxenon.a(ohci.o)
 .text.ohci_roothub_strdscr
                0x0000000080005a5c       0x7c /usr/local/xenon/usr/lib/libxenon.a(ohci.o)
 .text.ohci_xfer
                0x0000000080005ad8      0x93c /usr/local/xenon/usr/lib/libxenon.a(ohci.o)
 .text.ohci_intr
                0x0000000080006414      0x2c4 /usr/local/xenon/usr/lib/libxenon.a(ohci.o)
 .text._ohci_dma_alloc
                0x00000000800066d8       0x60 /usr/local/xenon/usr/lib/libxenon.a(ohci.o)
 .text.ohci_create
                0x0000000080006738      0x314 /usr/local/xenon/usr/lib/libxenon.a(ohci.o)
 .text.usb_poll
                0x0000000080006a4c       0x2c /usr/local/xenon/usr/lib/libxenon.a(usbd.o)
                0x0000000080006a4c                usb_poll
 .text.usb_queue_request
                0x0000000080006a78       0x54 /usr/local/xenon/usr/lib/libxenon.a(usbd.o)
                0x0000000080006a78                usb_queue_request
 .text.usb_wait_request
                0x0000000080006acc       0x48 /usr/local/xenon/usr/lib/libxenon.a(usbd.o)
                0x0000000080006acc                usb_wait_request
 .text.usb_sync_request
                0x0000000080006b14       0x30 /usr/local/xenon/usr/lib/libxenon.a(usbd.o)
                0x0000000080006b14                usb_sync_request
 .text.usb_new_address
                0x0000000080006b44       0x30 /usr/local/xenon/usr/lib/libxenon.a(usbd.o)
                0x0000000080006b44                usb_new_address
 .text.usb_set_ep0mps
                0x0000000080006b74       0x74 /usr/local/xenon/usr/lib/libxenon.a(usbd.o)
                0x0000000080006b74                usb_set_ep0mps
 .text.usb_complete_request
                0x0000000080006be8       0x3c /usr/local/xenon/usr/lib/libxenon.a(usbd.o)
                0x0000000080006be8                usb_complete_request
 .text.usb_find_cfg_descr
                0x0000000080006c24       0x54 /usr/local/xenon/usr/lib/libxenon.a(usbd.o)
                0x0000000080006c24                usb_find_cfg_descr
 .text.usb_create_pipe
                0x0000000080006c78      0x110 /usr/local/xenon/usr/lib/libxenon.a(usbd.o)
                0x0000000080006c78                usb_create_pipe
 .text.usb_open_pipe
                0x0000000080006d88       0x8c /usr/local/xenon/usr/lib/libxenon.a(usbd.o)
                0x0000000080006d88                usb_open_pipe
 .text.usb_free_request
                0x0000000080006e14       0x48 /usr/local/xenon/usr/lib/libxenon.a(usbd.o)
                0x0000000080006e14                usb_free_request
 .text.usb_destroy_all_pipes
                0x0000000080006e5c       0xa0 /usr/local/xenon/usr/lib/libxenon.a(usbd.o)
                0x0000000080006e5c                usb_destroy_all_pipes
 .text.usb_destroy_device
                0x0000000080006efc       0x54 /usr/local/xenon/usr/lib/libxenon.a(usbd.o)
                0x0000000080006efc                usb_destroy_device
 .text.usb_make_request
                0x0000000080006f50       0xbc /usr/local/xenon/usr/lib/libxenon.a(usbd.o)
                0x0000000080006f50                usb_make_request
 .text.usb_clear_stall
                0x000000008000700c      0x124 /usr/local/xenon/usr/lib/libxenon.a(usbd.o)
                0x000000008000700c                usb_clear_stall
 .text.usb_make_sync_request
                0x0000000080007130       0x48 /usr/local/xenon/usr/lib/libxenon.a(usbd.o)
                0x0000000080007130                usb_make_sync_request
 .text.usb_std_request
                0x0000000080007178      0x2c0 /usr/local/xenon/usr/lib/libxenon.a(usbd.o)
                0x0000000080007178                usb_std_request
 .text.usb_get_device_status
                0x0000000080007438       0x1c /usr/local/xenon/usr/lib/libxenon.a(usbd.o)
                0x0000000080007438                usb_get_device_status
 .text.usb_get_string
                0x0000000080007454      0x12c /usr/local/xenon/usr/lib/libxenon.a(usbd.o)
                0x0000000080007454                usb_get_string
 .text.usb_get_descriptor
                0x0000000080007580       0x20 /usr/local/xenon/usr/lib/libxenon.a(usbd.o)
                0x0000000080007580                usb_get_descriptor
 .text.usb_get_config_descriptor
                0x00000000800075a0       0xbc /usr/local/xenon/usr/lib/libxenon.a(usbd.o)
                0x00000000800075a0                usb_get_config_descriptor
 .text.usb_get_device_descriptor
                0x000000008000765c       0xc4 /usr/local/xenon/usr/lib/libxenon.a(usbd.o)
                0x000000008000765c                usb_get_device_descriptor
 .text.usb_simple_request
                0x0000000080007720       0x18 /usr/local/xenon/usr/lib/libxenon.a(usbd.o)
                0x0000000080007720                usb_simple_request
 .text.usb_set_address
                0x0000000080007738       0xc4 /usr/local/xenon/usr/lib/libxenon.a(usbd.o)
                0x0000000080007738                usb_set_address
 .text.usb_set_configuration
                0x00000000800077fc       0x14 /usr/local/xenon/usr/lib/libxenon.a(usbd.o)
                0x00000000800077fc                usb_set_configuration
 .text.usb_create_device
                0x0000000080007810       0x90 /usr/local/xenon/usr/lib/libxenon.a(usbd.o)
                0x0000000080007810                usb_create_device
 .text.usb_initroot
                0x00000000800078a0      0x18c /usr/local/xenon/usr/lib/libxenon.a(usbd.o)
                0x00000000800078a0                usb_initroot
 .text.usb_delay_ms
                0x0000000080007a2c       0x28 /usr/local/xenon/usr/lib/libxenon.a(usbd.o)
                0x0000000080007a2c                usb_delay_ms
 .text.usb_daemon
                0x0000000080007a54       0x38 /usr/local/xenon/usr/lib/libxenon.a(usbd.o)
                0x0000000080007a54                usb_daemon
 .text.usb_find_driver
                0x0000000080007a8c      0x124 /usr/local/xenon/usr/lib/libxenon.a(usbdevs.o)
                0x0000000080007a8c                usb_find_driver
 .text.usbhid_detach
                0x0000000080007bb0        0x8 /usr/local/xenon/usr/lib/libxenon.a(usbhid.o)
 .text.usbhid_kbd_scan1
                0x0000000080007bb8       0x9c /usr/local/xenon/usr/lib/libxenon.a(usbhid.o)
 .text.usbhid_attach
                0x0000000080007c54      0x190 /usr/local/xenon/usr/lib/libxenon.a(usbhid.o)
 .text.usbhid_ireq_callback
                0x0000000080007de4      0x18c /usr/local/xenon/usr/lib/libxenon.a(usbhid.o)
 .text.usbhub_map_tree1
                0x0000000080007f70       0xa4 /usr/local/xenon/usr/lib/libxenon.a(usbhub.o)
 .text.usbhub_map_tree
                0x0000000080008014       0x14 /usr/local/xenon/usr/lib/libxenon.a(usbhub.o)
                0x0000000080008014                usbhub_map_tree
 .text.usbhub_map_from_device
                0x0000000080008028       0x10 /usr/local/xenon/usr/lib/libxenon.a(usbhub.o)
                0x0000000080008028                usbhub_map_from_device
 .text.usbhub_markdetached1
                0x0000000080008038       0x18 /usr/local/xenon/usr/lib/libxenon.a(usbhub.o)
 .text.usb_scan
                0x0000000080008050       0x10 /usr/local/xenon/usr/lib/libxenon.a(usbhub.o)
                0x0000000080008050                usb_scan
 .text.usbhub_detach
                0x0000000080008060      0x188 /usr/local/xenon/usr/lib/libxenon.a(usbhub.o)
 .text.usbhub_get_port_status
                0x00000000800081e8       0x38 /usr/local/xenon/usr/lib/libxenon.a(usbhub.o)
 .text.usbhub_scan1
                0x0000000080008220      0x60c /usr/local/xenon/usr/lib/libxenon.a(usbhub.o)
 .text.usbhub_ireq_callback
                0x000000008000882c       0x90 /usr/local/xenon/usr/lib/libxenon.a(usbhub.o)
 .text.usbhub_attach
                0x00000000800088bc      0x1d4 /usr/local/xenon/usr/lib/libxenon.a(usbhub.o)
 .text.usbmass_detach
                0x0000000080008a90       0x44 /usr/local/xenon/usr/lib/libxenon.a(usbmass.o)
 .text.usbmass_attach
                0x0000000080008ad4      0x1d4 /usr/local/xenon/usr/lib/libxenon.a(usbmass.o)
 .text.usbmass_request_sense
                0x0000000080008ca8      0x1b4 /usr/local/xenon/usr/lib/libxenon.a(usbmass.o)
                0x0000000080008ca8                usbmass_request_sense
 .text.usbmass_stall_recovery
                0x0000000080008e5c       0x38 /usr/local/xenon/usr/lib/libxenon.a(usbmass.o)
 .text.usbmass_read_sector
                0x0000000080008e94      0x270 /usr/local/xenon/usr/lib/libxenon.a(usbmass.o)
                0x0000000080008e94                usbmass_read_sector
 .text.usbmass_read
                0x0000000080009104       0xbc /usr/local/xenon/usr/lib/libxenon.a(usbmass.o)
                0x0000000080009104                usbmass_read
 .text.xenon_gpio_set
                0x00000000800091c0       0x5c /usr/local/xenon/usr/lib/libxenon.a(xenon_gpio.o)
                0x00000000800091c0                xenon_gpio_set
 .text.xenon_gpio_set_oe
                0x000000008000921c       0x5c /usr/local/xenon/usr/lib/libxenon.a(xenon_gpio.o)
                0x000000008000921c                xenon_gpio_set_oe
 .text.xenon_config_get_avregion
                0x0000000080009278       0xac /usr/local/xenon/usr/lib/libxenon.a(xenon_config.o)
                0x0000000080009278                xenon_config_get_avregion
 .text.xenon_config_init
                0x0000000080009324       0xb0 /usr/local/xenon/usr/lib/libxenon.a(xenon_config.o)
                0x0000000080009324                xenon_config_init
 .text.unregister_bdev
                0x00000000800093d4       0x38 /usr/local/xenon/usr/lib/libxenon.a(diskio.o)
                0x00000000800093d4                unregister_bdev
 .text.determine_filesystem
                0x000000008000940c       0x80 /usr/local/xenon/usr/lib/libxenon.a(diskio.o)
                0x000000008000940c                determine_filesystem
 .text.register_bdev
                0x000000008000948c       0xf0 /usr/local/xenon/usr/lib/libxenon.a(diskio.o)
                0x000000008000948c                register_bdev
 .text._fat_umount
                0x000000008000957c       0x28 /usr/local/xenon/usr/lib/libxenon.a(diskio.o)
                0x000000008000957c                _fat_umount
 .text._fat_mount
                0x00000000800095a4       0x48 /usr/local/xenon/usr/lib/libxenon.a(diskio.o)
                0x00000000800095a4                _fat_mount
 .text._fat_open
                0x00000000800095ec       0x4c /usr/local/xenon/usr/lib/libxenon.a(diskio.o)
                0x00000000800095ec                _fat_open
 .text._fat_close
                0x0000000080009638       0x24 /usr/local/xenon/usr/lib/libxenon.a(diskio.o)
                0x0000000080009638                _fat_close
 .text._fat_fstat
                0x000000008000965c       0x4c /usr/local/xenon/usr/lib/libxenon.a(diskio.o)
                0x000000008000965c                _fat_fstat
 .text._fat_read
                0x00000000800096a8       0x24 /usr/local/xenon/usr/lib/libxenon.a(diskio.o)
                0x00000000800096a8                _fat_read
 .text._fat_lseek
                0x00000000800096cc       0x24 /usr/local/xenon/usr/lib/libxenon.a(diskio.o)
                0x00000000800096cc                _fat_lseek
 .text.storage_write_sectors
                0x00000000800096f0       0x40 /usr/local/xenon/usr/lib/libxenon.a(disk_rb.o)
                0x00000000800096f0                storage_write_sectors
 .text.storage_read_sectors
                0x0000000080009730      0x1b8 /usr/local/xenon/usr/lib/libxenon.a(disk_rb.o)
                0x0000000080009730                storage_read_sectors
 .text.disk_init
                0x00000000800098e8      0x154 /usr/local/xenon/usr/lib/libxenon.a(disk_rb.o)
                0x00000000800098e8                disk_init
 .text.disk_mount
                0x0000000080009a3c      0x140 /usr/local/xenon/usr/lib/libxenon.a(disk_rb.o)
                0x0000000080009a3c                disk_mount
 .text.fat_time
                0x0000000080009b7c      0x128 /usr/local/xenon/usr/lib/libxenon.a(fat_rb.o)
 .text.fat_open
                0x0000000080009ca4       0x74 /usr/local/xenon/usr/lib/libxenon.a(fat_rb.o)
                0x0000000080009ca4                fat_open
 .text.fat_opendir
                0x0000000080009d18       0xa8 /usr/local/xenon/usr/lib/libxenon.a(fat_rb.o)
                0x0000000080009d18                fat_opendir
 .text.cluster2sec
                0x0000000080009dc0       0x60 /usr/local/xenon/usr/lib/libxenon.a(fat_rb.o)
 .text.fat_init
                0x0000000080009e20       0x98 /usr/local/xenon/usr/lib/libxenon.a(fat_rb.o)
                0x0000000080009e20                fat_init
 .text.update_fsinfo
                0x0000000080009eb8      0x128 /usr/local/xenon/usr/lib/libxenon.a(fat_rb.o)
 .text.flush_fat_sector
                0x0000000080009fe0      0x108 /usr/local/xenon/usr/lib/libxenon.a(fat_rb.o)
 .text.cache_fat_sector
                0x000000008000a0e8      0x160 /usr/local/xenon/usr/lib/libxenon.a(fat_rb.o)
 .text.get_next_cluster
                0x000000008000a248      0x11c /usr/local/xenon/usr/lib/libxenon.a(fat_rb.o)
 .text.fat_seek
                0x000000008000a364      0x14c /usr/local/xenon/usr/lib/libxenon.a(fat_rb.o)
                0x000000008000a364                fat_seek
 .text.find_free_cluster
                0x000000008000a4b0      0x1bc /usr/local/xenon/usr/lib/libxenon.a(fat_rb.o)
 .text.fat_recalc_free
                0x000000008000a66c      0x174 /usr/local/xenon/usr/lib/libxenon.a(fat_rb.o)
                0x000000008000a66c                fat_recalc_free
 .text.flush_fat
                0x000000008000a7e0       0xc8 /usr/local/xenon/usr/lib/libxenon.a(fat_rb.o)
 .text.fat_unmount
                0x000000008000a8a8       0xac /usr/local/xenon/usr/lib/libxenon.a(fat_rb.o)
                0x000000008000a8a8                fat_unmount
 .text.update_fat_entry
                0x000000008000a954      0x268 /usr/local/xenon/usr/lib/libxenon.a(fat_rb.o)
 .text.fat_truncate
                0x000000008000abbc       0xa8 /usr/local/xenon/usr/lib/libxenon.a(fat_rb.o)
                0x000000008000abbc                fat_truncate
 .text.transfer
                0x000000008000ac64      0x154 /usr/local/xenon/usr/lib/libxenon.a(fat_rb.o)
 .text.fat_readwrite
                0x000000008000adb8      0x390 /usr/local/xenon/usr/lib/libxenon.a(fat_rb.o)
                0x000000008000adb8                fat_readwrite
 .text.fat_getnext
                0x000000008000b148      0x4c4 /usr/local/xenon/usr/lib/libxenon.a(fat_rb.o)
                0x000000008000b148                fat_getnext
 .text.update_short_entry
                0x000000008000b60c      0x244 /usr/local/xenon/usr/lib/libxenon.a(fat_rb.o)
 .text.fat_closewrite
                0x000000008000b850       0xb8 /usr/local/xenon/usr/lib/libxenon.a(fat_rb.o)
                0x000000008000b850                fat_closewrite
 .text.fat_mount
                0x000000008000b908      0x4f4 /usr/local/xenon/usr/lib/libxenon.a(fat_rb.o)
                0x000000008000b908                fat_mount
 .text.char2dos
                0x000000008000bdfc       0x8c /usr/local/xenon/usr/lib/libxenon.a(fat_rb.o)
 .text.randomize_dos_name
                0x000000008000be88      0x178 /usr/local/xenon/usr/lib/libxenon.a(fat_rb.o)
 .text.write_long_name
                0x000000008000c000      0x564 /usr/local/xenon/usr/lib/libxenon.a(fat_rb.o)
 .text.add_dir_entry
                0x000000008000c564      0x530 /usr/local/xenon/usr/lib/libxenon.a(fat_rb.o)
 .text.fat_create_file
                0x000000008000ca94       0x60 /usr/local/xenon/usr/lib/libxenon.a(fat_rb.o)
                0x000000008000ca94                fat_create_file
 .text.rb_filesize
                0x000000008000caf4       0x6c /usr/local/xenon/usr/lib/libxenon.a(file_rb.o)
                0x000000008000caf4                rb_filesize
 .text.flush_cache
                0x000000008000cb60       0xd0 /usr/local/xenon/usr/lib/libxenon.a(file_rb.o)
 .text.rb_lseek
                0x000000008000cc30      0x1c4 /usr/local/xenon/usr/lib/libxenon.a(file_rb.o)
                0x000000008000cc30                rb_lseek
 .text.readwrite
                0x000000008000cdf4      0x440 /usr/local/xenon/usr/lib/libxenon.a(file_rb.o)
 .text.rb_read  0x000000008000d234        0x8 /usr/local/xenon/usr/lib/libxenon.a(file_rb.o)
                0x000000008000d234                rb_read
 .text.rb_ftruncate
                0x000000008000d23c       0xc8 /usr/local/xenon/usr/lib/libxenon.a(file_rb.o)
                0x000000008000d23c                rb_ftruncate
 .text.open_internal
                0x000000008000d304      0x39c /usr/local/xenon/usr/lib/libxenon.a(file_rb.o)
 .text.rb_open  0x000000008000d6a0        0x8 /usr/local/xenon/usr/lib/libxenon.a(file_rb.o)
                0x000000008000d6a0                rb_open
 .text.rb_fsync
                0x000000008000d6a8      0x128 /usr/local/xenon/usr/lib/libxenon.a(file_rb.o)
                0x000000008000d6a8                rb_fsync
 .text.rb_close
                0x000000008000d7d0       0xa0 /usr/local/xenon/usr/lib/libxenon.a(file_rb.o)
                0x000000008000d7d0                rb_close
 .text.rb_closedir
                0x000000008000d870       0x14 /usr/local/xenon/usr/lib/libxenon.a(dir_rb.o)
                0x000000008000d870                rb_closedir
 .text.rb_readdir
                0x000000008000d884       0xb0 /usr/local/xenon/usr/lib/libxenon.a(dir_rb.o)
                0x000000008000d884                rb_readdir
 .text.rb_opendir
                0x000000008000d934      0x1e8 /usr/local/xenon/usr/lib/libxenon.a(dir_rb.o)
                0x000000008000d934                rb_opendir
 .text._iso9660_lseek
                0x000000008000db1c       0xa8 /usr/local/xenon/usr/lib/libxenon.a(iso9660.o)
                0x000000008000db1c                _iso9660_lseek
 .text._iso9660_fstat
                0x000000008000dbc4       0x60 /usr/local/xenon/usr/lib/libxenon.a(iso9660.o)
                0x000000008000dbc4                _iso9660_fstat
 .text._iso9660_close
                0x000000008000dc24       0x24 /usr/local/xenon/usr/lib/libxenon.a(iso9660.o)
                0x000000008000dc24                _iso9660_close
 .text.bclear_cache
                0x000000008000dc48       0x60 /usr/local/xenon/usr/lib/libxenon.a(iso9660.o)
 .text.iso_reset
                0x000000008000dca8       0x80 /usr/local/xenon/usr/lib/libxenon.a(iso9660.o)
                0x000000008000dca8                iso_reset
 .text.fs_iso9660_shutdown
                0x000000008000dd28       0xa4 /usr/local/xenon/usr/lib/libxenon.a(iso9660.o)
                0x000000008000dd28                fs_iso9660_shutdown
 .text._iso9660_umount
                0x000000008000ddcc        0x4 /usr/local/xenon/usr/lib/libxenon.a(iso9660.o)
                0x000000008000ddcc                _iso9660_umount
 .text.fs_iso9660_init
                0x000000008000ddd0       0xd0 /usr/local/xenon/usr/lib/libxenon.a(iso9660.o)
                0x000000008000ddd0                fs_iso9660_init
 .text._iso9660_mount
                0x000000008000dea0        0xc /usr/local/xenon/usr/lib/libxenon.a(iso9660.o)
                0x000000008000dea0                _iso9660_mount
 .text.init_percd
                0x000000008000deac      0x264 /usr/local/xenon/usr/lib/libxenon.a(iso9660.o)
 .text.bread_cache
                0x000000008000e110      0x1ac /usr/local/xenon/usr/lib/libxenon.a(iso9660.o)
 .text._iso9660_read
                0x000000008000e2bc      0x1cc /usr/local/xenon/usr/lib/libxenon.a(iso9660.o)
                0x000000008000e2bc                _iso9660_read
 .text.find_object
                0x000000008000e488      0x400 /usr/local/xenon/usr/lib/libxenon.a(iso9660.o)
 .text._iso9660_open
                0x000000008000e888      0x280 /usr/local/xenon/usr/lib/libxenon.a(iso9660.o)
                0x000000008000e888                _iso9660_open
 .text.q_enqueue
                0x000000008000eb08       0x18 /usr/local/xenon/usr/lib/libxenon.a(lib_queue.o)
                0x000000008000eb08                q_enqueue
 .text.q_deqnext
                0x000000008000eb20       0x30 /usr/local/xenon/usr/lib/libxenon.a(lib_queue.o)
                0x000000008000eb20                q_deqnext
 .text.usbctrl_detach
                0x000000008000eb50       0x5c /usr/local/xenon/usr/lib/libxenon.a(usbctrl.o)
 .text.usbctrl_attach
                0x000000008000ebac      0x1cc /usr/local/xenon/usr/lib/libxenon.a(usbctrl.o)
 .text.usbctrl_ireq_callback
                0x000000008000ed78      0x1a0 /usr/local/xenon/usr/lib/libxenon.a(usbctrl.o)
 .text.getstringmaybe
                0x000000008000ef18       0x88 /usr/local/xenon/usr/lib/libxenon.a(usbdebug.o)
 .text.usb_dbg_dumpdescriptors
                0x000000008000efa0      0x708 /usr/local/xenon/usr/lib/libxenon.a(usbdebug.o)
                0x000000008000efa0                usb_dbg_dumpdescriptors
 .text.usb_dbg_dumpportstatus
                0x000000008000f6a8      0x284 /usr/local/xenon/usr/lib/libxenon.a(usbdebug.o)
                0x000000008000f6a8                usb_dbg_dumpportstatus
 .text.utf8encode
                0x000000008000f92c       0x84 /usr/local/xenon/usr/lib/libxenon.a(unicode_rb.o)
                0x000000008000f92c                utf8encode
 .text.utf8length
                0x000000008000f9b0       0x34 /usr/local/xenon/usr/lib/libxenon.a(unicode_rb.o)
                0x000000008000f9b0                utf8length
 .text.utf8decode
                0x000000008000f9e4       0xd4 /usr/local/xenon/usr/lib/libxenon.a(unicode_rb.o)
                0x000000008000f9e4                utf8decode
 .text.sfcx_readreg
                0x000000008000fab8       0x14 /usr/local/xenon/usr/lib/libxenon.a(xenon_sfcx.o)
                0x000000008000fab8                sfcx_readreg
 .text.sfcx_writereg
                0x000000008000facc       0x14 /usr/local/xenon/usr/lib/libxenon.a(xenon_sfcx.o)
                0x000000008000facc                sfcx_writereg
 .text.sfcx_init
                0x000000008000fae0      0x280 /usr/local/xenon/usr/lib/libxenon.a(xenon_sfcx.o)
                0x000000008000fae0                sfcx_init
 .text.sfcx_read_page
                0x000000008000fd60      0x170 /usr/local/xenon/usr/lib/libxenon.a(xenon_sfcx.o)
                0x000000008000fd60                sfcx_read_page
 .text          0x000000008000fed0       0x88 /usr/local/xenon/xenon/lib/32/libc.a(lib_a-assert.o)
                0x000000008000fed4                __assert_func
                0x000000008000ff40                __assert
 .text          0x000000008000ff58       0x50 /usr/local/xenon/xenon/lib/32/libc.a(lib_a-atoi.o)
                0x000000008000ff58                _atoi_r
                0x000000008000ff80                atoi
 .text          0x000000008000ffa8       0x40 /usr/local/xenon/xenon/lib/32/libc.a(lib_a-errno.o)
                0x000000008000ffac                __errno
 .text          0x000000008000ffe8       0x58 /usr/local/xenon/xenon/lib/32/libc.a(lib_a-exit.o)
                0x000000008000ffec                exit
 .text          0x0000000080010040      0x12c /usr/local/xenon/xenon/lib/32/libc.a(lib_a-fiprintf.o)
                0x00000000800100f0                _fiprintf_r
                0x0000000080010044                fiprintf
 *fill*         0x000000008001016c        0x4 00
 .text          0x0000000080010170       0x90 /usr/local/xenon/xenon/lib/32/libc.a(lib_a-malloc.o)
                0x00000000800101bc                malloc
                0x0000000080010174                free
 .text          0x0000000080010200      0x880 /usr/local/xenon/xenon/lib/32/libc.a(lib_a-mallocr.o)
                0x0000000080010204                _malloc_r
 .text          0x0000000080010a80      0x128 /usr/local/xenon/xenon/lib/32/libc.a(lib_a-memchr.o)
                0x0000000080010a80                memchr
 .text          0x0000000080010ba8       0xd8 /usr/local/xenon/xenon/lib/32/libc.a(lib_a-memcmp.o)
                0x0000000080010ba8                memcmp
 .text          0x0000000080010c80      0x12c /usr/local/xenon/xenon/lib/32/libc.a(lib_a-memcpy.o)
                0x0000000080010c80                memcpy
 *fill*         0x0000000080010dac        0x4 00
 .text          0x0000000080010db0      0x138 /usr/local/xenon/xenon/lib/32/libc.a(lib_a-memset.o)
                0x0000000080010db0                memset
 .text          0x0000000080010ee8        0xc /usr/local/xenon/xenon/lib/32/libc.a(lib_a-mlock.o)
                0x0000000080010ef0                __malloc_unlock
                0x0000000080010ee8                __malloc_lock
 *fill*         0x0000000080010ef4        0x4 00
 .text          0x0000000080010ef8      0x140 /usr/local/xenon/xenon/lib/32/libc.a(lib_a-printf.o)
                0x0000000080010efc                printf
                0x0000000080010fb0                _printf_r
 .text          0x0000000080011038       0x74 /usr/local/xenon/xenon/lib/32/libc.a(lib_a-putchar.o)
                0x000000008001103c                putchar
                0x0000000080011088                _putchar_r
 *fill*         0x00000000800110ac        0x4 00
 .text          0x00000000800110b0      0x208 /usr/local/xenon/xenon/lib/32/libc.a(lib_a-putc.o)
                0x00000000800111d8                _putc_r
                0x00000000800110b4                putc
 .text          0x00000000800112b8      0x130 /usr/local/xenon/xenon/lib/32/libc.a(lib_a-puts.o)
                0x00000000800112bc                _puts_r
                0x00000000800113a4                puts
 .text          0x00000000800113e8       0xd4 /usr/local/xenon/xenon/lib/32/libc.a(lib_a-rand.o)
                0x000000008001143c                rand
                0x00000000800113ec                srand
 *fill*         0x00000000800114bc        0x4 00
 .text          0x00000000800114c0       0x94 /usr/local/xenon/xenon/lib/32/libc.a(lib_a-sbrkr.o)
                0x00000000800114c4                _sbrk_r
 *fill*         0x0000000080011554        0x4 00
 .text          0x0000000080011558      0x250 /usr/local/xenon/xenon/lib/32/libc.a(lib_a-snprintf.o)
                0x000000008001155c                snprintf
                0x0000000080011690                _snprintf_r
 .text          0x00000000800117a8      0x1a4 /usr/local/xenon/xenon/lib/32/libc.a(lib_a-sprintf.o)
                0x0000000080011890                _sprintf_r
                0x00000000800117ac                sprintf
 *fill*         0x000000008001194c        0x4 00
 .text          0x0000000080011950      0x108 /usr/local/xenon/xenon/lib/32/libc.a(lib_a-strcasecmp.o)
                0x0000000080011954                strcasecmp
 .text          0x0000000080011a58       0x8c /usr/local/xenon/xenon/lib/32/libc.a(lib_a-strcat.o)
                0x0000000080011a58                strcat
 *fill*         0x0000000080011ae4        0x4 00
 .text          0x0000000080011ae8      0x1e4 /usr/local/xenon/xenon/lib/32/libc.a(lib_a-strchr.o)
                0x0000000080011ae8                strchr
 *fill*         0x0000000080011ccc        0x4 00
 .text          0x0000000080011cd0       0xe8 /usr/local/xenon/xenon/lib/32/libc.a(lib_a-strcmp.o)
                0x0000000080011cd0                strcmp
 .text          0x0000000080011db8       0x90 /usr/local/xenon/xenon/lib/32/libc.a(lib_a-strcpy.o)
                0x0000000080011db8                strcpy
 .text          0x0000000080011e48       0x88 /usr/local/xenon/xenon/lib/32/libc.a(lib_a-strlcpy.o)
                0x0000000080011e48                strlcpy
 .text          0x0000000080011ed0       0xb4 /usr/local/xenon/xenon/lib/32/libc.a(lib_a-strlen.o)
                0x0000000080011ed0                strlen
 *fill*         0x0000000080011f84        0x4 00
 .text          0x0000000080011f88       0xe8 /usr/local/xenon/xenon/lib/32/libc.a(lib_a-strncasecmp.o)
                0x0000000080011f8c                strncasecmp
 .text          0x0000000080012070      0x180 /usr/local/xenon/xenon/lib/32/libc.a(lib_a-strncmp.o)
                0x0000000080012070                strncmp
 .text          0x00000000800121f0      0x108 /usr/local/xenon/xenon/lib/32/libc.a(lib_a-strncpy.o)
                0x00000000800121f0                strncpy
 .text          0x00000000800122f8       0x98 /usr/local/xenon/xenon/lib/32/libc.a(lib_a-strrchr.o)
                0x00000000800122f8                strrchr
 .text          0x0000000080012390      0x12c /usr/local/xenon/xenon/lib/32/libc.a(lib_a-strtok_r.o)
                0x0000000080012498                strtok_r
                0x0000000080012390                __strtok_r
 *fill*         0x00000000800124bc        0x4 00
 .text          0x00000000800124c0      0x2a4 /usr/local/xenon/xenon/lib/32/libc.a(lib_a-strtol.o)
                0x0000000080012714                strtol
                0x00000000800124c4                _strtol_r
 *fill*         0x0000000080012764        0x4 00
 .text          0x0000000080012768     0x2144 /usr/local/xenon/xenon/lib/32/libc.a(lib_a-svfprintf.o)
                0x0000000080012a54                _svfprintf_r
 *fill*         0x00000000800148ac        0x4 00
 .text          0x00000000800148b0     0x1224 /usr/local/xenon/xenon/lib/32/libc.a(lib_a-vfiprintf.o)
                0x0000000080015a84                vfiprintf
                0x000000008001491c                _vfiprintf_r
 *fill*         0x0000000080015ad4        0x4 00
 .text          0x0000000080015ad8     0x1ffc /usr/local/xenon/xenon/lib/32/libc.a(lib_a-vfprintf.o)
                0x0000000080015b44                _vfprintf_r
                0x0000000080017a84                vfprintf
 *fill*         0x0000000080017ad4        0x4 00
 .text          0x0000000080017ad8      0x1e4 /usr/local/xenon/xenon/lib/32/libc.a(lib_a-wbuf.o)
                0x0000000080017ad8                __swbuf_r
                0x0000000080017c74                __swbuf
 *fill*         0x0000000080017cbc        0x4 00
 .text          0x0000000080017cc0      0x1a8 /usr/local/xenon/xenon/lib/32/libc.a(lib_a-wsetup.o)
                0x0000000080017cc4                __swsetup_r
 .text          0x0000000080017e68       0x1c /usr/local/xenon/xenon/lib/32/libc.a(lib_a-abort.o)
                0x0000000080017e68                abort
 *fill*         0x0000000080017e84        0x4 00
 .text          0x0000000080017e88      0x1f4 /usr/local/xenon/xenon/lib/32/libc.a(lib_a-__call_atexit.o)
                0x0000000080017e8c                __call_exitprocs
 *fill*         0x000000008001807c        0x4 00
 .text          0x0000000080018080     0x144c /usr/local/xenon/xenon/lib/32/libc.a(lib_a-dtoa.o)
                0x00000000800182bc                _dtoa_r
 *fill*         0x00000000800194cc        0x4 00
 .text          0x00000000800194d0      0x2ec /usr/local/xenon/xenon/lib/32/libc.a(lib_a-fflush.o)
                0x000000008001974c                fflush
                0x00000000800194d0                _fflush_r
 *fill*         0x00000000800197bc        0x4 00
 .text          0x00000000800197c0      0x49c /usr/local/xenon/xenon/lib/32/libc.a(lib_a-findfp.o)
                0x00000000800199bc                __sinit
                0x0000000080019a70                __sfmoreglue
                0x00000000800198d4                _cleanup
                0x0000000080019894                _cleanup_r
                0x0000000080019844                __fp_lock_all
                0x00000000800197c0                __sfp_lock_acquire
                0x0000000080019af4                __sfp
                0x00000000800197d8                __sinit_lock_release
                0x00000000800197f4                __fp_unlock_all
                0x00000000800197c8                __sfp_lock_release
                0x00000000800197d0                __sinit_lock_acquire
 *fill*         0x0000000080019c5c        0x4 00
 .text          0x0000000080019c60      0x428 /usr/local/xenon/xenon/lib/32/libc.a(lib_a-freer.o)
                0x0000000080019dc4                _free_r
                0x0000000080019c64                _malloc_trim_r
 .text          0x000000008001a088      0x58c /usr/local/xenon/xenon/lib/32/libc.a(lib_a-fvwrite.o)
                0x000000008001a088                __sfvwrite_r
 *fill*         0x000000008001a614        0x4 00
 .text          0x000000008001a618      0x18c /usr/local/xenon/xenon/lib/32/libc.a(lib_a-fwalk.o)
                0x000000008001a6e8                _fwalk
                0x000000008001a618                _fwalk_reent
 *fill*         0x000000008001a7a4        0x4 00
 .text          0x000000008001a7a8      0x1ec /usr/local/xenon/xenon/lib/32/libc.a(lib_a-locale.o)
                0x000000008001a874                _setlocale_r
                0x000000008001a7ac                __locale_charset
                0x000000008001a7ec                _localeconv_r
                0x000000008001a94c                setlocale
                0x000000008001a82c                localeconv
 *fill*         0x000000008001a994        0x4 00
 .text          0x000000008001a998      0x22c /usr/local/xenon/xenon/lib/32/libc.a(lib_a-makebuf.o)
                0x000000008001a99c                __smakebuf_r
 *fill*         0x000000008001abc4        0x4 00
 .text          0x000000008001abc8      0x16c /usr/local/xenon/xenon/lib/32/libc.a(lib_a-memmove.o)
                0x000000008001abc8                memmove
 *fill*         0x000000008001ad34        0x4 00
 .text          0x000000008001ad38     0x1334 /usr/local/xenon/xenon/lib/32/libc.a(lib_a-mprec.o)
                0x000000008001b284                _mprec_log10
                0x000000008001b390                __any_on
                0x000000008001b438                _Balloc
                0x000000008001b198                __ratio
                0x000000008001bc68                __i2b
                0x000000008001b008                __b2d
                0x000000008001bf38                __s2b
                0x000000008001aec8                __mcmp
                0x000000008001ad60                __hi0bits
                0x000000008001bdd4                __pow5mult
                0x000000008001b880                __lshift
                0x000000008001ba10                __multiply
                0x000000008001b4f8                __d2b
                0x000000008001b300                __copybits
                0x000000008001af58                __ulp
                0x000000008001b6a8                __mdiff
                0x000000008001add8                __lo0bits
                0x000000008001bca8                __multadd
                0x000000008001ad38                _Bfree
 *fill*         0x000000008001c06c        0x4 00
 .text          0x000000008001c070      0x650 /usr/local/xenon/xenon/lib/32/libc.a(lib_a-reallocr.o)
                0x000000008001c074                _realloc_r
 .text          0x000000008001c6c0      0x3dc /usr/local/xenon/xenon/lib/32/libc.a(lib_a-signal.o)
                0x000000008001c9c0                _signal_r
                0x000000008001c6c0                _raise_r
                0x000000008001c8b8                __sigtramp_r
                0x000000008001ca54                signal
                0x000000008001c874                _init_signal
                0x000000008001c7f0                _init_signal_r
                0x000000008001c97c                __sigtramp
                0x000000008001c7ac                raise
 *fill*         0x000000008001ca9c        0x4 00
 .text          0x000000008001caa0       0xbc /usr/local/xenon/xenon/lib/32/libc.a(lib_a-signalr.o)
                0x000000008001cac4                _kill_r
                0x000000008001caa0                _getpid_r
 *fill*         0x000000008001cb5c        0x4 00
 .text          0x000000008001cb60       0x44 /usr/local/xenon/xenon/lib/32/libc.a(lib_a-s_isinfd.o)
                0x000000008001cb60                __isinfd
 *fill*         0x000000008001cba4        0x4 00
 .text          0x000000008001cba8       0x38 /usr/local/xenon/xenon/lib/32/libc.a(lib_a-s_isnand.o)
                0x000000008001cba8                __isnand
 .text          0x000000008001cbe0      0x1a8 /usr/local/xenon/xenon/lib/32/libc.a(lib_a-stdio.o)
                0x000000008001cc08                __sseek
                0x000000008001cd20                __sread
                0x000000008001cbe0                __sclose
                0x000000008001cc78                __swrite
 .text          0x000000008001cd88       0x9c /usr/local/xenon/xenon/lib/32/libc.a(lib_a-writer.o)
                0x000000008001cd8c                _write_r
 *fill*         0x000000008001ce24        0x4 00
 .text          0x000000008001ce28       0xd0 /usr/local/xenon/xenon/lib/32/libc.a(lib_a-callocr.o)
                0x000000008001ce28                _calloc_r
 .text          0x000000008001cef8       0x94 /usr/local/xenon/xenon/lib/32/libc.a(lib_a-closer.o)
                0x000000008001cefc                _close_r
 *fill*         0x000000008001cf8c        0x4 00
 .text          0x000000008001cf90      0x1b8 /usr/local/xenon/xenon/lib/32/libc.a(lib_a-fclose.o)
                0x000000008001cf90                _fclose_r
                0x000000008001d104                fclose
 .text          0x000000008001d148       0x9c /usr/local/xenon/xenon/lib/32/libc.a(lib_a-fstatr.o)
                0x000000008001d14c                _fstat_r
 *fill*         0x000000008001d1e4        0x4 00
 .text          0x000000008001d1e8       0x94 /usr/local/xenon/xenon/lib/32/libc.a(lib_a-isattyr.o)
                0x000000008001d1ec                _isatty_r
 *fill*         0x000000008001d27c        0x4 00
 .text          0x000000008001d280       0x9c /usr/local/xenon/xenon/lib/32/libc.a(lib_a-lseekr.o)
                0x000000008001d284                _lseek_r
 *fill*         0x000000008001d31c        0x4 00
 .text          0x000000008001d320       0x9c /usr/local/xenon/xenon/lib/32/libc.a(lib_a-readr.o)
                0x000000008001d324                _read_r
 *(.init*)

.elfldr         0x000000008001d3bc        0x0
                0x000000008001d3bc                elfldr_start = .
 *(.elfldr)
                0x000000008001d3bc                elfldr_end = .

.data           0x000000008001d3c0     0x575c
 *(.data*)
 .data.console_color
                0x000000008001d3c0        0x8 /usr/local/xenon/usr/lib/libxenon.a(console.o)
 .data.mounts   0x000000008001d3c8      0x480 /usr/local/xenon/usr/lib/libxenon.a(newlib.o)
 .data.vfs_console_ops
                0x000000008001d848       0x18 /usr/local/xenon/usr/lib/libxenon.a(newlib.o)
                0x000000008001d848                vfs_console_ops
 .data.vfs_console_mount_ops
                0x000000008001d860        0xc /usr/local/xenon/usr/lib/libxenon.a(newlib.o)
                0x000000008001d860                vfs_console_mount_ops
 .data.fd_array
                0x000000008001d86c      0xc00 /usr/local/xenon/usr/lib/libxenon.a(newlib.o)
 .data.ana_1360x768
                0x000000008001e46c      0x400 /usr/local/xenon/usr/lib/libxenon.a(xenos.o)
                0x000000008001e46c                ana_1360x768
 .data.xenos_modes
                0x000000008001e86c      0x2d8 /usr/local/xenon/usr/lib/libxenon.a(xenos.o)
                0x000000008001e86c                xenos_modes
 .data.ana_1280x720
                0x000000008001eb44      0x400 /usr/local/xenon/usr/lib/libxenon.a(xenos.o)
                0x000000008001eb44                ana_1280x720
 .data.ana_ntsc_480i
                0x000000008001ef44      0x400 /usr/local/xenon/usr/lib/libxenon.a(xenos.o)
                0x000000008001ef44                ana_ntsc_480i
 .data.ana_1024x768
                0x000000008001f344      0x400 /usr/local/xenon/usr/lib/libxenon.a(xenos.o)
                0x000000008001f344                ana_1024x768
 .data.ana_640x480p
                0x000000008001f744      0x400 /usr/local/xenon/usr/lib/libxenon.a(xenos.o)
                0x000000008001f744                ana_640x480p
 .data.ana_pal  0x000000008001fb44      0x400 /usr/local/xenon/usr/lib/libxenon.a(xenos.o)
                0x000000008001fb44                ana_pal
 .data.ana_yuv_480p
                0x000000008001ff44      0x400 /usr/local/xenon/usr/lib/libxenon.a(xenos.o)
                0x000000008001ff44                ana_yuv_480p
 .data.ana_hdmi_720p
                0x0000000080020344      0x400 /usr/local/xenon/usr/lib/libxenon.a(xenos.o)
                0x0000000080020344                ana_hdmi_720p
 .data.ana_yuv_720p
                0x0000000080020744      0x400 /usr/local/xenon/usr/lib/libxenon.a(xenos.o)
                0x0000000080020744                ana_yuv_720p
 .data.ana_1280x1024
                0x0000000080020b44      0x400 /usr/local/xenon/usr/lib/libxenon.a(xenos.o)
                0x0000000080020b44                ana_1280x1024
 .data.ana_640_480_composite
                0x0000000080020f44      0x400 /usr/local/xenon/usr/lib/libxenon.a(xenos.o)
                0x0000000080020f44                ana_640_480_composite
 .data.ana_1440x900
                0x0000000080021344      0x400 /usr/local/xenon/usr/lib/libxenon.a(xenos.o)
                0x0000000080021344                ana_1440x900
 .data.ana_1280x768
                0x0000000080021744      0x400 /usr/local/xenon/usr/lib/libxenon.a(xenos.o)
                0x0000000080021744                ana_1280x768
 .data.ohci_driver
                0x0000000080021b44       0x2c /usr/local/xenon/usr/lib/libxenon.a(ohci.o)
                0x0000000080021b44                ohci_driver
 .data.usb_drivers
                0x0000000080021b70       0x70 /usr/local/xenon/usr/lib/libxenon.a(usbdevs.o)
                0x0000000080021b70                usb_drivers
 .data.usbhid_driver
                0x0000000080021be0        0xc /usr/local/xenon/usr/lib/libxenon.a(usbhid.o)
                0x0000000080021be0                usbhid_driver
 .data.usbhid_scantable
                0x0000000080021bec      0x650 /usr/local/xenon/usr/lib/libxenon.a(usbhid.o)
 .data.usbhub_driver
                0x000000008002223c        0xc /usr/local/xenon/usr/lib/libxenon.a(usbhub.o)
                0x000000008002223c                usbhub_driver
 .data.usbroothub_driver
                0x0000000080022248        0xc /usr/local/xenon/usr/lib/libxenon.a(usbhub.o)
                0x0000000080022248                usbroothub_driver
 .data.usbmass_driver
                0x0000000080022254        0xc /usr/local/xenon/usr/lib/libxenon.a(usbmass.o)
                0x0000000080022254                usbmass_driver
 .data.vfs_fat_mount_ops
                0x0000000080022260        0xc /usr/local/xenon/usr/lib/libxenon.a(diskio.o)
                0x0000000080022260                vfs_fat_mount_ops
 .data.vfs_fat_file_ops
                0x000000008002226c       0x18 /usr/local/xenon/usr/lib/libxenon.a(diskio.o)
                0x000000008002226c                vfs_fat_file_ops
 .data.vfs_iso9660_mount_ops
                0x0000000080022284        0xc /usr/local/xenon/usr/lib/libxenon.a(iso9660.o)
                0x0000000080022284                vfs_iso9660_mount_ops
 .data.vfs_iso9660_file_ops
                0x0000000080022290       0x18 /usr/local/xenon/usr/lib/libxenon.a(iso9660.o)
                0x0000000080022290                vfs_iso9660_file_ops
 .data.usbctrl_driver
                0x00000000800222a8        0xc /usr/local/xenon/usr/lib/libxenon.a(usbctrl.o)
                0x00000000800222a8                usbctrl_driver
 *fill*         0x00000000800222b4        0x4 00
 .data.rel.local
                0x00000000800222b8      0x428 /usr/local/xenon/xenon/lib/32/libc.a(lib_a-impure.o)
 .data.rel      0x00000000800226e0      0x408 /usr/local/xenon/xenon/lib/32/libc.a(lib_a-mallocr.o)
                0x00000000800226e0                __malloc_av_
 .data.rel.ro.local
                0x0000000080022ae8       0x34 /usr/local/xenon/xenon/lib/32/libc.a(lib_a-locale.o)

.got2           0x0000000080022b1c      0x1e0
 .got2          0x0000000080022b1c       0x10 /usr/local/xenon/xenon/lib/32/libc.a(lib_a-assert.o)
 .got2          0x0000000080022b2c        0x4 /usr/local/xenon/xenon/lib/32/libc.a(lib_a-errno.o)
 .got2          0x0000000080022b30        0x4 /usr/local/xenon/xenon/lib/32/libc.a(lib_a-exit.o)
 .got2          0x0000000080022b34        0x4 /usr/local/xenon/xenon/lib/32/libc.a(lib_a-fiprintf.o)
 .got2          0x0000000080022b38        0x4 /usr/local/xenon/xenon/lib/32/libc.a(lib_a-malloc.o)
 .got2          0x0000000080022b3c       0x1c /usr/local/xenon/xenon/lib/32/libc.a(lib_a-mallocr.o)
 .got2          0x0000000080022b58        0x4 /usr/local/xenon/xenon/lib/32/libc.a(lib_a-printf.o)
 .got2          0x0000000080022b5c        0x4 /usr/local/xenon/xenon/lib/32/libc.a(lib_a-putchar.o)
 .got2          0x0000000080022b60        0x4 /usr/local/xenon/xenon/lib/32/libc.a(lib_a-putc.o)
 .got2          0x0000000080022b64        0x8 /usr/local/xenon/xenon/lib/32/libc.a(lib_a-puts.o)
 .got2          0x0000000080022b6c        0x4 /usr/local/xenon/xenon/lib/32/libc.a(lib_a-rand.o)
 .got2          0x0000000080022b70        0x4 /usr/local/xenon/xenon/lib/32/libc.a(lib_a-sbrkr.o)
 .got2          0x0000000080022b74        0x4 /usr/local/xenon/xenon/lib/32/libc.a(lib_a-snprintf.o)
 .got2          0x0000000080022b78        0x4 /usr/local/xenon/xenon/lib/32/libc.a(lib_a-sprintf.o)
 .got2          0x0000000080022b7c        0x4 /usr/local/xenon/xenon/lib/32/libc.a(lib_a-strcasecmp.o)
 .got2          0x0000000080022b80        0x4 /usr/local/xenon/xenon/lib/32/libc.a(lib_a-strncasecmp.o)
 .got2          0x0000000080022b84        0x8 /usr/local/xenon/xenon/lib/32/libc.a(lib_a-strtol.o)
 .got2          0x0000000080022b8c       0x30 /usr/local/xenon/xenon/lib/32/libc.a(lib_a-svfprintf.o)
 .got2          0x0000000080022bbc       0x1c /usr/local/xenon/xenon/lib/32/libc.a(lib_a-vfiprintf.o)
 .got2          0x0000000080022bd8       0x34 /usr/local/xenon/xenon/lib/32/libc.a(lib_a-vfprintf.o)
 .got2          0x0000000080022c0c        0x4 /usr/local/xenon/xenon/lib/32/libc.a(lib_a-wbuf.o)
 .got2          0x0000000080022c10        0x4 /usr/local/xenon/xenon/lib/32/libc.a(lib_a-wsetup.o)
 .got2          0x0000000080022c14        0x4 /usr/local/xenon/xenon/lib/32/libc.a(lib_a-__call_atexit.o)
 .got2          0x0000000080022c18       0x48 /usr/local/xenon/xenon/lib/32/libc.a(lib_a-dtoa.o)
 .got2          0x0000000080022c60        0xc /usr/local/xenon/xenon/lib/32/libc.a(lib_a-fflush.o)
 .got2          0x0000000080022c6c       0x28 /usr/local/xenon/xenon/lib/32/libc.a(lib_a-findfp.o)
 .got2          0x0000000080022c94       0x18 /usr/local/xenon/xenon/lib/32/libc.a(lib_a-freer.o)
 .got2          0x0000000080022cac       0x10 /usr/local/xenon/xenon/lib/32/libc.a(lib_a-locale.o)
 .got2          0x0000000080022cbc        0x8 /usr/local/xenon/xenon/lib/32/libc.a(lib_a-makebuf.o)
 .got2          0x0000000080022cc4       0x10 /usr/local/xenon/xenon/lib/32/libc.a(lib_a-mprec.o)
 .got2          0x0000000080022cd4        0x4 /usr/local/xenon/xenon/lib/32/libc.a(lib_a-reallocr.o)
 .got2          0x0000000080022cd8        0x4 /usr/local/xenon/xenon/lib/32/libc.a(lib_a-signal.o)
 .got2          0x0000000080022cdc        0x4 /usr/local/xenon/xenon/lib/32/libc.a(lib_a-signalr.o)
 .got2          0x0000000080022ce0        0x4 /usr/local/xenon/xenon/lib/32/libc.a(lib_a-writer.o)
 .got2          0x0000000080022ce4        0x4 /usr/local/xenon/xenon/lib/32/libc.a(lib_a-closer.o)
 .got2          0x0000000080022ce8        0x4 /usr/local/xenon/xenon/lib/32/libc.a(lib_a-fclose.o)
 .got2          0x0000000080022cec        0x4 /usr/local/xenon/xenon/lib/32/libc.a(lib_a-fstatr.o)
 .got2          0x0000000080022cf0        0x4 /usr/local/xenon/xenon/lib/32/libc.a(lib_a-isattyr.o)
 .got2          0x0000000080022cf4        0x4 /usr/local/xenon/xenon/lib/32/libc.a(lib_a-lseekr.o)
 .got2          0x0000000080022cf8        0x4 /usr/local/xenon/xenon/lib/32/libc.a(lib_a-readr.o)

.sdata          0x0000000080022cfc       0x1c
 *(.sdata*)
 .sdata.usbmass_ops
                0x0000000080022cfc        0x4 /usr/local/xenon/usr/lib/libxenon.a(usbmass.o)
                0x0000000080022cfc                usbmass_ops
 .sdata         0x0000000080022d00        0x8 /usr/local/xenon/xenon/lib/32/libc.a(lib_a-ctype_.o)
                0x0000000080022d00                __ctype_ptr
                0x0000000080022d04                __ctype_ptr__
 .sdata         0x0000000080022d08        0x8 /usr/local/xenon/xenon/lib/32/libc.a(lib_a-impure.o)
                0x0000000080022d0c                _global_impure_ptr
                0x0000000080022d08                _impure_ptr
 .sdata         0x0000000080022d10        0x8 /usr/local/xenon/xenon/lib/32/libc.a(lib_a-mallocr.o)
                0x0000000080022d14                __malloc_sbrk_base
                0x0000000080022d10                __malloc_trim_threshold

.rodata         0x0000000080022d18     0x38d0
 *(.rodata*)
 .rodata.cst4   0x0000000080022d18       0x10 main.o
 .rodata.str1.8
                0x0000000080022d28      0x2b0 main.o
                                        0x2ae (size before relaxing)
 .rodata.str1.1
                0x0000000080022fd8       0x33 /usr/local/xenon/usr/lib/libxenon.a(console.o)
 *fill*         0x000000008002300b        0x5 00
 .rodata.fontdata_8x16
                0x0000000080023010     0x1000 /usr/local/xenon/usr/lib/libxenon.a(console.o)
                0x0000000080023010                fontdata_8x16
 .rodata.str1.1
                0x0000000080024010       0x1d /usr/local/xenon/usr/lib/libxenon.a(newlib.o)
 .rodata.str1.1
                0x000000008002402d       0x4b /usr/local/xenon/usr/lib/libxenon.a(lib_malloc.o)
 .rodata.str1.1
                0x0000000080024078       0x97 /usr/local/xenon/usr/lib/libxenon.a(usbmain.o)
 .rodata.str1.1
                0x000000008002410f      0x10b /usr/local/xenon/usr/lib/libxenon.a(xenon_smc.o)
 *fill*         0x000000008002421a        0x2 00
 .rodata.C.12.3393
                0x000000008002421c       0x40 /usr/local/xenon/usr/lib/libxenon.a(xenos.o)
 .rodata.C.9.3384
                0x000000008002425c       0x44 /usr/local/xenon/usr/lib/libxenon.a(xenos.o)
 .rodata.CSWTCH.31
                0x00000000800242a0       0x10 /usr/local/xenon/usr/lib/libxenon.a(xenos.o)
 .rodata.C.13.3412
                0x00000000800242b0       0x5c /usr/local/xenon/usr/lib/libxenon.a(xenos.o)
 .rodata.str1.1
                0x000000008002430c      0x1e0 /usr/local/xenon/usr/lib/libxenon.a(xenos.o)
 *fill*         0x00000000800244ec        0x4 00
 .rodata.__FUNCTION__.3423
                0x00000000800244f0       0x12 /usr/local/xenon/usr/lib/libxenon.a(xenos.o)
 *fill*         0x0000000080024502        0x6 00
 .rodata.__FUNCTION__.3628
                0x0000000080024508       0x12 /usr/local/xenon/usr/lib/libxenon.a(xenos.o)
 *fill*         0x000000008002451a        0x2 00
 .rodata.C.6.3364
                0x000000008002451c       0x1c /usr/local/xenon/usr/lib/libxenon.a(xenos.o)
 .rodata.C.10.3385
                0x0000000080024538       0x44 /usr/local/xenon/usr/lib/libxenon.a(xenos.o)
 .rodata.ohci_xfer
                0x000000008002457c       0x50 /usr/local/xenon/usr/lib/libxenon.a(ohci.o)
 .rodata.ohci_root_ifdsc
                0x00000000800245cc        0x9 /usr/local/xenon/usr/lib/libxenon.a(ohci.o)
 *fill*         0x00000000800245d5        0x3 00
 .rodata.ohci_revbits
                0x00000000800245d8       0x80 /usr/local/xenon/usr/lib/libxenon.a(ohci.o)
 .rodata.ohci_root_cfgdsc
                0x0000000080024658        0x9 /usr/local/xenon/usr/lib/libxenon.a(ohci.o)
 .rodata.str1.1
                0x0000000080024661       0x11 /usr/local/xenon/usr/lib/libxenon.a(ohci.o)
 .rodata.ohci_root_devdsc
                0x0000000080024672       0x12 /usr/local/xenon/usr/lib/libxenon.a(ohci.o)
 .rodata.ohci_root_hubdsc
                0x0000000080024684       0x47 /usr/local/xenon/usr/lib/libxenon.a(ohci.o)
 .rodata.ohci_root_epdsc
                0x00000000800246cb        0x7 /usr/local/xenon/usr/lib/libxenon.a(ohci.o)
 .rodata.str1.1
                0x00000000800246d2      0x100 /usr/local/xenon/usr/lib/libxenon.a(usbd.o)
 .rodata.str1.1
                0x00000000800247d2       0x47 /usr/local/xenon/usr/lib/libxenon.a(usbdevs.o)
 .rodata.str1.1
                0x0000000080024819       0x4a /usr/local/xenon/usr/lib/libxenon.a(usbhid.o)
 *fill*         0x0000000080024863        0x1 00
 .rodata.usbhid_devtypes
                0x0000000080024864        0xc /usr/local/xenon/usr/lib/libxenon.a(usbhid.o)
 .rodata.str1.1
                0x0000000080024870      0x241 /usr/local/xenon/usr/lib/libxenon.a(usbhub.o)
                                        0x24a (size before relaxing)
 .rodata.str1.1
                0x0000000080024ab1       0x63 /usr/local/xenon/usr/lib/libxenon.a(usbmass.o)
 .rodata.str1.1
                0x0000000080024b14       0x40 /usr/local/xenon/usr/lib/libxenon.a(xenon_config.o)
 .rodata.str1.1
                0x0000000080024b54       0x78 /usr/local/xenon/usr/lib/libxenon.a(diskio.o)
                                         0x79 (size before relaxing)
 .rodata.str1.1
                0x0000000080024bcc       0xb3 /usr/local/xenon/usr/lib/libxenon.a(disk_rb.o)
 *fill*         0x0000000080024c7f        0x1 00
 .rodata.fat_partition_types
                0x0000000080024c80        0xa /usr/local/xenon/usr/lib/libxenon.a(disk_rb.o)
 *fill*         0x0000000080024c8a        0x6 00
 .rodata.invalid_chars.4665
                0x0000000080024c90       0x11 /usr/local/xenon/usr/lib/libxenon.a(fat_rb.o)
 *fill*         0x0000000080024ca1        0x7 00
 .rodata.daysinmonth.4273
                0x0000000080024ca8        0xc /usr/local/xenon/usr/lib/libxenon.a(fat_rb.o)
 *fill*         0x0000000080024cb4        0x4 00
 .rodata.FATLONG_NAME_SIZE
                0x0000000080024cb8        0x3 /usr/local/xenon/usr/lib/libxenon.a(fat_rb.o)
 .rodata.str1.1
                0x0000000080024cbb      0x640 /usr/local/xenon/usr/lib/libxenon.a(fat_rb.o)
                                        0x642 (size before relaxing)
 *fill*         0x00000000800252fb        0x5 00
 .rodata.invalid_chars.4530
                0x0000000080025300        0xa /usr/local/xenon/usr/lib/libxenon.a(fat_rb.o)
 *fill*         0x000000008002530a        0x6 00
 .rodata.FATLONG_NAME_POS
                0x0000000080025310        0x3 /usr/local/xenon/usr/lib/libxenon.a(fat_rb.o)
 .rodata.str1.1
                0x0000000080025313      0x1a4 /usr/local/xenon/usr/lib/libxenon.a(file_rb.o)
 .rodata.str1.1
                0x00000000800254b7      0x112 /usr/local/xenon/usr/lib/libxenon.a(dir_rb.o)
                                        0x141 (size before relaxing)
 .rodata.str1.1
                0x00000000800255c9       0xba /usr/local/xenon/usr/lib/libxenon.a(iso9660.o)
 .rodata.str1.1
                0x0000000080025683       0x73 /usr/local/xenon/usr/lib/libxenon.a(usbctrl.o)
 .rodata.str1.1
                0x00000000800256f6      0x61a /usr/local/xenon/usr/lib/libxenon.a(usbdebug.o)
                                        0x672 (size before relaxing)
 .rodata.eptattribs.3320
                0x0000000080025d10       0x10 /usr/local/xenon/usr/lib/libxenon.a(usbdebug.o)
 .rodata.utf8comp
                0x0000000080025d20        0x6 /usr/local/xenon/usr/lib/libxenon.a(unicode_rb.o)
 .rodata.str1.1
                0x0000000080025d26      0x11d /usr/local/xenon/usr/lib/libxenon.a(xenon_sfcx.o)
 *fill*         0x0000000080025e43        0x1 00
 .rodata.str1.4
                0x0000000080025e44       0x3f /usr/local/xenon/xenon/lib/32/libc.a(lib_a-assert.o)
                                         0x43 (size before relaxing)
 *fill*         0x0000000080025e83        0x1 00
 .rodata        0x0000000080025e84      0x101 /usr/local/xenon/xenon/lib/32/libc.a(lib_a-ctype_.o)
                0x0000000080025e84                _ctype_
 *fill*         0x0000000080025f85        0x3 00
 .rodata.str1.4
                0x0000000080025f88        0x2 /usr/local/xenon/xenon/lib/32/libc.a(lib_a-impure.o)
 *fill*         0x0000000080025f8a        0x2 00
 .rodata.str1.4
                0x0000000080025f8c        0x2 /usr/local/xenon/xenon/lib/32/libc.a(lib_a-puts.o)
 *fill*         0x0000000080025f8e        0x2 00
 .rodata        0x0000000080025f90      0x184 /usr/local/xenon/xenon/lib/32/libc.a(lib_a-svfprintf.o)
 .rodata.cst4   0x0000000080026114        0x4 /usr/local/xenon/xenon/lib/32/libc.a(lib_a-svfprintf.o)
 .rodata.str1.4
                0x0000000080026118       0x42 /usr/local/xenon/xenon/lib/32/libc.a(lib_a-svfprintf.o)
 *fill*         0x000000008002615a        0x2 00
 .rodata        0x000000008002615c      0x184 /usr/local/xenon/xenon/lib/32/libc.a(lib_a-vfiprintf.o)
 .rodata.str1.4
                0x0000000000000000       0x2f /usr/local/xenon/xenon/lib/32/libc.a(lib_a-vfiprintf.o)
 .rodata        0x00000000800262e0      0x184 /usr/local/xenon/xenon/lib/32/libc.a(lib_a-vfprintf.o)
 .rodata.cst4   0x0000000000000000        0x4 /usr/local/xenon/xenon/lib/32/libc.a(lib_a-vfprintf.o)
 .rodata.str1.4
                0x0000000000000000       0x42 /usr/local/xenon/xenon/lib/32/libc.a(lib_a-vfprintf.o)
 .rodata.cst4   0x0000000080026464       0x20 /usr/local/xenon/xenon/lib/32/libc.a(lib_a-dtoa.o)
                                         0x24 (size before relaxing)
 *fill*         0x0000000080026484        0x4 00
 .rodata.cst8   0x0000000080026488       0x18 /usr/local/xenon/xenon/lib/32/libc.a(lib_a-dtoa.o)
 .rodata.str1.4
                0x00000000800264a0       0x10 /usr/local/xenon/xenon/lib/32/libc.a(lib_a-dtoa.o)
                                         0x12 (size before relaxing)
 .rodata.str1.4
                0x00000000800264b0       0x10 /usr/local/xenon/xenon/lib/32/libc.a(lib_a-locale.o)
                                         0x17 (size before relaxing)
 .rodata        0x00000000800264c0      0x128 /usr/local/xenon/xenon/lib/32/libc.a(lib_a-mprec.o)
                0x00000000800265c0                __mprec_tinytens
                0x00000000800264d0                __mprec_tens
                0x0000000080026598                __mprec_bigtens
 .rodata.cst4   0x0000000000000000        0x8 /usr/local/xenon/xenon/lib/32/libc.a(lib_a-mprec.o)

.ctors          0x00000000800265e8        0x0
                0x00000000800265e8                __CTOR_LIST__ = .
 *(.ctors)
                0x00000000800265e8                __CTOR_END__ = .

.dtors          0x00000000800265e8        0x0
                0x00000000800265e8                __DTOR_LIST__ = .
 *(.dtors)
                0x00000000800265e8                __DTOR_END__ = .

.eh_frame_hdr   0x00000000800265e8      0xb2c
 *(.eh_frame_hdr)
 .eh_frame_hdr  0x00000000800265e8      0xb2c /usr/local/xenon/lib/gcc/xenon/4.4.0/../../../../xenon/lib/../lib/crt1.o

.eh_frame       0x0000000080027114     0x2d10
 *(.eh_frame)
 .eh_frame      0x0000000080027114       0x38 /usr/local/xenon/lib/gcc/xenon/4.4.0/../../../../xenon/lib/../lib/crt1.o
 .eh_frame      0x000000008002714c        0x0 /usr/local/xenon/lib/gcc/xenon/4.4.0/32/crtbegin.o
 .eh_frame      0x000000008002714c       0xc4 main.o
                                        0x12c (size before relaxing)
 .eh_frame      0x0000000080027210       0xa4 /usr/local/xenon/usr/lib/libxenon.a(console.o)
                                         0xe0 (size before relaxing)
 .eh_frame      0x00000000800272b4       0x3c /usr/local/xenon/usr/lib/libxenon.a(input.o)
                                         0x50 (size before relaxing)
 .eh_frame      0x00000000800272f0      0x180 /usr/local/xenon/usr/lib/libxenon.a(newlib.o)
                                        0x1f0 (size before relaxing)
 .eh_frame      0x0000000080027470       0x5c /usr/local/xenon/usr/lib/libxenon.a(lib_malloc.o)
                                         0xc0 (size before relaxing)
 .eh_frame      0x00000000800274cc       0x5c /usr/local/xenon/usr/lib/libxenon.a(usbmain.o)
                                         0x70 (size before relaxing)
 .eh_frame      0x0000000080027528      0x120 /usr/local/xenon/usr/lib/libxenon.a(xenon_smc.o)
                                        0x1a4 (size before relaxing)
 .eh_frame      0x0000000080027648       0x20 /usr/local/xenon/usr/lib/libxenon.a(xenon_uart.o)
                                         0x5c (size before relaxing)
 .eh_frame      0x0000000080027668      0x1a0 /usr/local/xenon/usr/lib/libxenon.a(xenos.o)
                                        0x1b4 (size before relaxing)
 .eh_frame      0x0000000080027808       0x50 /usr/local/xenon/usr/lib/libxenon.a(io.o)
                                         0x64 (size before relaxing)
 .eh_frame      0x0000000080027858       0x3c /usr/local/xenon/usr/lib/libxenon.a(time.o)
                                         0x50 (size before relaxing)
 .eh_frame      0x0000000080027894      0x1d8 /usr/local/xenon/usr/lib/libxenon.a(ohci.o)
                                        0x1ec (size before relaxing)
 .eh_frame      0x0000000080027a6c      0x374 /usr/local/xenon/usr/lib/libxenon.a(usbd.o)
                                        0x3bc (size before relaxing)
 .eh_frame      0x0000000080027de0       0x24 /usr/local/xenon/usr/lib/libxenon.a(usbdevs.o)
                                         0x38 (size before relaxing)
 .eh_frame      0x0000000080027e04       0x7c /usr/local/xenon/usr/lib/libxenon.a(usbhid.o)
                                         0x90 (size before relaxing)
 .eh_frame      0x0000000080027e80      0x144 /usr/local/xenon/usr/lib/libxenon.a(usbhub.o)
                                        0x190 (size before relaxing)
 .eh_frame      0x0000000080027fc4       0xe4 /usr/local/xenon/usr/lib/libxenon.a(usbmass.o)
                                        0x124 (size before relaxing)
 .eh_frame      0x00000000800280a8       0x48 /usr/local/xenon/usr/lib/libxenon.a(xenon_gpio.o)
                                         0x7c (size before relaxing)
 .eh_frame      0x00000000800280f0       0x34 /usr/local/xenon/usr/lib/libxenon.a(xenon_config.o)
                                         0x70 (size before relaxing)
 .eh_frame      0x0000000080028124      0x118 /usr/local/xenon/usr/lib/libxenon.a(diskio.o)
                                        0x18c (size before relaxing)
 .eh_frame      0x000000008002823c       0x9c /usr/local/xenon/usr/lib/libxenon.a(disk_rb.o)
                                         0xf0 (size before relaxing)
 .eh_frame      0x00000000800282d8      0x434 /usr/local/xenon/usr/lib/libxenon.a(fat_rb.o)
                                        0x564 (size before relaxing)
 .eh_frame      0x000000008002870c      0x148 /usr/local/xenon/usr/lib/libxenon.a(file_rb.o)
                                        0x1d4 (size before relaxing)
 .eh_frame      0x0000000080028854       0x64 /usr/local/xenon/usr/lib/libxenon.a(dir_rb.o)
                                         0xd4 (size before relaxing)
 .eh_frame      0x00000000800288b8      0x1c0 /usr/local/xenon/usr/lib/libxenon.a(iso9660.o)
                                        0x1d4 (size before relaxing)
 .eh_frame      0x0000000080028a78       0x28 /usr/local/xenon/usr/lib/libxenon.a(lib_queue.o)
                                         0xa0 (size before relaxing)
 .eh_frame      0x0000000080028aa0       0x60 /usr/local/xenon/usr/lib/libxenon.a(usbctrl.o)
                                         0x74 (size before relaxing)
 .eh_frame      0x0000000080028b00       0x94 /usr/local/xenon/usr/lib/libxenon.a(usbdebug.o)
                                        0x104 (size before relaxing)
 .eh_frame      0x0000000080028b94       0x3c /usr/local/xenon/usr/lib/libxenon.a(unicode_rb.o)
                                         0xac (size before relaxing)
 .eh_frame      0x0000000080028bd0       0x70 /usr/local/xenon/usr/lib/libxenon.a(xenon_sfcx.o)
                                        0x1e8 (size before relaxing)
 .eh_frame      0x0000000080028c40       0x38 /usr/local/xenon/xenon/lib/32/libc.a(lib_a-assert.o)
                                         0x4c (size before relaxing)
 .eh_frame      0x0000000080028c78       0x30 /usr/local/xenon/xenon/lib/32/libc.a(lib_a-atoi.o)
                                         0x44 (size before relaxing)
 .eh_frame      0x0000000080028ca8       0x20 /usr/local/xenon/xenon/lib/32/libc.a(lib_a-errno.o)
                                         0x34 (size before relaxing)
 .eh_frame      0x0000000080028cc8       0x24 /usr/local/xenon/xenon/lib/32/libc.a(lib_a-exit.o)
                                         0x38 (size before relaxing)
 .eh_frame      0x0000000080028cec       0x38 /usr/local/xenon/xenon/lib/32/libc.a(lib_a-fiprintf.o)
                                         0x4c (size before relaxing)
 .eh_frame      0x0000000080028d24       0x40 /usr/local/xenon/xenon/lib/32/libc.a(lib_a-malloc.o)
                                         0x54 (size before relaxing)
 .eh_frame      0x0000000080028d64       0x34 /usr/local/xenon/xenon/lib/32/libc.a(lib_a-mallocr.o)
                                         0x48 (size before relaxing)
 .eh_frame      0x0000000080028d98       0x1c /usr/local/xenon/xenon/lib/32/libc.a(lib_a-memchr.o)
                                         0x30 (size before relaxing)
 .eh_frame      0x0000000080028db4       0x1c /usr/local/xenon/xenon/lib/32/libc.a(lib_a-memcmp.o)
                                         0x30 (size before relaxing)
 .eh_frame      0x0000000080028dd0       0x1c /usr/local/xenon/xenon/lib/32/libc.a(lib_a-memcpy.o)
                                         0x30 (size before relaxing)
 .eh_frame      0x0000000080028dec       0x1c /usr/local/xenon/xenon/lib/32/libc.a(lib_a-memset.o)
                                         0x30 (size before relaxing)
 .eh_frame      0x0000000080028e08       0x28 /usr/local/xenon/xenon/lib/32/libc.a(lib_a-mlock.o)
                                         0x3c (size before relaxing)
 .eh_frame      0x0000000080028e30       0x38 /usr/local/xenon/xenon/lib/32/libc.a(lib_a-printf.o)
                                         0x4c (size before relaxing)
 .eh_frame      0x0000000080028e68       0x38 /usr/local/xenon/xenon/lib/32/libc.a(lib_a-putchar.o)
                                         0x4c (size before relaxing)
 .eh_frame      0x0000000080028ea0       0x48 /usr/local/xenon/xenon/lib/32/libc.a(lib_a-putc.o)
                                         0x5c (size before relaxing)
 .eh_frame      0x0000000080028ee8       0x44 /usr/local/xenon/xenon/lib/32/libc.a(lib_a-puts.o)
                                         0x58 (size before relaxing)
 .eh_frame      0x0000000080028f2c       0x40 /usr/local/xenon/xenon/lib/32/libc.a(lib_a-rand.o)
                                         0x54 (size before relaxing)
 .eh_frame      0x0000000080028f6c       0x24 /usr/local/xenon/xenon/lib/32/libc.a(lib_a-sbrkr.o)
                                         0x38 (size before relaxing)
 .eh_frame      0x0000000080028f90       0x50 /usr/local/xenon/xenon/lib/32/libc.a(lib_a-snprintf.o)
                                         0x64 (size before relaxing)
 .eh_frame      0x0000000080028fe0       0x40 /usr/local/xenon/xenon/lib/32/libc.a(lib_a-sprintf.o)
                                         0x54 (size before relaxing)
 .eh_frame      0x0000000080029020       0x1c /usr/local/xenon/xenon/lib/32/libc.a(lib_a-strcasecmp.o)
                                         0x30 (size before relaxing)
 .eh_frame      0x000000008002903c       0x20 /usr/local/xenon/xenon/lib/32/libc.a(lib_a-strcat.o)
                                         0x34 (size before relaxing)
 .eh_frame      0x000000008002905c       0x1c /usr/local/xenon/xenon/lib/32/libc.a(lib_a-strchr.o)
                                         0x30 (size before relaxing)
 .eh_frame      0x0000000080029078       0x1c /usr/local/xenon/xenon/lib/32/libc.a(lib_a-strcmp.o)
                                         0x30 (size before relaxing)
 .eh_frame      0x0000000080029094       0x1c /usr/local/xenon/xenon/lib/32/libc.a(lib_a-strcpy.o)
                                         0x30 (size before relaxing)
 .eh_frame      0x00000000800290b0       0x1c /usr/local/xenon/xenon/lib/32/libc.a(lib_a-strlcpy.o)
                                         0x30 (size before relaxing)
 .eh_frame      0x00000000800290cc       0x1c /usr/local/xenon/xenon/lib/32/libc.a(lib_a-strlen.o)
                                         0x30 (size before relaxing)
 .eh_frame      0x00000000800290e8       0x28 /usr/local/xenon/xenon/lib/32/libc.a(lib_a-strncasecmp.o)
                                         0x3c (size before relaxing)
 .eh_frame      0x0000000080029110       0x1c /usr/local/xenon/xenon/lib/32/libc.a(lib_a-strncmp.o)
                                         0x30 (size before relaxing)
 .eh_frame      0x000000008002912c       0x1c /usr/local/xenon/xenon/lib/32/libc.a(lib_a-strncpy.o)
                                         0x30 (size before relaxing)
 .eh_frame      0x0000000080029148       0x20 /usr/local/xenon/xenon/lib/32/libc.a(lib_a-strrchr.o)
                                         0x34 (size before relaxing)
 .eh_frame      0x0000000080029168       0x34 /usr/local/xenon/xenon/lib/32/libc.a(lib_a-strtok_r.o)
                                         0x48 (size before relaxing)
 .eh_frame      0x000000008002919c       0x50 /usr/local/xenon/xenon/lib/32/libc.a(lib_a-strtol.o)
                                         0x64 (size before relaxing)
 .eh_frame      0x00000000800291ec       0x84 /usr/local/xenon/xenon/lib/32/libc.a(lib_a-svfprintf.o)
                                         0x98 (size before relaxing)
 .eh_frame      0x0000000080029270       0x88 /usr/local/xenon/xenon/lib/32/libc.a(lib_a-vfiprintf.o)
                                         0x9c (size before relaxing)
 .eh_frame      0x00000000800292f8       0x8c /usr/local/xenon/xenon/lib/32/libc.a(lib_a-vfprintf.o)
                                         0xa0 (size before relaxing)
 .eh_frame      0x0000000080029384       0x48 /usr/local/xenon/xenon/lib/32/libc.a(lib_a-wbuf.o)
                                         0x5c (size before relaxing)
 .eh_frame      0x00000000800293cc       0x24 /usr/local/xenon/xenon/lib/32/libc.a(lib_a-wsetup.o)
                                         0x38 (size before relaxing)
 .eh_frame      0x00000000800293f0       0x18 /usr/local/xenon/xenon/lib/32/libc.a(lib_a-abort.o)
                                         0x2c (size before relaxing)
 .eh_frame      0x0000000080029408       0x40 /usr/local/xenon/xenon/lib/32/libc.a(lib_a-__call_atexit.o)
                                         0x54 (size before relaxing)
 .eh_frame      0x0000000080029448       0x80 /usr/local/xenon/xenon/lib/32/libc.a(lib_a-dtoa.o)
                                         0x94 (size before relaxing)
 .eh_frame      0x00000000800294c8       0x48 /usr/local/xenon/xenon/lib/32/libc.a(lib_a-fflush.o)
                                         0x5c (size before relaxing)
 .eh_frame      0x0000000080029510      0x190 /usr/local/xenon/xenon/lib/32/libc.a(lib_a-findfp.o)
                                        0x1a4 (size before relaxing)
 .eh_frame      0x00000000800296a0       0x4c /usr/local/xenon/xenon/lib/32/libc.a(lib_a-freer.o)
                                         0x60 (size before relaxing)
 .eh_frame      0x00000000800296ec       0x34 /usr/local/xenon/xenon/lib/32/libc.a(lib_a-fvwrite.o)
                                         0x48 (size before relaxing)
 .eh_frame      0x0000000080029720       0x54 /usr/local/xenon/xenon/lib/32/libc.a(lib_a-fwalk.o)
                                         0x68 (size before relaxing)
 .eh_frame      0x0000000080029774       0xa8 /usr/local/xenon/xenon/lib/32/libc.a(lib_a-locale.o)
                                         0xbc (size before relaxing)
 .eh_frame      0x000000008002981c       0x28 /usr/local/xenon/xenon/lib/32/libc.a(lib_a-makebuf.o)
                                         0x3c (size before relaxing)
 .eh_frame      0x0000000080029844       0x1c /usr/local/xenon/xenon/lib/32/libc.a(lib_a-memmove.o)
                                         0x30 (size before relaxing)
 .eh_frame      0x0000000080029860      0x270 /usr/local/xenon/xenon/lib/32/libc.a(lib_a-mprec.o)
                                        0x284 (size before relaxing)
 .eh_frame      0x0000000080029ad0       0x38 /usr/local/xenon/xenon/lib/32/libc.a(lib_a-reallocr.o)
                                         0x4c (size before relaxing)
 .eh_frame      0x0000000080029b08        0x0 /usr/local/xenon/xenon/lib/32/libc.a(lib_a-reent.o)
                                         0x84 (size before relaxing)
 .eh_frame      0x0000000080029b08      0x104 /usr/local/xenon/xenon/lib/32/libc.a(lib_a-signal.o)
                                        0x118 (size before relaxing)
 .eh_frame      0x0000000080029c0c       0x3c /usr/local/xenon/xenon/lib/32/libc.a(lib_a-signalr.o)
                                         0x50 (size before relaxing)
 .eh_frame      0x0000000080029c48       0x14 /usr/local/xenon/xenon/lib/32/libc.a(lib_a-s_isinfd.o)
                                         0x28 (size before relaxing)
 .eh_frame      0x0000000080029c5c       0x14 /usr/local/xenon/xenon/lib/32/libc.a(lib_a-s_isnand.o)
                                         0x28 (size before relaxing)
 .eh_frame      0x0000000080029c70       0x74 /usr/local/xenon/xenon/lib/32/libc.a(lib_a-stdio.o)
                                         0x88 (size before relaxing)
 .eh_frame      0x0000000080029ce4       0x24 /usr/local/xenon/xenon/lib/32/libc.a(lib_a-writer.o)
                                         0x38 (size before relaxing)
 .eh_frame      0x0000000080029d08       0x1c /usr/local/xenon/xenon/lib/32/libc.a(lib_a-callocr.o)
                                         0x30 (size before relaxing)
 .eh_frame      0x0000000080029d24       0x24 /usr/local/xenon/xenon/lib/32/libc.a(lib_a-closer.o)
                                         0x38 (size before relaxing)
 .eh_frame      0x0000000080029d48       0x48 /usr/local/xenon/xenon/lib/32/libc.a(lib_a-fclose.o)
                                         0x5c (size before relaxing)
 .eh_frame      0x0000000080029d90       0x24 /usr/local/xenon/xenon/lib/32/libc.a(lib_a-fstatr.o)
                                         0x38 (size before relaxing)
 .eh_frame      0x0000000080029db4       0x24 /usr/local/xenon/xenon/lib/32/libc.a(lib_a-isattyr.o)
                                         0x38 (size before relaxing)
 .eh_frame      0x0000000080029dd8       0x24 /usr/local/xenon/xenon/lib/32/libc.a(lib_a-lseekr.o)
                                         0x38 (size before relaxing)
 .eh_frame      0x0000000080029dfc       0x24 /usr/local/xenon/xenon/lib/32/libc.a(lib_a-readr.o)
                                         0x38 (size before relaxing)
 .eh_frame      0x0000000080029e20        0x4 /usr/local/xenon/lib/gcc/xenon/4.4.0/32/crtend.o

.rela.dyn       0x0000000080029e24        0x0
 .rela.text.call_ctors
                0x0000000000000000        0x0 /usr/local/xenon/lib/gcc/xenon/4.4.0/../../../../xenon/lib/../lib/crt1.o
 .rela.got2     0x0000000000000000        0x0 /usr/local/xenon/lib/gcc/xenon/4.4.0/../../../../xenon/lib/../lib/crt1.o
 .rela.text     0x0000000000000000        0x0 /usr/local/xenon/lib/gcc/xenon/4.4.0/../../../../xenon/lib/../lib/crt1.o
 .rela.text.console_close
                0x0000000000000000        0x0 /usr/local/xenon/lib/gcc/xenon/4.4.0/../../../../xenon/lib/../lib/crt1.o
 .rela.text.console_init
                0x0000000000000000        0x0 /usr/local/xenon/lib/gcc/xenon/4.4.0/../../../../xenon/lib/../lib/crt1.o
 .rela.text.sbrk
                0x0000000000000000        0x0 /usr/local/xenon/lib/gcc/xenon/4.4.0/../../../../xenon/lib/../lib/crt1.o
 .rela.text.kmem_init
                0x0000000000000000        0x0 /usr/local/xenon/lib/gcc/xenon/4.4.0/../../../../xenon/lib/../lib/crt1.o
 .rela.text.usb_do_poll
                0x0000000000000000        0x0 /usr/local/xenon/lib/gcc/xenon/4.4.0/../../../../xenon/lib/../lib/crt1.o
 .rela.text.usb_init_one_ohci
                0x0000000000000000        0x0 /usr/local/xenon/lib/gcc/xenon/4.4.0/../../../../xenon/lib/../lib/crt1.o
 .rela.text._ohci_dma_alloc
                0x0000000000000000        0x0 /usr/local/xenon/lib/gcc/xenon/4.4.0/../../../../xenon/lib/../lib/crt1.o
 .rela.text.ohci_create
                0x0000000000000000        0x0 /usr/local/xenon/lib/gcc/xenon/4.4.0/../../../../xenon/lib/../lib/crt1.o
 .rela.text.usb_create_pipe
                0x0000000000000000        0x0 /usr/local/xenon/lib/gcc/xenon/4.4.0/../../../../xenon/lib/../lib/crt1.o
 .rela.text.usb_free_request
                0x0000000000000000        0x0 /usr/local/xenon/lib/gcc/xenon/4.4.0/../../../../xenon/lib/../lib/crt1.o
 .rela.text.usb_destroy_all_pipes
                0x0000000000000000        0x0 /usr/local/xenon/lib/gcc/xenon/4.4.0/../../../../xenon/lib/../lib/crt1.o
 .rela.text.usb_destroy_device
                0x0000000000000000        0x0 /usr/local/xenon/lib/gcc/xenon/4.4.0/../../../../xenon/lib/../lib/crt1.o
 .rela.text.usb_destroy_pipe
                0x0000000000000000        0x0 /usr/local/xenon/lib/gcc/xenon/4.4.0/../../../../xenon/lib/../lib/crt1.o
 .rela.text.usb_make_request
                0x0000000000000000        0x0 /usr/local/xenon/lib/gcc/xenon/4.4.0/../../../../xenon/lib/../lib/crt1.o
 .rela.text.usb_clear_stall
                0x0000000000000000        0x0 /usr/local/xenon/lib/gcc/xenon/4.4.0/../../../../xenon/lib/../lib/crt1.o
 .rela.text.usb_std_request
                0x0000000000000000        0x0 /usr/local/xenon/lib/gcc/xenon/4.4.0/../../../../xenon/lib/../lib/crt1.o
 .rela.text.usb_get_string
                0x0000000000000000        0x0 /usr/local/xenon/lib/gcc/xenon/4.4.0/../../../../xenon/lib/../lib/crt1.o
 .rela.text.usb_get_config_descriptor
                0x0000000000000000        0x0 /usr/local/xenon/lib/gcc/xenon/4.4.0/../../../../xenon/lib/../lib/crt1.o
 .rela.text.usb_get_device_descriptor
                0x0000000000000000        0x0 /usr/local/xenon/lib/gcc/xenon/4.4.0/../../../../xenon/lib/../lib/crt1.o
 .rela.text.usb_create_device
                0x0000000000000000        0x0 /usr/local/xenon/lib/gcc/xenon/4.4.0/../../../../xenon/lib/../lib/crt1.o
 .rela.text.usb_initroot
                0x0000000000000000        0x0 /usr/local/xenon/lib/gcc/xenon/4.4.0/../../../../xenon/lib/../lib/crt1.o
 .rela.data.usb_drivers
                0x0000000000000000        0x0 /usr/local/xenon/lib/gcc/xenon/4.4.0/../../../../xenon/lib/../lib/crt1.o
 .rela.text.usbhid_attach
                0x0000000000000000        0x0 /usr/local/xenon/lib/gcc/xenon/4.4.0/../../../../xenon/lib/../lib/crt1.o
 .rela.text.usbhub_detach
                0x0000000000000000        0x0 /usr/local/xenon/lib/gcc/xenon/4.4.0/../../../../xenon/lib/../lib/crt1.o
 .rela.text.usbhub_scan1
                0x0000000000000000        0x0 /usr/local/xenon/lib/gcc/xenon/4.4.0/../../../../xenon/lib/../lib/crt1.o
 .rela.text.usbhub_attach
                0x0000000000000000        0x0 /usr/local/xenon/lib/gcc/xenon/4.4.0/../../../../xenon/lib/../lib/crt1.o
 .rela.text.usbmass_detach
                0x0000000000000000        0x0 /usr/local/xenon/lib/gcc/xenon/4.4.0/../../../../xenon/lib/../lib/crt1.o
 .rela.text.usbmass_attach
                0x0000000000000000        0x0 /usr/local/xenon/lib/gcc/xenon/4.4.0/../../../../xenon/lib/../lib/crt1.o
 .rela.text.usbmass_request_sense
                0x0000000000000000        0x0 /usr/local/xenon/lib/gcc/xenon/4.4.0/../../../../xenon/lib/../lib/crt1.o
 .rela.text.usbmass_read_capacity
                0x0000000000000000        0x0 /usr/local/xenon/lib/gcc/xenon/4.4.0/../../../../xenon/lib/../lib/crt1.o
 .rela.text.usbmass_read_sector
                0x0000000000000000        0x0 /usr/local/xenon/lib/gcc/xenon/4.4.0/../../../../xenon/lib/../lib/crt1.o
 .rela.text.xenon_config_init