Archive member included because of file (symbol)

/usr/local/xenon/usr/lib/libSDL.a(SDL.o)
                              main.o (SDL_Init)
/usr/local/xenon/usr/lib/libSDL.a(SDL_error.o)
                              /usr/local/xenon/usr/lib/libSDL.a(SDL.o) (SDL_SetError)
/usr/local/xenon/usr/lib/libSDL.a(SDL_fatal.o)
                              /usr/local/xenon/usr/lib/libSDL.a(SDL.o) (SDL_InstallParachute)
/usr/local/xenon/usr/lib/libSDL.a(SDL_audio.o)
                              /usr/local/xenon/usr/lib/libSDL.a(SDL.o) (SDL_AudioInit)
/usr/local/xenon/usr/lib/libSDL.a(SDL_audiocvt.o)
                              /usr/local/xenon/usr/lib/libSDL.a(SDL_audio.o) (SDL_ConvertAudio)
/usr/local/xenon/usr/lib/libSDL.a(SDL_events.o)
                              main.o (SDL_PollEvent)
/usr/local/xenon/usr/lib/libSDL.a(SDL_keyboard.o)
                              /usr/local/xenon/usr/lib/libSDL.a(SDL_events.o) (SDL_KeyboardInit)
/usr/local/xenon/usr/lib/libSDL.a(SDL_mouse.o)
                              /usr/local/xenon/usr/lib/libSDL.a(SDL_events.o) (SDL_MouseInit)
/usr/local/xenon/usr/lib/libSDL.a(SDL_quit.o)
                              /usr/local/xenon/usr/lib/libSDL.a(SDL_events.o) (SDL_QuitInit)
/usr/local/xenon/usr/lib/libSDL.a(SDL_getenv.o)
                              /usr/local/xenon/usr/lib/libSDL.a(SDL.o) (SDL_getenv)
/usr/local/xenon/usr/lib/libSDL.a(SDL_malloc.o)
                              /usr/local/xenon/usr/lib/libSDL.a(SDL_audio.o) (SDL_free)
/usr/local/xenon/usr/lib/libSDL.a(SDL_string.o)
                              /usr/local/xenon/usr/lib/libSDL.a(SDL_getenv.o) (SDL_strncmp)
/usr/local/xenon/usr/lib/libSDL.a(SDL_thread.o)
                              /usr/local/xenon/usr/lib/libSDL.a(SDL_audio.o) (SDL_CreateThread)
/usr/local/xenon/usr/lib/libSDL.a(SDL_timer.o)
                              /usr/local/xenon/usr/lib/libSDL.a(SDL_events.o) (SDL_timer_running)
/usr/local/xenon/usr/lib/libSDL.a(SDL_cursor.o)
                              /usr/local/xenon/usr/lib/libSDL.a(SDL_mouse.o) (SDL_MoveCursor)
/usr/local/xenon/usr/lib/libSDL.a(SDL_pixels.o)
                              main.o (SDL_MapRGB)
/usr/local/xenon/usr/lib/libSDL.a(SDL_surface.o)
                              main.o (SDL_LockSurface)
/usr/local/xenon/usr/lib/libSDL.a(SDL_video.o)
                              /usr/local/xenon/usr/lib/libSDL.a(SDL_events.o) (current_video)
/usr/local/xenon/usr/lib/libSDL.a(SDL_dummyaudio.o)
                              /usr/local/xenon/usr/lib/libSDL.a(SDL_audio.o) (DUMMYAUD_bootstrap)
/usr/local/xenon/usr/lib/libSDL.a(SDL_nullvideo.o)
                              /usr/local/xenon/usr/lib/libSDL.a(SDL_video.o) (XENON_bootstrap)
/usr/local/xenon/usr/lib/libSDL.a(SDL_sysmutex.o)
                              /usr/local/xenon/usr/lib/libSDL.a(SDL_events.o) (SDL_CreateMutex)
/usr/local/xenon/usr/lib/libSDL.a(SDL_syssem.o)
                              /usr/local/xenon/usr/lib/libSDL.a(SDL_thread.o) (SDL_CreateSemaphore)
/usr/local/xenon/usr/lib/libSDL.a(SDL_systhread.o)
                              /usr/local/xenon/usr/lib/libSDL.a(SDL_thread.o) (SDL_SYS_CreateThread)
/usr/local/xenon/usr/lib/libSDL.a(SDL_systimer.o)
                              /usr/local/xenon/usr/lib/libSDL.a(SDL_keyboard.o) (SDL_GetTicks)
/usr/local/xenon/usr/lib/libSDL.a(shader_sdl.o)
                              /usr/local/xenon/usr/lib/libSDL.a(SDL_nullvideo.o) (prim_textured_vertex_shader)
/usr/local/xenon/usr/lib/libSDL.a(SDL_active.o)
                              /usr/local/xenon/usr/lib/libSDL.a(SDL_events.o) (SDL_AppActiveInit)
/usr/local/xenon/usr/lib/libSDL.a(SDL_resize.o)
                              /usr/local/xenon/usr/lib/libSDL.a(SDL_video.o) (SDL_PrivateResize)
/usr/local/xenon/usr/lib/libSDL.a(SDL_RLEaccel.o)
                              /usr/local/xenon/usr/lib/libSDL.a(SDL_surface.o) (SDL_RLESurface)
/usr/local/xenon/usr/lib/libSDL.a(SDL_blit.o)
                              /usr/local/xenon/usr/lib/libSDL.a(SDL_pixels.o) (SDL_CalculateBlit)
/usr/local/xenon/usr/lib/libSDL.a(SDL_blit_0.o)
                              /usr/local/xenon/usr/lib/libSDL.a(SDL_blit.o) (SDL_CalculateBlit0)
/usr/local/xenon/usr/lib/libSDL.a(SDL_blit_1.o)
                              /usr/local/xenon/usr/lib/libSDL.a(SDL_blit.o) (SDL_CalculateBlit1)
/usr/local/xenon/usr/lib/libSDL.a(SDL_blit_N.o)
                              /usr/local/xenon/usr/lib/libSDL.a(SDL_blit.o) (SDL_CalculateBlitN)
/usr/local/xenon/usr/lib/libSDL.a(SDL_nullevents.o)
                              /usr/local/xenon/usr/lib/libSDL.a(SDL_nullvideo.o) (DUMMY_PumpEvents)
/usr/local/xenon/usr/lib/libSDL.a(SDL_cpuinfo.o)
                              /usr/local/xenon/usr/lib/libSDL.a(SDL_blit_N.o) (SDL_HasMMX)
/usr/local/xenon/usr/lib/libSDL.a(SDL_blit_A.o)
                              /usr/local/xenon/usr/lib/libSDL.a(SDL_blit_N.o) (SDL_CalculateAlphaBlit)
/usr/local/xenon/usr/lib/libxenon.a(startup_from_xell.o)
[...]
Memory Configuration

Name             Origin             Length             Attributes
*default*        0x0000000000000000 0xffffffffffffffff

Linker script and memory map

LOAD /usr/local/xenon/lib/gcc/xenon/4.4.0/../../../../xenon/lib/../lib/crt1.o
LOAD /usr/local/xenon/lib/gcc/xenon/4.4.0/../../../../xenon/lib/../lib/crti.o
LOAD /usr/local/xenon/lib/gcc/xenon/4.4.0/32/crtbegin.o
LOAD main.o
LOAD /usr/local/xenon/xenon/lib/32/libm.a
LOAD /usr/local/xenon/usr/lib/libSDL.a
LOAD /usr/local/xenon/usr/lib/libxenon.a
LOAD /usr/local/xenon/lib/gcc/xenon/4.4.0/32/libgcc.a
LOAD /usr/local/xenon/xenon/lib/32/libc.a
LOAD /usr/local/xenon/lib/gcc/xenon/4.4.0/32/libgcc.a
LOAD /usr/local/xenon/lib/gcc/xenon/4.4.0/32/crtend.o
LOAD /usr/local/xenon/lib/gcc/xenon/4.4.0/../../../../xenon/lib/../lib/crtn.o
                0x0000000080000000                . = 0x80000000

.text           0x0000000080000000    0x5c748
 *(.except*)
 .except        0x0000000080000000     0x1dd0 /usr/local/xenon/usr/lib/libxenon.a(except.o)
                0x0000000080000000                secondary_lock
                0x0000000080000000                exc_base
                0x0000000080000004                secondary_alive
 *(.pagetable)
 .pagetable     0x0000000080001dd0       0x40 /usr/local/xenon/usr/lib/libxenon.a(vm.o)
                0x0000000080001dd0                pagetable
 *(.text*)
 .text.call_ctors
                0x0000000080001e10       0x58 /usr/local/xenon/lib/gcc/xenon/4.4.0/../../../../xenon/lib/../lib/crt1.o
                0x0000000080001e10                call_ctors
 .text.sysconf  0x0000000080001e68        0x4 main.o
                0x0000000080001e68                sysconf
 *fill*         0x0000000080001e6c        0x4 00
 .text.DrawScreen
                0x0000000080001e70      0x194 main.o
                0x0000000080001e70                DrawScreen
 *fill*         0x0000000080002004        0x4 00
 .text.main     0x0000000080002008       0xe4 main.o
                0x0000000080002008                main
 .text.SDL_InitSubSystem
                0x00000000800020ec      0x194 /usr/local/xenon/usr/lib/libSDL.a(SDL.o)
                0x00000000800020ec                SDL_InitSubSystem
 .text.SDL_Init
                0x0000000080002280       0x6c /usr/local/xenon/usr/lib/libSDL.a(SDL.o)
                0x0000000080002280                SDL_Init
 .text.SDL_QuitSubSystem
                0x00000000800022ec       0xb8 /usr/local/xenon/usr/lib/libSDL.a(SDL.o)
                0x00000000800022ec                SDL_QuitSubSystem
 .text.SDL_Quit
                0x00000000800023a4       0x3c /usr/local/xenon/usr/lib/libSDL.a(SDL.o)
                0x00000000800023a4                SDL_Quit
 .text.SDL_SetError
                0x00000000800023e0      0x490 /usr/local/xenon/usr/lib/libSDL.a(SDL_error.o)
                0x00000000800023e0                SDL_SetError
 .text.SDL_ClearError
                0x0000000080002870       0x38 /usr/local/xenon/usr/lib/libSDL.a(SDL_error.o)
                0x0000000080002870                SDL_ClearError
 .text.SDL_Error
                0x00000000800028a8       0xb8 /usr/local/xenon/usr/lib/libSDL.a(SDL_error.o)
                0x00000000800028a8                SDL_Error
 .text.SDL_InstallParachute
                0x0000000080002960       0x1c /usr/local/xenon/usr/lib/libSDL.a(SDL_fatal.o)
                0x0000000080002960                SDL_InstallParachute
 .text.SDL_UninstallParachute
                0x000000008000297c       0x1c /usr/local/xenon/usr/lib/libSDL.a(SDL_fatal.o)
                0x000000008000297c                SDL_UninstallParachute
 .text.SDL_LockAudio_Default
                0x0000000080002998       0x7c /usr/local/xenon/usr/lib/libSDL.a(SDL_audio.o)
 .text.SDL_UnlockAudio_Default
                0x0000000080002a14       0x7c /usr/local/xenon/usr/lib/libSDL.a(SDL_audio.o)
 .text.SDL_AudioInit
                0x0000000080002a90      0x314 /usr/local/xenon/usr/lib/libSDL.a(SDL_audio.o)
                0x0000000080002a90                SDL_AudioInit
 .text.SDL_AudioQuit
                0x0000000080002da4      0x160 /usr/local/xenon/usr/lib/libSDL.a(SDL_audio.o)
                0x0000000080002da4                SDL_AudioQuit
 .text.SDL_GobbleEvents
                0x0000000080002f04      0x140 /usr/local/xenon/usr/lib/libSDL.a(SDL_events.o)
 .text.SDL_StartEventThread
                0x0000000080003044      0x128 /usr/local/xenon/usr/lib/libSDL.a(SDL_events.o)
 .text.SDL_StopEventThread
                0x000000008000316c       0xd4 /usr/local/xenon/usr/lib/libSDL.a(SDL_events.o)
 .text.SDL_StopEventLoop
                0x0000000080003240       0x7c /usr/local/xenon/usr/lib/libSDL.a(SDL_events.o)
                0x0000000080003240                SDL_StopEventLoop
 .text.SDL_StartEventLoop
                0x00000000800032bc      0x154 /usr/local/xenon/usr/lib/libSDL.a(SDL_events.o)
                0x00000000800032bc                SDL_StartEventLoop
 .text.SDL_AddEvent
                0x0000000080003410      0x1b0 /usr/local/xenon/usr/lib/libSDL.a(SDL_events.o)
 .text.SDL_CutEvent
                0x00000000800035c0      0x1e8 /usr/local/xenon/usr/lib/libSDL.a(SDL_events.o)
 .text.SDL_PeepEvents
                0x00000000800037a8      0x2a0 /usr/local/xenon/usr/lib/libSDL.a(SDL_events.o)
                0x00000000800037a8                SDL_PeepEvents
 .text.SDL_PumpEvents
                0x0000000080003a48       0x88 /usr/local/xenon/usr/lib/libSDL.a(SDL_events.o)
                0x0000000080003a48                SDL_PumpEvents
 .text.SDL_PollEvent
                0x0000000080003ad0       0x64 /usr/local/xenon/usr/lib/libSDL.a(SDL_events.o)
                0x0000000080003ad0                SDL_PollEvent
 .text.SDL_PushEvent
                0x0000000080003b34       0x60 /usr/local/xenon/usr/lib/libSDL.a(SDL_events.o)
                0x0000000080003b34                SDL_PushEvent
 .text.SDL_KeyboardInit
                0x0000000080003b94     0x170c /usr/local/xenon/usr/lib/libSDL.a(SDL_keyboard.o)
                0x0000000080003b94                SDL_KeyboardInit
 .text.SDL_KeyboardQuit
                0x00000000800052a0       0x1c /usr/local/xenon/usr/lib/libSDL.a(SDL_keyboard.o)
                0x00000000800052a0                SDL_KeyboardQuit
 .text.SDL_ResetKeyboard
                0x00000000800052bc       0xac /usr/local/xenon/usr/lib/libSDL.a(SDL_keyboard.o)
                0x00000000800052bc                SDL_ResetKeyboard
 .text.SDL_EnableUNICODE
                0x0000000080005368       0x54 /usr/local/xenon/usr/lib/libSDL.a(SDL_keyboard.o)
                0x0000000080005368                SDL_EnableUNICODE
 .text.SDL_PrivateKeyboard
                0x00000000800053bc      0x678 /usr/local/xenon/usr/lib/libSDL.a(SDL_keyboard.o)
                0x00000000800053bc                SDL_PrivateKeyboard
 .text.SDL_CheckKeyRepeat
                0x0000000080005a34      0x154 /usr/local/xenon/usr/lib/libSDL.a(SDL_keyboard.o)
                0x0000000080005a34                SDL_CheckKeyRepeat
 .text.SDL_EnableKeyRepeat
                0x0000000080005b88       0xbc /usr/local/xenon/usr/lib/libSDL.a(SDL_keyboard.o)
                0x0000000080005b88                SDL_EnableKeyRepeat
 .text.SDL_MouseInit
                0x0000000080005c44       0x94 /usr/local/xenon/usr/lib/libSDL.a(SDL_mouse.o)
                0x0000000080005c44                SDL_MouseInit
 .text.SDL_MouseQuit
                0x0000000080005cd8       0x1c /usr/local/xenon/usr/lib/libSDL.a(SDL_mouse.o)
                0x0000000080005cd8                SDL_MouseQuit
 .text.SDL_ResetMouse
                0x0000000080005cf4       0xa4 /usr/local/xenon/usr/lib/libSDL.a(SDL_mouse.o)
                0x0000000080005cf4                SDL_ResetMouse
 .text.SDL_GetMouseState
                0x0000000080005d98       0x90 /usr/local/xenon/usr/lib/libSDL.a(SDL_mouse.o)
                0x0000000080005d98                SDL_GetMouseState
 .text.SDL_GetRelativeMouseState
                0x0000000080005e28       0xb0 /usr/local/xenon/usr/lib/libSDL.a(SDL_mouse.o)
                0x0000000080005e28                SDL_GetRelativeMouseState
 .text.ClipOffset
                0x0000000080005ed8      0x16c /usr/local/xenon/usr/lib/libSDL.a(SDL_mouse.o)
 .text.SDL_SetMouseRange
                0x0000000080006044       0x4c /usr/local/xenon/usr/lib/libSDL.a(SDL_mouse.o)
                0x0000000080006044                SDL_SetMouseRange
 .text.SDL_PrivateMouseButton
                0x0000000080006090      0x384 /usr/local/xenon/usr/lib/libSDL.a(SDL_mouse.o)
                0x0000000080006090                SDL_PrivateMouseButton
 .text.SDL_QuitInit
                0x0000000080006414       0x24 /usr/local/xenon/usr/lib/libSDL.a(SDL_quit.o)
                0x0000000080006414                SDL_QuitInit
 .text.SDL_QuitQuit
                0x0000000080006438       0x1c /usr/local/xenon/usr/lib/libSDL.a(SDL_quit.o)
                0x0000000080006438                SDL_QuitQuit
 .text.SDL_getenv
                0x0000000080006454      0x15c /usr/local/xenon/usr/lib/libSDL.a(SDL_getenv.o)
                0x0000000080006454                SDL_getenv
 .text.segment_holding
                0x00000000800065b0       0xa4 /usr/local/xenon/usr/lib/libSDL.a(SDL_malloc.o)
 .text.init_mparams
                0x0000000080006654      0x120 /usr/local/xenon/usr/lib/libSDL.a(SDL_malloc.o)
 .text.init_top
                0x0000000080006774       0xe4 /usr/local/xenon/usr/lib/libSDL.a(SDL_malloc.o)
 .text.init_bins
                0x0000000080006858       0x88 /usr/local/xenon/usr/lib/libSDL.a(SDL_malloc.o)
 .text.prepend_alloc
                0x00000000800068e0      0xc78 /usr/local/xenon/usr/lib/libSDL.a(SDL_malloc.o)
 .text.add_segment
                0x0000000080007558      0x784 /usr/local/xenon/usr/lib/libSDL.a(SDL_malloc.o)
 .text.sys_alloc
                0x0000000080007cdc      0x938 /usr/local/xenon/usr/lib/libSDL.a(SDL_malloc.o)
 .text.sys_trim
                0x0000000080008614      0x270 /usr/local/xenon/usr/lib/libSDL.a(SDL_malloc.o)
 .text.tmalloc_large
                0x0000000080008884      0xe40 /usr/local/xenon/usr/lib/libSDL.a(SDL_malloc.o)
 .text.tmalloc_small
                0x00000000800096c4      0x7f4 /usr/local/xenon/usr/lib/libSDL.a(SDL_malloc.o)
 .text.internal_realloc
                0x0000000080009eb8      0x404 /usr/local/xenon/usr/lib/libSDL.a(SDL_malloc.o)
 .text.SDL_malloc
                0x000000008000a2bc      0x928 /usr/local/xenon/usr/lib/libSDL.a(SDL_malloc.o)
                0x000000008000a2bc                SDL_malloc
 .text.SDL_free
                0x000000008000abe4     0x144c /usr/local/xenon/usr/lib/libSDL.a(SDL_malloc.o)
                0x000000008000abe4                SDL_free
 .text.SDL_realloc
                0x000000008000c030       0x74 /usr/local/xenon/usr/lib/libSDL.a(SDL_malloc.o)
                0x000000008000c030                SDL_realloc
 .text.SDL_ScanLong
                0x000000008000c0a4      0x238 /usr/local/xenon/usr/lib/libSDL.a(SDL_string.o)
 .text.SDL_memset
                0x000000008000c2dc      0x184 /usr/local/xenon/usr/lib/libSDL.a(SDL_string.o)
                0x000000008000c2dc                SDL_memset
 .text.SDL_memcpy
                0x000000008000c460       0xa8 /usr/local/xenon/usr/lib/libSDL.a(SDL_string.o)
                0x000000008000c460                SDL_memcpy
 .text.SDL_revcpy
                0x000000008000c508       0xd0 /usr/local/xenon/usr/lib/libSDL.a(SDL_string.o)
                0x000000008000c508                SDL_revcpy
 .text.SDL_memcmp
                0x000000008000c5d8       0xe0 /usr/local/xenon/usr/lib/libSDL.a(SDL_string.o)
                0x000000008000c5d8                SDL_memcmp
 .text.SDL_strlen
                0x000000008000c6b8       0x74 /usr/local/xenon/usr/lib/libSDL.a(SDL_string.o)
                0x000000008000c6b8                SDL_strlen
 .text.SDL_strlcpy
                0x000000008000c72c       0xa0 /usr/local/xenon/usr/lib/libSDL.a(SDL_string.o)
                0x000000008000c72c                SDL_strlcpy
 .text.SDL_strtol
                0x000000008000c7cc       0xd4 /usr/local/xenon/usr/lib/libSDL.a(SDL_string.o)
                0x000000008000c7cc                SDL_strtol
 .text.SDL_strcmp
                0x000000008000c8a0       0xcc /usr/local/xenon/usr/lib/libSDL.a(SDL_string.o)
                0x000000008000c8a0                SDL_strcmp
 .text.SDL_strncmp
                0x000000008000c96c       0xfc /usr/local/xenon/usr/lib/libSDL.a(SDL_string.o)
                0x000000008000c96c                SDL_strncmp
 .text.SDL_strcasecmp
                0x000000008000ca68      0x178 /usr/local/xenon/usr/lib/libSDL.a(SDL_string.o)
                0x000000008000ca68                SDL_strcasecmp
 .text.SDL_ThreadsInit
                0x000000008000cbe0       0x6c /usr/local/xenon/usr/lib/libSDL.a(SDL_thread.o)
                0x000000008000cbe0                SDL_ThreadsInit
 .text.SDL_AddThread
                0x000000008000cc4c      0x158 /usr/local/xenon/usr/lib/libSDL.a(SDL_thread.o)
 .text.SDL_DelThread
                0x000000008000cda4      0x1bc /usr/local/xenon/usr/lib/libSDL.a(SDL_thread.o)
 .text.SDL_CreateThread
                0x000000008000cf60      0x1a4 /usr/local/xenon/usr/lib/libSDL.a(SDL_thread.o)
                0x000000008000cf60                SDL_CreateThread
 .text.SDL_WaitThread
                0x000000008000d104       0x7c /usr/local/xenon/usr/lib/libSDL.a(SDL_thread.o)
                0x000000008000d104                SDL_WaitThread
 .text.SDL_SetTimerThreaded
                0x000000008000d180       0x80 /usr/local/xenon/usr/lib/libSDL.a(SDL_timer.o)
                0x000000008000d180                SDL_SetTimerThreaded
 .text.SDL_ThreadedTimerCheck
                0x000000008000d200      0x2ac /usr/local/xenon/usr/lib/libSDL.a(SDL_timer.o)
                0x000000008000d200                SDL_ThreadedTimerCheck
 .text.SDL_CursorQuit
                0x000000008000d4ac      0x114 /usr/local/xenon/usr/lib/libSDL.a(SDL_cursor.o)
                0x000000008000d4ac                SDL_CursorQuit
 .text.SDL_CursorInit
                0x000000008000d5c0       0xc4 /usr/local/xenon/usr/lib/libSDL.a(SDL_cursor.o)
                0x000000008000d5c0                SDL_CursorInit
 .text.SDL_CreateCursor
                0x000000008000d684      0x3a4 /usr/local/xenon/usr/lib/libSDL.a(SDL_cursor.o)
                0x000000008000d684                SDL_CreateCursor
 .text.SDL_SetCursor
                0x000000008000da28      0x3c4 /usr/local/xenon/usr/lib/libSDL.a(SDL_cursor.o)
                0x000000008000da28                SDL_SetCursor
 .text.SDL_FreeCursor
                0x000000008000ddec      0x150 /usr/local/xenon/usr/lib/libSDL.a(SDL_cursor.o)
                0x000000008000ddec                SDL_FreeCursor
 .text.SDL_MoveCursor
                0x000000008000df3c      0x198 /usr/local/xenon/usr/lib/libSDL.a(SDL_cursor.o)
                0x000000008000df3c                SDL_MoveCursor
 .text.SDL_MouseRect
                0x000000008000e0d4      0x258 /usr/local/xenon/usr/lib/libSDL.a(SDL_cursor.o)
                0x000000008000e0d4                SDL_MouseRect
 .text.SDL_DrawCursorFast
                0x000000008000e32c      0x9a8 /usr/local/xenon/usr/lib/libSDL.a(SDL_cursor.o)
 .text.SDL_DrawCursorSlow
                0x000000008000ecd4      0x598 /usr/local/xenon/usr/lib/libSDL.a(SDL_cursor.o)
 .text.SDL_ConvertCursorSave
                0x000000008000f26c      0x16c /usr/local/xenon/usr/lib/libSDL.a(SDL_cursor.o)
 .text.SDL_DrawCursorNoLock
                0x000000008000f3d8      0x35c /usr/local/xenon/usr/lib/libSDL.a(SDL_cursor.o)
                0x000000008000f3d8                SDL_DrawCursorNoLock
 .text.SDL_DrawCursor
                0x000000008000f734      0x16c /usr/local/xenon/usr/lib/libSDL.a(SDL_cursor.o)
                0x000000008000f734                SDL_DrawCursor
 .text.SDL_EraseCursorNoLock
                0x000000008000f8a0      0x2d4 /usr/local/xenon/usr/lib/libSDL.a(SDL_cursor.o)
                0x000000008000f8a0                SDL_EraseCursorNoLock
 .text.SDL_EraseCursor
                0x000000008000fb74      0x16c /usr/local/xenon/usr/lib/libSDL.a(SDL_cursor.o)
                0x000000008000fb74                SDL_EraseCursor
 .text.SDL_ResetCursor
                0x000000008000fce0       0xd4 /usr/local/xenon/usr/lib/libSDL.a(SDL_cursor.o)
                0x000000008000fce0                SDL_ResetCursor
 .text.SDL_AllocFormat
                0x000000008000fdb4      0xcf4 /usr/local/xenon/usr/lib/libSDL.a(SDL_pixels.o)
                0x000000008000fdb4                SDL_AllocFormat
 .text.SDL_ReallocFormat
                0x0000000080010aa8       0xac /usr/local/xenon/usr/lib/libSDL.a(SDL_pixels.o)
                0x0000000080010aa8                SDL_ReallocFormat
 .text.SDL_FormatChanged
                0x0000000080010b54       0xa0 /usr/local/xenon/usr/lib/libSDL.a(SDL_pixels.o)
                0x0000000080010b54                SDL_FormatChanged
 .text.SDL_FreeFormat
                0x0000000080010bf4       0xa4 /usr/local/xenon/usr/lib/libSDL.a(SDL_pixels.o)
                0x0000000080010bf4                SDL_FreeFormat
 .text.SDL_DitherColors
                0x0000000080010c98      0x14c /usr/local/xenon/usr/lib/libSDL.a(SDL_pixels.o)
                0x0000000080010c98                SDL_DitherColors
 .text.SDL_CalculatePitch
                0x0000000080010de4       0xd0 /usr/local/xenon/usr/lib/libSDL.a(SDL_pixels.o)
                0x0000000080010de4                SDL_CalculatePitch
 .text.SDL_FindColor
                0x0000000080010eb4      0x190 /usr/local/xenon/usr/lib/libSDL.a(SDL_pixels.o)
                0x0000000080010eb4                SDL_FindColor
 .text.SDL_MapRGB
                0x0000000080011044      0x14c /usr/local/xenon/usr/lib/libSDL.a(SDL_pixels.o)
                0x0000000080011044                SDL_MapRGB
 .text.Map1to1  0x0000000080011190      0x1dc /usr/local/xenon/usr/lib/libSDL.a(SDL_pixels.o)
 .text.Map1toN  0x000000008001136c      0x510 /usr/local/xenon/usr/lib/libSDL.a(SDL_pixels.o)
 .text.MapNto1  0x000000008001187c       0x98 /usr/local/xenon/usr/lib/libSDL.a(SDL_pixels.o)
 .text.SDL_AllocBlitMap
                0x0000000080011914       0xd4 /usr/local/xenon/usr/lib/libSDL.a(SDL_pixels.o)
                0x0000000080011914                SDL_AllocBlitMap
 .text.SDL_InvalidateMap
                0x00000000800119e8       0x9c /usr/local/xenon/usr/lib/libSDL.a(SDL_pixels.o)
                0x00000000800119e8                SDL_InvalidateMap
 .text.SDL_MapSurface
                0x0000000080011a84      0x340 /usr/local/xenon/usr/lib/libSDL.a(SDL_pixels.o)
                0x0000000080011a84                SDL_MapSurface
 .text.SDL_FreeBlitMap
                0x0000000080011dc4       0x74 /usr/local/xenon/usr/lib/libSDL.a(SDL_pixels.o)
                0x0000000080011dc4                SDL_FreeBlitMap
 .text.SDL_CreateRGBSurface
                0x0000000080011e38      0x598 /usr/local/xenon/usr/lib/libSDL.a(SDL_surface.o)
                0x0000000080011e38                SDL_CreateRGBSurface
 .text.SDL_IntersectRect
                0x00000000800123d0      0x210 /usr/local/xenon/usr/lib/libSDL.a(SDL_surface.o)
 .text.SDL_SetClipRect
                0x00000000800125e0       0xc8 /usr/local/xenon/usr/lib/libSDL.a(SDL_surface.o)
                0x00000000800125e0                SDL_SetClipRect
 .text.SDL_LowerBlit
                0x00000000800126a8      0x27c /usr/local/xenon/usr/lib/libSDL.a(SDL_surface.o)
                0x00000000800126a8                SDL_LowerBlit
 .text.SDL_FillRect1
                0x0000000080012924       0x50 /usr/local/xenon/usr/lib/libSDL.a(SDL_surface.o)
 .text.SDL_FillRect4
                0x0000000080012974       0x50 /usr/local/xenon/usr/lib/libSDL.a(SDL_surface.o)
 .text.SDL_FillRect
                0x00000000800129c4      0xc18 /usr/local/xenon/usr/lib/libSDL.a(SDL_surface.o)
                0x00000000800129c4                SDL_FillRect
 .text.SDL_LockSurface
                0x00000000800135dc      0x13c /usr/local/xenon/usr/lib/libSDL.a(SDL_surface.o)
                0x00000000800135dc                SDL_LockSurface
 .text.SDL_UnlockSurface
                0x0000000080013718      0x14c /usr/local/xenon/usr/lib/libSDL.a(SDL_surface.o)
                0x0000000080013718                SDL_UnlockSurface
 .text.SDL_FreeSurface
                0x0000000080013864      0x22c /usr/local/xenon/usr/lib/libSDL.a(SDL_surface.o)
                0x0000000080013864                SDL_FreeSurface
 .text.SDL_VideoInit
                0x0000000080013a90      0x5c4 /usr/local/xenon/usr/lib/libSDL.a(SDL_video.o)
                0x0000000080013a90                SDL_VideoInit
 .text.SDL_ListModes
                0x0000000080014054       0xd4 /usr/local/xenon/usr/lib/libSDL.a(SDL_video.o)
                0x0000000080014054                SDL_ListModes
 .text.SDL_VideoModeOK
                0x0000000080014128      0x388 /usr/local/xenon/usr/lib/libSDL.a(SDL_video.o)
                0x0000000080014128                SDL_VideoModeOK
 .text.SDL_GetVideoMode
                0x00000000800144b0      0x588 /usr/local/xenon/usr/lib/libSDL.a(SDL_video.o)
 .text.SDL_ClearSurface
                0x0000000080014a38      0x130 /usr/local/xenon/usr/lib/libSDL.a(SDL_video.o)
 .text.SDL_CreateShadowSurface
                0x0000000080014b68      0x464 /usr/local/xenon/usr/lib/libSDL.a(SDL_video.o)
 .text.SDL_SetVideoMode
                0x0000000080014fcc      0x9fc /usr/local/xenon/usr/lib/libSDL.a(SDL_video.o)
                0x0000000080014fcc                SDL_SetVideoMode
 .text.SDL_UpdateRect
                0x00000000800159c8      0x120 /usr/local/xenon/usr/lib/libSDL.a(SDL_video.o)
                0x00000000800159c8                SDL_UpdateRect
 .text.SDL_UpdateRects
                0x0000000080015ae8      0x54c /usr/local/xenon/usr/lib/libSDL.a(SDL_video.o)
                0x0000000080015ae8                SDL_UpdateRects
 .text.SDL_Flip
                0x0000000080016034      0x354 /usr/local/xenon/usr/lib/libSDL.a(SDL_video.o)
                0x0000000080016034                SDL_Flip
 .text.SDL_VideoQuit
                0x0000000080016388      0x2b8 /usr/local/xenon/usr/lib/libSDL.a(SDL_video.o)
                0x0000000080016388                SDL_VideoQuit
 .text.SDL_WM_GrabInputRaw
                0x0000000080016640      0x170 /usr/local/xenon/usr/lib/libSDL.a(SDL_video.o)
 .text.SDL_WM_GrabInput
                0x00000000800167b0      0x108 /usr/local/xenon/usr/lib/libSDL.a(SDL_video.o)
                0x00000000800167b0                SDL_WM_GrabInput
 .text.SDL_WM_GrabInputOff
                0x00000000800168b8       0x4c /usr/local/xenon/usr/lib/libSDL.a(SDL_video.o)
 .text.DUMMYAUD_Available
                0x0000000080016904       0x78 /usr/local/xenon/usr/lib/libSDL.a(SDL_dummyaudio.o)
 .text.DUMMYAUD_DeleteDevice
                0x000000008001697c       0x4c /usr/local/xenon/usr/lib/libSDL.a(SDL_dummyaudio.o)
 .text.DUMMYAUD_CreateDevice
                0x00000000800169c8      0x158 /usr/local/xenon/usr/lib/libSDL.a(SDL_dummyaudio.o)
 .text.DUMMYAUD_WaitAudio
                0x0000000080016b20       0x8c /usr/local/xenon/usr/lib/libSDL.a(SDL_dummyaudio.o)
 .text.DUMMYAUD_PlayAudio
                0x0000000080016bac       0x20 /usr/local/xenon/usr/lib/libSDL.a(SDL_dummyaudio.o)
 .text.DUMMYAUD_GetAudioBuf
                0x0000000080016bcc       0x38 /usr/local/xenon/usr/lib/libSDL.a(SDL_dummyaudio.o)
 .text.DUMMYAUD_CloseAudio
                0x0000000080016c04       0x80 /usr/local/xenon/usr/lib/libSDL.a(SDL_dummyaudio.o)
 .text.DUMMYAUD_OpenAudio
                0x0000000080016c84      0x20c /usr/local/xenon/usr/lib/libSDL.a(SDL_dummyaudio.o)
 .text.XENON_Available
                0x0000000080016e90       0x24 /usr/local/xenon/usr/lib/libSDL.a(SDL_nullvideo.o)
 .text.XENON_DeleteDevice
                0x0000000080016eb4       0x4c /usr/local/xenon/usr/lib/libSDL.a(SDL_nullvideo.o)
 .text.XENON_CreateDevice
                0x0000000080016f00      0x298 /usr/local/xenon/usr/lib/libSDL.a(SDL_nullvideo.o)
 .text.XENON_VideoInit
                0x0000000080017198      0x260 /usr/local/xenon/usr/lib/libSDL.a(SDL_nullvideo.o)
 .text.XENON_ListModes
                0x00000000800173f8       0x34 /usr/local/xenon/usr/lib/libSDL.a(SDL_nullvideo.o)
 .text.XENON_SetVideoMode
                0x000000008001742c      0x318 /usr/local/xenon/usr/lib/libSDL.a(SDL_nullvideo.o)
 .text.XENON_AllocHWSurface
                0x0000000080017744       0x2c /usr/local/xenon/usr/lib/libSDL.a(SDL_nullvideo.o)
 .text.XENON_FlipHWSurface
                0x0000000080017770      0x484 /usr/local/xenon/usr/lib/libSDL.a(SDL_nullvideo.o)
 .text.XENON_FreeHWSurface
                0x0000000080017bf4       0x24 /usr/local/xenon/usr/lib/libSDL.a(SDL_nullvideo.o)
 .text.XENON_LockHWSurface
                0x0000000080017c18      0x1b4 /usr/local/xenon/usr/lib/libSDL.a(SDL_nullvideo.o)
 .text.XENON_UnlockHWSurface
                0x0000000080017dcc       0xa0 /usr/local/xenon/usr/lib/libSDL.a(SDL_nullvideo.o)
 .text.XENON_UpdateRects
                0x0000000080017e6c      0x490 /usr/local/xenon/usr/lib/libSDL.a(SDL_nullvideo.o)
 .text.XENON_SetColors
                0x00000000800182fc       0x34 /usr/local/xenon/usr/lib/libSDL.a(SDL_nullvideo.o)
 .text.XENON_VideoQuit
                0x0000000080018330       0x80 /usr/local/xenon/usr/lib/libSDL.a(SDL_nullvideo.o)
 .text.SDL_CreateMutex
                0x00000000800183b0       0xc0 /usr/local/xenon/usr/lib/libSDL.a(SDL_sysmutex.o)
                0x00000000800183b0                SDL_CreateMutex
 .text.SDL_DestroyMutex
                0x0000000080018470       0x6c /usr/local/xenon/usr/lib/libSDL.a(SDL_sysmutex.o)
                0x0000000080018470                SDL_DestroyMutex
 .text.SDL_mutexP
                0x00000000800184dc       0x28 /usr/local/xenon/usr/lib/libSDL.a(SDL_sysmutex.o)
                0x00000000800184dc                SDL_mutexP
 .text.SDL_mutexV
                0x0000000080018504       0x28 /usr/local/xenon/usr/lib/libSDL.a(SDL_sysmutex.o)
                0x0000000080018504                SDL_mutexV
 .text.SDL_CreateSemaphore
                0x000000008001852c       0x48 /usr/local/xenon/usr/lib/libSDL.a(SDL_syssem.o)
                0x000000008001852c                SDL_CreateSemaphore
 .text.SDL_DestroySemaphore
                0x0000000080018574       0x20 /usr/local/xenon/usr/lib/libSDL.a(SDL_syssem.o)
                0x0000000080018574                SDL_DestroySemaphore
 .text.SDL_SemWait
                0x0000000080018594       0x48 /usr/local/xenon/usr/lib/libSDL.a(SDL_syssem.o)
                0x0000000080018594                SDL_SemWait
 .text.SDL_SYS_CreateThread
                0x00000000800185dc       0x4c /usr/local/xenon/usr/lib/libSDL.a(SDL_systhread.o)
                0x00000000800185dc                SDL_SYS_CreateThread
 .text.SDL_ThreadID
                0x0000000080018628       0x24 /usr/local/xenon/usr/lib/libSDL.a(SDL_systhread.o)
                0x0000000080018628                SDL_ThreadID
 .text.SDL_SYS_WaitThread
                0x000000008001864c       0x20 /usr/local/xenon/usr/lib/libSDL.a(SDL_systhread.o)
                0x000000008001864c                SDL_SYS_WaitThread
 .text.SDL_GetTicks
                0x000000008001866c       0x3c /usr/local/xenon/usr/lib/libSDL.a(SDL_systimer.o)
                0x000000008001866c                SDL_GetTicks
 .text.SDL_Delay
                0x00000000800186a8       0x38 /usr/local/xenon/usr/lib/libSDL.a(SDL_systimer.o)
                0x00000000800186a8                SDL_Delay
 .text          0x00000000800186e0      0x1d0 /usr/local/xenon/usr/lib/libSDL.a(shader_sdl.o)
                0x00000000800186e0                prim_textured_vertex_shader
                0x00000000800187d0                prim_textured_pixel_shader
 .text.SDL_AppActiveInit
                0x00000000800188b0       0x34 /usr/local/xenon/usr/lib/libSDL.a(SDL_active.o)
                0x00000000800188b0                SDL_AppActiveInit
 .text.SDL_AppActiveQuit
                0x00000000800188e4       0x1c /usr/local/xenon/usr/lib/libSDL.a(SDL_active.o)
                0x00000000800188e4                SDL_AppActiveQuit
 .text.SDL_PrivateResize
                0x0000000080018900      0x1e0 /usr/local/xenon/usr/lib/libSDL.a(SDL_resize.o)
                0x0000000080018900                SDL_PrivateResize
 .text.RLEClipBlit
                0x0000000080018ae0     0x30e0 /usr/local/xenon/usr/lib/libSDL.a(SDL_RLEaccel.o)
 .text.SDL_RLEBlit
                0x000000008001bbc0     0x29e4 /usr/local/xenon/usr/lib/libSDL.a(SDL_RLEaccel.o)
                0x000000008001bbc0                SDL_RLEBlit
 .text.RLEAlphaClipBlit
                0x000000008001e5a4      0xd70 /usr/local/xenon/usr/lib/libSDL.a(SDL_RLEaccel.o)
 .text.SDL_RLEAlphaBlit
                0x000000008001f314      0xcb0 /usr/local/xenon/usr/lib/libSDL.a(SDL_RLEaccel.o)
                0x000000008001f314                SDL_RLEAlphaBlit
 .text.copy_opaque_16
                0x000000008001ffc4      0x208 /usr/local/xenon/usr/lib/libSDL.a(SDL_RLEaccel.o)
 .text.uncopy_opaque_16
                0x00000000800201cc      0x260 /usr/local/xenon/usr/lib/libSDL.a(SDL_RLEaccel.o)
 .text.copy_transl_565
                0x000000008002042c      0x23c /usr/local/xenon/usr/lib/libSDL.a(SDL_RLEaccel.o)
 .text.copy_transl_555
                0x0000000080020668      0x23c /usr/local/xenon/usr/lib/libSDL.a(SDL_RLEaccel.o)
 .text.uncopy_transl_16
                0x00000000800208a4      0x248 /usr/local/xenon/usr/lib/libSDL.a(SDL_RLEaccel.o)
 .text.copy_32  0x0000000080020aec      0x200 /usr/local/xenon/usr/lib/libSDL.a(SDL_RLEaccel.o)
 .text.uncopy_32
                0x0000000080020cec      0x228 /usr/local/xenon/usr/lib/libSDL.a(SDL_RLEaccel.o)
 .text.RLEAlphaSurface
                0x0000000080020f14      0xd04 /usr/local/xenon/usr/lib/libSDL.a(SDL_RLEaccel.o)
 .text.getpix_8
                0x0000000080021c18       0x34 /usr/local/xenon/usr/lib/libSDL.a(SDL_RLEaccel.o)
 .text.getpix_16
                0x0000000080021c4c       0x34 /usr/local/xenon/usr/lib/libSDL.a(SDL_RLEaccel.o)
 .text.getpix_24
                0x0000000080021c80       0x70 /usr/local/xenon/usr/lib/libSDL.a(SDL_RLEaccel.o)
 .text.getpix_32
                0x0000000080021cf0       0x30 /usr/local/xenon/usr/lib/libSDL.a(SDL_RLEaccel.o)
 .text.RLEColorkeySurface
                0x0000000080021d20      0x7f8 /usr/local/xenon/usr/lib/libSDL.a(SDL_RLEaccel.o)
 .text.SDL_RLESurface
                0x0000000080022518      0x1b4 /usr/local/xenon/usr/lib/libSDL.a(SDL_RLEaccel.o)
                0x0000000080022518                SDL_RLESurface
 .text.UnRLEAlpha
                0x00000000800226cc      0x394 /usr/local/xenon/usr/lib/libSDL.a(SDL_RLEaccel.o)
 .text.SDL_UnRLESurface
                0x0000000080022a60      0x2b4 /usr/local/xenon/usr/lib/libSDL.a(SDL_RLEaccel.o)
                0x0000000080022a60                SDL_UnRLESurface
 .text.SDL_SoftBlit
                0x0000000080022d14      0x3d8 /usr/local/xenon/usr/lib/libSDL.a(SDL_blit.o)
 .text.SDL_BlitCopy
                0x00000000800230ec      0x124 /usr/local/xenon/usr/lib/libSDL.a(SDL_blit.o)
 .text.SDL_BlitCopyOverlap
                0x0000000080023210      0x1e0 /usr/local/xenon/usr/lib/libSDL.a(SDL_blit.o)
 .text.SDL_CalculateBlit
                0x00000000800233f0      0x79c /usr/local/xenon/usr/lib/libSDL.a(SDL_blit.o)
                0x00000000800233f0                SDL_CalculateBlit
 .text.BlitBto1
                0x0000000080023b8c      0x2b0 /usr/local/xenon/usr/lib/libSDL.a(SDL_blit_0.o)
 .text.BlitBto2
                0x0000000080023e3c      0x1c4 /usr/local/xenon/usr/lib/libSDL.a(SDL_blit_0.o)
 .text.BlitBto3
                0x0000000080024000      0x22c /usr/local/xenon/usr/lib/libSDL.a(SDL_blit_0.o)
 .text.BlitBto4
                0x000000008002422c      0x1c0 /usr/local/xenon/usr/lib/libSDL.a(SDL_blit_0.o)
 .text.BlitBto1Key
                0x00000000800243ec      0x2f0 /usr/local/xenon/usr/lib/libSDL.a(SDL_blit_0.o)
 .text.BlitBto2Key
                0x00000000800246dc      0x1f8 /usr/local/xenon/usr/lib/libSDL.a(SDL_blit_0.o)
 .text.BlitBto3Key
                0x00000000800248d4      0x1ec /usr/local/xenon/usr/lib/libSDL.a(SDL_blit_0.o)
 .text.BlitBto4Key
                0x0000000080024ac0      0x1f4 /usr/local/xenon/usr/lib/libSDL.a(SDL_blit_0.o)
 .text.BlitBtoNAlpha
                0x0000000080024cb4      0x634 /usr/local/xenon/usr/lib/libSDL.a(SDL_blit_0.o)
 .text.BlitBtoNAlphaKey
                0x00000000800252e8      0x65c /usr/local/xenon/usr/lib/libSDL.a(SDL_blit_0.o)
 .text.SDL_CalculateBlit0
                0x0000000080025944      0x170 /usr/local/xenon/usr/lib/libSDL.a(SDL_blit_0.o)
                0x0000000080025944                SDL_CalculateBlit0
 .text.Blit1to1
                0x0000000080025ab4      0x38c /usr/local/xenon/usr/lib/libSDL.a(SDL_blit_1.o)
 .text.Blit1to2
                0x0000000080025e40      0x36c /usr/local/xenon/usr/lib/libSDL.a(SDL_blit_1.o)
 .text.Blit1to3
                0x00000000800261ac      0x74c /usr/local/xenon/usr/lib/libSDL.a(SDL_blit_1.o)
 .text.Blit1to4
                0x00000000800268f8      0x398 /usr/local/xenon/usr/lib/libSDL.a(SDL_blit_1.o)
 .text.Blit1to1Key
                0x0000000080026c90      0x814 /usr/local/xenon/usr/lib/libSDL.a(SDL_blit_1.o)
 .text.Blit1to2Key
                0x00000000800274a4      0x4d8 /usr/local/xenon/usr/lib/libSDL.a(SDL_blit_1.o)
 .text.Blit1to3Key
                0x000000008002797c      0x864 /usr/local/xenon/usr/lib/libSDL.a(SDL_blit_1.o)
 .text.Blit1to4Key
                0x00000000800281e0      0x4b8 /usr/local/xenon/usr/lib/libSDL.a(SDL_blit_1.o)
 .text.Blit1toNAlpha
                0x0000000080028698     0x13c8 /usr/local/xenon/usr/lib/libSDL.a(SDL_blit_1.o)
 .text.Blit1toNAlphaKey
                0x0000000080029a60     0x2714 /usr/local/xenon/usr/lib/libSDL.a(SDL_blit_1.o)
 .text.SDL_CalculateBlit1
                0x000000008002c174      0x138 /usr/local/xenon/usr/lib/libSDL.a(SDL_blit_1.o)
                0x000000008002c174                SDL_CalculateBlit1
 .text.Blit_RGB888_index8
                0x000000008002c2ac      0xa6c /usr/local/xenon/usr/lib/libSDL.a(SDL_blit_N.o)
 .text.Blit_RGB888_RGB555
                0x000000008002cd18      0x534 /usr/local/xenon/usr/lib/libSDL.a(SDL_blit_N.o)
 .text.Blit_RGB888_RGB565
                0x000000008002d24c      0x534 /usr/local/xenon/usr/lib/libSDL.a(SDL_blit_N.o)
 .text.Blit_RGB565_32
                0x000000008002d780      0x52c /usr/local/xenon/usr/lib/libSDL.a(SDL_blit_N.o)
 .text.Blit_RGB565_ARGB8888
                0x000000008002dcac       0x40 /usr/local/xenon/usr/lib/libSDL.a(SDL_blit_N.o)
 .text.Blit_RGB565_ABGR8888
                0x000000008002dcec       0x40 /usr/local/xenon/usr/lib/libSDL.a(SDL_blit_N.o)
 .text.Blit_RGB565_RGBA8888
                0x000000008002dd2c       0x40 /usr/local/xenon/usr/lib/libSDL.a(SDL_blit_N.o)
 .text.Blit_RGB565_BGRA8888
                0x000000008002dd6c       0x40 /usr/local/xenon/usr/lib/libSDL.a(SDL_blit_N.o)
 .text.Blit_RGB888_index8_map
                0x000000008002ddac      0x618 /usr/local/xenon/usr/lib/libSDL.a(SDL_blit_N.o)
 .text.BlitNto1
                0x000000008002e3c4     0x1f40 /usr/local/xenon/usr/lib/libSDL.a(SDL_blit_N.o)
 .text.Blit4to4MaskAlpha
                0x0000000080030304      0x620 /usr/local/xenon/usr/lib/libSDL.a(SDL_blit_N.o)
 .text.BlitNtoN
                0x0000000080030924     0x2174 /usr/local/xenon/usr/lib/libSDL.a(SDL_blit_N.o)
 .text.BlitNtoNCopyAlpha
                0x0000000080032a98      0x594 /usr/local/xenon/usr/lib/libSDL.a(SDL_blit_N.o)
 .text.BlitNto1Key
                0x000000008003302c     0x20d4 /usr/local/xenon/usr/lib/libSDL.a(SDL_blit_N.o)
 .text.Blit2to2Key
                0x0000000080035100      0x488 /usr/local/xenon/usr/lib/libSDL.a(SDL_blit_N.o)
 .text.BlitNtoNKey
                0x0000000080035588     0x2270 /usr/local/xenon/usr/lib/libSDL.a(SDL_blit_N.o)
 .text.BlitNtoNKeyCopyAlpha
                0x00000000800377f8     0x2598 /usr/local/xenon/usr/lib/libSDL.a(SDL_blit_N.o)
 .text.SDL_CalculateBlitN
                0x0000000080039d90      0x688 /usr/local/xenon/usr/lib/libSDL.a(SDL_blit_N.o)
                0x0000000080039d90                SDL_CalculateBlitN
 .text.DUMMY_PumpEvents
                0x000000008003a418       0x20 /usr/local/xenon/usr/lib/libSDL.a(SDL_nullevents.o)
                0x000000008003a418                DUMMY_PumpEvents
 .text.DUMMY_InitOSKeymap
                0x000000008003a438       0x20 /usr/local/xenon/usr/lib/libSDL.a(SDL_nullevents.o)
                0x000000008003a438                DUMMY_InitOSKeymap
 .text.CPU_haveCPUID
                0x000000008003a458       0x2c /usr/local/xenon/usr/lib/libSDL.a(SDL_cpuinfo.o)
 .text.CPU_getCPUIDFeatures
                0x000000008003a484       0x2c /usr/local/xenon/usr/lib/libSDL.a(SDL_cpuinfo.o)
 .text.CPU_getCPUIDFeaturesExt
                0x000000008003a4b0       0x2c /usr/local/xenon/usr/lib/libSDL.a(SDL_cpuinfo.o)
 .text.CPU_haveRDTSC
                0x000000008003a4dc       0x54 /usr/local/xenon/usr/lib/libSDL.a(SDL_cpuinfo.o)
 .text.CPU_haveMMX
                0x000000008003a530       0x54 /usr/local/xenon/usr/lib/libSDL.a(SDL_cpuinfo.o)
 .text.CPU_haveMMXExt
                0x000000008003a584       0x54 /usr/local/xenon/usr/lib/libSDL.a(SDL_cpuinfo.o)
 .text.CPU_have3DNow
                0x000000008003a5d8       0x54 /usr/local/xenon/usr/lib/libSDL.a(SDL_cpuinfo.o)
 .text.CPU_have3DNowExt
                0x000000008003a62c       0x54 /usr/local/xenon/usr/lib/libSDL.a(SDL_cpuinfo.o)
 .text.CPU_haveSSE
                0x000000008003a680       0x54 /usr/local/xenon/usr/lib/libSDL.a(SDL_cpuinfo.o)
 .text.CPU_haveSSE2
                0x000000008003a6d4       0x54 /usr/local/xenon/usr/lib/libSDL.a(SDL_cpuinfo.o)
 .text.CPU_haveAltiVec
                0x000000008003a728       0x2c /usr/local/xenon/usr/lib/libSDL.a(SDL_cpuinfo.o)
 .text.SDL_GetCPUFeatures
                0x000000008003a754      0x1c4 /usr/local/xenon/usr/lib/libSDL.a(SDL_cpuinfo.o)
 .text.SDL_HasMMX
                0x000000008003a918       0x50 /usr/local/xenon/usr/lib/libSDL.a(SDL_cpuinfo.o)
                0x000000008003a918                SDL_HasMMX
 .text.BlitNto1SurfaceAlpha
                0x000000008003a968      0xf60 /usr/local/xenon/usr/lib/libSDL.a(SDL_blit_A.o)
 .text.BlitNto1PixelAlpha
                0x000000008003b8c8     0x10bc /usr/local/xenon/usr/lib/libSDL.a(SDL_blit_A.o)
 .text.BlitNto1SurfaceAlphaKey
                0x000000008003c984     0x1dc4 /usr/local/xenon/usr/lib/libSDL.a(SDL_blit_A.o)
 .text.BlitRGBtoRGBSurfaceAlpha128
                0x000000008003e748      0x378 /usr/local/xenon/usr/lib/libSDL.a(SDL_blit_A.o)
 .text.BlitRGBtoRGBSurfaceAlpha
                0x000000008003eac0      0x6a0 /usr/local/xenon/usr/lib/libSDL.a(SDL_blit_A.o)
 .text.BlitRGBtoRGBPixelAlpha
                0x000000008003f160      0x678 /usr/local/xenon/usr/lib/libSDL.a(SDL_blit_A.o)
 .text.Blit16to16SurfaceAlpha128
                0x000000008003f7d8      0x648 /usr/local/xenon/usr/lib/libSDL.a(SDL_blit_A.o)
 .text.Blit565to565SurfaceAlpha
                0x000000008003fe20      0x520 /usr/local/xenon/usr/lib/libSDL.a(SDL_blit_A.o)
 .text.Blit555to555SurfaceAlpha
                0x0000000080040340      0x520 /usr/local/xenon/usr/lib/libSDL.a(SDL_blit_A.o)
 .text.BlitARGBto565PixelAlpha
                0x0000000080040860      0x6d8 /usr/local/xenon/usr/lib/libSDL.a(SDL_blit_A.o)
 .text.BlitARGBto555PixelAlpha
                0x0000000080040f38      0x6d8 /usr/local/xenon/usr/lib/libSDL.a(SDL_blit_A.o)
 .text.BlitNtoNSurfaceAlpha
                0x0000000080041610     0x1934 /usr/local/xenon/usr/lib/libSDL.a(SDL_blit_A.o)
 .text.BlitNtoNSurfaceAlphaKey
                0x0000000080042f44     0x19a8 /usr/local/xenon/usr/lib/libSDL.a(SDL_blit_A.o)
 .text.BlitNtoNPixelAlpha
                0x00000000800448ec     0x1c00 /usr/local/xenon/usr/lib/libSDL.a(SDL_blit_A.o)
 .text.SDL_CalculateAlphaBlit
                0x00000000800464ec      0x3f4 /usr/local/xenon/usr/lib/libSDL.a(SDL_blit_A.o)
                0x00000000800464ec                SDL_CalculateAlphaBlit
 *fill*         0x00000000800468e0       0x20 00
 .text          0x0000000080046900      0x2f0 /usr/local/xenon/usr/lib/libxenon.a(startup_from_xell.o)
                0x0000000080046ad4                wait
                0x0000000080046900                _start
                0x0000000080046b48                return_to_xell
 .text.vfs_console_isatty
                0x0000000080046bf0        0x8 /usr/local/xenon/usr/lib/libxenon.a(newlib.o)
                0x0000000080046bf0                vfs_console_isatty
 .text.sbrk     0x0000000080046bf8       0x34 /usr/local/xenon/usr/lib/libxenon.a(newlib.o)
                0x0000000080046bf8                sbrk
 .text.getpid   0x0000000080046c2c        0x8 /usr/local/xenon/usr/lib/libxenon.a(newlib.o)
                0x0000000080046c2c                getpid
 .text.kill     0x0000000080046c34        0x8 /usr/local/xenon/usr/lib/libxenon.a(newlib.o)
                0x0000000080046c34                kill
 .text._exit    0x0000000080046c3c       0x24 /usr/local/xenon/usr/lib/libxenon.a(newlib.o)
                0x0000000080046c3c                _exit
 .text.read     0x0000000080046c60       0x88 /usr/local/xenon/usr/lib/libxenon.a(newlib.o)
                0x0000000080046c60                read
 .text.lseek    0x0000000080046ce8       0x88 /usr/local/xenon/usr/lib/libxenon.a(newlib.o)
                0x0000000080046ce8                lseek
 .text.isatty   0x0000000080046d70       0x7c /usr/local/xenon/usr/lib/libxenon.a(newlib.o)
                0x0000000080046d70                isatty
 .text.fstat    0x0000000080046dec       0x8c /usr/local/xenon/usr/lib/libxenon.a(newlib.o)
                0x0000000080046dec                fstat
 .text.write    0x0000000080046e78       0x94 /usr/local/xenon/usr/lib/libxenon.a(newlib.o)
                0x0000000080046e78                write
 .text.close    0x0000000080046f0c       0x94 /usr/local/xenon/usr/lib/libxenon.a(newlib.o)
                0x0000000080046f0c                close
 .text.vfs_console_write
                0x0000000080046fa0       0x7c /usr/local/xenon/usr/lib/libxenon.a(newlib.o)
                0x0000000080046fa0                vfs_console_write
 .text.kmeminit
                0x000000008004701c       0x38 /usr/local/xenon/usr/lib/libxenon.a(lib_malloc.o)
                0x000000008004701c                kmeminit
 .text.lib_outofmemory
                0x0000000080047054       0x28 /usr/local/xenon/usr/lib/libxenon.a(lib_malloc.o)
                0x0000000080047054                lib_outofmemory
 .text.kmalloc  0x000000008004707c      0x14c /usr/local/xenon/usr/lib/libxenon.a(lib_malloc.o)
                0x000000008004707c                kmalloc
 .text          0x00000000800471c8       0x84 /usr/local/xenon/usr/lib/libxenon.a(atomic.o)
                0x00000000800471f0                atomic_clearset
                0x0000000080047208                lock
                0x00000000800471dc                atomic_dec
                0x000000008004723c                unlock
                0x00000000800471c8                atomic_inc
 .text          0x000000008004724c       0xa8 /usr/local/xenon/usr/lib/libxenon.a(cache.o)
                0x000000008004729c                memdcbf
                0x000000008004724c                memdcbt
                0x00000000800472c4                memicbi
                0x0000000080047274                memdcbst
 .text.putch    0x00000000800472f4       0x60 /usr/local/xenon/usr/lib/libxenon.a(xenon_uart.o)
                0x00000000800472f4                putch
 .text.edram_72c
                0x0000000080047354     0x1038 /usr/local/xenon/usr/lib/libxenon.a(edram.o)
                0x0000000080047354                edram_72c
 .text.edram_974
                0x000000008004838c      0x298 /usr/local/xenon/usr/lib/libxenon.a(edram.o)
                0x000000008004838c                edram_974
 .text.edram_9e4
                0x0000000080048624      0xdf4 /usr/local/xenon/usr/lib/libxenon.a(edram.o)
                0x0000000080048624                edram_9e4
 .text.edram_4c
                0x0000000080049418     0x2ffc /usr/local/xenon/usr/lib/libxenon.a(edram.o)
                0x0000000080049418                edram_4c
 .text.edram_write
                0x000000008004c414       0xb4 /usr/local/xenon/usr/lib/libxenon.a(edram.o)
 .text.edram_read
                0x000000008004c4c8       0x98 /usr/local/xenon/usr/lib/libxenon.a(edram.o)
 .text.edram_rmw
                0x000000008004c560       0x64 /usr/local/xenon/usr/lib/libxenon.a(edram.o)
 .text.edram_p3
                0x000000008004c5c4       0xb8 /usr/local/xenon/usr/lib/libxenon.a(edram.o)
                0x000000008004c5c4                edram_p3
 .text.edram_compare_crc
                0x000000008004c67c      0x144 /usr/local/xenon/usr/lib/libxenon.a(edram.o)
                0x000000008004c67c                edram_compare_crc
 .text.edram_pc
                0x000000008004c7c0       0xac /usr/local/xenon/usr/lib/libxenon.a(edram.o)
                0x000000008004c7c0                edram_pc
 .text.edram_p4
                0x000000008004c86c       0xa4 /usr/local/xenon/usr/lib/libxenon.a(edram.o)
                0x000000008004c86c                edram_p4
 .text.edram_p2
                0x000000008004c910      0xe00 /usr/local/xenon/usr/lib/libxenon.a(edram.o)
                0x000000008004c910                edram_p2
 .text.edram_init_state1
                0x000000008004d710      0x1c8 /usr/local/xenon/usr/lib/libxenon.a(edram.o)
                0x000000008004d710                edram_init_state1
 .text.edram_init
                0x000000008004d8d8      0x9d8 /usr/local/xenon/usr/lib/libxenon.a(edram.o)
                0x000000008004d8d8                edram_init
 .text.Xe_pInvalidateGpuCache_Primary
                0x000000008004e2b0      0x1ec /usr/local/xenon/usr/lib/libxenon.a(xe.o)
                0x000000008004e2b0                Xe_pInvalidateGpuCache_Primary
 .text.Xe_pSetSurfaceClip
                0x000000008004e49c       0x60 /usr/local/xenon/usr/lib/libxenon.a(xe.o)
                0x000000008004e49c                Xe_pSetSurfaceClip
 .text.Xe_pDrawNonIndexed
                0x000000008004e4fc       0x4c /usr/local/xenon/usr/lib/libxenon.a(xe.o)
                0x000000008004e4fc                Xe_pDrawNonIndexed
 .text.Xe_pSetupRingbuffer
                0x000000008004e548       0x40 /usr/local/xenon/usr/lib/libxenon.a(xe.o)
                0x000000008004e548                Xe_pSetupRingbuffer
 .text.Xe_pGInit0
                0x000000008004e588      0x72c /usr/local/xenon/usr/lib/libxenon.a(xe.o)
                0x000000008004e588                Xe_pGInit0
 .text.Xe_pGInit1
                0x000000008004ecb4      0x11c /usr/local/xenon/usr/lib/libxenon.a(xe.o)
                0x000000008004ecb4                Xe_pGInit1
 .text.Xe_pGInit3
                0x000000008004edd0       0x50 /usr/local/xenon/usr/lib/libxenon.a(xe.o)
                0x000000008004edd0                Xe_pGInit3
 .text.Xe_pGInit4
                0x000000008004ee20       0x98 /usr/local/xenon/usr/lib/libxenon.a(xe.o)
                0x000000008004ee20                Xe_pGInit4
 .text.Xe_pGInit5
                0x000000008004eeb8      0x1b4 /usr/local/xenon/usr/lib/libxenon.a(xe.o)
                0x000000008004eeb8                Xe_pGInit5
 .text.Xe_pGInit6
                0x000000008004f06c       0xe0 /usr/local/xenon/usr/lib/libxenon.a(xe.o)
                0x000000008004f06c                Xe_pGInit6
 .text.Xe_pGInit7
                0x000000008004f14c       0x50 /usr/local/xenon/usr/lib/libxenon.a(xe.o)
                0x000000008004f14c                Xe_pGInit7
 .text.Xe_pGInit8
                0x000000008004f19c       0x1c /usr/local/xenon/usr/lib/libxenon.a(xe.o)
                0x000000008004f19c                Xe_pGInit8
 .text.Xe_pGInit9
                0x000000008004f1b8      0x108 /usr/local/xenon/usr/lib/libxenon.a(xe.o)
                0x000000008004f1b8                Xe_pGInit9
 .text.Xe_pGInit10
                0x000000008004f2c0       0xa4 /usr/local/xenon/usr/lib/libxenon.a(xe.o)
                0x000000008004f2c0                Xe_pGInit10
 .text.Xe_pGInit
                0x000000008004f364      0x1d8 /usr/local/xenon/usr/lib/libxenon.a(xe.o)
                0x000000008004f364                Xe_pGInit
 .text.Xe_DirtyFetch
                0x000000008004f53c       0x64 /usr/local/xenon/usr/lib/libxenon.a(xe.o)
                0x000000008004f53c                Xe_DirtyFetch
 .text.Xe_pInvalidateGpuCache
                0x000000008004f5a0       0xf4 /usr/local/xenon/usr/lib/libxenon.a(xe.o)
                0x000000008004f5a0                Xe_pInvalidateGpuCache
 .text.Xe_pInvalidateGpuCacheAll
                0x000000008004f694       0xf8 /usr/local/xenon/usr/lib/libxenon.a(xe.o)
                0x000000008004f694                Xe_pInvalidateGpuCacheAll
 .text.Xe_SetRenderTarget
                0x000000008004f78c       0x5c /usr/local/xenon/usr/lib/libxenon.a(xe.o)
                0x000000008004f78c                Xe_SetRenderTarget
 .text.Xe_pSetEDRAMLayout
                0x000000008004f7e8       0x78 /usr/local/xenon/usr/lib/libxenon.a(xe.o)
                0x000000008004f7e8                Xe_pSetEDRAMLayout
 .text.Xe_pStuff
                0x000000008004f860       0xa8 /usr/local/xenon/usr/lib/libxenon.a(xe.o)
                0x000000008004f860                Xe_pStuff
 .text.Xe_GetFramebufferSurface
                0x000000008004f908        0x8 /usr/local/xenon/usr/lib/libxenon.a(xe.o)
                0x000000008004f908                Xe_GetFramebufferSurface
 .text.Xe_pInitControl
                0x000000008004f910       0x90 /usr/local/xenon/usr/lib/libxenon.a(xe.o)
                0x000000008004f910                Xe_pInitControl
 .text.Xe_InvalidateState
                0x000000008004f9a0       0x14 /usr/local/xenon/usr/lib/libxenon.a(xe.o)
                0x000000008004f9a0                Xe_InvalidateState
 .text.Xe_SetClearColor
                0x000000008004f9b4        0x8 /usr/local/xenon/usr/lib/libxenon.a(xe.o)
                0x000000008004f9b4                Xe_SetClearColor
 .text.Xe_VBPoolAdd
                0x000000008004f9bc       0x24 /usr/local/xenon/usr/lib/libxenon.a(xe.o)
                0x000000008004f9bc                Xe_VBPoolAdd
 .text.Xe_IsVBlank
                0x000000008004f9e0       0x10 /usr/local/xenon/usr/lib/libxenon.a(xe.o)
                0x000000008004f9e0                Xe_IsVBlank
 .text.Xe_SetShader
                0x000000008004f9f0       0xb0 /usr/local/xenon/usr/lib/libxenon.a(xe.o)
                0x000000008004f9f0                Xe_SetShader
 .text.Xe_SetCullMode
                0x000000008004faa0       0x60 /usr/local/xenon/usr/lib/libxenon.a(xe.o)
                0x000000008004faa0                Xe_SetCullMode
 .text.Xe_SetBlendOp
                0x000000008004fb00       0x68 /usr/local/xenon/usr/lib/libxenon.a(xe.o)
                0x000000008004fb00                Xe_SetBlendOp
 .text.Xe_SetDestBlend
                0x000000008004fb68       0x68 /usr/local/xenon/usr/lib/libxenon.a(xe.o)
                0x000000008004fb68                Xe_SetDestBlend
 .text.Xe_SetSrcBlend
                0x000000008004fbd0       0x60 /usr/local/xenon/usr/lib/libxenon.a(xe.o)
                0x000000008004fbd0                Xe_SetSrcBlend
 .text.Xe_pDrawIndexedPrimitive
                0x000000008004fc30       0xc8 /usr/local/xenon/usr/lib/libxenon.a(xe.o)
                0x000000008004fc30                Xe_pDrawIndexedPrimitive
 .text.Xe_pUploadControl
                0x000000008004fcf8       0x84 /usr/local/xenon/usr/lib/libxenon.a(xe.o)
                0x000000008004fcf8                Xe_pUploadControl
 .text.Xe_pUploadIntegerConstants
                0x000000008004fd7c       0x90 /usr/local/xenon/usr/lib/libxenon.a(xe.o)
                0x000000008004fd7c                Xe_pUploadIntegerConstants
 .text.Xe_pUploadClipPlane
                0x000000008004fe0c       0x90 /usr/local/xenon/usr/lib/libxenon.a(xe.o)
                0x000000008004fe0c                Xe_pUploadClipPlane
 .text.Xe_pUploadFetchConstants
                0x000000008004fe9c      0x170 /usr/local/xenon/usr/lib/libxenon.a(xe.o)
                0x000000008004fe9c                Xe_pUploadFetchConstants
 .text.Xe_pUploadALUConstants
                0x000000008005000c      0x164 /usr/local/xenon/usr/lib/libxenon.a(xe.o)
                0x000000008005000c                Xe_pUploadALUConstants
 .text.Xe_pUploadShaderConstants
                0x0000000080050170      0x154 /usr/local/xenon/usr/lib/libxenon.a(xe.o)
                0x0000000080050170                Xe_pUploadShaderConstants
 .text.Xe_pUploadShader
                0x00000000800502c4      0x15c /usr/local/xenon/usr/lib/libxenon.a(xe.o)
                0x00000000800502c4                Xe_pUploadShader
 .text.Xe_pSetState
                0x0000000080050420      0x3c8 /usr/local/xenon/usr/lib/libxenon.a(xe.o)
                0x0000000080050420                Xe_pSetState
 .text.Xe_Fatal
                0x00000000800507e8       0x90 /usr/local/xenon/usr/lib/libxenon.a(xe.o)
                0x00000000800507e8                Xe_Fatal
 .text.Xe_SetStreamSource
                0x0000000080050878       0x7c /usr/local/xenon/usr/lib/libxenon.a(xe.o)
                0x0000000080050878                Xe_SetStreamSource
 .text.Xe_Draw  0x00000000800508f4      0x178 /usr/local/xenon/usr/lib/libxenon.a(xe.o)
                0x00000000800508f4                Xe_Draw
 .text.Xe_VBBegin
                0x0000000080050a6c       0x4c /usr/local/xenon/usr/lib/libxenon.a(xe.o)
                0x0000000080050a6c                Xe_VBBegin
 .text.Xe_pVBFNrComponents
                0x0000000080050ab8       0x70 /usr/local/xenon/usr/lib/libxenon.a(xe.o)
                0x0000000080050ab8                Xe_pVBFNrComponents
 .text.Xe_VBFCalcSize
                0x0000000080050b28       0x78 /usr/local/xenon/usr/lib/libxenon.a(xe.o)
                0x0000000080050b28                Xe_VBFCalcSize
 .text.Xe_VBFCalcStride
                0x0000000080050ba0       0x7c /usr/local/xenon/usr/lib/libxenon.a(xe.o)
                0x0000000080050ba0                Xe_VBFCalcStride
 .text.Xe_LoadShaderFromMemory
                0x0000000080050c1c       0x88 /usr/local/xenon/usr/lib/libxenon.a(xe.o)
                0x0000000080050c1c                Xe_LoadShaderFromMemory
 .text.Xe_pWaitReady
                0x0000000080050ca4       0x54 /usr/local/xenon/usr/lib/libxenon.a(xe.o)
                0x0000000080050ca4                Xe_pWaitReady
 .text.TEXTURE_FETCH
                0x0000000080050cf8      0x108 /usr/local/xenon/usr/lib/libxenon.a(xe.o)
                0x0000000080050cf8                TEXTURE_FETCH
 .text.Xe_SetTexture
                0x0000000080050e00       0xb0 /usr/local/xenon/usr/lib/libxenon.a(xe.o)
                0x0000000080050e00                Xe_SetTexture
 .text.Xe_pResetCP
                0x0000000080050eb0      0x134 /usr/local/xenon/usr/lib/libxenon.a(xe.o)
                0x0000000080050eb0                Xe_pResetCP
 .text.Xe_pLoadUcodes
                0x0000000080050fe4      0x130 /usr/local/xenon/usr/lib/libxenon.a(xe.o)
                0x0000000080050fe4                Xe_pLoadUcodes
 .text.Xe_pSetup
                0x0000000080051114       0xe4 /usr/local/xenon/usr/lib/libxenon.a(xe.o)
                0x0000000080051114                Xe_pSetup
 .text.Xe_pMasterInit
                0x00000000800511f8       0xe0 /usr/local/xenon/usr/lib/libxenon.a(xe.o)
                0x00000000800511f8                Xe_pMasterInit
 .text.Xe_pAlloc
                0x00000000800512d8       0x7c /usr/local/xenon/usr/lib/libxenon.a(xe.o)
                0x00000000800512d8                Xe_pAlloc
 .text.Xe_CreateTexture
                0x0000000080051354      0x124 /usr/local/xenon/usr/lib/libxenon.a(xe.o)
                0x0000000080051354                Xe_CreateTexture
 .text.Xe_CreateVertexBuffer
                0x0000000080051478       0x9c /usr/local/xenon/usr/lib/libxenon.a(xe.o)
                0x0000000080051478                Xe_CreateVertexBuffer
 .text.Xe_VBPoolAlloc
                0x0000000080051514       0x4c /usr/local/xenon/usr/lib/libxenon.a(xe.o)
                0x0000000080051514                Xe_VBPoolAlloc
 .text.Xe_VBPut
                0x0000000080051560      0x140 /usr/local/xenon/usr/lib/libxenon.a(xe.o)
                0x0000000080051560                Xe_VBPut
 .text.Xe_pRBAlloc
                0x00000000800516a0       0x5c /usr/local/xenon/usr/lib/libxenon.a(xe.o)
                0x00000000800516a0                Xe_pRBAlloc
 .text.Xe_pSyncFromDevice
                0x00000000800516fc       0x28 /usr/local/xenon/usr/lib/libxenon.a(xe.o)
                0x00000000800516fc                Xe_pSyncFromDevice
 .text.Xe_Init  0x0000000080051724      0x194 /usr/local/xenon/usr/lib/libxenon.a(xe.o)
                0x0000000080051724                Xe_Init
 .text.Xe_pLock
                0x00000000800518b8       0xb0 /usr/local/xenon/usr/lib/libxenon.a(xe.o)
                0x00000000800518b8                Xe_pLock
 .text.Xe_Surface_LockRect
                0x0000000080051968       0x90 /usr/local/xenon/usr/lib/libxenon.a(xe.o)
                0x0000000080051968                Xe_Surface_LockRect
 .text.Xe_pSyncToDevice
                0x00000000800519f8       0x28 /usr/local/xenon/usr/lib/libxenon.a(xe.o)
                0x00000000800519f8                Xe_pSyncToDevice
 .text.Xe_VBEnd
                0x0000000080051a20       0x84 /usr/local/xenon/usr/lib/libxenon.a(xe.o)
                0x0000000080051a20                Xe_VBEnd
 .text.Xe_ResolveInto
                0x0000000080051aa4      0x8f4 /usr/local/xenon/usr/lib/libxenon.a(xe.o)
                0x0000000080051aa4                Xe_ResolveInto
 .text.Xe_Resolve
                0x0000000080052398       0x10 /usr/local/xenon/usr/lib/libxenon.a(xe.o)
                0x0000000080052398                Xe_Resolve
 .text.Xe_InstantiateShader
                0x00000000800523a8      0x104 /usr/local/xenon/usr/lib/libxenon.a(xe.o)
                0x00000000800523a8                Xe_InstantiateShader
 .text.Xe_pUnlock
                0x00000000800524ac       0x80 /usr/local/xenon/usr/lib/libxenon.a(xe.o)
                0x00000000800524ac                Xe_pUnlock
 .text.Xe_Surface_Unlock
                0x000000008005252c        0x8 /usr/local/xenon/usr/lib/libxenon.a(xe.o)
                0x000000008005252c                Xe_Surface_Unlock
 .text.Xe_ShaderApplyVFetchPatches
                0x0000000080052534      0x320 /usr/local/xenon/usr/lib/libxenon.a(xe.o)
                0x0000000080052534                Xe_ShaderApplyVFetchPatches
 .text.Xe_pRBKickSegment
                0x0000000080052854       0xf0 /usr/local/xenon/usr/lib/libxenon.a(xe.o)
                0x0000000080052854                Xe_pRBKickSegment
 .text.Xe_pRBCommitPrimary
                0x0000000080052944       0x8c /usr/local/xenon/usr/lib/libxenon.a(xe.o)
                0x0000000080052944                Xe_pRBCommitPrimary
 .text.Xe_pRBKick
                0x00000000800529d0       0x90 /usr/local/xenon/usr/lib/libxenon.a(xe.o)
                0x00000000800529d0                Xe_pRBKick
 .text.Xe_Execute
                0x0000000080052a60       0x30 /usr/local/xenon/usr/lib/libxenon.a(xe.o)
                0x0000000080052a60                Xe_Execute
 .text.Xe_pDebugSync
                0x0000000080052a90       0xbc /usr/local/xenon/usr/lib/libxenon.a(xe.o)
                0x0000000080052a90                Xe_pDebugSync
 .text.Xe_Sync  0x0000000080052b4c       0x58 /usr/local/xenon/usr/lib/libxenon.a(xe.o)
                0x0000000080052b4c                Xe_Sync
 .text.xenos_read32
                0x0000000080052ba4       0x24 /usr/local/xenon/usr/lib/libxenon.a(xenos.o)
                0x0000000080052ba4                xenos_read32
 .text.xenos_write32
                0x0000000080052bc8       0x24 /usr/local/xenon/usr/lib/libxenon.a(xenos.o)
                0x0000000080052bc8                xenos_write32
 .text.read32n  0x0000000080052bec        0x8 /usr/local/xenon/usr/lib/libxenon.a(io.o)
                0x0000000080052bec                read32n
 .text.write32n
                0x0000000080052bf4        0x8 /usr/local/xenon/usr/lib/libxenon.a(io.o)
                0x0000000080052bf4                write32n
 .text.udelay   0x0000000080052bfc       0x4c /usr/local/xenon/usr/lib/libxenon.a(time.o)
                0x0000000080052bfc                udelay
 .text          0x0000000080052c48       0x1c /usr/local/xenon/xenon/lib/32/libc.a(lib_a-abort.o)
                0x0000000080052c48                abort
 *fill*         0x0000000080052c64        0x4 00
 .text          0x0000000080052c68       0x88 /usr/local/xenon/xenon/lib/32/libc.a(lib_a-assert.o)
                0x0000000080052c6c                __assert_func
                0x0000000080052cd8                __assert
 .text          0x0000000080052cf0       0x40 /usr/local/xenon/xenon/lib/32/libc.a(lib_a-errno.o)
                0x0000000080052cf4                __errno
 .text          0x0000000080052d30      0x1b8 /usr/local/xenon/xenon/lib/32/libc.a(lib_a-fclose.o)
                0x0000000080052d30                _fclose_r
                0x0000000080052ea4                fclose
 .text          0x0000000080052ee8      0x2ec /usr/local/xenon/xenon/lib/32/libc.a(lib_a-fflush.o)
                0x0000000080053164                fflush
                0x0000000080052ee8                _fflush_r
 *fill*         0x00000000800531d4        0x4 00
 .text          0x00000000800531d8      0x49c /usr/local/xenon/xenon/lib/32/libc.a(lib_a-findfp.o)
                0x00000000800533d4                __sinit
                0x0000000080053488                __sfmoreglue
                0x00000000800532ec                _cleanup
                0x00000000800532ac                _cleanup_r
                0x000000008005325c                __fp_lock_all
                0x00000000800531d8                __sfp_lock_acquire
                0x000000008005350c                __sfp
                0x00000000800531f0                __sinit_lock_release
                0x000000008005320c                __fp_unlock_all
                0x00000000800531e0                __sfp_lock_release
                0x00000000800531e8                __sinit_lock_acquire
 *fill*         0x0000000080053674        0x4 00
 .text          0x0000000080053678      0x12c /usr/local/xenon/xenon/lib/32/libc.a(lib_a-fiprintf.o)
                0x0000000080053728                _fiprintf_r
                0x000000008005367c                fiprintf
 *fill*         0x00000000800537a4        0x4 00
 .text          0x00000000800537a8      0x428 /usr/local/xenon/xenon/lib/32/libc.a(lib_a-freer.o)
                0x000000008005390c                _free_r
                0x00000000800537ac                _malloc_trim_r
 .text          0x0000000080053bd0       0x9c /usr/local/xenon/xenon/lib/32/libc.a(lib_a-fstatr.o)
                0x0000000080053bd4                _fstat_r
 *fill*         0x0000000080053c6c        0x4 00
 .text          0x0000000080053c70      0x18c /usr/local/xenon/xenon/lib/32/libc.a(lib_a-fwalk.o)
                0x0000000080053d40                _fwalk
                0x0000000080053c70                _fwalk_reent
 *fill*         0x0000000080053dfc        0x4 00
 .text          0x0000000080053e00      0x22c /usr/local/xenon/xenon/lib/32/libc.a(lib_a-makebuf.o)
                0x0000000080053e04                __smakebuf_r
 *fill*         0x000000008005402c        0x4 00
 .text          0x0000000080054030       0x90 /usr/local/xenon/xenon/lib/32/libc.a(lib_a-malloc.o)
                0x000000008005407c                malloc
                0x0000000080054034                free
 .text          0x00000000800540c0      0x880 /usr/local/xenon/xenon/lib/32/libc.a(lib_a-mallocr.o)
                0x00000000800540c4                _malloc_r
 .text          0x0000000080054940      0x128 /usr/local/xenon/xenon/lib/32/libc.a(lib_a-memchr.o)
                0x0000000080054940                memchr
 .text          0x0000000080054a68      0x12c /usr/local/xenon/xenon/lib/32/libc.a(lib_a-memcpy.o)
                0x0000000080054a68                memcpy
 *fill*         0x0000000080054b94        0x4 00
 .text          0x0000000080054b98      0x138 /usr/local/xenon/xenon/lib/32/libc.a(lib_a-memset.o)
                0x0000000080054b98                memset
 .text          0x0000000080054cd0        0xc /usr/local/xenon/xenon/lib/32/libc.a(lib_a-mlock.o)
                0x0000000080054cd8                __malloc_unlock
                0x0000000080054cd0                __malloc_lock
 *fill*         0x0000000080054cdc        0x4 00
 .text          0x0000000080054ce0      0x140 /usr/local/xenon/xenon/lib/32/libc.a(lib_a-printf.o)
                0x0000000080054ce4                printf
                0x0000000080054d98                _printf_r
 .text          0x0000000080054e20      0x130 /usr/local/xenon/xenon/lib/32/libc.a(lib_a-puts.o)
                0x0000000080054e24                _puts_r
                0x0000000080054f0c                puts
 .text          0x0000000080054f50       0x94 /usr/local/xenon/xenon/lib/32/libc.a(lib_a-sbrkr.o)
                0x0000000080054f54                _sbrk_r
 *fill*         0x0000000080054fe4        0x4 00
 .text          0x0000000080054fe8      0x3dc /usr/local/xenon/xenon/lib/32/libc.a(lib_a-signal.o)
                0x00000000800552e8                _signal_r
                0x0000000080054fe8                _raise_r
                0x00000000800551e0                __sigtramp_r
                0x000000008005537c                signal
                0x000000008005519c                _init_signal
                0x0000000080055118                _init_signal_r
                0x00000000800552a4                __sigtramp
                0x00000000800550d4                raise
 *fill*         0x00000000800553c4        0x4 00
 .text          0x00000000800553c8       0xbc /usr/local/xenon/xenon/lib/32/libc.a(lib_a-signalr.o)
                0x00000000800553ec                _kill_r
                0x00000000800553c8                _getpid_r
 *fill*         0x0000000080055484        0x4 00
 .text          0x0000000080055488      0x1a8 /usr/local/xenon/xenon/lib/32/libc.a(lib_a-stdio.o)
                0x00000000800554b0                __sseek
                0x00000000800555c8                __sread
                0x0000000080055488                __sclose
                0x0000000080055520                __swrite
 .text          0x0000000080055630       0xe8 /usr/local/xenon/xenon/lib/32/libc.a(lib_a-strcmp.o)
                0x0000000080055630                strcmp
 .text          0x0000000080055718       0xb4 /usr/local/xenon/xenon/lib/32/libc.a(lib_a-strlen.o)
                0x0000000080055718                strlen
 *fill*         0x00000000800557cc        0x4 00
 .text          0x00000000800557d0     0x1224 /usr/local/xenon/xenon/lib/32/libc.a(lib_a-vfiprintf.o)
                0x00000000800569a4                vfiprintf
                0x000000008005583c                _vfiprintf_r
 *fill*         0x00000000800569f4        0x4 00
 .text          0x00000000800569f8     0x1ffc /usr/local/xenon/xenon/lib/32/libc.a(lib_a-vfprintf.o)
                0x0000000080056a64                _vfprintf_r
                0x00000000800589a4                vfprintf
 *fill*         0x00000000800589f4        0x4 00
 .text          0x00000000800589f8       0x80 /usr/local/xenon/xenon/lib/32/libc.a(lib_a-vprintf.o)
                0x0000000080058a2c                vprintf
                0x00000000800589f8                _vprintf_r
 .text          0x0000000080058a78       0x9c /usr/local/xenon/xenon/lib/32/libc.a(lib_a-writer.o)
                0x0000000080058a7c                _write_r
 *fill*         0x0000000080058b14        0x4 00
 .text          0x0000000080058b18      0x1a8 /usr/local/xenon/xenon/lib/32/libc.a(lib_a-wsetup.o)
                0x0000000080058b1c                __swsetup_r
 .text          0x0000000080058cc0       0x94 /usr/local/xenon/xenon/lib/32/libc.a(lib_a-closer.o)
                0x0000000080058cc4                _close_r
 *fill*         0x0000000080058d54        0x4 00
 .text          0x0000000080058d58     0x144c /usr/local/xenon/xenon/lib/32/libc.a(lib_a-dtoa.o)
                0x0000000080058f94                _dtoa_r
 *fill*         0x000000008005a1a4        0x4 00
 .text          0x000000008005a1a8      0x58c /usr/local/xenon/xenon/lib/32/libc.a(lib_a-fvwrite.o)
                0x000000008005a1a8                __sfvwrite_r
 *fill*         0x000000008005a734        0x4 00
 .text          0x000000008005a738       0x94 /usr/local/xenon/xenon/lib/32/libc.a(lib_a-isattyr.o)
                0x000000008005a73c                _isatty_r
 *fill*         0x000000008005a7cc        0x4 00
 .text          0x000000008005a7d0      0x1ec /usr/local/xenon/xenon/lib/32/libc.a(lib_a-locale.o)
                0x000000008005a89c                _setlocale_r
                0x000000008005a7d4                __locale_charset
                0x000000008005a814                _localeconv_r
                0x000000008005a974                setlocale
                0x000000008005a854                localeconv
 *fill*         0x000000008005a9bc        0x4 00
 .text          0x000000008005a9c0       0x9c /usr/local/xenon/xenon/lib/32/libc.a(lib_a-lseekr.o)
                0x000000008005a9c4                _lseek_r
 *fill*         0x000000008005aa5c        0x4 00
 .text          0x000000008005aa60      0x16c /usr/local/xenon/xenon/lib/32/libc.a(lib_a-memmove.o)
                0x000000008005aa60                memmove
 *fill*         0x000000008005abcc        0x4 00
 .text          0x000000008005abd0     0x1334 /usr/local/xenon/xenon/lib/32/libc.a(lib_a-mprec.o)
                0x000000008005b11c                _mprec_log10
                0x000000008005b228                __any_on
                0x000000008005b2d0                _Balloc
                0x000000008005b030                __ratio
                0x000000008005bb00                __i2b
                0x000000008005aea0                __b2d
                0x000000008005bdd0                __s2b
                0x000000008005ad60                __mcmp
                0x000000008005abf8                __hi0bits
                0x000000008005bc6c                __pow5mult
                0x000000008005b718                __lshift
                0x000000008005b8a8                __multiply
                0x000000008005b390                __d2b
                0x000000008005b198                __copybits
                0x000000008005adf0                __ulp
                0x000000008005b540                __mdiff
                0x000000008005ac70                __lo0bits
                0x000000008005bb40                __multadd
                0x000000008005abd0                _Bfree
 *fill*         0x000000008005bf04        0x4 00
 .text          0x000000008005bf08       0x9c /usr/local/xenon/xenon/lib/32/libc.a(lib_a-readr.o)
                0x000000008005bf0c                _read_r
 *fill*         0x000000008005bfa4        0x4 00
 .text          0x000000008005bfa8      0x650 /usr/local/xenon/xenon/lib/32/libc.a(lib_a-reallocr.o)
                0x000000008005bfac                _realloc_r
 .text          0x000000008005c5f8       0x44 /usr/local/xenon/xenon/lib/32/libc.a(lib_a-s_isinfd.o)
                0x000000008005c5f8                __isinfd
 *fill*         0x000000008005c63c        0x4 00
 .text          0x000000008005c640       0x38 /usr/local/xenon/xenon/lib/32/libc.a(lib_a-s_isnand.o)
                0x000000008005c640                __isnand
 .text          0x000000008005c678       0xd0 /usr/local/xenon/xenon/lib/32/libc.a(lib_a-callocr.o)
                0x000000008005c678                _calloc_r
 *(.init*)

.elfldr         0x000000008005c748        0x0
                0x000000008005c748                elfldr_start = .
 *(.elfldr)
                0x000000008005c748                elfldr_end = .

.data           0x000000008005c748     0x3e24
 *(.data*)
 .data.bootstrap
                0x000000008005c748        0x8 /usr/local/xenon/usr/lib/libSDL.a(SDL_audio.o)
 .data.default_cdata
                0x000000008005c750       0x20 /usr/local/xenon/usr/lib/libSDL.a(SDL_cursor.o)
 .data.default_cmask
                0x000000008005c770       0x20 /usr/local/xenon/usr/lib/libSDL.a(SDL_cursor.o)
 .data.palette_changed
                0x000000008005c790        0x4 /usr/local/xenon/usr/lib/libSDL.a(SDL_cursor.o)
 .data.bootstrap
                0x000000008005c794        0x8 /usr/local/xenon/usr/lib/libSDL.a(SDL_video.o)
 .data.SDL_closest_depths
                0x000000008005c79c       0x20 /usr/local/xenon/usr/lib/libSDL.a(SDL_video.o)
 .data.DUMMYAUD_bootstrap
                0x000000008005c7bc       0x10 /usr/local/xenon/usr/lib/libSDL.a(SDL_dummyaudio.o)
                0x000000008005c7bc                DUMMYAUD_bootstrap
 .data.XENON_bootstrap
                0x000000008005c7cc       0x10 /usr/local/xenon/usr/lib/libSDL.a(SDL_nullvideo.o)
                0x000000008005c7cc                XENON_bootstrap
 .data.vid_modes
                0x000000008005c7dc       0x20 /usr/local/xenon/usr/lib/libSDL.a(SDL_nullvideo.o)
 .data.getpixes
                0x000000008005c7fc       0x10 /usr/local/xenon/usr/lib/libSDL.a(SDL_RLEaccel.o)
 .data.bitmap_blit
                0x000000008005c80c       0x14 /usr/local/xenon/usr/lib/libSDL.a(SDL_blit_0.o)
 .data.colorkey_blit
                0x000000008005c820       0x14 /usr/local/xenon/usr/lib/libSDL.a(SDL_blit_0.o)
 .data.one_blit
                0x000000008005c834       0x14 /usr/local/xenon/usr/lib/libSDL.a(SDL_blit_1.o)
 .data.one_blitkey
                0x000000008005c848       0x14 /usr/local/xenon/usr/lib/libSDL.a(SDL_blit_1.o)
 .data.normal_blit
                0x000000008005c85c       0x10 /usr/local/xenon/usr/lib/libSDL.a(SDL_blit_N.o)
 .data.SDL_CPUFeatures
                0x000000008005c86c        0x4 /usr/local/xenon/usr/lib/libSDL.a(SDL_cpuinfo.o)
 .data.vfs_console_ops
                0x000000008005c870       0x18 /usr/local/xenon/usr/lib/libxenon.a(newlib.o)
                0x000000008005c870                vfs_console_ops
 .data.fd_array
                0x000000008005c888      0xc00 /usr/local/xenon/usr/lib/libxenon.a(newlib.o)
 .data.xenos_ucode0
                0x000000008005d488      0x480 /usr/local/xenon/usr/lib/libxenon.a(ucode.o)
                0x000000008005d488                xenos_ucode0
 .data.xenos_ucode1
                0x000000008005d908     0x2400 /usr/local/xenon/usr/lib/libxenon.a(ucode.o)
                0x000000008005d908                xenos_ucode1
 .data.rel.local
                0x000000008005fd08      0x428 /usr/local/xenon/xenon/lib/32/libc.a(lib_a-impure.o)
 .data.rel      0x0000000080060130      0x408 /usr/local/xenon/xenon/lib/32/libc.a(lib_a-mallocr.o)
                0x0000000080060130                __malloc_av_
 .data.rel.ro.local
                0x0000000080060538       0x34 /usr/local/xenon/xenon/lib/32/libc.a(lib_a-locale.o)

.got2           0x000000008006056c      0x184
 .got2          0x000000008006056c       0x10 /usr/local/xenon/xenon/lib/32/libc.a(lib_a-assert.o)
 .got2          0x000000008006057c        0x4 /usr/local/xenon/xenon/lib/32/libc.a(lib_a-errno.o)
 .got2          0x0000000080060580        0x4 /usr/local/xenon/xenon/lib/32/libc.a(lib_a-fclose.o)
 .got2          0x0000000080060584        0xc /usr/local/xenon/xenon/lib/32/libc.a(lib_a-fflush.o)
 .got2          0x0000000080060590       0x28 /usr/local/xenon/xenon/lib/32/libc.a(lib_a-findfp.o)
 .got2          0x00000000800605b8        0x4 /usr/local/xenon/xenon/lib/32/libc.a(lib_a-fiprintf.o)
 .got2          0x00000000800605bc       0x18 /usr/local/xenon/xenon/lib/32/libc.a(lib_a-freer.o)
 .got2          0x00000000800605d4        0x4 /usr/local/xenon/xenon/lib/32/libc.a(lib_a-fstatr.o)
 .got2          0x00000000800605d8        0x8 /usr/local/xenon/xenon/lib/32/libc.a(lib_a-makebuf.o)
 .got2          0x00000000800605e0        0x4 /usr/local/xenon/xenon/lib/32/libc.a(lib_a-malloc.o)
 .got2          0x00000000800605e4       0x1c /usr/local/xenon/xenon/lib/32/libc.a(lib_a-mallocr.o)
 .got2          0x0000000080060600        0x4 /usr/local/xenon/xenon/lib/32/libc.a(lib_a-printf.o)
 .got2          0x0000000080060604        0x8 /usr/local/xenon/xenon/lib/32/libc.a(lib_a-puts.o)
 .got2          0x000000008006060c        0x4 /usr/local/xenon/xenon/lib/32/libc.a(lib_a-sbrkr.o)
 .got2          0x0000000080060610        0x4 /usr/local/xenon/xenon/lib/32/libc.a(lib_a-signal.o)
 .got2          0x0000000080060614        0x4 /usr/local/xenon/xenon/lib/32/libc.a(lib_a-signalr.o)
 .got2          0x0000000080060618       0x1c /usr/local/xenon/xenon/lib/32/libc.a(lib_a-vfiprintf.o)
 .got2          0x0000000080060634       0x34 /usr/local/xenon/xenon/lib/32/libc.a(lib_a-vfprintf.o)
 .got2          0x0000000080060668        0x4 /usr/local/xenon/xenon/lib/32/libc.a(lib_a-vprintf.o)
 .got2          0x000000008006066c        0x4 /usr/local/xenon/xenon/lib/32/libc.a(lib_a-writer.o)
 .got2          0x0000000080060670        0x4 /usr/local/xenon/xenon/lib/32/libc.a(lib_a-wsetup.o)
 .got2          0x0000000080060674        0x4 /usr/local/xenon/xenon/lib/32/libc.a(lib_a-closer.o)
 .got2          0x0000000080060678       0x48 /usr/local/xenon/xenon/lib/32/libc.a(lib_a-dtoa.o)
 .got2          0x00000000800606c0        0x4 /usr/local/xenon/xenon/lib/32/libc.a(lib_a-isattyr.o)
 .got2          0x00000000800606c4       0x10 /usr/local/xenon/xenon/lib/32/libc.a(lib_a-locale.o)
 .got2          0x00000000800606d4        0x4 /usr/local/xenon/xenon/lib/32/libc.a(lib_a-lseekr.o)
 .got2          0x00000000800606d8       0x10 /usr/local/xenon/xenon/lib/32/libc.a(lib_a-mprec.o)
 .got2          0x00000000800606e8        0x4 /usr/local/xenon/xenon/lib/32/libc.a(lib_a-readr.o)
 .got2          0x00000000800606ec        0x4 /usr/local/xenon/xenon/lib/32/libc.a(lib_a-reallocr.o)

.sdata          0x00000000800606f0       0x14
 *(.sdata*)
 .sdata.SDL_cursorstate
                0x00000000800606f0        0x4 /usr/local/xenon/usr/lib/libSDL.a(SDL_cursor.o)
                0x00000000800606f0                SDL_cursorstate
 .sdata         0x00000000800606f4        0x8 /usr/local/xenon/xenon/lib/32/libc.a(lib_a-impure.o)
                0x00000000800606f8                _global_impure_ptr
                0x00000000800606f4                _impure_ptr
 .sdata         0x00000000800606fc        0x8 /usr/local/xenon/xenon/lib/32/libc.a(lib_a-mallocr.o)
                0x0000000080060700                __malloc_sbrk_base
                0x00000000800606fc                __malloc_trim_threshold

.rodata         0x0000000080060708     0x4cb0
 *(.rodata*)
 .rodata        0x0000000080060708       0x89 /usr/local/xenon/usr/lib/libSDL.a(SDL.o)
 *fill*         0x0000000080060791        0x7 00
 .rodata        0x0000000080060798       0x8a /usr/local/xenon/usr/lib/libSDL.a(SDL_error.o)
 *fill*         0x0000000080060822        0x6 00
 .rodata        0x0000000080060828      0x12d /usr/local/xenon/usr/lib/libSDL.a(SDL_audio.o)
 *fill*         0x0000000080060955        0x3 00
 .rodata        0x0000000080060958       0x1a /usr/local/xenon/usr/lib/libSDL.a(SDL_events.o)
 *fill*         0x0000000080060972        0x6 00
 .rodata        0x0000000080060978      0xaad /usr/local/xenon/usr/lib/libSDL.a(SDL_keyboard.o)
 *fill*         0x0000000080061425        0x3 00
 .rodata        0x0000000080061428       0x20 /usr/local/xenon/usr/lib/libSDL.a(SDL_string.o)
 .rodata        0x0000000080061448       0xa9 /usr/local/xenon/usr/lib/libSDL.a(SDL_timer.o)
 *fill*         0x00000000800614f1        0x7 00
 .rodata        0x00000000800614f8       0x5e /usr/local/xenon/usr/lib/libSDL.a(SDL_cursor.o)
 *fill*         0x0000000080061556        0x2 00
 .rodata        0x0000000080061558      0x12a /usr/local/xenon/usr/lib/libSDL.a(SDL_surface.o)
 *fill*         0x0000000080061682        0x6 00
 .rodata        0x0000000080061688      0x2db /usr/local/xenon/usr/lib/libSDL.a(SDL_video.o)
 *fill*         0x0000000080061963        0x5 00
 .rodata        0x0000000080061968       0x34 /usr/local/xenon/usr/lib/libSDL.a(SDL_dummyaudio.o)
 *fill*         0x000000008006199c        0x4 00
 .rodata        0x00000000800619a0      0x2a0 /usr/local/xenon/usr/lib/libSDL.a(SDL_nullvideo.o)
 .rodata.RECT_1280x720
                0x0000000080061c40        0x8 /usr/local/xenon/usr/lib/libSDL.a(SDL_nullvideo.o)
 .rodata.RECT_800x600
                0x0000000080061c48        0x8 /usr/local/xenon/usr/lib/libSDL.a(SDL_nullvideo.o)
 .rodata.RECT_640x480
                0x0000000080061c50        0x8 /usr/local/xenon/usr/lib/libSDL.a(SDL_nullvideo.o)
 .rodata.RECT_512x384
                0x0000000080061c58        0x8 /usr/local/xenon/usr/lib/libSDL.a(SDL_nullvideo.o)
 .rodata.RECT_400x300
                0x0000000080061c60        0x8 /usr/local/xenon/usr/lib/libSDL.a(SDL_nullvideo.o)
 .rodata.RECT_320x240
                0x0000000080061c68        0x8 /usr/local/xenon/usr/lib/libSDL.a(SDL_nullvideo.o)
 .rodata.RECT_320x200
                0x0000000080061c70        0x8 /usr/local/xenon/usr/lib/libSDL.a(SDL_nullvideo.o)
 .rodata.XENON_SetVideoMode
                0x0000000080061c78       0x64 /usr/local/xenon/usr/lib/libSDL.a(SDL_nullvideo.o)
 .rodata.vbf.3278
                0x0000000080061cdc       0x7c /usr/local/xenon/usr/lib/libSDL.a(SDL_nullvideo.o)
 .rodata        0x0000000080061d58       0x27 /usr/local/xenon/usr/lib/libSDL.a(SDL_syssem.o)
 *fill*         0x0000000080061d7f        0x1 00
 .rodata        0x0000000080061d80       0x2b /usr/local/xenon/usr/lib/libSDL.a(SDL_systhread.o)
 *fill*         0x0000000080061dab        0x5 00
 .rodata        0x0000000080061db0       0x1f /usr/local/xenon/usr/lib/libSDL.a(SDL_blit.o)
 *fill*         0x0000000080061dcf        0x1 00
 .rodata.Blit1to1
                0x0000000080061dd0       0x20 /usr/local/xenon/usr/lib/libSDL.a(SDL_blit_1.o)
 .rodata.Blit1to2
                0x0000000080061df0       0x20 /usr/local/xenon/usr/lib/libSDL.a(SDL_blit_1.o)
 .rodata.Blit1to3
                0x0000000080061e10       0x20 /usr/local/xenon/usr/lib/libSDL.a(SDL_blit_1.o)
 .rodata.Blit1to4
                0x0000000080061e30       0x20 /usr/local/xenon/usr/lib/libSDL.a(SDL_blit_1.o)
 .rodata.Blit1to1Key
                0x0000000080061e50       0x40 /usr/local/xenon/usr/lib/libSDL.a(SDL_blit_1.o)
 .rodata.Blit1to2Key
                0x0000000080061e90       0x20 /usr/local/xenon/usr/lib/libSDL.a(SDL_blit_1.o)
 .rodata.Blit1to3Key
                0x0000000080061eb0       0x20 /usr/local/xenon/usr/lib/libSDL.a(SDL_blit_1.o)
 .rodata.Blit1to4Key
                0x0000000080061ed0       0x20 /usr/local/xenon/usr/lib/libSDL.a(SDL_blit_1.o)
 .rodata.Blit1toNAlphaKey
                0x0000000080061ef0       0x20 /usr/local/xenon/usr/lib/libSDL.a(SDL_blit_1.o)
 .rodata.Blit_RGB888_index8
                0x0000000080061f10       0x40 /usr/local/xenon/usr/lib/libSDL.a(SDL_blit_N.o)
 .rodata.Blit_RGB888_RGB555
                0x0000000080061f50       0x20 /usr/local/xenon/usr/lib/libSDL.a(SDL_blit_N.o)
 .rodata.Blit_RGB888_RGB565
                0x0000000080061f70       0x20 /usr/local/xenon/usr/lib/libSDL.a(SDL_blit_N.o)
 .rodata.Blit_RGB565_32
                0x0000000080061f90       0x20 /usr/local/xenon/usr/lib/libSDL.a(SDL_blit_N.o)
 .rodata.RGB565_ARGB8888_LUT
                0x0000000080061fb0      0x800 /usr/local/xenon/usr/lib/libSDL.a(SDL_blit_N.o)
 .rodata.RGB565_ABGR8888_LUT
                0x00000000800627b0      0x800 /usr/local/xenon/usr/lib/libSDL.a(SDL_blit_N.o)
 .rodata.RGB565_RGBA8888_LUT
                0x0000000080062fb0      0x800 /usr/local/xenon/usr/lib/libSDL.a(SDL_blit_N.o)
 .rodata.RGB565_BGRA8888_LUT
                0x00000000800637b0      0x800 /usr/local/xenon/usr/lib/libSDL.a(SDL_blit_N.o)
 .rodata.Blit_RGB888_index8_map
                0x0000000080063fb0       0x20 /usr/local/xenon/usr/lib/libSDL.a(SDL_blit_N.o)
 .rodata.BlitNto1
                0x0000000080063fd0       0x40 /usr/local/xenon/usr/lib/libSDL.a(SDL_blit_N.o)
 .rodata.Blit4to4MaskAlpha
                0x0000000080064010       0x40 /usr/local/xenon/usr/lib/libSDL.a(SDL_blit_N.o)
 .rodata.BlitNtoN
                0x0000000080064050       0x20 /usr/local/xenon/usr/lib/libSDL.a(SDL_blit_N.o)
 .rodata.BlitNto1Key
                0x0000000080064070       0x40 /usr/local/xenon/usr/lib/libSDL.a(SDL_blit_N.o)
 .rodata.Blit2to2Key
                0x00000000800640b0       0x20 /usr/local/xenon/usr/lib/libSDL.a(SDL_blit_N.o)
 .rodata.BlitNtoNKey
                0x00000000800640d0       0x20 /usr/local/xenon/usr/lib/libSDL.a(SDL_blit_N.o)
 .rodata.BlitNtoNKeyCopyAlpha
                0x00000000800640f0       0x20 /usr/local/xenon/usr/lib/libSDL.a(SDL_blit_N.o)
 .rodata.normal_blit_1
                0x0000000080064110       0x2c /usr/local/xenon/usr/lib/libSDL.a(SDL_blit_N.o)
 .rodata.normal_blit_2
                0x000000008006413c       0xdc /usr/local/xenon/usr/lib/libSDL.a(SDL_blit_N.o)
 .rodata.normal_blit_3
                0x0000000080064218       0x2c /usr/local/xenon/usr/lib/libSDL.a(SDL_blit_N.o)
 .rodata.normal_blit_4
                0x0000000080064244       0x84 /usr/local/xenon/usr/lib/libSDL.a(SDL_blit_N.o)
 .rodata.BlitNto1SurfaceAlphaKey
                0x00000000800642c8       0x20 /usr/local/xenon/usr/lib/libSDL.a(SDL_blit_A.o)
 .rodata.str1.1
                0x00000000800642e8       0x1d /usr/local/xenon/usr/lib/libxenon.a(newlib.o)
 .rodata.str1.1
                0x0000000080064305       0x4b /usr/local/xenon/usr/lib/libxenon.a(lib_malloc.o)
 .rodata.C.46.4397
                0x0000000080064350       0x14 /usr/local/xenon/usr/lib/libxenon.a(edram.o)
 .rodata.C.41.4392
                0x0000000080064364       0x40 /usr/local/xenon/usr/lib/libxenon.a(edram.o)
 .rodata.C.15.3943
                0x00000000800643a4       0x10 /usr/local/xenon/usr/lib/libxenon.a(edram.o)
 .rodata.C.11.3939
                0x00000000800643b4       0x90 /usr/local/xenon/usr/lib/libxenon.a(edram.o)
 .rodata.C.45.4396
                0x0000000080064444       0x18 /usr/local/xenon/usr/lib/libxenon.a(edram.o)
 .rodata.C.14.3942
                0x000000008006445c       0x24 /usr/local/xenon/usr/lib/libxenon.a(edram.o)
 .rodata.str1.1
                0x0000000080064480       0xe2 /usr/local/xenon/usr/lib/libxenon.a(edram.o)
                                         0xe4 (size before relaxing)
 *fill*         0x0000000080064562        0x6 00
 .rodata.__FUNCTION__.3771
                0x0000000080064568        0x9 /usr/local/xenon/usr/lib/libxenon.a(edram.o)
 *fill*         0x0000000080064571        0x3 00
 .rodata.C.53.4450
                0x0000000080064574       0x60 /usr/local/xenon/usr/lib/libxenon.a(edram.o)
 .rodata.C.13.3941
                0x00000000800645d4       0x24 /usr/local/xenon/usr/lib/libxenon.a(edram.o)
 .rodata.C.43.4394
                0x00000000800645f8       0x20 /usr/local/xenon/usr/lib/libxenon.a(edram.o)
 .rodata.C.18.3946
                0x0000000080064618       0x40 /usr/local/xenon/usr/lib/libxenon.a(edram.o)
 .rodata.C.42.4393
                0x0000000080064658       0x40 /usr/local/xenon/usr/lib/libxenon.a(edram.o)
 .rodata.C.12.3940
                0x0000000080064698      0x100 /usr/local/xenon/usr/lib/libxenon.a(edram.o)
 .rodata.C.17.3945
                0x0000000080064798       0x40 /usr/local/xenon/usr/lib/libxenon.a(edram.o)
 .rodata.C.44.4395
                0x00000000800647d8       0x18 /usr/local/xenon/usr/lib/libxenon.a(edram.o)
 .rodata.cst4   0x00000000800647f0        0x8 /usr/local/xenon/usr/lib/libxenon.a(edram.o)
 .rodata.C.50.4429
                0x00000000800647f8       0x60 /usr/local/xenon/usr/lib/libxenon.a(edram.o)
 .rodata.C.16.3944
                0x0000000080064858       0x40 /usr/local/xenon/usr/lib/libxenon.a(edram.o)
 .rodata.__FUNCTION__.5445
                0x0000000080064898        0xf /usr/local/xenon/usr/lib/libxenon.a(xe.o)
 *fill*         0x00000000800648a7        0x1 00
 .rodata.__FUNCTION__.5522
                0x00000000800648a8        0xf /usr/local/xenon/usr/lib/libxenon.a(xe.o)
 *fill*         0x00000000800648b7        0x1 00
 .rodata.CSWTCH.81
                0x00000000800648b8       0x64 /usr/local/xenon/usr/lib/libxenon.a(xe.o)
 *fill*         0x000000008006491c        0x4 00
 .rodata.__FUNCTION__.6254
                0x0000000080064920       0x11 /usr/local/xenon/usr/lib/libxenon.a(xe.o)
 *fill*         0x0000000080064931        0x3 00
 .rodata.C.56.5831
                0x0000000080064934        0xc /usr/local/xenon/usr/lib/libxenon.a(xe.o)
 .rodata.__FUNCTION__.4829
                0x0000000080064940       0x15 /usr/local/xenon/usr/lib/libxenon.a(xe.o)
 *fill*         0x0000000080064955        0x3 00
 .rodata.__FUNCTION__.5744
                0x0000000080064958        0xd /usr/local/xenon/usr/lib/libxenon.a(xe.o)
 *fill*         0x0000000080064965        0x3 00
 .rodata.C.42.4979
                0x0000000080064968        0xc /usr/local/xenon/usr/lib/libxenon.a(xe.o)
 *fill*         0x0000000080064974        0x4 00
 .rodata.__FUNCTION__.4103
                0x0000000080064978       0x19 /usr/local/xenon/usr/lib/libxenon.a(xe.o)
 *fill*         0x0000000080064991        0x3 00
 .rodata.cst4   0x0000000080064994        0x8 /usr/local/xenon/usr/lib/libxenon.a(xe.o)
 *fill*         0x000000008006499c        0x4 00
 .rodata.__FUNCTION__.4675
                0x00000000800649a0       0x1c /usr/local/xenon/usr/lib/libxenon.a(xe.o)
 .rodata.str1.1
                0x00000000800649bc      0x4c2 /usr/local/xenon/usr/lib/libxenon.a(xe.o)
                                        0x4cc (size before relaxing)
 *fill*         0x0000000080064e7e        0x2 00
 .rodata.__FUNCTION__.5457
                0x0000000080064e80       0x10 /usr/local/xenon/usr/lib/libxenon.a(xe.o)
 .rodata.__FUNCTION__.5470
                0x0000000080064e90        0xe /usr/local/xenon/usr/lib/libxenon.a(xe.o)
 *fill*         0x0000000080064e9e        0x2 00
 .rodata.str1.4
                0x0000000080064ea0       0x3f /usr/local/xenon/xenon/lib/32/libc.a(lib_a-assert.o)
                                         0x43 (size before relaxing)
 *fill*         0x0000000080064edf        0x1 00
 .rodata.str1.4
                0x0000000080064ee0        0x2 /usr/local/xenon/xenon/lib/32/libc.a(lib_a-impure.o)
 *fill*         0x0000000080064ee2        0x2 00
 .rodata.str1.4
                0x0000000080064ee4        0x2 /usr/local/xenon/xenon/lib/32/libc.a(lib_a-puts.o)
 *fill*         0x0000000080064ee6        0x2 00
 .rodata        0x0000000080064ee8      0x184 /usr/local/xenon/xenon/lib/32/libc.a(lib_a-vfiprintf.o)
 .rodata.str1.4
                0x000000008006506c       0x2f /usr/local/xenon/xenon/lib/32/libc.a(lib_a-vfiprintf.o)
 *fill*         0x000000008006509b        0x1 00
 .rodata        0x000000008006509c      0x184 /usr/local/xenon/xenon/lib/32/libc.a(lib_a-vfprintf.o)
 .rodata.cst4   0x0000000080065220        0x4 /usr/local/xenon/xenon/lib/32/libc.a(lib_a-vfprintf.o)
 .rodata.str1.4
                0x0000000080065224       0x12 /usr/local/xenon/xenon/lib/32/libc.a(lib_a-vfprintf.o)
                                         0x42 (size before relaxing)
 *fill*         0x0000000080065236        0x2 00
 .rodata.cst4   0x0000000080065238       0x1c /usr/local/xenon/xenon/lib/32/libc.a(lib_a-dtoa.o)
                                         0x24 (size before relaxing)
 *fill*         0x0000000080065254        0x4 00
 .rodata.cst8   0x0000000080065258       0x18 /usr/local/xenon/xenon/lib/32/libc.a(lib_a-dtoa.o)
 .rodata.str1.4
                0x0000000080065270       0x10 /usr/local/xenon/xenon/lib/32/libc.a(lib_a-dtoa.o)
                                         0x12 (size before relaxing)
 .rodata.str1.4
                0x0000000080065280       0x10 /usr/local/xenon/xenon/lib/32/libc.a(lib_a-locale.o)
                                         0x17 (size before relaxing)
 .rodata        0x0000000080065290      0x128 /usr/local/xenon/xenon/lib/32/libc.a(lib_a-mprec.o)
                0x0000000080065390                __mprec_tinytens
                0x00000000800652a0                __mprec_tens
                0x0000000080065368                __mprec_bigtens
 .rodata.cst4   0x0000000000000000        0x8 /usr/local/xenon/xenon/lib/32/libc.a(lib_a-mprec.o)

.ctors          0x00000000800653b8        0x0
                0x00000000800653b8                __CTOR_LIST__ = .
 *(.ctors)
                0x00000000800653b8                __CTOR_END__ = .

.dtors          0x00000000800653b8        0x0
                0x00000000800653b8                __DTOR_LIST__ = .
 *(.dtors)
                0x00000000800653b8                __DTOR_END__ = .

.eh_frame_hdr   0x00000000800653b8      0x70c
 *(.eh_frame_hdr)
 .eh_frame_hdr  0x00000000800653b8      0x70c /usr/local/xenon/lib/gcc/xenon/4.4.0/../../../../xenon/lib/../lib/crt1.o

.eh_frame       0x0000000080065ac4     0x1c90
 *(.eh_frame)
 .eh_frame      0x0000000080065ac4       0x38 /usr/local/xenon/lib/gcc/xenon/4.4.0/../../../../xenon/lib/../lib/crt1.o
 .eh_frame      0x0000000080065afc        0x0 /usr/local/xenon/lib/gcc/xenon/4.4.0/32/crtbegin.o
 .eh_frame      0x0000000080065afc       0x5c main.o
                                         0xa8 (size before relaxing)
 .eh_frame      0x0000000080065b58        0x0 /usr/local/xenon/usr/lib/libxenon.a(console.o)
                                         0xf8 (size before relaxing)
 .eh_frame      0x0000000080065b58      0x120 /usr/local/xenon/usr/lib/libxenon.a(newlib.o)
                                        0x250 (size before relaxing)
 .eh_frame      0x0000000080065c78       0x44 /usr/local/xenon/usr/lib/libxenon.a(lib_malloc.o)
                                         0xc0 (size before relaxing)
 .eh_frame      0x0000000080065cbc        0x0 /usr/local/xenon/usr/lib/libxenon.a(usbmain.o)
                                         0x70 (size before relaxing)
 .eh_frame      0x0000000080065cbc       0x20 /usr/local/xenon/usr/lib/libxenon.a(xenon_uart.o)
                                         0x5c (size before relaxing)