Archive member included because of file (symbol)

/usr/local/xenon/usr/lib/libxenon.a(startup_from_xell.o)
                              (_start)
/usr/local/xenon/usr/lib/libxenon.a(console.o)
                              main.o (console_init)
/usr/local/xenon/usr/lib/libxenon.a(newlib.o)
                              /usr/local/xenon/usr/lib/libxenon.a(startup_from_xell.o) (_exit)
/usr/local/xenon/usr/lib/libxenon.a(lib_malloc.o)
                              main.o (kmem_init)
/usr/local/xenon/usr/lib/libxenon.a(atomic.o)
                              /usr/local/xenon/usr/lib/libxenon.a(startup_from_xell.o) (atomic_clearset)
/usr/local/xenon/usr/lib/libxenon.a(cache.o)
                              /usr/local/xenon/usr/lib/libxenon.a(console.o) (memdcbst)
/usr/local/xenon/usr/lib/libxenon.a(except.o)
                              (exc_base)
/usr/local/xenon/usr/lib/libxenon.a(vm.o)
                              /usr/local/xenon/usr/lib/libxenon.a(except.o) (pagetable)
/usr/local/xenon/usr/lib/libxenon.a(usbmain.o)
                              main.o (usb_do_poll)
/usr/local/xenon/usr/lib/libxenon.a(xenon_uart.o)
                              /usr/local/xenon/usr/lib/libxenon.a(newlib.o) (putch)
/usr/local/xenon/usr/lib/libxenon.a(xenos.o)
                              /usr/local/xenon/usr/lib/libxenon.a(console.o) (xenos_is_overscan)
/usr/local/xenon/usr/lib/libxenon.a(io.o)
                              /usr/local/xenon/usr/lib/libxenon.a(xenos.o) (read32n)
/usr/local/xenon/usr/lib/libxenon.a(time.o)
                              /usr/local/xenon/usr/lib/libxenon.a(xenos.o) (udelay)
/usr/local/xenon/usr/lib/libxenon.a(ohci.o)
                              /usr/local/xenon/usr/lib/libxenon.a(usbmain.o) (ohci_driver)
/usr/local/xenon/usr/lib/libxenon.a(usbd.o)
                              /usr/local/xenon/usr/lib/libxenon.a(usbmain.o) (usb_poll)
/usr/local/xenon/usr/lib/libxenon.a(usbdevs.o)
                              /usr/local/xenon/usr/lib/libxenon.a(usbd.o) (usb_find_driver)
/usr/local/xenon/usr/lib/libxenon.a(usbhid.o)
                              /usr/local/xenon/usr/lib/libxenon.a(usbdevs.o) (usbhid_driver)
/usr/local/xenon/usr/lib/libxenon.a(usbhub.o)
                              /usr/local/xenon/usr/lib/libxenon.a(usbd.o) (usb_scan)
/usr/local/xenon/usr/lib/libxenon.a(usbmass.o)
                              /usr/local/xenon/usr/lib/libxenon.a(usbdevs.o) (usbmass_driver)
/usr/local/xenon/usr/lib/libxenon.a(xenon_gpio.o)
                              /usr/local/xenon/usr/lib/libxenon.a(xenos.o) (xenon_gpio_set)
/usr/local/xenon/usr/lib/libxenon.a(xenon_smc.o)
                              /usr/local/xenon/usr/lib/libxenon.a(xenos.o) (xenon_smc_read_avpack)
/usr/local/xenon/usr/lib/libxenon.a(xenon_config.o)
                              /usr/local/xenon/usr/lib/libxenon.a(xenos.o) (xenon_config_get_avregion)
/usr/local/xenon/usr/lib/libxenon.a(diskio.o)
                              /usr/local/xenon/usr/lib/libxenon.a(usbmass.o) (unregister_bdev)
/usr/local/xenon/usr/lib/libxenon.a(fat.o)
                              /usr/local/xenon/usr/lib/libxenon.a(diskio.o) (vfs_fat_mount_ops)
/usr/local/xenon/usr/lib/libxenon.a(fat_rb.o)
                              /usr/local/xenon/usr/lib/libxenon.a(fat.o) (fat_init)
/usr/local/xenon/usr/lib/libxenon.a(file_rb.o)
                              /usr/local/xenon/usr/lib/libxenon.a(fat.o) (rb_filesize)
/usr/local/xenon/usr/lib/libxenon.a(dir_rb.o)
                              /usr/local/xenon/usr/lib/libxenon.a(fat.o) (rb_closedir)
/usr/local/xenon/usr/lib/libxenon.a(iso9660.o)
                              /usr/local/xenon/usr/lib/libxenon.a(diskio.o) (vfs_iso9660_mount_ops)
/usr/local/xenon/usr/lib/libxenon.a(lib_queue.o)
                              /usr/local/xenon/usr/lib/libxenon.a(ohci.o) (q_enqueue)
/usr/local/xenon/usr/lib/libxenon.a(usbctrl.o)
                              /usr/local/xenon/usr/lib/libxenon.a(usbdevs.o) (usbctrl_driver)
/usr/local/xenon/usr/lib/libxenon.a(usbdebug.o)
                              /usr/local/xenon/usr/lib/libxenon.a(usbhub.o) (usb_dbg_showdevice)
/usr/local/xenon/usr/lib/libxenon.a(unicode_rb.o)
                              /usr/local/xenon/usr/lib/libxenon.a(fat_rb.o) (utf8encode)
/usr/local/xenon/usr/lib/libxenon.a(xenon_sfcx.o)
                              /usr/local/xenon/usr/lib/libxenon.a(xenon_config.o) (sfcx_init)
/usr/local/xenon/usr/lib/libxenon.a(disk_rb.o)
                              /usr/local/xenon/usr/lib/libxenon.a(fat_rb.o) (storage_write_sectors)
/usr/local/xenon/usr/lib/libxenon.a(input.o)
                              /usr/local/xenon/usr/lib/libxenon.a(usbctrl.o) (set_controller_data)
/usr/local/xenon/usr/lib/libSDL.a(SDL.o)
                              main.o (SDL_Init)
/usr/local/xenon/usr/lib/libSDL.a(SDL_error.o)
                              /usr/local/xenon/usr/lib/libSDL.a(SDL.o) (SDL_SetError)
/usr/local/xenon/usr/lib/libSDL.a(SDL_fatal.o)
[...]
Memory Configuration

Name             Origin             Length             Attributes
*default*        0x0000000000000000 0xffffffffffffffff

Linker script and memory map

LOAD /usr/local/xenon/lib/gcc/xenon/4.4.0/../../../../xenon/lib/../lib/crt1.o
LOAD /usr/local/xenon/lib/gcc/xenon/4.4.0/../../../../xenon/lib/../lib/crti.o
LOAD /usr/local/xenon/lib/gcc/xenon/4.4.0/32/crtbegin.o
LOAD main.o
LOAD /usr/local/xenon/usr/lib/libxenon.a
LOAD /usr/local/xenon/xenon/lib/32/libm.a
LOAD /usr/local/xenon/usr/lib/libSDL.a
LOAD /usr/local/xenon/lib/gcc/xenon/4.4.0/32/libgcc.a
LOAD /usr/local/xenon/xenon/lib/32/libc.a
LOAD /usr/local/xenon/lib/gcc/xenon/4.4.0/32/libgcc.a
LOAD /usr/local/xenon/lib/gcc/xenon/4.4.0/32/crtend.o
LOAD /usr/local/xenon/lib/gcc/xenon/4.4.0/../../../../xenon/lib/../lib/crtn.o
                0x0000000080000000                . = 0x80000000

.text           0x0000000080000000    0x61cd4
 *(.except*)
 .except        0x0000000080000000     0x1dd0 /usr/local/xenon/usr/lib/libxenon.a(except.o)
                0x0000000080000000                secondary_lock
                0x0000000080000000                exc_base
                0x0000000080000004                secondary_alive
 *(.pagetable)
 .pagetable     0x0000000080001dd0       0x40 /usr/local/xenon/usr/lib/libxenon.a(vm.o)
                0x0000000080001dd0                pagetable
 *(.text*)
 .text.call_ctors
                0x0000000080001e10       0x58 /usr/local/xenon/lib/gcc/xenon/4.4.0/../../../../xenon/lib/../lib/crt1.o
                0x0000000080001e10                call_ctors
 .text.setpixel
                0x0000000080001e68       0x64 main.o
                0x0000000080001e68                setpixel
 *fill*         0x0000000080001ecc        0x4 00
 .text.DrawScreen
                0x0000000080001ed0      0x190 main.o
                0x0000000080001ed0                DrawScreen
 .text.mainInit
                0x0000000080002060       0x34 main.o
                0x0000000080002060                mainInit
 *fill*         0x0000000080002094        0x4 00
 .text.main     0x0000000080002098       0xec main.o
                0x0000000080002098                main
 *fill*         0x0000000080002184       0x7c 00
 .text          0x0000000080002200      0x2f0 /usr/local/xenon/usr/lib/libxenon.a(startup_from_xell.o)
                0x00000000800023d4                wait
                0x0000000080002200                _start
                0x0000000080002448                return_to_xell
 .text.console_clrscr
                0x00000000800024f0       0x80 /usr/local/xenon/usr/lib/libxenon.a(console.o)
                0x00000000800024f0                console_clrscr
 .text.console_init
                0x0000000080002570      0x154 /usr/local/xenon/usr/lib/libxenon.a(console.o)
                0x0000000080002570                console_init
 .text.console_newline
                0x00000000800026c4      0x118 /usr/local/xenon/usr/lib/libxenon.a(console.o)
                0x00000000800026c4                console_newline
 .text.console_putch
                0x00000000800027dc      0x18c /usr/local/xenon/usr/lib/libxenon.a(console.o)
                0x00000000800027dc                console_putch
 .text.console_stdout_hook
                0x0000000080002968       0x50 /usr/local/xenon/usr/lib/libxenon.a(console.o)
 .text.vfs_console_isatty
                0x00000000800029b8        0x8 /usr/local/xenon/usr/lib/libxenon.a(newlib.o)
                0x00000000800029b8                vfs_console_isatty
 .text.umount   0x00000000800029c0       0x54 /usr/local/xenon/usr/lib/libxenon.a(newlib.o)
                0x00000000800029c0                umount
 .text.sbrk     0x0000000080002a14       0x34 /usr/local/xenon/usr/lib/libxenon.a(newlib.o)
                0x0000000080002a14                sbrk
 .text.getpid   0x0000000080002a48        0x8 /usr/local/xenon/usr/lib/libxenon.a(newlib.o)
                0x0000000080002a48                getpid
 .text.kill     0x0000000080002a50        0x8 /usr/local/xenon/usr/lib/libxenon.a(newlib.o)
                0x0000000080002a50                kill
 .text._exit    0x0000000080002a58       0x24 /usr/local/xenon/usr/lib/libxenon.a(newlib.o)
                0x0000000080002a58                _exit
 .text.read     0x0000000080002a7c       0x88 /usr/local/xenon/usr/lib/libxenon.a(newlib.o)
                0x0000000080002a7c                read
 .text.lseek    0x0000000080002b04       0x88 /usr/local/xenon/usr/lib/libxenon.a(newlib.o)
                0x0000000080002b04                lseek
 .text.isatty   0x0000000080002b8c       0x7c /usr/local/xenon/usr/lib/libxenon.a(newlib.o)
                0x0000000080002b8c                isatty
 .text.fstat    0x0000000080002c08       0x8c /usr/local/xenon/usr/lib/libxenon.a(newlib.o)
                0x0000000080002c08                fstat
 .text.write    0x0000000080002c94       0x94 /usr/local/xenon/usr/lib/libxenon.a(newlib.o)
                0x0000000080002c94                write
 .text.close    0x0000000080002d28       0x94 /usr/local/xenon/usr/lib/libxenon.a(newlib.o)
                0x0000000080002d28                close
 .text.mount    0x0000000080002dbc       0xdc /usr/local/xenon/usr/lib/libxenon.a(newlib.o)
                0x0000000080002dbc                mount
 .text.vfs_console_open
                0x0000000080002e98       0x54 /usr/local/xenon/usr/lib/libxenon.a(newlib.o)
                0x0000000080002e98                vfs_console_open
 .text.vfs_console_write
                0x0000000080002eec       0x7c /usr/local/xenon/usr/lib/libxenon.a(newlib.o)
                0x0000000080002eec                vfs_console_write
 .text.kfree    0x0000000080002f68       0xb4 /usr/local/xenon/usr/lib/libxenon.a(lib_malloc.o)
                0x0000000080002f68                kfree
 .text.kmem_init
                0x000000008000301c       0x8c /usr/local/xenon/usr/lib/libxenon.a(lib_malloc.o)
                0x000000008000301c                kmem_init
 .text.lib_outofmemory
                0x00000000800030a8       0x28 /usr/local/xenon/usr/lib/libxenon.a(lib_malloc.o)
                0x00000000800030a8                lib_outofmemory
 .text.kmalloc  0x00000000800030d0      0x14c /usr/local/xenon/usr/lib/libxenon.a(lib_malloc.o)
                0x00000000800030d0                kmalloc
 .text          0x000000008000321c       0x84 /usr/local/xenon/usr/lib/libxenon.a(atomic.o)
                0x0000000080003244                atomic_clearset
                0x000000008000325c                lock
                0x0000000080003230                atomic_dec
                0x0000000080003290                unlock
                0x000000008000321c                atomic_inc
 .text          0x00000000800032a0       0xa8 /usr/local/xenon/usr/lib/libxenon.a(cache.o)
                0x00000000800032f0                memdcbf
                0x00000000800032a0                memdcbt
                0x0000000080003318                memicbi
                0x00000000800032c8                memdcbst
 .text.usb_do_poll
                0x0000000080003348       0xb0 /usr/local/xenon/usr/lib/libxenon.a(usbmain.o)
                0x0000000080003348                usb_do_poll
 .text.usb_init_one_ohci
                0x00000000800033f8       0xe4 /usr/local/xenon/usr/lib/libxenon.a(usbmain.o)
 .text.usb_init
                0x00000000800034dc      0x164 /usr/local/xenon/usr/lib/libxenon.a(usbmain.o)
                0x00000000800034dc                usb_init
 .text.putch    0x0000000080003640       0x60 /usr/local/xenon/usr/lib/libxenon.a(xenon_uart.o)
                0x0000000080003640                putch
 .text.xenos_is_overscan
                0x00000000800036a0       0x50 /usr/local/xenon/usr/lib/libxenon.a(xenos.o)
                0x00000000800036a0                xenos_is_overscan
 .text.xenos_read32
                0x00000000800036f0       0x24 /usr/local/xenon/usr/lib/libxenon.a(xenos.o)
                0x00000000800036f0                xenos_read32
 .text.xenos_write32
                0x0000000080003714       0x24 /usr/local/xenon/usr/lib/libxenon.a(xenos.o)
                0x0000000080003714                xenos_write32
 .text.xenos_set_mode_f2
                0x0000000080003738      0x314 /usr/local/xenon/usr/lib/libxenon.a(xenos.o)
                0x0000000080003738                xenos_set_mode_f2
 .text.xenos_set_mode_f1
                0x0000000080003a4c      0x148 /usr/local/xenon/usr/lib/libxenon.a(xenos.o)
                0x0000000080003a4c                xenos_set_mode_f1
 .text.xenos_ana_preinit
                0x0000000080003b94       0xe0 /usr/local/xenon/usr/lib/libxenon.a(xenos.o)
                0x0000000080003b94                xenos_ana_preinit
 .text.xenos_init_phase1
                0x0000000080003c74      0x3c0 /usr/local/xenon/usr/lib/libxenon.a(xenos.o)
                0x0000000080003c74                xenos_init_phase1
 .text.xenos_init_phase0
                0x0000000080004034       0xc0 /usr/local/xenon/usr/lib/libxenon.a(xenos.o)
                0x0000000080004034                xenos_init_phase0
 .text.xenos_ana_write
                0x00000000800040f4       0x70 /usr/local/xenon/usr/lib/libxenon.a(xenos.o)
 .text.xenos_init_ana_new
                0x0000000080004164      0x3a4 /usr/local/xenon/usr/lib/libxenon.a(xenos.o)
                0x0000000080004164                xenos_init_ana_new
 .text.xenos_set_mode
                0x0000000080004508      0x35c /usr/local/xenon/usr/lib/libxenon.a(xenos.o)
                0x0000000080004508                xenos_set_mode
 .text.xenos_autoset_mode
                0x0000000080004864       0xf0 /usr/local/xenon/usr/lib/libxenon.a(xenos.o)
                0x0000000080004864                xenos_autoset_mode
 .text.xenos_init
                0x0000000080004954       0xac /usr/local/xenon/usr/lib/libxenon.a(xenos.o)
                0x0000000080004954                xenos_init
 .text.read32n  0x0000000080004a00        0x8 /usr/local/xenon/usr/lib/libxenon.a(io.o)
                0x0000000080004a00                read32n
 .text.write32n
                0x0000000080004a08        0x8 /usr/local/xenon/usr/lib/libxenon.a(io.o)
                0x0000000080004a08                write32n
 .text.write32  0x0000000080004a10        0x8 /usr/local/xenon/usr/lib/libxenon.a(io.o)
                0x0000000080004a10                write32
 .text.read32   0x0000000080004a18        0x8 /usr/local/xenon/usr/lib/libxenon.a(io.o)
                0x0000000080004a18                read32
 .text.udelay   0x0000000080004a20       0x4c /usr/local/xenon/usr/lib/libxenon.a(time.o)
                0x0000000080004a20                udelay
 .text.mdelay   0x0000000080004a6c       0x54 /usr/local/xenon/usr/lib/libxenon.a(time.o)
                0x0000000080004a6c                mdelay
 .text.delay    0x0000000080004ac0       0x54 /usr/local/xenon/usr/lib/libxenon.a(time.o)
                0x0000000080004ac0                delay
 .text._ohci_allocept
                0x0000000080004b14       0x64 /usr/local/xenon/usr/lib/libxenon.a(ohci.o)
 .text._ohci_allocxfer
                0x0000000080004b78       0x5c /usr/local/xenon/usr/lib/libxenon.a(ohci.o)
 .text.ohci_stop
                0x0000000080004bd4       0x14 /usr/local/xenon/usr/lib/libxenon.a(ohci.o)
 .text.ohci_delete
                0x0000000080004be8        0x4 /usr/local/xenon/usr/lib/libxenon.a(ohci.o)
 .text.ohci_ept_cleartoggle
                0x0000000080004bec       0x48 /usr/local/xenon/usr/lib/libxenon.a(ohci.o)
 .text.ohci_ept_setaddr
                0x0000000080004c34       0x38 /usr/local/xenon/usr/lib/libxenon.a(ohci.o)
 .text.ohci_ept_setmps
                0x0000000080004c6c       0x44 /usr/local/xenon/usr/lib/libxenon.a(ohci.o)
 .text._ohci_queueept
                0x0000000080004cb0       0x5c /usr/local/xenon/usr/lib/libxenon.a(ohci.o)
 .text.ohci_ept_create
                0x0000000080004d0c      0x190 /usr/local/xenon/usr/lib/libxenon.a(ohci.o)
 .text.ohci_ept_delete
                0x0000000080004e9c      0x20c /usr/local/xenon/usr/lib/libxenon.a(ohci.o)
 .text.ohci_start
                0x00000000800050a8      0x1d4 /usr/local/xenon/usr/lib/libxenon.a(ohci.o)
 .text.ohci_roothub_strdscr
                0x000000008000527c       0x7c /usr/local/xenon/usr/lib/libxenon.a(ohci.o)
 .text.ohci_xfer
                0x00000000800052f8      0x86c /usr/local/xenon/usr/lib/libxenon.a(ohci.o)
 .text.ohci_intr
                0x0000000080005b64      0x274 /usr/local/xenon/usr/lib/libxenon.a(ohci.o)
 .text._ohci_dma_alloc
                0x0000000080005dd8       0x60 /usr/local/xenon/usr/lib/libxenon.a(ohci.o)
 .text.ohci_create
                0x0000000080005e38      0x2e0 /usr/local/xenon/usr/lib/libxenon.a(ohci.o)
 .text.usb_poll
                0x0000000080006118       0x2c /usr/local/xenon/usr/lib/libxenon.a(usbd.o)
                0x0000000080006118                usb_poll
 .text.usb_queue_request
                0x0000000080006144       0x54 /usr/local/xenon/usr/lib/libxenon.a(usbd.o)
                0x0000000080006144                usb_queue_request
 .text.usb_wait_request
                0x0000000080006198       0x48 /usr/local/xenon/usr/lib/libxenon.a(usbd.o)
                0x0000000080006198                usb_wait_request
 .text.usb_sync_request
                0x00000000800061e0       0x30 /usr/local/xenon/usr/lib/libxenon.a(usbd.o)
                0x00000000800061e0                usb_sync_request
 .text.usb_new_address
                0x0000000080006210       0x30 /usr/local/xenon/usr/lib/libxenon.a(usbd.o)
                0x0000000080006210                usb_new_address
 .text.usb_set_ep0mps
                0x0000000080006240       0x74 /usr/local/xenon/usr/lib/libxenon.a(usbd.o)
                0x0000000080006240                usb_set_ep0mps
 .text.usb_complete_request
                0x00000000800062b4       0x3c /usr/local/xenon/usr/lib/libxenon.a(usbd.o)
                0x00000000800062b4                usb_complete_request
 .text.usb_find_cfg_descr
                0x00000000800062f0       0x54 /usr/local/xenon/usr/lib/libxenon.a(usbd.o)
                0x00000000800062f0                usb_find_cfg_descr
 .text.usb_create_pipe
                0x0000000080006344      0x110 /usr/local/xenon/usr/lib/libxenon.a(usbd.o)
                0x0000000080006344                usb_create_pipe
 .text.usb_open_pipe
                0x0000000080006454       0x8c /usr/local/xenon/usr/lib/libxenon.a(usbd.o)
                0x0000000080006454                usb_open_pipe
 .text.usb_free_request
                0x00000000800064e0       0x48 /usr/local/xenon/usr/lib/libxenon.a(usbd.o)
                0x00000000800064e0                usb_free_request
 .text.usb_destroy_all_pipes
                0x0000000080006528       0xa0 /usr/local/xenon/usr/lib/libxenon.a(usbd.o)
                0x0000000080006528                usb_destroy_all_pipes
 .text.usb_destroy_device
                0x00000000800065c8       0x54 /usr/local/xenon/usr/lib/libxenon.a(usbd.o)
                0x00000000800065c8                usb_destroy_device
 .text.usb_make_request
                0x000000008000661c       0xbc /usr/local/xenon/usr/lib/libxenon.a(usbd.o)
                0x000000008000661c                usb_make_request
 .text.usb_clear_stall
                0x00000000800066d8      0x124 /usr/local/xenon/usr/lib/libxenon.a(usbd.o)
                0x00000000800066d8                usb_clear_stall
 .text.usb_make_sync_request
                0x00000000800067fc       0x48 /usr/local/xenon/usr/lib/libxenon.a(usbd.o)
                0x00000000800067fc                usb_make_sync_request
 .text.usb_std_request
                0x0000000080006844      0x2c0 /usr/local/xenon/usr/lib/libxenon.a(usbd.o)
                0x0000000080006844                usb_std_request
 .text.usb_get_device_status
                0x0000000080006b04       0x1c /usr/local/xenon/usr/lib/libxenon.a(usbd.o)
                0x0000000080006b04                usb_get_device_status
 .text.usb_get_string
                0x0000000080006b20      0x12c /usr/local/xenon/usr/lib/libxenon.a(usbd.o)
                0x0000000080006b20                usb_get_string
 .text.usb_get_descriptor
                0x0000000080006c4c       0x20 /usr/local/xenon/usr/lib/libxenon.a(usbd.o)
                0x0000000080006c4c                usb_get_descriptor
 .text.usb_get_config_descriptor
                0x0000000080006c6c       0xbc /usr/local/xenon/usr/lib/libxenon.a(usbd.o)
                0x0000000080006c6c                usb_get_config_descriptor
 .text.usb_get_device_descriptor
                0x0000000080006d28       0xc4 /usr/local/xenon/usr/lib/libxenon.a(usbd.o)
                0x0000000080006d28                usb_get_device_descriptor
 .text.usb_simple_request
                0x0000000080006dec       0x18 /usr/local/xenon/usr/lib/libxenon.a(usbd.o)
                0x0000000080006dec                usb_simple_request
 .text.usb_set_address
                0x0000000080006e04       0xc4 /usr/local/xenon/usr/lib/libxenon.a(usbd.o)
                0x0000000080006e04                usb_set_address
 .text.usb_set_configuration
                0x0000000080006ec8       0x14 /usr/local/xenon/usr/lib/libxenon.a(usbd.o)
                0x0000000080006ec8                usb_set_configuration
 .text.usb_create_device
                0x0000000080006edc       0x90 /usr/local/xenon/usr/lib/libxenon.a(usbd.o)
                0x0000000080006edc                usb_create_device
 .text.usb_initroot
                0x0000000080006f6c      0x18c /usr/local/xenon/usr/lib/libxenon.a(usbd.o)
                0x0000000080006f6c                usb_initroot
 .text.usb_delay_ms
                0x00000000800070f8       0x28 /usr/local/xenon/usr/lib/libxenon.a(usbd.o)
                0x00000000800070f8                usb_delay_ms
 .text.usb_daemon
                0x0000000080007120       0x38 /usr/local/xenon/usr/lib/libxenon.a(usbd.o)
                0x0000000080007120                usb_daemon
 .text.usb_find_driver
                0x0000000080007158      0x124 /usr/local/xenon/usr/lib/libxenon.a(usbdevs.o)
                0x0000000080007158                usb_find_driver
 .text.usbhid_detach
                0x000000008000727c        0x8 /usr/local/xenon/usr/lib/libxenon.a(usbhid.o)
 .text.usbhid_kbd_scan1
                0x0000000080007284       0x9c /usr/local/xenon/usr/lib/libxenon.a(usbhid.o)
 .text.usbhid_attach
                0x0000000080007320      0x190 /usr/local/xenon/usr/lib/libxenon.a(usbhid.o)
 .text.usbhid_ireq_callback
                0x00000000800074b0      0x18c /usr/local/xenon/usr/lib/libxenon.a(usbhid.o)
 .text.usbhub_map_tree1
                0x000000008000763c       0xa4 /usr/local/xenon/usr/lib/libxenon.a(usbhub.o)
 .text.usbhub_map_tree
                0x00000000800076e0       0x14 /usr/local/xenon/usr/lib/libxenon.a(usbhub.o)
                0x00000000800076e0                usbhub_map_tree
 .text.usbhub_map_from_device
                0x00000000800076f4       0x10 /usr/local/xenon/usr/lib/libxenon.a(usbhub.o)
                0x00000000800076f4                usbhub_map_from_device
 .text.usbhub_markdetached1
                0x0000000080007704       0x18 /usr/local/xenon/usr/lib/libxenon.a(usbhub.o)
 .text.usb_scan
                0x000000008000771c       0x10 /usr/local/xenon/usr/lib/libxenon.a(usbhub.o)
                0x000000008000771c                usb_scan
 .text.usbhub_detach
                0x000000008000772c      0x188 /usr/local/xenon/usr/lib/libxenon.a(usbhub.o)
 .text.usbhub_get_port_status
                0x00000000800078b4       0x38 /usr/local/xenon/usr/lib/libxenon.a(usbhub.o)
 .text.usbhub_scan1
                0x00000000800078ec      0x60c /usr/local/xenon/usr/lib/libxenon.a(usbhub.o)
 .text.usbhub_ireq_callback
                0x0000000080007ef8       0x90 /usr/local/xenon/usr/lib/libxenon.a(usbhub.o)
 .text.usbhub_attach
                0x0000000080007f88      0x1d4 /usr/local/xenon/usr/lib/libxenon.a(usbhub.o)
 .text.usbmass_detach
                0x000000008000815c       0x44 /usr/local/xenon/usr/lib/libxenon.a(usbmass.o)
 .text.usbmass_attach
                0x00000000800081a0      0x1d4 /usr/local/xenon/usr/lib/libxenon.a(usbmass.o)
 .text.usbmass_request_sense
                0x0000000080008374      0x1b4 /usr/local/xenon/usr/lib/libxenon.a(usbmass.o)
                0x0000000080008374                usbmass_request_sense
 .text.usbmass_stall_recovery
                0x0000000080008528       0x38 /usr/local/xenon/usr/lib/libxenon.a(usbmass.o)
 .text.usbmass_read_sector
                0x0000000080008560      0x270 /usr/local/xenon/usr/lib/libxenon.a(usbmass.o)
                0x0000000080008560                usbmass_read_sector
 .text.usbmass_read
                0x00000000800087d0       0xbc /usr/local/xenon/usr/lib/libxenon.a(usbmass.o)
                0x00000000800087d0                usbmass_read
 .text.xenon_gpio_set
                0x000000008000888c       0x5c /usr/local/xenon/usr/lib/libxenon.a(xenon_gpio.o)
                0x000000008000888c                xenon_gpio_set
 .text.xenon_gpio_set_oe
                0x00000000800088e8       0x5c /usr/local/xenon/usr/lib/libxenon.a(xenon_gpio.o)
                0x00000000800088e8                xenon_gpio_set_oe
 .text.xenon_smc_handle_bulk
                0x0000000080008944       0x98 /usr/local/xenon/usr/lib/libxenon.a(xenon_smc.o)
                0x0000000080008944                xenon_smc_handle_bulk
 .text.xenon_smc_receive_message
                0x00000000800089dc       0x90 /usr/local/xenon/usr/lib/libxenon.a(xenon_smc.o)
                0x00000000800089dc                xenon_smc_receive_message
 .text.xenon_smc_receive_response
                0x0000000080008a6c       0x50 /usr/local/xenon/usr/lib/libxenon.a(xenon_smc.o)
                0x0000000080008a6c                xenon_smc_receive_response
 .text.xenon_smc_send_message
                0x0000000080008abc       0xa0 /usr/local/xenon/usr/lib/libxenon.a(xenon_smc.o)
                0x0000000080008abc                xenon_smc_send_message
 .text.xenon_smc_read_avpack
                0x0000000080008b5c       0x54 /usr/local/xenon/usr/lib/libxenon.a(xenon_smc.o)
                0x0000000080008b5c                xenon_smc_read_avpack
 .text.xenon_smc_i2c_write
                0x0000000080008bb0       0xac /usr/local/xenon/usr/lib/libxenon.a(xenon_smc.o)
                0x0000000080008bb0                xenon_smc_i2c_write
 .text.xenon_smc_ana_read
                0x0000000080008c5c       0xdc /usr/local/xenon/usr/lib/libxenon.a(xenon_smc.o)
                0x0000000080008c5c                xenon_smc_ana_read
 .text.xenon_smc_ana_write
                0x0000000080008d38       0xb0 /usr/local/xenon/usr/lib/libxenon.a(xenon_smc.o)
                0x0000000080008d38                xenon_smc_ana_write
 .text.xenon_config_get_avregion
                0x0000000080008de8       0xac /usr/local/xenon/usr/lib/libxenon.a(xenon_config.o)
                0x0000000080008de8                xenon_config_get_avregion
 .text.xenon_config_init
                0x0000000080008e94       0xb0 /usr/local/xenon/usr/lib/libxenon.a(xenon_config.o)
                0x0000000080008e94                xenon_config_init
 .text.unregister_bdev
                0x0000000080008f44       0x38 /usr/local/xenon/usr/lib/libxenon.a(diskio.o)
                0x0000000080008f44                unregister_bdev
 .text.determine_filesystem
                0x0000000080008f7c       0x80 /usr/local/xenon/usr/lib/libxenon.a(diskio.o)
                0x0000000080008f7c                determine_filesystem
 .text.register_bdev
                0x0000000080008ffc       0xf0 /usr/local/xenon/usr/lib/libxenon.a(diskio.o)
                0x0000000080008ffc                register_bdev
 .text._fat_umount
                0x00000000800090ec       0x28 /usr/local/xenon/usr/lib/libxenon.a(fat.o)
                0x00000000800090ec                _fat_umount
 .text._fat_mount
                0x0000000080009114       0x48 /usr/local/xenon/usr/lib/libxenon.a(fat.o)
                0x0000000080009114                _fat_mount
 .text._fat_opendir
                0x000000008000915c       0x6c /usr/local/xenon/usr/lib/libxenon.a(fat.o)
                0x000000008000915c                _fat_opendir
 .text._fat_open
                0x00000000800091c8       0x4c /usr/local/xenon/usr/lib/libxenon.a(fat.o)
                0x00000000800091c8                _fat_open
 .text._fat_readdir
                0x0000000080009214       0xa4 /usr/local/xenon/usr/lib/libxenon.a(fat.o)
                0x0000000080009214                _fat_readdir
 .text._fat_closedir
                0x00000000800092b8       0x3c /usr/local/xenon/usr/lib/libxenon.a(fat.o)
                0x00000000800092b8                _fat_closedir
 .text._fat_close
                0x00000000800092f4       0x24 /usr/local/xenon/usr/lib/libxenon.a(fat.o)
                0x00000000800092f4                _fat_close
 .text._fat_fstat
                0x0000000080009318       0x4c /usr/local/xenon/usr/lib/libxenon.a(fat.o)
                0x0000000080009318                _fat_fstat
 .text._fat_read
                0x0000000080009364       0x24 /usr/local/xenon/usr/lib/libxenon.a(fat.o)
                0x0000000080009364                _fat_read
 .text._fat_lseek
                0x0000000080009388       0x24 /usr/local/xenon/usr/lib/libxenon.a(fat.o)
                0x0000000080009388                _fat_lseek
 .text.fat_init
                0x00000000800093ac       0x7c /usr/local/xenon/usr/lib/libxenon.a(fat_rb.o)
                0x00000000800093ac                fat_init
 .text.fat_time
                0x0000000080009428      0x128 /usr/local/xenon/usr/lib/libxenon.a(fat_rb.o)
 .text.fat_open
                0x0000000080009550       0x74 /usr/local/xenon/usr/lib/libxenon.a(fat_rb.o)
                0x0000000080009550                fat_open
 .text.fat_opendir
                0x00000000800095c4       0xa8 /usr/local/xenon/usr/lib/libxenon.a(fat_rb.o)
                0x00000000800095c4                fat_opendir
 .text.cluster2sec
                0x000000008000966c       0x60 /usr/local/xenon/usr/lib/libxenon.a(fat_rb.o)
 .text.update_fsinfo
                0x00000000800096cc      0x128 /usr/local/xenon/usr/lib/libxenon.a(fat_rb.o)
 .text.flush_fat_sector
                0x00000000800097f4      0x108 /usr/local/xenon/usr/lib/libxenon.a(fat_rb.o)
 .text.cache_fat_sector
                0x00000000800098fc      0x160 /usr/local/xenon/usr/lib/libxenon.a(fat_rb.o)
 .text.get_next_cluster
                0x0000000080009a5c      0x11c /usr/local/xenon/usr/lib/libxenon.a(fat_rb.o)
 .text.fat_seek
                0x0000000080009b78      0x14c /usr/local/xenon/usr/lib/libxenon.a(fat_rb.o)
                0x0000000080009b78                fat_seek
 .text.find_free_cluster
                0x0000000080009cc4      0x1bc /usr/local/xenon/usr/lib/libxenon.a(fat_rb.o)
 .text.fat_recalc_free
                0x0000000080009e80      0x174 /usr/local/xenon/usr/lib/libxenon.a(fat_rb.o)
                0x0000000080009e80                fat_recalc_free
 .text.flush_fat
                0x0000000080009ff4       0xc8 /usr/local/xenon/usr/lib/libxenon.a(fat_rb.o)
 .text.fat_unmount
                0x000000008000a0bc       0xac /usr/local/xenon/usr/lib/libxenon.a(fat_rb.o)
                0x000000008000a0bc                fat_unmount
 .text.update_fat_entry
                0x000000008000a168      0x268 /usr/local/xenon/usr/lib/libxenon.a(fat_rb.o)
 .text.fat_truncate
                0x000000008000a3d0       0xa8 /usr/local/xenon/usr/lib/libxenon.a(fat_rb.o)
                0x000000008000a3d0                fat_truncate
 .text.transfer
                0x000000008000a478      0x154 /usr/local/xenon/usr/lib/libxenon.a(fat_rb.o)
 .text.fat_readwrite
                0x000000008000a5cc      0x390 /usr/local/xenon/usr/lib/libxenon.a(fat_rb.o)
                0x000000008000a5cc                fat_readwrite
 .text.fat_getnext
                0x000000008000a95c      0x4c4 /usr/local/xenon/usr/lib/libxenon.a(fat_rb.o)
                0x000000008000a95c                fat_getnext
 .text.update_short_entry
                0x000000008000ae20      0x244 /usr/local/xenon/usr/lib/libxenon.a(fat_rb.o)
 .text.fat_closewrite
                0x000000008000b064       0xb8 /usr/local/xenon/usr/lib/libxenon.a(fat_rb.o)
                0x000000008000b064                fat_closewrite
 .text.fat_mount
                0x000000008000b11c      0x4f4 /usr/local/xenon/usr/lib/libxenon.a(fat_rb.o)
                0x000000008000b11c                fat_mount
 .text.char2dos
                0x000000008000b610       0x8c /usr/local/xenon/usr/lib/libxenon.a(fat_rb.o)
 .text.randomize_dos_name
                0x000000008000b69c      0x178 /usr/local/xenon/usr/lib/libxenon.a(fat_rb.o)
 .text.write_long_name
                0x000000008000b814      0x564 /usr/local/xenon/usr/lib/libxenon.a(fat_rb.o)
 .text.add_dir_entry
                0x000000008000bd78      0x530 /usr/local/xenon/usr/lib/libxenon.a(fat_rb.o)
 .text.fat_create_file
                0x000000008000c2a8       0x60 /usr/local/xenon/usr/lib/libxenon.a(fat_rb.o)
                0x000000008000c2a8                fat_create_file
 .text.rb_filesize
                0x000000008000c308       0x6c /usr/local/xenon/usr/lib/libxenon.a(file_rb.o)
                0x000000008000c308                rb_filesize
 .text.flush_cache
                0x000000008000c374       0xd0 /usr/local/xenon/usr/lib/libxenon.a(file_rb.o)
 .text.rb_lseek
                0x000000008000c444      0x1c4 /usr/local/xenon/usr/lib/libxenon.a(file_rb.o)
                0x000000008000c444                rb_lseek
 .text.readwrite
                0x000000008000c608      0x440 /usr/local/xenon/usr/lib/libxenon.a(file_rb.o)
 .text.rb_read  0x000000008000ca48        0x8 /usr/local/xenon/usr/lib/libxenon.a(file_rb.o)
                0x000000008000ca48                rb_read
 .text.rb_ftruncate
                0x000000008000ca50       0xc8 /usr/local/xenon/usr/lib/libxenon.a(file_rb.o)
                0x000000008000ca50                rb_ftruncate
 .text.open_internal
                0x000000008000cb18      0x39c /usr/local/xenon/usr/lib/libxenon.a(file_rb.o)
 .text.rb_open  0x000000008000ceb4        0x8 /usr/local/xenon/usr/lib/libxenon.a(file_rb.o)
                0x000000008000ceb4                rb_open
 .text.rb_fsync
                0x000000008000cebc      0x128 /usr/local/xenon/usr/lib/libxenon.a(file_rb.o)
                0x000000008000cebc                rb_fsync
 .text.rb_close
                0x000000008000cfe4       0xa0 /usr/local/xenon/usr/lib/libxenon.a(file_rb.o)
                0x000000008000cfe4                rb_close
 .text.rb_closedir
                0x000000008000d084       0x14 /usr/local/xenon/usr/lib/libxenon.a(dir_rb.o)
                0x000000008000d084                rb_closedir
 .text.rb_readdir
                0x000000008000d098       0xb0 /usr/local/xenon/usr/lib/libxenon.a(dir_rb.o)
                0x000000008000d098                rb_readdir
 .text.rb_opendir
                0x000000008000d148      0x1e8 /usr/local/xenon/usr/lib/libxenon.a(dir_rb.o)
                0x000000008000d148                rb_opendir
 .text._iso9660_lseek
                0x000000008000d330       0xa8 /usr/local/xenon/usr/lib/libxenon.a(iso9660.o)
                0x000000008000d330                _iso9660_lseek
 .text._iso9660_fstat
                0x000000008000d3d8       0x60 /usr/local/xenon/usr/lib/libxenon.a(iso9660.o)
                0x000000008000d3d8                _iso9660_fstat
 .text._iso9660_close
                0x000000008000d438       0x24 /usr/local/xenon/usr/lib/libxenon.a(iso9660.o)
                0x000000008000d438                _iso9660_close
 .text._iso9660_closedir
                0x000000008000d45c       0x28 /usr/local/xenon/usr/lib/libxenon.a(iso9660.o)
                0x000000008000d45c                _iso9660_closedir
 .text.bclear_cache
                0x000000008000d484       0x60 /usr/local/xenon/usr/lib/libxenon.a(iso9660.o)
 .text.iso_reset
                0x000000008000d4e4       0x80 /usr/local/xenon/usr/lib/libxenon.a(iso9660.o)
                0x000000008000d4e4                iso_reset
 .text.fs_iso9660_shutdown
                0x000000008000d564       0xa4 /usr/local/xenon/usr/lib/libxenon.a(iso9660.o)
                0x000000008000d564                fs_iso9660_shutdown
 .text._iso9660_umount
                0x000000008000d608        0x4 /usr/local/xenon/usr/lib/libxenon.a(iso9660.o)
                0x000000008000d608                _iso9660_umount
 .text.fs_iso9660_init
                0x000000008000d60c       0xd0 /usr/local/xenon/usr/lib/libxenon.a(iso9660.o)
                0x000000008000d60c                fs_iso9660_init
 .text._iso9660_mount
                0x000000008000d6dc        0xc /usr/local/xenon/usr/lib/libxenon.a(iso9660.o)
                0x000000008000d6dc                _iso9660_mount
 .text.init_percd
                0x000000008000d6e8      0x264 /usr/local/xenon/usr/lib/libxenon.a(iso9660.o)
 .text.bread_cache
                0x000000008000d94c      0x1ac /usr/local/xenon/usr/lib/libxenon.a(iso9660.o)
 .text._iso9660_read
                0x000000008000daf8      0x1cc /usr/local/xenon/usr/lib/libxenon.a(iso9660.o)
                0x000000008000daf8                _iso9660_read
 .text._iso9660_readdir
                0x000000008000dcc4      0x430 /usr/local/xenon/usr/lib/libxenon.a(iso9660.o)
                0x000000008000dcc4                _iso9660_readdir
 .text.find_object
                0x000000008000e0f4      0x400 /usr/local/xenon/usr/lib/libxenon.a(iso9660.o)
 .text.iso_open
                0x000000008000e4f4      0x288 /usr/local/xenon/usr/lib/libxenon.a(iso9660.o)
 .text._iso9660_opendir
                0x000000008000e77c       0x50 /usr/local/xenon/usr/lib/libxenon.a(iso9660.o)
                0x000000008000e77c                _iso9660_opendir
 .text._iso9660_open
                0x000000008000e7cc       0x50 /usr/local/xenon/usr/lib/libxenon.a(iso9660.o)
                0x000000008000e7cc                _iso9660_open
 .text.q_enqueue
                0x000000008000e81c       0x18 /usr/local/xenon/usr/lib/libxenon.a(lib_queue.o)
                0x000000008000e81c                q_enqueue
 .text.q_deqnext
                0x000000008000e834       0x30 /usr/local/xenon/usr/lib/libxenon.a(lib_queue.o)
                0x000000008000e834                q_deqnext
 .text.usbctrl_detach
                0x000000008000e864       0x5c /usr/local/xenon/usr/lib/libxenon.a(usbctrl.o)
 .text.usbctrl_attach
                0x000000008000e8c0      0x1cc /usr/local/xenon/usr/lib/libxenon.a(usbctrl.o)
 .text.usbctrl_ireq_callback
                0x000000008000ea8c      0x1a0 /usr/local/xenon/usr/lib/libxenon.a(usbctrl.o)
 .text.getstringmaybe
                0x000000008000ec2c       0x88 /usr/local/xenon/usr/lib/libxenon.a(usbdebug.o)
 .text.usb_dbg_dumpdescriptors
                0x000000008000ecb4      0x708 /usr/local/xenon/usr/lib/libxenon.a(usbdebug.o)
                0x000000008000ecb4                usb_dbg_dumpdescriptors
 .text.usb_dbg_dumpportstatus
                0x000000008000f3bc      0x284 /usr/local/xenon/usr/lib/libxenon.a(usbdebug.o)
                0x000000008000f3bc                usb_dbg_dumpportstatus
 .text.utf8encode
                0x000000008000f640       0x84 /usr/local/xenon/usr/lib/libxenon.a(unicode_rb.o)
                0x000000008000f640                utf8encode
 .text.utf8length
                0x000000008000f6c4       0x34 /usr/local/xenon/usr/lib/libxenon.a(unicode_rb.o)
                0x000000008000f6c4                utf8length
 .text.utf8decode
                0x000000008000f6f8       0xd4 /usr/local/xenon/usr/lib/libxenon.a(unicode_rb.o)
                0x000000008000f6f8                utf8decode
 .text.sfcx_readreg
                0x000000008000f7cc       0x14 /usr/local/xenon/usr/lib/libxenon.a(xenon_sfcx.o)
                0x000000008000f7cc                sfcx_readreg
 .text.sfcx_writereg
                0x000000008000f7e0       0x14 /usr/local/xenon/usr/lib/libxenon.a(xenon_sfcx.o)
                0x000000008000f7e0                sfcx_writereg
 .text.sfcx_init
                0x000000008000f7f4      0x280 /usr/local/xenon/usr/lib/libxenon.a(xenon_sfcx.o)
                0x000000008000f7f4                sfcx_init
 .text.sfcx_read_page
                0x000000008000fa74      0x170 /usr/local/xenon/usr/lib/libxenon.a(xenon_sfcx.o)
                0x000000008000fa74                sfcx_read_page
 .text.storage_write_sectors
                0x000000008000fbe4       0x40 /usr/local/xenon/usr/lib/libxenon.a(disk_rb.o)
                0x000000008000fbe4                storage_write_sectors
 .text.storage_read_sectors
                0x000000008000fc24      0x1b0 /usr/local/xenon/usr/lib/libxenon.a(disk_rb.o)
                0x000000008000fc24                storage_read_sectors
 .text.disk_init
                0x000000008000fdd4      0x154 /usr/local/xenon/usr/lib/libxenon.a(disk_rb.o)
                0x000000008000fdd4                disk_init
 .text.disk_mount
                0x000000008000ff28      0x140 /usr/local/xenon/usr/lib/libxenon.a(disk_rb.o)
                0x000000008000ff28                disk_mount
 .text.set_controller_data
                0x0000000080010068       0x5c /usr/local/xenon/usr/lib/libxenon.a(input.o)
                0x0000000080010068                set_controller_data
 .text.SDL_InitSubSystem
                0x00000000800100c4      0x194 /usr/local/xenon/usr/lib/libSDL.a(SDL.o)
                0x00000000800100c4                SDL_InitSubSystem
 .text.SDL_Init
                0x0000000080010258       0x6c /usr/local/xenon/usr/lib/libSDL.a(SDL.o)
                0x0000000080010258                SDL_Init
 .text.SDL_QuitSubSystem
                0x00000000800102c4       0xb8 /usr/local/xenon/usr/lib/libSDL.a(SDL.o)
                0x00000000800102c4                SDL_QuitSubSystem
 .text.SDL_Quit
                0x000000008001037c       0x3c /usr/local/xenon/usr/lib/libSDL.a(SDL.o)
                0x000000008001037c                SDL_Quit
 .text.SDL_SetError
                0x00000000800103b8      0x490 /usr/local/xenon/usr/lib/libSDL.a(SDL_error.o)
                0x00000000800103b8                SDL_SetError
 .text.SDL_ClearError
                0x0000000080010848       0x38 /usr/local/xenon/usr/lib/libSDL.a(SDL_error.o)
                0x0000000080010848                SDL_ClearError
 .text.SDL_Error
                0x0000000080010880       0xb8 /usr/local/xenon/usr/lib/libSDL.a(SDL_error.o)
                0x0000000080010880                SDL_Error
 .text.SDL_InstallParachute
                0x0000000080010938       0x1c /usr/local/xenon/usr/lib/libSDL.a(SDL_fatal.o)
                0x0000000080010938                SDL_InstallParachute
 .text.SDL_UninstallParachute
                0x0000000080010954       0x1c /usr/local/xenon/usr/lib/libSDL.a(SDL_fatal.o)
                0x0000000080010954                SDL_UninstallParachute
 .text.SDL_LockAudio_Default
                0x0000000080010970       0x7c /usr/local/xenon/usr/lib/libSDL.a(SDL_audio.o)
 .text.SDL_UnlockAudio_Default
                0x00000000800109ec       0x7c /usr/local/xenon/usr/lib/libSDL.a(SDL_audio.o)
 .text.SDL_AudioInit
                0x0000000080010a68      0x314 /usr/local/xenon/usr/lib/libSDL.a(SDL_audio.o)
                0x0000000080010a68                SDL_AudioInit
 .text.SDL_AudioQuit
                0x0000000080010d7c      0x160 /usr/local/xenon/usr/lib/libSDL.a(SDL_audio.o)
                0x0000000080010d7c                SDL_AudioQuit
 .text.SDL_GobbleEvents
                0x0000000080010edc      0x140 /usr/local/xenon/usr/lib/libSDL.a(SDL_events.o)
 .text.SDL_StartEventThread
                0x000000008001101c      0x128 /usr/local/xenon/usr/lib/libSDL.a(SDL_events.o)
 .text.SDL_StopEventThread
                0x0000000080011144       0xd4 /usr/local/xenon/usr/lib/libSDL.a(SDL_events.o)
 .text.SDL_StopEventLoop
                0x0000000080011218       0x7c /usr/local/xenon/usr/lib/libSDL.a(SDL_events.o)
                0x0000000080011218                SDL_StopEventLoop
 .text.SDL_StartEventLoop
                0x0000000080011294      0x154 /usr/local/xenon/usr/lib/libSDL.a(SDL_events.o)
                0x0000000080011294                SDL_StartEventLoop
 .text.SDL_AddEvent
                0x00000000800113e8      0x1b0 /usr/local/xenon/usr/lib/libSDL.a(SDL_events.o)
 .text.SDL_CutEvent
                0x0000000080011598      0x1e8 /usr/local/xenon/usr/lib/libSDL.a(SDL_events.o)
 .text.SDL_PeepEvents
                0x0000000080011780      0x2a0 /usr/local/xenon/usr/lib/libSDL.a(SDL_events.o)
                0x0000000080011780                SDL_PeepEvents
 .text.SDL_PumpEvents
                0x0000000080011a20       0x88 /usr/local/xenon/usr/lib/libSDL.a(SDL_events.o)
                0x0000000080011a20                SDL_PumpEvents
 .text.SDL_PollEvent
                0x0000000080011aa8       0x64 /usr/local/xenon/usr/lib/libSDL.a(SDL_events.o)
                0x0000000080011aa8                SDL_PollEvent
 .text.SDL_PushEvent
                0x0000000080011b0c       0x60 /usr/local/xenon/usr/lib/libSDL.a(SDL_events.o)
                0x0000000080011b0c                SDL_PushEvent
 .text.SDL_KeyboardInit
                0x0000000080011b6c     0x170c /usr/local/xenon/usr/lib/libSDL.a(SDL_keyboard.o)
                0x0000000080011b6c                SDL_KeyboardInit
 .text.SDL_KeyboardQuit
                0x0000000080013278       0x1c /usr/local/xenon/usr/lib/libSDL.a(SDL_keyboard.o)
                0x0000000080013278                SDL_KeyboardQuit
 .text.SDL_ResetKeyboard
                0x0000000080013294       0xac /usr/local/xenon/usr/lib/libSDL.a(SDL_keyboard.o)
                0x0000000080013294                SDL_ResetKeyboard
 .text.SDL_EnableUNICODE
                0x0000000080013340       0x54 /usr/local/xenon/usr/lib/libSDL.a(SDL_keyboard.o)
                0x0000000080013340                SDL_EnableUNICODE
 .text.SDL_PrivateKeyboard
                0x0000000080013394      0x678 /usr/local/xenon/usr/lib/libSDL.a(SDL_keyboard.o)
                0x0000000080013394                SDL_PrivateKeyboard
 .text.SDL_CheckKeyRepeat
                0x0000000080013a0c      0x154 /usr/local/xenon/usr/lib/libSDL.a(SDL_keyboard.o)
                0x0000000080013a0c                SDL_CheckKeyRepeat
 .text.SDL_EnableKeyRepeat
                0x0000000080013b60       0xbc /usr/local/xenon/usr/lib/libSDL.a(SDL_keyboard.o)
                0x0000000080013b60                SDL_EnableKeyRepeat
 .text.SDL_MouseInit
                0x0000000080013c1c       0x94 /usr/local/xenon/usr/lib/libSDL.a(SDL_mouse.o)
                0x0000000080013c1c                SDL_MouseInit
 .text.SDL_MouseQuit
                0x0000000080013cb0       0x1c /usr/local/xenon/usr/lib/libSDL.a(SDL_mouse.o)
                0x0000000080013cb0                SDL_MouseQuit
 .text.SDL_ResetMouse
                0x0000000080013ccc       0xa4 /usr/local/xenon/usr/lib/libSDL.a(SDL_mouse.o)
                0x0000000080013ccc                SDL_ResetMouse
 .text.SDL_GetMouseState
                0x0000000080013d70       0x90 /usr/local/xenon/usr/lib/libSDL.a(SDL_mouse.o)
                0x0000000080013d70                SDL_GetMouseState
 .text.SDL_GetRelativeMouseState
                0x0000000080013e00       0xb0 /usr/local/xenon/usr/lib/libSDL.a(SDL_mouse.o)
                0x0000000080013e00                SDL_GetRelativeMouseState
 .text.ClipOffset
                0x0000000080013eb0      0x16c /usr/local/xenon/usr/lib/libSDL.a(SDL_mouse.o)
 .text.SDL_SetMouseRange
                0x000000008001401c       0x4c /usr/local/xenon/usr/lib/libSDL.a(SDL_mouse.o)
                0x000000008001401c                SDL_SetMouseRange
 .text.SDL_PrivateMouseButton
                0x0000000080014068      0x384 /usr/local/xenon/usr/lib/libSDL.a(SDL_mouse.o)
                0x0000000080014068                SDL_PrivateMouseButton
 .text.SDL_QuitInit
                0x00000000800143ec       0x24 /usr/local/xenon/usr/lib/libSDL.a(SDL_quit.o)
                0x00000000800143ec                SDL_QuitInit
 .text.SDL_QuitQuit
                0x0000000080014410       0x1c /usr/local/xenon/usr/lib/libSDL.a(SDL_quit.o)
                0x0000000080014410                SDL_QuitQuit
 .text.SDL_getenv
                0x000000008001442c      0x15c /usr/local/xenon/usr/lib/libSDL.a(SDL_getenv.o)
                0x000000008001442c                SDL_getenv
 .text.segment_holding
                0x0000000080014588       0xa4 /usr/local/xenon/usr/lib/libSDL.a(SDL_malloc.o)
 .text.init_mparams
                0x000000008001462c      0x120 /usr/local/xenon/usr/lib/libSDL.a(SDL_malloc.o)
 .text.init_top
                0x000000008001474c       0xe4 /usr/local/xenon/usr/lib/libSDL.a(SDL_malloc.o)
 .text.init_bins
                0x0000000080014830       0x88 /usr/local/xenon/usr/lib/libSDL.a(SDL_malloc.o)
 .text.prepend_alloc
                0x00000000800148b8      0xc78 /usr/local/xenon/usr/lib/libSDL.a(SDL_malloc.o)
 .text.add_segment
                0x0000000080015530      0x784 /usr/local/xenon/usr/lib/libSDL.a(SDL_malloc.o)
 .text.sys_alloc
                0x0000000080015cb4      0x938 /usr/local/xenon/usr/lib/libSDL.a(SDL_malloc.o)
 .text.sys_trim
                0x00000000800165ec      0x270 /usr/local/xenon/usr/lib/libSDL.a(SDL_malloc.o)
 .text.tmalloc_large
                0x000000008001685c      0xe40 /usr/local/xenon/usr/lib/libSDL.a(SDL_malloc.o)
 .text.tmalloc_small
                0x000000008001769c      0x7f4 /usr/local/xenon/usr/lib/libSDL.a(SDL_malloc.o)
 .text.internal_realloc
                0x0000000080017e90      0x404 /usr/local/xenon/usr/lib/libSDL.a(SDL_malloc.o)
 .text.SDL_malloc
                0x0000000080018294      0x928 /usr/local/xenon/usr/lib/libSDL.a(SDL_malloc.o)
                0x0000000080018294                SDL_malloc
 .text.SDL_free
                0x0000000080018bbc     0x144c /usr/local/xenon/usr/lib/libSDL.a(SDL_malloc.o)
                0x0000000080018bbc                SDL_free
 .text.SDL_realloc
                0x000000008001a008       0x74 /usr/local/xenon/usr/lib/libSDL.a(SDL_malloc.o)
                0x000000008001a008                SDL_realloc
 .text.SDL_ScanLong
                0x000000008001a07c      0x238 /usr/local/xenon/usr/lib/libSDL.a(SDL_string.o)
 .text.SDL_memset
                0x000000008001a2b4      0x184 /usr/local/xenon/usr/lib/libSDL.a(SDL_string.o)
                0x000000008001a2b4                SDL_memset
 .text.SDL_memcpy
                0x000000008001a438       0xa8 /usr/local/xenon/usr/lib/libSDL.a(SDL_string.o)
                0x000000008001a438                SDL_memcpy
 .text.SDL_revcpy
                0x000000008001a4e0       0xd0 /usr/local/xenon/usr/lib/libSDL.a(SDL_string.o)
                0x000000008001a4e0                SDL_revcpy
 .text.SDL_memcmp
                0x000000008001a5b0       0xe0 /usr/local/xenon/usr/lib/libSDL.a(SDL_string.o)
                0x000000008001a5b0                SDL_memcmp
 .text.SDL_strlen
                0x000000008001a690       0x74 /usr/local/xenon/usr/lib/libSDL.a(SDL_string.o)
                0x000000008001a690                SDL_strlen
 .text.SDL_strlcpy
                0x000000008001a704       0xa0 /usr/local/xenon/usr/lib/libSDL.a(SDL_string.o)
                0x000000008001a704                SDL_strlcpy
 .text.SDL_strtol
                0x000000008001a7a4       0xd4 /usr/local/xenon/usr/lib/libSDL.a(SDL_string.o)
                0x000000008001a7a4                SDL_strtol
 .text.SDL_strcmp
                0x000000008001a878       0xcc /usr/local/xenon/usr/lib/libSDL.a(SDL_string.o)
                0x000000008001a878                SDL_strcmp
 .text.SDL_strncmp
                0x000000008001a944       0xfc /usr/local/xenon/usr/lib/libSDL.a(SDL_string.o)
                0x000000008001a944                SDL_strncmp
 .text.SDL_strcasecmp
                0x000000008001aa40      0x178 /usr/local/xenon/usr/lib/libSDL.a(SDL_string.o)
                0x000000008001aa40                SDL_strcasecmp
 .text.SDL_ThreadsInit
                0x000000008001abb8       0x6c /usr/local/xenon/usr/lib/libSDL.a(SDL_thread.o)
                0x000000008001abb8                SDL_ThreadsInit
 .text.SDL_AddThread
                0x000000008001ac24      0x158 /usr/local/xenon/usr/lib/libSDL.a(SDL_thread.o)
 .text.SDL_DelThread
                0x000000008001ad7c      0x1bc /usr/local/xenon/usr/lib/libSDL.a(SDL_thread.o)
 .text.SDL_CreateThread
                0x000000008001af38      0x1a4 /usr/local/xenon/usr/lib/libSDL.a(SDL_thread.o)
                0x000000008001af38                SDL_CreateThread
 .text.SDL_WaitThread
                0x000000008001b0dc       0x7c /usr/local/xenon/usr/lib/libSDL.a(SDL_thread.o)
                0x000000008001b0dc                SDL_WaitThread
 .text.SDL_SetTimerThreaded
                0x000000008001b158       0x80 /usr/local/xenon/usr/lib/libSDL.a(SDL_timer.o)
                0x000000008001b158                SDL_SetTimerThreaded
 .text.SDL_ThreadedTimerCheck
                0x000000008001b1d8      0x2ac /usr/local/xenon/usr/lib/libSDL.a(SDL_timer.o)
                0x000000008001b1d8                SDL_ThreadedTimerCheck
 .text.SDL_CursorQuit
                0x000000008001b484      0x114 /usr/local/xenon/usr/lib/libSDL.a(SDL_cursor.o)
                0x000000008001b484                SDL_CursorQuit
 .text.SDL_CursorInit
                0x000000008001b598       0xc4 /usr/local/xenon/usr/lib/libSDL.a(SDL_cursor.o)
                0x000000008001b598                SDL_CursorInit
 .text.SDL_CreateCursor
                0x000000008001b65c      0x3a4 /usr/local/xenon/usr/lib/libSDL.a(SDL_cursor.o)
                0x000000008001b65c                SDL_CreateCursor
 .text.SDL_SetCursor
                0x000000008001ba00      0x3c4 /usr/local/xenon/usr/lib/libSDL.a(SDL_cursor.o)
                0x000000008001ba00                SDL_SetCursor
 .text.SDL_FreeCursor
                0x000000008001bdc4      0x150 /usr/local/xenon/usr/lib/libSDL.a(SDL_cursor.o)
                0x000000008001bdc4                SDL_FreeCursor
 .text.SDL_MoveCursor
                0x000000008001bf14      0x198 /usr/local/xenon/usr/lib/libSDL.a(SDL_cursor.o)
                0x000000008001bf14                SDL_MoveCursor
 .text.SDL_MouseRect
                0x000000008001c0ac      0x258 /usr/local/xenon/usr/lib/libSDL.a(SDL_cursor.o)
                0x000000008001c0ac                SDL_MouseRect
 .text.SDL_DrawCursorFast
                0x000000008001c304      0x9a8 /usr/local/xenon/usr/lib/libSDL.a(SDL_cursor.o)
 .text.SDL_DrawCursorSlow
                0x000000008001ccac      0x598 /usr/local/xenon/usr/lib/libSDL.a(SDL_cursor.o)
 .text.SDL_ConvertCursorSave
                0x000000008001d244      0x16c /usr/local/xenon/usr/lib/libSDL.a(SDL_cursor.o)
 .text.SDL_DrawCursorNoLock
                0x000000008001d3b0      0x35c /usr/local/xenon/usr/lib/libSDL.a(SDL_cursor.o)
                0x000000008001d3b0                SDL_DrawCursorNoLock
 .text.SDL_DrawCursor
                0x000000008001d70c      0x16c /usr/local/xenon/usr/lib/libSDL.a(SDL_cursor.o)
                0x000000008001d70c                SDL_DrawCursor
 .text.SDL_EraseCursorNoLock
                0x000000008001d878      0x2d4 /usr/local/xenon/usr/lib/libSDL.a(SDL_cursor.o)
                0x000000008001d878                SDL_EraseCursorNoLock
 .text.SDL_EraseCursor
                0x000000008001db4c      0x16c /usr/local/xenon/usr/lib/libSDL.a(SDL_cursor.o)
                0x000000008001db4c                SDL_EraseCursor
 .text.SDL_ResetCursor
                0x000000008001dcb8       0xd4 /usr/local/xenon/usr/lib/libSDL.a(SDL_cursor.o)
                0x000000008001dcb8                SDL_ResetCursor
 .text.SDL_AllocFormat
                0x000000008001dd8c      0xcf4 /usr/local/xenon/usr/lib/libSDL.a(SDL_pixels.o)
                0x000000008001dd8c                SDL_AllocFormat
 .text.SDL_ReallocFormat
                0x000000008001ea80       0xac /usr/local/xenon/usr/lib/libSDL.a(SDL_pixels.o)
                0x000000008001ea80                SDL_ReallocFormat
 .text.SDL_FormatChanged
                0x000000008001eb2c       0xa0 /usr/local/xenon/usr/lib/libSDL.a(SDL_pixels.o)
                0x000000008001eb2c                SDL_FormatChanged
 .text.SDL_FreeFormat
                0x000000008001ebcc       0xa4 /usr/local/xenon/usr/lib/libSDL.a(SDL_pixels.o)
                0x000000008001ebcc                SDL_FreeFormat
 .text.SDL_DitherColors
                0x000000008001ec70      0x14c /usr/local/xenon/usr/lib/libSDL.a(SDL_pixels.o)
                0x000000008001ec70                SDL_DitherColors
 .text.SDL_CalculatePitch
                0x000000008001edbc       0xd0 /usr/local/xenon/usr/lib/libSDL.a(SDL_pixels.o)
                0x000000008001edbc                SDL_CalculatePitch
 .text.SDL_FindColor
                0x000000008001ee8c      0x190 /usr/local/xenon/usr/lib/libSDL.a(SDL_pixels.o)
                0x000000008001ee8c                SDL_FindColor
 .text.SDL_MapRGB
                0x000000008001f01c      0x14c /usr/local/xenon/usr/lib/libSDL.a(SDL_pixels.o)
                0x000000008001f01c                SDL_MapRGB
 .text.Map1to1  0x000000008001f168      0x1dc /usr/local/xenon/usr/lib/libSDL.a(SDL_pixels.o)
 .text.Map1toN  0x000000008001f344      0x510 /usr/local/xenon/usr/lib/libSDL.a(SDL_pixels.o)
 .text.MapNto1  0x000000008001f854       0x98 /usr/local/xenon/usr/lib/libSDL.a(SDL_pixels.o)
 .text.SDL_AllocBlitMap
                0x000000008001f8ec       0xd4 /usr/local/xenon/usr/lib/libSDL.a(SDL_pixels.o)
                0x000000008001f8ec                SDL_AllocBlitMap
 .text.SDL_InvalidateMap
                0x000000008001f9c0       0x9c /usr/local/xenon/usr/lib/libSDL.a(SDL_pixels.o)
                0x000000008001f9c0                SDL_InvalidateMap
 .text.SDL_MapSurface
                0x000000008001fa5c      0x340 /usr/local/xenon/usr/lib/libSDL.a(SDL_pixels.o)
                0x000000008001fa5c                SDL_MapSurface
 .text.SDL_FreeBlitMap
                0x000000008001fd9c       0x74 /usr/local/xenon/usr/lib/libSDL.a(SDL_pixels.o)
                0x000000008001fd9c                SDL_FreeBlitMap
 .text.SDL_CreateRGBSurface
                0x000000008001fe10      0x598 /usr/local/xenon/usr/lib/libSDL.a(SDL_surface.o)
                0x000000008001fe10                SDL_CreateRGBSurface
 .text.SDL_IntersectRect
                0x00000000800203a8      0x210 /usr/local/xenon/usr/lib/libSDL.a(SDL_surface.o)
 .text.SDL_SetClipRect
                0x00000000800205b8       0xc8 /usr/local/xenon/usr/lib/libSDL.a(SDL_surface.o)
                0x00000000800205b8                SDL_SetClipRect
 .text.SDL_LowerBlit
                0x0000000080020680      0x27c /usr/local/xenon/usr/lib/libSDL.a(SDL_surface.o)
                0x0000000080020680                SDL_LowerBlit
 .text.SDL_FillRect1
                0x00000000800208fc       0x50 /usr/local/xenon/usr/lib/libSDL.a(SDL_surface.o)
 .text.SDL_FillRect4
                0x000000008002094c       0x50 /usr/local/xenon/usr/lib/libSDL.a(SDL_surface.o)
 .text.SDL_FillRect
                0x000000008002099c      0xc18 /usr/local/xenon/usr/lib/libSDL.a(SDL_surface.o)
                0x000000008002099c                SDL_FillRect
 .text.SDL_LockSurface
                0x00000000800215b4      0x13c /usr/local/xenon/usr/lib/libSDL.a(SDL_surface.o)
                0x00000000800215b4                SDL_LockSurface
 .text.SDL_UnlockSurface
                0x00000000800216f0      0x14c /usr/local/xenon/usr/lib/libSDL.a(SDL_surface.o)
                0x00000000800216f0                SDL_UnlockSurface
 .text.SDL_FreeSurface
                0x000000008002183c      0x22c /usr/local/xenon/usr/lib/libSDL.a(SDL_surface.o)
                0x000000008002183c                SDL_FreeSurface
 .text.SDL_VideoInit
                0x0000000080021a68      0x5c4 /usr/local/xenon/usr/lib/libSDL.a(SDL_video.o)
                0x0000000080021a68                SDL_VideoInit
 .text.SDL_ListModes
                0x000000008002202c       0xd4 /usr/local/xenon/usr/lib/libSDL.a(SDL_video.o)
                0x000000008002202c                SDL_ListModes
 .text.SDL_VideoModeOK
                0x0000000080022100      0x388 /usr/local/xenon/usr/lib/libSDL.a(SDL_video.o)
                0x0000000080022100                SDL_VideoModeOK
 .text.SDL_GetVideoMode
                0x0000000080022488      0x588 /usr/local/xenon/usr/lib/libSDL.a(SDL_video.o)
 .text.SDL_ClearSurface
                0x0000000080022a10      0x130 /usr/local/xenon/usr/lib/libSDL.a(SDL_video.o)
 .text.SDL_CreateShadowSurface
                0x0000000080022b40      0x464 /usr/local/xenon/usr/lib/libSDL.a(SDL_video.o)
 .text.SDL_SetVideoMode
                0x0000000080022fa4      0x9fc /usr/local/xenon/usr/lib/libSDL.a(SDL_video.o)
                0x0000000080022fa4                SDL_SetVideoMode
 .text.SDL_UpdateRect
                0x00000000800239a0      0x120 /usr/local/xenon/usr/lib/libSDL.a(SDL_video.o)
                0x00000000800239a0                SDL_UpdateRect
 .text.SDL_UpdateRects
                0x0000000080023ac0      0x54c /usr/local/xenon/usr/lib/libSDL.a(SDL_video.o)
                0x0000000080023ac0                SDL_UpdateRects
 .text.SDL_Flip
                0x000000008002400c      0x354 /usr/local/xenon/usr/lib/libSDL.a(SDL_video.o)
                0x000000008002400c                SDL_Flip
 .text.SDL_VideoQuit
                0x0000000080024360      0x2b8 /usr/local/xenon/usr/lib/libSDL.a(SDL_video.o)
                0x0000000080024360                SDL_VideoQuit
 .text.SDL_WM_GrabInputRaw
                0x0000000080024618      0x170 /usr/local/xenon/usr/lib/libSDL.a(SDL_video.o)
 .text.SDL_WM_GrabInput
                0x0000000080024788      0x108 /usr/local/xenon/usr/lib/libSDL.a(SDL_video.o)
                0x0000000080024788                SDL_WM_GrabInput
 .text.SDL_WM_GrabInputOff
                0x0000000080024890       0x4c /usr/local/xenon/usr/lib/libSDL.a(SDL_video.o)
 .text.DUMMYAUD_Available
                0x00000000800248dc       0x78 /usr/local/xenon/usr/lib/libSDL.a(SDL_dummyaudio.o)
 .text.DUMMYAUD_DeleteDevice
                0x0000000080024954       0x4c /usr/local/xenon/usr/lib/libSDL.a(SDL_dummyaudio.o)
 .text.DUMMYAUD_CreateDevice
                0x00000000800249a0      0x158 /usr/local/xenon/usr/lib/libSDL.a(SDL_dummyaudio.o)
 .text.DUMMYAUD_WaitAudio
                0x0000000080024af8       0x8c /usr/local/xenon/usr/lib/libSDL.a(SDL_dummyaudio.o)
 .text.DUMMYAUD_PlayAudio
                0x0000000080024b84       0x20 /usr/local/xenon/usr/lib/libSDL.a(SDL_dummyaudio.o)
 .text.DUMMYAUD_GetAudioBuf
                0x0000000080024ba4       0x38 /usr/local/xenon/usr/lib/libSDL.a(SDL_dummyaudio.o)
 .text.DUMMYAUD_CloseAudio
                0x0000000080024bdc       0x80 /usr/local/xenon/usr/lib/libSDL.a(SDL_dummyaudio.o)
 .text.DUMMYAUD_OpenAudio
                0x0000000080024c5c      0x20c /usr/local/xenon/usr/lib/libSDL.a(SDL_dummyaudio.o)
 .text.XENON_Available
                0x0000000080024e68       0x24 /usr/local/xenon/usr/lib/libSDL.a(SDL_nullvideo.o)
 .text.XENON_DeleteDevice
                0x0000000080024e8c       0x4c /usr/local/xenon/usr/lib/libSDL.a(SDL_nullvideo.o)
 .text.XENON_CreateDevice
                0x0000000080024ed8      0x298 /usr/local/xenon/usr/lib/libSDL.a(SDL_nullvideo.o)
 .text.XENON_VideoInit
                0x0000000080025170      0x260 /usr/local/xenon/usr/lib/libSDL.a(SDL_nullvideo.o)
 .text.XENON_ListModes
                0x00000000800253d0       0x34 /usr/local/xenon/usr/lib/libSDL.a(SDL_nullvideo.o)
 .text.XENON_SetVideoMode
                0x0000000080025404      0x318 /usr/local/xenon/usr/lib/libSDL.a(SDL_nullvideo.o)
 .text.XENON_AllocHWSurface
                0x000000008002571c       0x2c /usr/local/xenon/usr/lib/libSDL.a(SDL_nullvideo.o)
 .text.XENON_FlipHWSurface
                0x0000000080025748      0x484 /usr/local/xenon/usr/lib/libSDL.a(SDL_nullvideo.o)
 .text.XENON_FreeHWSurface
                0x0000000080025bcc       0x24 /usr/local/xenon/usr/lib/libSDL.a(SDL_nullvideo.o)
 .text.XENON_LockHWSurface
                0x0000000080025bf0      0x1b4 /usr/local/xenon/usr/lib/libSDL.a(SDL_nullvideo.o)
 .text.XENON_UnlockHWSurface
                0x0000000080025da4       0xa0 /usr/local/xenon/usr/lib/libSDL.a(SDL_nullvideo.o)
 .text.XENON_UpdateRects
                0x0000000080025e44      0x490 /usr/local/xenon/usr/lib/libSDL.a(SDL_nullvideo.o)
 .text.XENON_SetColors
                0x00000000800262d4       0x34 /usr/local/xenon/usr/lib/libSDL.a(SDL_nullvideo.o)
 .text.XENON_VideoQuit
                0x0000000080026308       0x80 /usr/local/xenon/usr/lib/libSDL.a(SDL_nullvideo.o)
 .text.SDL_CreateMutex
                0x0000000080026388       0xc0 /usr/local/xenon/usr/lib/libSDL.a(SDL_sysmutex.o)
                0x0000000080026388                SDL_CreateMutex
 .text.SDL_DestroyMutex
                0x0000000080026448       0x6c /usr/local/xenon/usr/lib/libSDL.a(SDL_sysmutex.o)
                0x0000000080026448                SDL_DestroyMutex
 .text.SDL_mutexP
                0x00000000800264b4       0x28 /usr/local/xenon/usr/lib/libSDL.a(SDL_sysmutex.o)
                0x00000000800264b4                SDL_mutexP
 .text.SDL_mutexV
                0x00000000800264dc       0x28 /usr/local/xenon/usr/lib/libSDL.a(SDL_sysmutex.o)
                0x00000000800264dc                SDL_mutexV
 .text.SDL_CreateSemaphore
                0x0000000080026504       0x48 /usr/local/xenon/usr/lib/libSDL.a(SDL_syssem.o)
                0x0000000080026504                SDL_CreateSemaphore
 .text.SDL_DestroySemaphore
                0x000000008002654c       0x20 /usr/local/xenon/usr/lib/libSDL.a(SDL_syssem.o)
                0x000000008002654c                SDL_DestroySemaphore
 .text.SDL_SemWait
                0x000000008002656c       0x48 /usr/local/xenon/usr/lib/libSDL.a(SDL_syssem.o)
                0x000000008002656c                SDL_SemWait
 .text.SDL_SYS_CreateThread
                0x00000000800265b4       0x4c /usr/local/xenon/usr/lib/libSDL.a(SDL_systhread.o)
                0x00000000800265b4                SDL_SYS_CreateThread
 .text.SDL_ThreadID
                0x0000000080026600       0x24 /usr/local/xenon/usr/lib/libSDL.a(SDL_systhread.o)
                0x0000000080026600                SDL_ThreadID
 .text.SDL_SYS_WaitThread
                0x0000000080026624       0x20 /usr/local/xenon/usr/lib/libSDL.a(SDL_systhread.o)
                0x0000000080026624                SDL_SYS_WaitThread
 .text.SDL_GetTicks
                0x0000000080026644       0x3c /usr/local/xenon/usr/lib/libSDL.a(SDL_systimer.o)
                0x0000000080026644                SDL_GetTicks
 .text.SDL_Delay
                0x0000000080026680       0x38 /usr/local/xenon/usr/lib/libSDL.a(SDL_systimer.o)
                0x0000000080026680                SDL_Delay
 *fill*         0x00000000800266b8        0x8 00
 .text          0x00000000800266c0      0x1d0 /usr/local/xenon/usr/lib/libSDL.a(shader_sdl.o)
                0x00000000800266c0                prim_textured_vertex_shader
                0x00000000800267b0                prim_textured_pixel_shader
 .text.SDL_AppActiveInit
                0x0000000080026890       0x34 /usr/local/xenon/usr/lib/libSDL.a(SDL_active.o)
                0x0000000080026890                SDL_AppActiveInit
 .text.SDL_AppActiveQuit
                0x00000000800268c4       0x1c /usr/local/xenon/usr/lib/libSDL.a(SDL_active.o)
                0x00000000800268c4                SDL_AppActiveQuit
 .text.SDL_PrivateResize
                0x00000000800268e0      0x1e0 /usr/local/xenon/usr/lib/libSDL.a(SDL_resize.o)
                0x00000000800268e0                SDL_PrivateResize
 .text.RLEClipBlit
                0x0000000080026ac0     0x30e0 /usr/local/xenon/usr/lib/libSDL.a(SDL_RLEaccel.o)
 .text.SDL_RLEBlit
                0x0000000080029ba0     0x29e4 /usr/local/xenon/usr/lib/libSDL.a(SDL_RLEaccel.o)
                0x0000000080029ba0                SDL_RLEBlit
 .text.RLEAlphaClipBlit
                0x000000008002c584      0xd70 /usr/local/xenon/usr/lib/libSDL.a(SDL_RLEaccel.o)
 .text.SDL_RLEAlphaBlit
                0x000000008002d2f4      0xcb0 /usr/local/xenon/usr/lib/libSDL.a(SDL_RLEaccel.o)
                0x000000008002d2f4                SDL_RLEAlphaBlit
 .text.copy_opaque_16
                0x000000008002dfa4      0x208 /usr/local/xenon/usr/lib/libSDL.a(SDL_RLEaccel.o)
 .text.uncopy_opaque_16
                0x000000008002e1ac      0x260 /usr/local/xenon/usr/lib/libSDL.a(SDL_RLEaccel.o)
 .text.copy_transl_565
                0x000000008002e40c      0x23c /usr/local/xenon/usr/lib/libSDL.a(SDL_RLEaccel.o)
 .text.copy_transl_555
                0x000000008002e648      0x23c /usr/local/xenon/usr/lib/libSDL.a(SDL_RLEaccel.o)
 .text.uncopy_transl_16
                0x000000008002e884      0x248 /usr/local/xenon/usr/lib/libSDL.a(SDL_RLEaccel.o)
 .text.copy_32  0x000000008002eacc      0x200 /usr/local/xenon/usr/lib/libSDL.a(SDL_RLEaccel.o)
 .text.uncopy_32
                0x000000008002eccc      0x228 /usr/local/xenon/usr/lib/libSDL.a(SDL_RLEaccel.o)
 .text.RLEAlphaSurface
                0x000000008002eef4      0xd04 /usr/local/xenon/usr/lib/libSDL.a(SDL_RLEaccel.o)
 .text.getpix_8
                0x000000008002fbf8       0x34 /usr/local/xenon/usr/lib/libSDL.a(SDL_RLEaccel.o)
 .text.getpix_16
                0x000000008002fc2c       0x34 /usr/local/xenon/usr/lib/libSDL.a(SDL_RLEaccel.o)
 .text.getpix_24
                0x000000008002fc60       0x70 /usr/local/xenon/usr/lib/libSDL.a(SDL_RLEaccel.o)
 .text.getpix_32
                0x000000008002fcd0       0x30 /usr/local/xenon/usr/lib/libSDL.a(SDL_RLEaccel.o)
 .text.RLEColorkeySurface
                0x000000008002fd00      0x7f8 /usr/local/xenon/usr/lib/libSDL.a(SDL_RLEaccel.o)
 .text.SDL_RLESurface
                0x00000000800304f8      0x1b4 /usr/local/xenon/usr/lib/libSDL.a(SDL_RLEaccel.o)
                0x00000000800304f8                SDL_RLESurface
 .text.UnRLEAlpha
                0x00000000800306ac      0x394 /usr/local/xenon/usr/lib/libSDL.a(SDL_RLEaccel.o)
 .text.SDL_UnRLESurface
                0x0000000080030a40      0x2b4 /usr/local/xenon/usr/lib/libSDL.a(SDL_RLEaccel.o)
                0x0000000080030a40                SDL_UnRLESurface
 .text.SDL_SoftBlit
                0x0000000080030cf4      0x3d8 /usr/local/xenon/usr/lib/libSDL.a(SDL_blit.o)
 .text.SDL_BlitCopy
                0x00000000800310cc      0x124 /usr/local/xenon/usr/lib/libSDL.a(SDL_blit.o)
 .text.SDL_BlitCopyOverlap
                0x00000000800311f0      0x1e0 /usr/local/xenon/usr/lib/libSDL.a(SDL_blit.o)
 .text.SDL_CalculateBlit
                0x00000000800313d0      0x79c /usr/local/xenon/usr/lib/libSDL.a(SDL_blit.o)
                0x00000000800313d0                SDL_CalculateBlit
 .text.BlitBto1
                0x0000000080031b6c      0x2b0 /usr/local/xenon/usr/lib/libSDL.a(SDL_blit_0.o)
 .text.BlitBto2
                0x0000000080031e1c      0x1c4 /usr/local/xenon/usr/lib/libSDL.a(SDL_blit_0.o)
 .text.BlitBto3
                0x0000000080031fe0      0x22c /usr/local/xenon/usr/lib/libSDL.a(SDL_blit_0.o)
 .text.BlitBto4
                0x000000008003220c      0x1c0 /usr/local/xenon/usr/lib/libSDL.a(SDL_blit_0.o)
 .text.BlitBto1Key
                0x00000000800323cc      0x2f0 /usr/local/xenon/usr/lib/libSDL.a(SDL_blit_0.o)
 .text.BlitBto2Key
                0x00000000800326bc      0x1f8 /usr/local/xenon/usr/lib/libSDL.a(SDL_blit_0.o)
 .text.BlitBto3Key
                0x00000000800328b4      0x1ec /usr/local/xenon/usr/lib/libSDL.a(SDL_blit_0.o)
 .text.BlitBto4Key
                0x0000000080032aa0      0x1f4 /usr/local/xenon/usr/lib/libSDL.a(SDL_blit_0.o)
 .text.BlitBtoNAlpha
                0x0000000080032c94      0x634 /usr/local/xenon/usr/lib/libSDL.a(SDL_blit_0.o)
 .text.BlitBtoNAlphaKey
                0x00000000800332c8      0x65c /usr/local/xenon/usr/lib/libSDL.a(SDL_blit_0.o)
 .text.SDL_CalculateBlit0
                0x0000000080033924      0x170 /usr/local/xenon/usr/lib/libSDL.a(SDL_blit_0.o)
                0x0000000080033924                SDL_CalculateBlit0
 .text.Blit1to1
                0x0000000080033a94      0x38c /usr/local/xenon/usr/lib/libSDL.a(SDL_blit_1.o)
 .text.Blit1to2
                0x0000000080033e20      0x36c /usr/local/xenon/usr/lib/libSDL.a(SDL_blit_1.o)
 .text.Blit1to3
                0x000000008003418c      0x74c /usr/local/xenon/usr/lib/libSDL.a(SDL_blit_1.o)
 .text.Blit1to4
                0x00000000800348d8      0x398 /usr/local/xenon/usr/lib/libSDL.a(SDL_blit_1.o)
 .text.Blit1to1Key
                0x0000000080034c70      0x814 /usr/local/xenon/usr/lib/libSDL.a(SDL_blit_1.o)
 .text.Blit1to2Key
                0x0000000080035484      0x4d8 /usr/local/xenon/usr/lib/libSDL.a(SDL_blit_1.o)
 .text.Blit1to3Key
                0x000000008003595c      0x864 /usr/local/xenon/usr/lib/libSDL.a(SDL_blit_1.o)
 .text.Blit1to4Key
                0x00000000800361c0      0x4b8 /usr/local/xenon/usr/lib/libSDL.a(SDL_blit_1.o)
 .text.Blit1toNAlpha
                0x0000000080036678     0x13c8 /usr/local/xenon/usr/lib/libSDL.a(SDL_blit_1.o)
 .text.Blit1toNAlphaKey
                0x0000000080037a40     0x2714 /usr/local/xenon/usr/lib/libSDL.a(SDL_blit_1.o)
 .text.SDL_CalculateBlit1
                0x000000008003a154      0x138 /usr/local/xenon/usr/lib/libSDL.a(SDL_blit_1.o)
                0x000000008003a154                SDL_CalculateBlit1
 .text.Blit_RGB888_index8
                0x000000008003a28c      0xa6c /usr/local/xenon/usr/lib/libSDL.a(SDL_blit_N.o)
 .text.Blit_RGB888_RGB555
                0x000000008003acf8      0x534 /usr/local/xenon/usr/lib/libSDL.a(SDL_blit_N.o)
 .text.Blit_RGB888_RGB565
                0x000000008003b22c      0x534 /usr/local/xenon/usr/lib/libSDL.a(SDL_blit_N.o)
 .text.Blit_RGB565_32
                0x000000008003b760      0x52c /usr/local/xenon/usr/lib/libSDL.a(SDL_blit_N.o)
 .text.Blit_RGB565_ARGB8888
                0x000000008003bc8c       0x40 /usr/local/xenon/usr/lib/libSDL.a(SDL_blit_N.o)
 .text.Blit_RGB565_ABGR8888
                0x000000008003bccc       0x40 /usr/local/xenon/usr/lib/libSDL.a(SDL_blit_N.o)
 .text.Blit_RGB565_RGBA8888
                0x000000008003bd0c       0x40 /usr/local/xenon/usr/lib/libSDL.a(SDL_blit_N.o)
 .text.Blit_RGB565_BGRA8888
                0x000000008003bd4c       0x40 /usr/local/xenon/usr/lib/libSDL.a(SDL_blit_N.o)
 .text.Blit_RGB888_index8_map
                0x000000008003bd8c      0x618 /usr/local/xenon/usr/lib/libSDL.a(SDL_blit_N.o)
 .text.BlitNto1
                0x000000008003c3a4     0x1f40 /usr/local/xenon/usr/lib/libSDL.a(SDL_blit_N.o)
 .text.Blit4to4MaskAlpha
                0x000000008003e2e4      0x620 /usr/local/xenon/usr/lib/libSDL.a(SDL_blit_N.o)
 .text.BlitNtoN
                0x000000008003e904     0x2174 /usr/local/xenon/usr/lib/libSDL.a(SDL_blit_N.o)
 .text.BlitNtoNCopyAlpha
                0x0000000080040a78      0x594 /usr/local/xenon/usr/lib/libSDL.a(SDL_blit_N.o)
 .text.BlitNto1Key
                0x000000008004100c     0x20d4 /usr/local/xenon/usr/lib/libSDL.a(SDL_blit_N.o)
 .text.Blit2to2Key
                0x00000000800430e0      0x488 /usr/local/xenon/usr/lib/libSDL.a(SDL_blit_N.o)
 .text.BlitNtoNKey
                0x0000000080043568     0x2270 /usr/local/xenon/usr/lib/libSDL.a(SDL_blit_N.o)
 .text.BlitNtoNKeyCopyAlpha
                0x00000000800457d8     0x2598 /usr/local/xenon/usr/lib/libSDL.a(SDL_blit_N.o)
 .text.SDL_CalculateBlitN
                0x0000000080047d70      0x688 /usr/local/xenon/usr/lib/libSDL.a(SDL_blit_N.o)
                0x0000000080047d70                SDL_CalculateBlitN
 .text.DUMMY_PumpEvents
                0x00000000800483f8       0x20 /usr/local/xenon/usr/lib/libSDL.a(SDL_nullevents.o)
                0x00000000800483f8                DUMMY_PumpEvents
 .text.DUMMY_InitOSKeymap
                0x0000000080048418       0x20 /usr/local/xenon/usr/lib/libSDL.a(SDL_nullevents.o)
                0x0000000080048418                DUMMY_InitOSKeymap
 .text.CPU_haveCPUID
                0x0000000080048438       0x2c /usr/local/xenon/usr/lib/libSDL.a(SDL_cpuinfo.o)
 .text.CPU_getCPUIDFeatures
                0x0000000080048464       0x2c /usr/local/xenon/usr/lib/libSDL.a(SDL_cpuinfo.o)
 .text.CPU_getCPUIDFeaturesExt
                0x0000000080048490       0x2c /usr/local/xenon/usr/lib/libSDL.a(SDL_cpuinfo.o)
 .text.CPU_haveRDTSC
                0x00000000800484bc       0x54 /usr/local/xenon/usr/lib/libSDL.a(SDL_cpuinfo.o)
 .text.CPU_haveMMX
                0x0000000080048510       0x54 /usr/local/xenon/usr/lib/libSDL.a(SDL_cpuinfo.o)
 .text.CPU_haveMMXExt
                0x0000000080048564       0x54 /usr/local/xenon/usr/lib/libSDL.a(SDL_cpuinfo.o)
 .text.CPU_have3DNow
                0x00000000800485b8       0x54 /usr/local/xenon/usr/lib/libSDL.a(SDL_cpuinfo.o)
 .text.CPU_have3DNowExt
                0x000000008004860c       0x54 /usr/local/xenon/usr/lib/libSDL.a(SDL_cpuinfo.o)
 .text.CPU_haveSSE
                0x0000000080048660       0x54 /usr/local/xenon/usr/lib/libSDL.a(SDL_cpuinfo.o)
 .text.CPU_haveSSE2
                0x00000000800486b4       0x54 /usr/local/xenon/usr/lib/libSDL.a(SDL_cpuinfo.o)
 .text.CPU_haveAltiVec
                0x0000000080048708       0x2c /usr/local/xenon/usr/lib/libSDL.a(SDL_cpuinfo.o)
 .text.SDL_GetCPUFeatures
                0x0000000080048734      0x1c4 /usr/local/xenon/usr/lib/libSDL.a(SDL_cpuinfo.o)
 .text.SDL_HasMMX
                0x00000000800488f8       0x50 /usr/local/xenon/usr/lib/libSDL.a(SDL_cpuinfo.o)
                0x00000000800488f8                SDL_HasMMX
 .text.BlitNto1SurfaceAlpha
                0x0000000080048948      0xf60 /usr/local/xenon/usr/lib/libSDL.a(SDL_blit_A.o)
 .text.BlitNto1PixelAlpha
                0x00000000800498a8     0x10bc /usr/local/xenon/usr/lib/libSDL.a(SDL_blit_A.o)
 .text.BlitNto1SurfaceAlphaKey
                0x000000008004a964     0x1dc4 /usr/local/xenon/usr/lib/libSDL.a(SDL_blit_A.o)
 .text.BlitRGBtoRGBSurfaceAlpha128
                0x000000008004c728      0x378 /usr/local/xenon/usr/lib/libSDL.a(SDL_blit_A.o)
 .text.BlitRGBtoRGBSurfaceAlpha
                0x000000008004caa0      0x6a0 /usr/local/xenon/usr/lib/libSDL.a(SDL_blit_A.o)
 .text.BlitRGBtoRGBPixelAlpha
                0x000000008004d140      0x678 /usr/local/xenon/usr/lib/libSDL.a(SDL_blit_A.o)
 .text.Blit16to16SurfaceAlpha128
                0x000000008004d7b8      0x648 /usr/local/xenon/usr/lib/libSDL.a(SDL_blit_A.o)
 .text.Blit565to565SurfaceAlpha
                0x000000008004de00      0x520 /usr/local/xenon/usr/lib/libSDL.a(SDL_blit_A.o)
 .text.Blit555to555SurfaceAlpha
                0x000000008004e320      0x520 /usr/local/xenon/usr/lib/libSDL.a(SDL_blit_A.o)
 .text.BlitARGBto565PixelAlpha
                0x000000008004e840      0x6d8 /usr/local/xenon/usr/lib/libSDL.a(SDL_blit_A.o)
 .text.BlitARGBto555PixelAlpha
                0x000000008004ef18      0x6d8 /usr/local/xenon/usr/lib/libSDL.a(SDL_blit_A.o)
 .text.BlitNtoNSurfaceAlpha
                0x000000008004f5f0     0x1934 /usr/local/xenon/usr/lib/libSDL.a(SDL_blit_A.o)
 .text.BlitNtoNSurfaceAlphaKey
                0x0000000080050f24     0x19a8 /usr/local/xenon/usr/lib/libSDL.a(SDL_blit_A.o)
 .text.BlitNtoNPixelAlpha
                0x00000000800528cc     0x1c00 /usr/local/xenon/usr/lib/libSDL.a(SDL_blit_A.o)
 .text.SDL_CalculateAlphaBlit
                0x00000000800544cc      0x3f4 /usr/local/xenon/usr/lib/libSDL.a(SDL_blit_A.o)
                0x00000000800544cc                SDL_CalculateAlphaBlit
 .text          0x00000000800548c0       0x88 /usr/local/xenon/xenon/lib/32/libc.a(lib_a-assert.o)
                0x00000000800548c4                __assert_func
                0x0000000080054930                __assert
 .text          0x0000000080054948       0x50 /usr/local/xenon/xenon/lib/32/libc.a(lib_a-atoi.o)
                0x0000000080054948                _atoi_r
                0x0000000080054970                atoi
 .text          0x0000000080054998       0x40 /usr/local/xenon/xenon/lib/32/libc.a(lib_a-errno.o)
                0x000000008005499c                __errno
 .text          0x00000000800549d8       0x58 /usr/local/xenon/xenon/lib/32/libc.a(lib_a-exit.o)
                0x00000000800549dc                exit
 .text          0x0000000080054a30      0x12c /usr/local/xenon/xenon/lib/32/libc.a(lib_a-fiprintf.o)
                0x0000000080054ae0                _fiprintf_r
                0x0000000080054a34                fiprintf
 *fill*         0x0000000080054b5c        0x4 00
 .text          0x0000000080054b60       0x90 /usr/local/xenon/xenon/lib/32/libc.a(lib_a-malloc.o)
                0x0000000080054bac                malloc
                0x0000000080054b64                free
 .text          0x0000000080054bf0      0x880 /usr/local/xenon/xenon/lib/32/libc.a(lib_a-mallocr.o)
                0x0000000080054bf4                _malloc_r
 .text          0x0000000080055470      0x128 /usr/local/xenon/xenon/lib/32/libc.a(lib_a-memchr.o)
                0x0000000080055470                memchr
 .text          0x0000000080055598       0xd8 /usr/local/xenon/xenon/lib/32/libc.a(lib_a-memcmp.o)
                0x0000000080055598                memcmp
 .text          0x0000000080055670      0x12c /usr/local/xenon/xenon/lib/32/libc.a(lib_a-memcpy.o)
                0x0000000080055670                memcpy
 *fill*         0x000000008005579c        0x4 00
 .text          0x00000000800557a0      0x138 /usr/local/xenon/xenon/lib/32/libc.a(lib_a-memset.o)
                0x00000000800557a0                memset
 .text          0x00000000800558d8        0xc /usr/local/xenon/xenon/lib/32/libc.a(lib_a-mlock.o)
                0x00000000800558e0                __malloc_unlock
                0x00000000800558d8                __malloc_lock
 *fill*         0x00000000800558e4        0x4 00
 .text          0x00000000800558e8      0x140 /usr/local/xenon/xenon/lib/32/libc.a(lib_a-printf.o)
                0x00000000800558ec                printf
                0x00000000800559a0                _printf_r
 .text          0x0000000080055a28       0x74 /usr/local/xenon/xenon/lib/32/libc.a(lib_a-putchar.o)
                0x0000000080055a2c                putchar
                0x0000000080055a78                _putchar_r
 *fill*         0x0000000080055a9c        0x4 00
 .text          0x0000000080055aa0      0x208 /usr/local/xenon/xenon/lib/32/libc.a(lib_a-putc.o)
                0x0000000080055bc8                _putc_r
                0x0000000080055aa4                putc
 .text          0x0000000080055ca8      0x130 /usr/local/xenon/xenon/lib/32/libc.a(lib_a-puts.o)
                0x0000000080055cac                _puts_r
                0x0000000080055d94                puts
 .text          0x0000000080055dd8       0x94 /usr/local/xenon/xenon/lib/32/libc.a(lib_a-sbrkr.o)
                0x0000000080055ddc                _sbrk_r
 *fill*         0x0000000080055e6c        0x4 00
 .text          0x0000000080055e70      0x250 /usr/local/xenon/xenon/lib/32/libc.a(lib_a-snprintf.o)
                0x0000000080055e74                snprintf
                0x0000000080055fa8                _snprintf_r
 .text          0x00000000800560c0      0x1a4 /usr/local/xenon/xenon/lib/32/libc.a(lib_a-sprintf.o)
                0x00000000800561a8                _sprintf_r
                0x00000000800560c4                sprintf
 *fill*         0x0000000080056264        0x4 00
 .text          0x0000000080056268      0x108 /usr/local/xenon/xenon/lib/32/libc.a(lib_a-strcasecmp.o)
                0x000000008005626c                strcasecmp
 .text          0x0000000080056370       0x8c /usr/local/xenon/xenon/lib/32/libc.a(lib_a-strcat.o)
                0x0000000080056370                strcat
 *fill*         0x00000000800563fc        0x4 00
 .text          0x0000000080056400      0x1e4 /usr/local/xenon/xenon/lib/32/libc.a(lib_a-strchr.o)
                0x0000000080056400                strchr
 *fill*         0x00000000800565e4        0x4 00
 .text          0x00000000800565e8       0xe8 /usr/local/xenon/xenon/lib/32/libc.a(lib_a-strcmp.o)
                0x00000000800565e8                strcmp
 .text          0x00000000800566d0       0x90 /usr/local/xenon/xenon/lib/32/libc.a(lib_a-strcpy.o)
                0x00000000800566d0                strcpy
 .text          0x0000000080056760       0x88 /usr/local/xenon/xenon/lib/32/libc.a(lib_a-strlcpy.o)
                0x0000000080056760                strlcpy
 .text          0x00000000800567e8       0xb4 /usr/local/xenon/xenon/lib/32/libc.a(lib_a-strlen.o)
                0x00000000800567e8                strlen
 *fill*         0x000000008005689c        0x4 00
 .text          0x00000000800568a0       0xe8 /usr/local/xenon/xenon/lib/32/libc.a(lib_a-strncasecmp.o)
                0x00000000800568a4                strncasecmp
 .text          0x0000000080056988      0x180 /usr/local/xenon/xenon/lib/32/libc.a(lib_a-strncmp.o)
                0x0000000080056988                strncmp
 .text          0x0000000080056b08      0x108 /usr/local/xenon/xenon/lib/32/libc.a(lib_a-strncpy.o)
                0x0000000080056b08                strncpy
 .text          0x0000000080056c10       0x98 /usr/local/xenon/xenon/lib/32/libc.a(lib_a-strrchr.o)
                0x0000000080056c10                strrchr
 .text          0x0000000080056ca8      0x12c /usr/local/xenon/xenon/lib/32/libc.a(lib_a-strtok_r.o)
                0x0000000080056db0                strtok_r
                0x0000000080056ca8                __strtok_r
 *fill*         0x0000000080056dd4        0x4 00
 .text          0x0000000080056dd8      0x2a4 /usr/local/xenon/xenon/lib/32/libc.a(lib_a-strtol.o)
                0x000000008005702c                strtol
                0x0000000080056ddc                _strtol_r
 *fill*         0x000000008005707c        0x4 00
 .text          0x0000000080057080     0x2144 /usr/local/xenon/xenon/lib/32/libc.a(lib_a-svfprintf.o)
                0x000000008005736c                _svfprintf_r
 *fill*         0x00000000800591c4        0x4 00
 .text          0x00000000800591c8     0x1224 /usr/local/xenon/xenon/lib/32/libc.a(lib_a-vfiprintf.o)
                0x000000008005a39c                vfiprintf
                0x0000000080059234                _vfiprintf_r
 *fill*         0x000000008005a3ec        0x4 00
 .text          0x000000008005a3f0     0x1ffc /usr/local/xenon/xenon/lib/32/libc.a(lib_a-vfprintf.o)
                0x000000008005a45c                _vfprintf_r
                0x000000008005c39c                vfprintf
 *fill*         0x000000008005c3ec        0x4 00
 .text          0x000000008005c3f0      0x1e4 /usr/local/xenon/xenon/lib/32/libc.a(lib_a-wbuf.o)
                0x000000008005c3f0                __swbuf_r
                0x000000008005c58c                __swbuf
 *fill*         0x000000008005c5d4        0x4 00
 .text          0x000000008005c5d8      0x1a8 /usr/local/xenon/xenon/lib/32/libc.a(lib_a-wsetup.o)
                0x000000008005c5dc                __swsetup_r
 .text          0x000000008005c780       0x1c /usr/local/xenon/xenon/lib/32/libc.a(lib_a-abort.o)
                0x000000008005c780                abort
 *fill*         0x000000008005c79c        0x4 00
 .text          0x000000008005c7a0      0x1f4 /usr/local/xenon/xenon/lib/32/libc.a(lib_a-__call_atexit.o)
                0x000000008005c7a4                __call_exitprocs
 *fill*         0x000000008005c994        0x4 00
 .text          0x000000008005c998     0x144c /usr/local/xenon/xenon/lib/32/libc.a(lib_a-dtoa.o)
                0x000000008005cbd4                _dtoa_r
 *fill*         0x000000008005dde4        0x4 00
 .text          0x000000008005dde8      0x2ec /usr/local/xenon/xenon/lib/32/libc.a(lib_a-fflush.o)
                0x000000008005e064                fflush
                0x000000008005dde8                _fflush_r
 *fill*         0x000000008005e0d4        0x4 00
 .text          0x000000008005e0d8      0x49c /usr/local/xenon/xenon/lib/32/libc.a(lib_a-findfp.o)
                0x000000008005e2d4                __sinit
                0x000000008005e388                __sfmoreglue
                0x000000008005e1ec                _cleanup
                0x000000008005e1ac                _cleanup_r
                0x000000008005e15c                __fp_lock_all
                0x000000008005e0d8                __sfp_lock_acquire
                0x000000008005e40c                __sfp
                0x000000008005e0f0                __sinit_lock_release
                0x000000008005e10c                __fp_unlock_all
                0x000000008005e0e0                __sfp_lock_release
                0x000000008005e0e8                __sinit_lock_acquire
 *fill*         0x000000008005e574        0x4 00
 .text          0x000000008005e578      0x428 /usr/local/xenon/xenon/lib/32/libc.a(lib_a-freer.o)
                0x000000008005e6dc                _free_r
                0x000000008005e57c                _malloc_trim_r
 .text          0x000000008005e9a0      0x58c /usr/local/xenon/xenon/lib/32/libc.a(lib_a-fvwrite.o)
                0x000000008005e9a0                __sfvwrite_r
 *fill*         0x000000008005ef2c        0x4 00
 .text          0x000000008005ef30      0x18c /usr/local/xenon/xenon/lib/32/libc.a(lib_a-fwalk.o)
                0x000000008005f000                _fwalk
                0x000000008005ef30                _fwalk_reent
 *fill*         0x000000008005f0bc        0x4 00
 .text          0x000000008005f0c0      0x1ec /usr/local/xenon/xenon/lib/32/libc.a(lib_a-locale.o)
                0x000000008005f18c                _setlocale_r
                0x000000008005f0c4                __locale_charset
                0x000000008005f104                _localeconv_r
                0x000000008005f264                setlocale
                0x000000008005f144                localeconv
 *fill*         0x000000008005f2ac        0x4 00
 .text          0x000000008005f2b0      0x22c /usr/local/xenon/xenon/lib/32/libc.a(lib_a-makebuf.o)
                0x000000008005f2b4                __smakebuf_r
 *fill*         0x000000008005f4dc        0x4 00
 .text          0x000000008005f4e0      0x16c /usr/local/xenon/xenon/lib/32/libc.a(lib_a-memmove.o)
                0x000000008005f4e0                memmove
 *fill*         0x000000008005f64c        0x4 00
 .text          0x000000008005f650     0x1334 /usr/local/xenon/xenon/lib/32/libc.a(lib_a-mprec.o)
                0x000000008005fb9c                _mprec_log10
                0x000000008005fca8                __any_on
                0x000000008005fd50                _Balloc
                0x000000008005fab0                __ratio
                0x0000000080060580                __i2b
                0x000000008005f920                __b2d
                0x0000000080060850                __s2b
                0x000000008005f7e0                __mcmp
                0x000000008005f678                __hi0bits
                0x00000000800606ec                __pow5mult
                0x0000000080060198                __lshift
                0x0000000080060328                __multiply
                0x000000008005fe10                __d2b
                0x000000008005fc18                __copybits
                0x000000008005f870                __ulp
                0x000000008005ffc0                __mdiff
                0x000000008005f6f0                __lo0bits
                0x00000000800605c0                __multadd
                0x000000008005f650                _Bfree
 *fill*         0x0000000080060984        0x4 00
 .text          0x0000000080060988      0x650 /usr/local/xenon/xenon/lib/32/libc.a(lib_a-reallocr.o)
                0x000000008006098c                _realloc_r
 .text          0x0000000080060fd8      0x3dc /usr/local/xenon/xenon/lib/32/libc.a(lib_a-signal.o)
                0x00000000800612d8                _signal_r
                0x0000000080060fd8                _raise_r
                0x00000000800611d0                __sigtramp_r
                0x000000008006136c                signal
                0x000000008006118c                _init_signal
                0x0000000080061108                _init_signal_r
                0x0000000080061294                __sigtramp
                0x00000000800610c4                raise
 *fill*         0x00000000800613b4        0x4 00
 .text          0x00000000800613b8       0xbc /usr/local/xenon/xenon/lib/32/libc.a(lib_a-signalr.o)
                0x00000000800613dc                _kill_r
                0x00000000800613b8                _getpid_r
 *fill*         0x0000000080061474        0x4 00
 .text          0x0000000080061478       0x44 /usr/local/xenon/xenon/lib/32/libc.a(lib_a-s_isinfd.o)
                0x0000000080061478                __isinfd
 *fill*         0x00000000800614bc        0x4 00
 .text          0x00000000800614c0       0x38 /usr/local/xenon/xenon/lib/32/libc.a(lib_a-s_isnand.o)
                0x00000000800614c0                __isnand
 .text          0x00000000800614f8      0x1a8 /usr/local/xenon/xenon/lib/32/libc.a(lib_a-stdio.o)
                0x0000000080061520                __sseek
                0x0000000080061638                __sread
                0x00000000800614f8                __sclose
                0x0000000080061590                __swrite
 .text          0x00000000800616a0       0x9c /usr/local/xenon/xenon/lib/32/libc.a(lib_a-writer.o)
                0x00000000800616a4                _write_r
 *fill*         0x000000008006173c        0x4 00
 .text          0x0000000080061740       0xd0 /usr/local/xenon/xenon/lib/32/libc.a(lib_a-callocr.o)
                0x0000000080061740                _calloc_r
 .text          0x0000000080061810       0x94 /usr/local/xenon/xenon/lib/32/libc.a(lib_a-closer.o)
                0x0000000080061814                _close_r
 *fill*         0x00000000800618a4        0x4 00
 .text          0x00000000800618a8      0x1b8 /usr/local/xenon/xenon/lib/32/libc.a(lib_a-fclose.o)
                0x00000000800618a8                _fclose_r
                0x0000000080061a1c                fclose
 .text          0x0000000080061a60       0x9c /usr/local/xenon/xenon/lib/32/libc.a(lib_a-fstatr.o)
                0x0000000080061a64                _fstat_r
 *fill*         0x0000000080061afc        0x4 00
 .text          0x0000000080061b00       0x94 /usr/local/xenon/xenon/lib/32/libc.a(lib_a-isattyr.o)
                0x0000000080061b04                _isatty_r
 *fill*         0x0000000080061b94        0x4 00
 .text          0x0000000080061b98       0x9c /usr/local/xenon/xenon/lib/32/libc.a(lib_a-lseekr.o)
                0x0000000080061b9c                _lseek_r
 *fill*         0x0000000080061c34        0x4 00
 .text          0x0000000080061c38       0x9c /usr/local/xenon/xenon/lib/32/libc.a(lib_a-readr.o)
                0x0000000080061c3c                _read_r
 *(.init*)

.elfldr         0x0000000080061cd4        0x0
                0x0000000080061cd4                elfldr_start = .
 *(.elfldr)
                0x0000000080061cd4                elfldr_end = .

.data           0x0000000080061cd8     0x588c
 *(.data*)
 .data.console_color
                0x0000000080061cd8        0x8 /usr/local/xenon/usr/lib/libxenon.a(console.o)
 .data.mounts   0x0000000080061ce0      0x480 /usr/local/xenon/usr/lib/libxenon.a(newlib.o)
 .data.vfs_console_ops
                0x0000000080062160       0x18 /usr/local/xenon/usr/lib/libxenon.a(newlib.o)
                0x0000000080062160                vfs_console_ops
 .data.vfs_console_mount_ops
                0x0000000080062178       0x10 /usr/local/xenon/usr/lib/libxenon.a(newlib.o)
                0x0000000080062178                vfs_console_mount_ops
 .data.fd_array
                0x0000000080062188      0xc00 /usr/local/xenon/usr/lib/libxenon.a(newlib.o)
 .data.ana_1280x1024
                0x0000000080062d88      0x400 /usr/local/xenon/usr/lib/libxenon.a(xenos.o)
                0x0000000080062d88                ana_1280x1024
 .data.ana_640x480p
                0x0000000080063188      0x400 /usr/local/xenon/usr/lib/libxenon.a(xenos.o)
                0x0000000080063188                ana_640x480p
 .data.ana_1360x768
                0x0000000080063588      0x400 /usr/local/xenon/usr/lib/libxenon.a(xenos.o)
                0x0000000080063588                ana_1360x768
 .data.ana_1280x720
                0x0000000080063988      0x400 /usr/local/xenon/usr/lib/libxenon.a(xenos.o)
                0x0000000080063988                ana_1280x720
 .data.ana_ntsc_480i
                0x0000000080063d88      0x400 /usr/local/xenon/usr/lib/libxenon.a(xenos.o)
                0x0000000080063d88                ana_ntsc_480i
 .data.ana_1024x768
                0x0000000080064188      0x400 /usr/local/xenon/usr/lib/libxenon.a(xenos.o)
                0x0000000080064188                ana_1024x768
 .data.ana_pal  0x0000000080064588      0x400 /usr/local/xenon/usr/lib/libxenon.a(xenos.o)
                0x0000000080064588                ana_pal
 .data.ana_yuv_720p
                0x0000000080064988      0x400 /usr/local/xenon/usr/lib/libxenon.a(xenos.o)
                0x0000000080064988                ana_yuv_720p
 .data.ana_yuv_480p
                0x0000000080064d88      0x400 /usr/local/xenon/usr/lib/libxenon.a(xenos.o)
                0x0000000080064d88                ana_yuv_480p
 .data.ana_hdmi_720p
                0x0000000080065188      0x400 /usr/local/xenon/usr/lib/libxenon.a(xenos.o)
                0x0000000080065188                ana_hdmi_720p
 .data.xenos_modes
                0x0000000080065588      0x2d8 /usr/local/xenon/usr/lib/libxenon.a(xenos.o)
                0x0000000080065588                xenos_modes
 .data.ana_640_480_composite
                0x0000000080065860      0x400 /usr/local/xenon/usr/lib/libxenon.a(xenos.o)
                0x0000000080065860                ana_640_480_composite
 .data.ana_1440x900
                0x0000000080065c60      0x400 /usr/local/xenon/usr/lib/libxenon.a(xenos.o)
                0x0000000080065c60                ana_1440x900
 .data.ana_1280x768
                0x0000000080066060      0x400 /usr/local/xenon/usr/lib/libxenon.a(xenos.o)
                0x0000000080066060                ana_1280x768
 .data.ohci_driver