Archive member included because of file (symbol)

/usr/local/xenon/usr/lib/libxenon.a(startup_from_xell.o)
                              (_start)
/usr/local/xenon/usr/lib/libxenon.a(console.o)
                              main.o (console_init)
/usr/local/xenon/usr/lib/libxenon.a(newlib.o)
                              /usr/local/xenon/usr/lib/libxenon.a(console.o) (stdout_hook)
/usr/local/xenon/usr/lib/libxenon.a(xenon_syscalls.o)
                              /usr/local/xenon/usr/lib/libxenon.a(newlib.o) (__syscalls)
/usr/local/xenon/usr/lib/libxenon.a(atomic.o)
                              /usr/local/xenon/usr/lib/libxenon.a(startup_from_xell.o) (atomic_clearset)
/usr/local/xenon/usr/lib/libxenon.a(cache.o)
                              /usr/local/xenon/usr/lib/libxenon.a(console.o) (memdcbst)
/usr/local/xenon/usr/lib/libxenon.a(except.o)
                              (exc_base)
/usr/local/xenon/usr/lib/libxenon.a(c_except.o)
                              /usr/local/xenon/usr/lib/libxenon.a(except.o) (crashdump)
/usr/local/xenon/usr/lib/libxenon.a(vm.o)
                              /usr/local/xenon/usr/lib/libxenon.a(except.o) (vm_segfault_handler)
/usr/local/xenon/usr/lib/libxenon.a(usbmain.o)
                              /usr/local/xenon/usr/lib/libxenon.a(xenon_syscalls.o) (usb_shutdown)
/usr/local/xenon/usr/lib/libxenon.a(tinyehci.o)
                              /usr/local/xenon/usr/lib/libxenon.a(usbmain.o) (USBStorage_Init)
/usr/local/xenon/usr/lib/libxenon.a(xenon_smc.o)
                              /usr/local/xenon/usr/lib/libxenon.a(xenon_syscalls.o) (xenon_smc_send_message)
/usr/local/xenon/usr/lib/libxenon.a(xenon_power.o)
                              /usr/local/xenon/usr/lib/libxenon.a(xenon_syscalls.o) (xenon_is_thread_task_running)
/usr/local/xenon/usr/lib/libxenon.a(xenon_uart.o)
                              main.o (kbhit)
/usr/local/xenon/usr/lib/libxenon.a(xenon_config.o)
                              /usr/local/xenon/usr/lib/libxenon.a(xenon_power.o) (xenon_config_init)
/usr/local/xenon/usr/lib/libxenon.a(xenos.o)
                              main.o (xenos_init)
/usr/local/xenon/usr/lib/libxenon.a(xenos_edid.o)
                              /usr/local/xenon/usr/lib/libxenon.a(xenos.o) (xenos_get_edid)
/usr/local/xenon/usr/lib/libxenon.a(enet.o)
                              /usr/local/xenon/usr/lib/libxenon.a(xenon_syscalls.o) (enet_quiesce)
/usr/local/xenon/usr/lib/libxenon.a(threads.o)
                              /usr/local/xenon/usr/lib/libxenon.a(except.o) (common_interrupt_handler)
/usr/local/xenon/usr/lib/libxenon.a(c_threads.o)
                              /usr/local/xenon/usr/lib/libxenon.a(except.o) (external_interrupt_handler)
/usr/local/xenon/usr/lib/libxenon.a(c_debug.o)
                              /usr/local/xenon/usr/lib/libxenon.a(except.o) (segfault_handler)
/usr/local/xenon/usr/lib/libxenon.a(mutex.o)
                              /usr/local/xenon/usr/lib/libxenon.a(xenon_syscalls.o) (mutex_create)
/usr/local/xenon/usr/lib/libxenon.a(lib_malloc.o)
                              /usr/local/xenon/usr/lib/libxenon.a(usbmain.o) (kmem_init)
/usr/local/xenon/usr/lib/libxenon.a(io.o)
                              /usr/local/xenon/usr/lib/libxenon.a(usbmain.o) (read32)
/usr/local/xenon/usr/lib/libxenon.a(interrupt.o)
                              /usr/local/xenon/usr/lib/libxenon.a(c_threads.o) (pci_irq_init)
/usr/local/xenon/usr/lib/libxenon.a(time.o)
                              /usr/local/xenon/usr/lib/libxenon.a(xenon_uart.o) (stall_execution)
/usr/local/xenon/usr/lib/libxenon.a(ohci.o)
                              /usr/local/xenon/usr/lib/libxenon.a(usbmain.o) (ohci_driver)
/usr/local/xenon/usr/lib/libxenon.a(usbd.o)
                              /usr/local/xenon/usr/lib/libxenon.a(usbmain.o) (usb_poll)
/usr/local/xenon/usr/lib/libxenon.a(usbdevs.o)
                              /usr/local/xenon/usr/lib/libxenon.a(usbd.o) (usb_find_driver)
/usr/local/xenon/usr/lib/libxenon.a(usbhid.o)
                              /usr/local/xenon/usr/lib/libxenon.a(usbdevs.o) (usbhid_driver)
/usr/local/xenon/usr/lib/libxenon.a(usbhub.o)
                              /usr/local/xenon/usr/lib/libxenon.a(usbd.o) (usb_scan)
/usr/local/xenon/usr/lib/libxenon.a(usb_os.o)
                              /usr/local/xenon/usr/lib/libxenon.a(tinyehci.o) (ehci_maligned)
/usr/local/xenon/usr/lib/libxenon.a(xenon_gpio.o)
                              /usr/local/xenon/usr/lib/libxenon.a(enet.o) (xenon_gpio_control)
/usr/local/xenon/usr/lib/libxenon.a(cpusleep.o)
                              /usr/local/xenon/usr/lib/libxenon.a(xenon_power.o) (cpusleep)
/usr/local/xenon/usr/lib/libxenon.a(xenon_sfcx.o)
                              /usr/local/xenon/usr/lib/libxenon.a(xenon_config.o) (sfcx_read_page)
/usr/local/xenon/usr/lib/libxenon.a(mem.o)
                              /usr/local/xenon/usr/lib/libxenon.a(enet.o) (mem_malloc)
/usr/local/xenon/usr/lib/libxenon.a(pbuf.o)
[...]
Memory Configuration

Name             Origin             Length             Attributes
*default*        0x0000000000000000 0xffffffffffffffff

Linker script and memory map

LOAD /usr/local/xenon/lib/gcc/xenon/4.6.1/../../../../xenon/lib/../lib/crt1.o
LOAD /usr/local/xenon/lib/gcc/xenon/4.6.1/../../../../xenon/lib/../lib/crti.o
LOAD /usr/local/xenon/lib/gcc/xenon/4.6.1/32/crtbegin.o
LOAD main.o
LOAD /usr/local/xenon/usr/lib/libxenon.a
LOAD /usr/local/xenon/xenon/lib/32/libm.a
LOAD /usr/local/xenon/lib/gcc/xenon/4.6.1/32/libgcc.a
LOAD /usr/local/xenon/xenon/lib/32/libc.a
LOAD /usr/local/xenon/lib/gcc/xenon/4.6.1/32/libgcc.a
LOAD /usr/local/xenon/lib/gcc/xenon/4.6.1/32/crtend.o
LOAD /usr/local/xenon/lib/gcc/xenon/4.6.1/../../../../xenon/lib/../lib/crtn.o
                0x0000000080000000                . = 0x80000000

.text           0x0000000080000000    0x160d0
 *(.except*)
 .except        0x0000000080000000     0x1f20 /usr/local/xenon/usr/lib/libxenon.a(except.o)
                0x0000000080000000                secondary_lock
                0x0000000080000000                exc_base
                0x0000000080000004                secondary_alive
                0x0000000080001e18                dump_from_pagefault
 *(.pagetable)
 .pagetable     0x0000000080001f20       0x40 /usr/local/xenon/usr/lib/libxenon.a(vm.o)
                0x0000000080001f20                pagetable
                0x0000000080001f60                pagetable_end = .
 *(.text*)
 .text.call_ctors
                0x0000000080001f60       0x48 /usr/local/xenon/lib/gcc/xenon/4.6.1/../../../../xenon/lib/../lib/crt1.o
                0x0000000080001f60                call_ctors
 .text.c_register_frame
                0x0000000080001fa8       0x28 /usr/local/xenon/lib/gcc/xenon/4.6.1/../../../../xenon/lib/../lib/crt1.o
                0x0000000080001fa8                c_register_frame
 .text.videoInit
                0x0000000080001fd0       0x28 main.o
                0x0000000080001fd0                videoInit
 .text.startup.main
                0x0000000080001ff8       0x60 main.o
                0x0000000080001ff8                main
 *fill*         0x0000000080002058       0xa8 00
 .text          0x0000000080002100      0x334 /usr/local/xenon/usr/lib/libxenon.a(startup_from_xell.o)
                0x0000000080002100                _start
                0x0000000080002334                wait
                0x00000000800023bc                return_to_xell
 .text.console_pset32
                0x0000000080002434       0x54 /usr/local/xenon/usr/lib/libxenon.a(console.o)
 .text.console_clrscr
                0x0000000080002488       0x80 /usr/local/xenon/usr/lib/libxenon.a(console.o)
                0x0000000080002488                console_clrscr
 .text.console_newline
                0x0000000080002508       0xe8 /usr/local/xenon/usr/lib/libxenon.a(console.o)
                0x0000000080002508                console_newline
 .text.console_putch
                0x00000000800025f0      0x120 /usr/local/xenon/usr/lib/libxenon.a(console.o)
                0x00000000800025f0                console_putch
 .text.console_stdout_hook
                0x0000000080002710       0x50 /usr/local/xenon/usr/lib/libxenon.a(console.o)
 .text.console_init
                0x0000000080002760      0x170 /usr/local/xenon/usr/lib/libxenon.a(console.o)
                0x0000000080002760                console_init
 .text.console_is_initialized
                0x00000000800028d0        0xc /usr/local/xenon/usr/lib/libxenon.a(console.o)
                0x00000000800028d0                console_is_initialized
 .text.console_set_colors
                0x00000000800028dc        0x4 /usr/local/xenon/usr/lib/libxenon.a(console.o)
                0x00000000800028dc                console_set_colors
 .text.vfs_console_write
                0x00000000800028e0       0x64 /usr/local/xenon/usr/lib/libxenon.a(newlib.o)
                0x00000000800028e0                vfs_console_write
 .text.__malloc_lock
                0x0000000080002944       0x34 /usr/local/xenon/usr/lib/libxenon.a(newlib.o)
                0x0000000080002944                __malloc_lock
 .text.__malloc_unlock
                0x0000000080002978       0x34 /usr/local/xenon/usr/lib/libxenon.a(newlib.o)
                0x0000000080002978                __malloc_unlock
 .text._exit    0x00000000800029ac       0x38 /usr/local/xenon/usr/lib/libxenon.a(newlib.o)
                0x00000000800029ac                _exit
 .text.sbrk     0x00000000800029e4       0x50 /usr/local/xenon/usr/lib/libxenon.a(newlib.o)
                0x00000000800029e4                sbrk
 .text.abort    0x0000000080002a34       0x2c /usr/local/xenon/usr/lib/libxenon.a(newlib.o)
                0x0000000080002a34                abort
 .text.isatty   0x0000000080002a60        0x8 /usr/local/xenon/usr/lib/libxenon.a(newlib.o)
                0x0000000080002a60                isatty
 .text.__release_handle
                0x0000000080002a68       0x4c /usr/local/xenon/usr/lib/libxenon.a(newlib.o)
                0x0000000080002a68                __release_handle
 .text.__alloc_handle
                0x0000000080002ab4       0x78 /usr/local/xenon/usr/lib/libxenon.a(newlib.o)
                0x0000000080002ab4                __alloc_handle
 .text.__get_handle
                0x0000000080002b2c       0x24 /usr/local/xenon/usr/lib/libxenon.a(newlib.o)
                0x0000000080002b2c                __get_handle
 .text.FindDevice
                0x0000000080002b50       0xc0 /usr/local/xenon/usr/lib/libxenon.a(newlib.o)
                0x0000000080002b50                FindDevice
 .text.open     0x0000000080002c10       0xd4 /usr/local/xenon/usr/lib/libxenon.a(newlib.o)
                0x0000000080002c10                open
 .text.read     0x0000000080002ce4       0x98 /usr/local/xenon/usr/lib/libxenon.a(newlib.o)
                0x0000000080002ce4                read
 .text.write    0x0000000080002d7c       0x9c /usr/local/xenon/usr/lib/libxenon.a(newlib.o)
                0x0000000080002d7c                write
 .text.fstat    0x0000000080002e18       0x9c /usr/local/xenon/usr/lib/libxenon.a(newlib.o)
                0x0000000080002e18                fstat
 .text.lseek    0x0000000080002eb4       0x98 /usr/local/xenon/usr/lib/libxenon.a(newlib.o)
                0x0000000080002eb4                lseek
 .text.close    0x0000000080002f4c       0x80 /usr/local/xenon/usr/lib/libxenon.a(newlib.o)
                0x0000000080002f4c                close
 .text.xenon_sbrk
                0x0000000080002fcc       0x2c /usr/local/xenon/usr/lib/libxenon.a(xenon_syscalls.o)
 .text.xenon_gettimeofday
                0x0000000080002ff8       0xa8 /usr/local/xenon/usr/lib/libxenon.a(xenon_syscalls.o)
 .text.xenon_malloc_unlock
                0x00000000800030a0       0xb0 /usr/local/xenon/usr/lib/libxenon.a(xenon_syscalls.o)
 .text.xenon_malloc_lock
                0x0000000080003150       0x98 /usr/local/xenon/usr/lib/libxenon.a(xenon_syscalls.o)
 .text.shutdown_drivers
                0x00000000800031e8       0x24 /usr/local/xenon/usr/lib/libxenon.a(xenon_syscalls.o)
                0x00000000800031e8                shutdown_drivers
 .text.try_return_to_xell
                0x000000008000320c       0x50 /usr/local/xenon/usr/lib/libxenon.a(xenon_syscalls.o)
                0x000000008000320c                try_return_to_xell
 .text.xenon_exit
                0x000000008000325c      0x15c /usr/local/xenon/usr/lib/libxenon.a(xenon_syscalls.o)
 .text.newlib_thread_shutdown
                0x00000000800033b8       0x3c /usr/local/xenon/usr/lib/libxenon.a(xenon_syscalls.o)
                0x00000000800033b8                newlib_thread_shutdown
 .text          0x00000000800033f4       0xc4 /usr/local/xenon/usr/lib/libxenon.a(atomic.o)
                0x00000000800033f4                atomic_inc
                0x0000000080003408                atomic_dec
                0x000000008000341c                atomic_clearset
                0x0000000080003434                atomic_compareswap
                0x000000008000346c                lock
                0x00000000800034a8                unlock
 .text          0x00000000800034b8       0xa8 /usr/local/xenon/usr/lib/libxenon.a(cache.o)
                0x00000000800034b8                memdcbt
                0x00000000800034e0                memdcbst
                0x0000000080003508                memdcbf
                0x0000000080003530                memicbi
 .text.flush_console
                0x0000000080003560       0x78 /usr/local/xenon/usr/lib/libxenon.a(c_except.o)
 .text.crashdump
                0x00000000800035d8      0x454 /usr/local/xenon/usr/lib/libxenon.a(c_except.o)
                0x00000000800035d8                crashdump
 .text.usb_shutdown
                0x0000000080003a2c       0xb4 /usr/local/xenon/usr/lib/libxenon.a(usbmain.o)
                0x0000000080003a2c                usb_shutdown
 .text.xenon_smc_send_message
                0x0000000080003ae0       0x98 /usr/local/xenon/usr/lib/libxenon.a(xenon_smc.o)
                0x0000000080003ae0                xenon_smc_send_message
 .text.xenon_smc_receive_message
                0x0000000080003b78       0x80 /usr/local/xenon/usr/lib/libxenon.a(xenon_smc.o)
                0x0000000080003b78                xenon_smc_receive_message
 .text.xenon_smc_handle_bulk
                0x0000000080003bf8       0x94 /usr/local/xenon/usr/lib/libxenon.a(xenon_smc.o)
                0x0000000080003bf8                xenon_smc_handle_bulk
 .text.xenon_smc_receive_response
                0x0000000080003c8c       0x48 /usr/local/xenon/usr/lib/libxenon.a(xenon_smc.o)
                0x0000000080003c8c                xenon_smc_receive_response
 .text.xenon_smc_ana_write
                0x0000000080003cd4       0x9c /usr/local/xenon/usr/lib/libxenon.a(xenon_smc.o)
                0x0000000080003cd4                xenon_smc_ana_write
 .text.xenon_smc_ana_read
                0x0000000080003d70       0xc0 /usr/local/xenon/usr/lib/libxenon.a(xenon_smc.o)
                0x0000000080003d70                xenon_smc_ana_read
 .text.xenon_smc_i2c_ddc_lock
                0x0000000080003e30       0x78 /usr/local/xenon/usr/lib/libxenon.a(xenon_smc.o)
                0x0000000080003e30                xenon_smc_i2c_ddc_lock
 .text.xenon_smc_i2c_write
                0x0000000080003ea8       0xb0 /usr/local/xenon/usr/lib/libxenon.a(xenon_smc.o)
                0x0000000080003ea8                xenon_smc_i2c_write
 .text.xenon_smc_i2c_read
                0x0000000080003f58       0xc8 /usr/local/xenon/usr/lib/libxenon.a(xenon_smc.o)
                0x0000000080003f58                xenon_smc_i2c_read
 .text.xenon_smc_power_shutdown
                0x0000000080004020       0x40 /usr/local/xenon/usr/lib/libxenon.a(xenon_smc.o)
                0x0000000080004020                xenon_smc_power_shutdown
 .text.xenon_smc_power_reboot
                0x0000000080004060       0x48 /usr/local/xenon/usr/lib/libxenon.a(xenon_smc.o)
                0x0000000080004060                xenon_smc_power_reboot
 .text.xenon_smc_read_avpack
                0x00000000800040a8       0x48 /usr/local/xenon/usr/lib/libxenon.a(xenon_smc.o)
                0x00000000800040a8                xenon_smc_read_avpack
 .text.prepare_sleep
                0x00000000800040f0       0x74 /usr/local/xenon/usr/lib/libxenon.a(xenon_power.o)
                0x00000000800040f0                prepare_sleep
 .text.xenon_thread_sleep
                0x0000000080004164       0x5c /usr/local/xenon/usr/lib/libxenon.a(xenon_power.o)
                0x0000000080004164                xenon_thread_sleep
 .text.xenon_run_thread_task
                0x00000000800041c0       0x38 /usr/local/xenon/usr/lib/libxenon.a(xenon_power.o)
                0x00000000800041c0                xenon_run_thread_task
 .text.xenon_is_thread_task_running
                0x00000000800041f8       0x20 /usr/local/xenon/usr/lib/libxenon.a(xenon_power.o)
                0x00000000800041f8                xenon_is_thread_task_running
 .text.xenon_thread_startup
                0x0000000080004218       0x4c /usr/local/xenon/usr/lib/libxenon.a(xenon_power.o)
                0x0000000080004218                xenon_thread_startup
 .text.xenon_set_single_thread_mode
                0x0000000080004264       0x94 /usr/local/xenon/usr/lib/libxenon.a(xenon_power.o)
                0x0000000080004264                xenon_set_single_thread_mode
 .text.poll_status
                0x00000000800042f8       0x84 /usr/local/xenon/usr/lib/libxenon.a(xenon_uart.o)
                0x00000000800042f8                poll_status
 .text.kbhit    0x000000008000437c       0x40 /usr/local/xenon/usr/lib/libxenon.a(xenon_uart.o)
                0x000000008000437c                kbhit
 .text.putch    0x00000000800043bc       0x68 /usr/local/xenon/usr/lib/libxenon.a(xenon_uart.o)
                0x00000000800043bc                putch
 .text.getch    0x0000000080004424       0x64 /usr/local/xenon/usr/lib/libxenon.a(xenon_uart.o)
                0x0000000080004424                getch
 .text.xenon_config_init
                0x0000000080004488       0xa4 /usr/local/xenon/usr/lib/libxenon.a(xenon_config.o)
                0x0000000080004488                xenon_config_init
 .text.xenon_config_get_avregion
                0x000000008000452c       0x94 /usr/local/xenon/usr/lib/libxenon.a(xenon_config.o)
                0x000000008000452c                xenon_config_get_avregion
 .text.xenos_write32
                0x00000000800045c0       0x24 /usr/local/xenon/usr/lib/libxenon.a(xenos.o)
                0x00000000800045c0                xenos_write32
 .text.xenos_read32
                0x00000000800045e4       0x24 /usr/local/xenon/usr/lib/libxenon.a(xenos.o)
                0x00000000800045e4                xenos_read32
 .text.xenos_ana_write
                0x0000000080004608       0x6c /usr/local/xenon/usr/lib/libxenon.a(xenos.o)
 .text.xenos_init_ana_new
                0x0000000080004674      0x338 /usr/local/xenon/usr/lib/libxenon.a(xenos.o)
                0x0000000080004674                xenos_init_ana_new
 .text.xenos_init_phase0
                0x00000000800049ac       0x98 /usr/local/xenon/usr/lib/libxenon.a(xenos.o)
                0x00000000800049ac                xenos_init_phase0
 .text.xenos_init_phase1
                0x0000000080004a44      0x3b0 /usr/local/xenon/usr/lib/libxenon.a(xenos.o)
                0x0000000080004a44                xenos_init_phase1
 .text.xenos_ana_preinit
                0x0000000080004df4       0xd0 /usr/local/xenon/usr/lib/libxenon.a(xenos.o)
                0x0000000080004df4                xenos_ana_preinit
 .text.xenos_set_mode_f1
                0x0000000080004ec4      0x148 /usr/local/xenon/usr/lib/libxenon.a(xenos.o)
                0x0000000080004ec4                xenos_set_mode_f1
 .text.xenos_set_mode_f2
                0x000000008000500c      0x304 /usr/local/xenon/usr/lib/libxenon.a(xenos.o)
                0x000000008000500c                xenos_set_mode_f2
 .text.xenos_set_mode
                0x0000000080005310      0x358 /usr/local/xenon/usr/lib/libxenon.a(xenos.o)
                0x0000000080005310                xenos_set_mode
 .text.xenos_autoset_mode
                0x0000000080005668      0x210 /usr/local/xenon/usr/lib/libxenon.a(xenos.o)
                0x0000000080005668                xenos_autoset_mode
 .text.xenos_init
                0x0000000080005878       0xf4 /usr/local/xenon/usr/lib/libxenon.a(xenos.o)
                0x0000000080005878                xenos_init
 .text.xenos_is_initialized
                0x000000008000596c        0xc /usr/local/xenon/usr/lib/libxenon.a(xenos.o)
                0x000000008000596c                xenos_is_initialized
 .text.xenos_is_overscan
                0x0000000080005978       0x1c /usr/local/xenon/usr/lib/libxenon.a(xenos.o)
                0x0000000080005978                xenos_is_overscan
 .text.xenos_do_probe_ddc_edid
                0x0000000080005994      0x1a0 /usr/local/xenon/usr/lib/libxenon.a(xenos_edid.o)
                0x0000000080005994                xenos_do_probe_ddc_edid
 .text.xenos_ddc_read_edid
                0x0000000080005b34      0x184 /usr/local/xenon/usr/lib/libxenon.a(xenos_edid.o)
 .text.xenos_get_edid
                0x0000000080005cb8       0xa8 /usr/local/xenon/usr/lib/libxenon.a(xenos_edid.o)
                0x0000000080005cb8                xenos_get_edid
 .text.xenos_detect_hdmi_monitor
                0x0000000080005d60       0xe4 /usr/local/xenon/usr/lib/libxenon.a(xenos_edid.o)
                0x0000000080005d60                xenos_detect_hdmi_monitor
 .text.enet_quiesce
                0x0000000080005e44       0x3c /usr/local/xenon/usr/lib/libxenon.a(enet.o)
                0x0000000080005e44                enet_quiesce
 .text          0x0000000080005e80      0x2b0 /usr/local/xenon/usr/lib/libxenon.a(threads.o)
                0x0000000080005e80                thread_disable_interrupts
                0x0000000080005e90                thread_enable_interrupts
                0x0000000080005e98                spinlock
                0x0000000080005ed4                common_interrupt_handler
                0x0000000080005f64                common_interrupt_return
                0x0000000080006018                save_floating_point
                0x00000000800060a4                restore_floating_point
 .text.thread_interrupt_unexpected
                0x0000000080006130       0x18 /usr/local/xenon/usr/lib/libxenon.a(c_threads.o)
 .text.thread_idle_ipi
                0x0000000080006148       0x88 /usr/local/xenon/usr/lib/libxenon.a(c_threads.o)
                0x0000000080006148                thread_idle_ipi
 .text.external_interrupt_handler
                0x00000000800061d0       0xac /usr/local/xenon/usr/lib/libxenon.a(c_threads.o)
                0x00000000800061d0                external_interrupt_handler
 .text.dump_thread_context
                0x000000008000627c      0x77c /usr/local/xenon/usr/lib/libxenon.a(c_threads.o)
                0x000000008000627c                dump_thread_context
 .text.restore_thread_context
                0x00000000800069f8      0x770 /usr/local/xenon/usr/lib/libxenon.a(c_threads.o)
                0x00000000800069f8                restore_thread_context
 .text.thread_schedule_core
                0x0000000080007168      0x358 /usr/local/xenon/usr/lib/libxenon.a(c_threads.o)
                0x0000000080007168                thread_schedule_core
 .text.ipi_send_packet
                0x00000000800074c0       0xa4 /usr/local/xenon/usr/lib/libxenon.a(c_threads.o)
                0x00000000800074c0                ipi_send_packet
 .text.thread_raise_irql
                0x0000000080007564       0x78 /usr/local/xenon/usr/lib/libxenon.a(c_threads.o)
                0x0000000080007564                thread_raise_irql
 .text.thread_lower_irql
                0x00000000800075dc       0x78 /usr/local/xenon/usr/lib/libxenon.a(c_threads.o)
                0x00000000800075dc                thread_lower_irql
 .text.thread_process_dpc
                0x0000000080007654       0xc4 /usr/local/xenon/usr/lib/libxenon.a(c_threads.o)
                0x0000000080007654                thread_process_dpc
 .text.thread_schedule
                0x0000000080007718       0x94 /usr/local/xenon/usr/lib/libxenon.a(c_threads.o)
                0x0000000080007718                thread_schedule
 .text.system_call_handler
                0x00000000800077ac       0x40 /usr/local/xenon/usr/lib/libxenon.a(c_threads.o)
                0x00000000800077ac                system_call_handler
 .text.decrementer_interrupt_handler
                0x00000000800077ec       0x6c /usr/local/xenon/usr/lib/libxenon.a(c_threads.o)
                0x00000000800077ec                decrementer_interrupt_handler
 .text.threading_shutdown
                0x0000000080007858       0xec /usr/local/xenon/usr/lib/libxenon.a(c_threads.o)
                0x0000000080007858                threading_shutdown
 .text.debug_flush_console
                0x0000000080007944       0x4c /usr/local/xenon/usr/lib/libxenon.a(c_debug.o)
 .text.debug_routine_stub
                0x0000000080007990      0x1c4 /usr/local/xenon/usr/lib/libxenon.a(c_debug.o)
                0x0000000080007990                debug_routine_stub
 .text.dump_thread_context_to_screen
                0x0000000080007b54      0x484 /usr/local/xenon/usr/lib/libxenon.a(c_debug.o)
                0x0000000080007b54                dump_thread_context_to_screen
 .text.decode_exception
                0x0000000080007fd8       0xb8 /usr/local/xenon/usr/lib/libxenon.a(c_debug.o)
                0x0000000080007fd8                decode_exception
 .text.segfault_handler
                0x0000000080008090      0x304 /usr/local/xenon/usr/lib/libxenon.a(c_debug.o)
                0x0000000080008090                segfault_handler
 .text.program_interrupt_handler
                0x0000000080008394       0xbc /usr/local/xenon/usr/lib/libxenon.a(c_debug.o)
                0x0000000080008394                program_interrupt_handler
 .text.printf   0x0000000080008450       0xa4 /usr/local/xenon/usr/lib/libxenon.a(c_debug.o)
                0x0000000080008450                printf
 .text.mutex_destroy
                0x00000000800084f4       0x30 /usr/local/xenon/usr/lib/libxenon.a(mutex.o)
                0x00000000800084f4                mutex_destroy
 .text.read32   0x0000000080008524        0x8 /usr/local/xenon/usr/lib/libxenon.a(io.o)
                0x0000000080008524                read32
 .text.read32n  0x000000008000852c        0x8 /usr/local/xenon/usr/lib/libxenon.a(io.o)
                0x000000008000852c                read32n
 .text.write32  0x0000000080008534        0x8 /usr/local/xenon/usr/lib/libxenon.a(io.o)
                0x0000000080008534                write32
 .text.write32n
                0x000000008000853c        0x8 /usr/local/xenon/usr/lib/libxenon.a(io.o)
                0x000000008000853c                write32n
 .text.mftb     0x0000000080008544       0x1c /usr/local/xenon/usr/lib/libxenon.a(time.o)
 .text.tdelay   0x0000000080008560       0x5c /usr/local/xenon/usr/lib/libxenon.a(time.o)
 .text.stall_execution
                0x00000000800085bc       0x54 /usr/local/xenon/usr/lib/libxenon.a(time.o)
                0x00000000800085bc                stall_execution
 .text.udelay   0x0000000080008610       0x24 /usr/local/xenon/usr/lib/libxenon.a(time.o)
                0x0000000080008610                udelay
 .text.delay    0x0000000080008634       0x18 /usr/local/xenon/usr/lib/libxenon.a(time.o)
                0x0000000080008634                delay
 .text.xenon_gpio_set_oe
                0x000000008000864c       0x44 /usr/local/xenon/usr/lib/libxenon.a(xenon_gpio.o)
                0x000000008000864c                xenon_gpio_set_oe
 .text.xenon_gpio_set
                0x0000000080008690       0x44 /usr/local/xenon/usr/lib/libxenon.a(xenon_gpio.o)
                0x0000000080008690                xenon_gpio_set
 .text          0x00000000800086d4       0x3c /usr/local/xenon/usr/lib/libxenon.a(cpusleep.o)
                0x00000000800086d4                cpusleep
 .text.sfcx_read_page
                0x0000000080008710      0x148 /usr/local/xenon/usr/lib/libxenon.a(xenon_sfcx.o)
                0x0000000080008710                sfcx_read_page
 .text.sfcx_init
                0x0000000080008858      0x2bc /usr/local/xenon/usr/lib/libxenon.a(xenon_sfcx.o)
                0x0000000080008858                sfcx_init
 .text          0x0000000080008b14        0x8 /usr/local/xenon/usr/lib/libxenon.a(debug.o)
                0x0000000080008b14                debug_print
 .text          0x0000000080008b1c       0x4c /usr/local/xenon/lib/gcc/xenon/4.6.1/32/libgcc.a(crtsavgpr.o)
                0x0000000080008b1c                _savegpr_14
                0x0000000080008b20                _savegpr_15
                0x0000000080008b24                _savegpr_16
                0x0000000080008b28                _savegpr_17
                0x0000000080008b2c                _savegpr_18
                0x0000000080008b30                _savegpr_19
                0x0000000080008b34                _savegpr_20
                0x0000000080008b38                _savegpr_21
                0x0000000080008b3c                _savegpr_22
                0x0000000080008b40                _savegpr_23
                0x0000000080008b44                _savegpr_24
                0x0000000080008b48                _savegpr_25
                0x0000000080008b4c                _savegpr_26
                0x0000000080008b50                _savegpr_27
                0x0000000080008b54                _savegpr_28
                0x0000000080008b58                _savegpr_29
                0x0000000080008b5c                _savegpr_30
                0x0000000080008b60                _savegpr_31
 .text          0x0000000080008b68       0x58 /usr/local/xenon/lib/gcc/xenon/4.6.1/32/libgcc.a(crtresxgpr.o)
                0x0000000080008b68                _restgpr_14_x
                0x0000000080008b6c                _restgpr_15_x
                0x0000000080008b70                _restgpr_16_x
                0x0000000080008b74                _restgpr_17_x
                0x0000000080008b78                _restgpr_18_x
                0x0000000080008b7c                _restgpr_19_x
                0x0000000080008b80                _restgpr_20_x
                0x0000000080008b84                _restgpr_21_x
                0x0000000080008b88                _restgpr_22_x
                0x0000000080008b8c                _restgpr_23_x
                0x0000000080008b90                _restgpr_24_x
                0x0000000080008b94                _restgpr_25_x
                0x0000000080008b98                _restgpr_26_x
                0x0000000080008b9c                _restgpr_27_x
                0x0000000080008ba0                _restgpr_28_x
                0x0000000080008ba4                _restgpr_29_x
                0x0000000080008ba8                _restgpr_30_x
                0x0000000080008bac                _restgpr_31_x
 .text          0x0000000080008bc0     0x1ae0 /usr/local/xenon/lib/gcc/xenon/4.6.1/32/libgcc.a(unwind-dw2-fde-glibc.o)
                0x000000008000a13c                __register_frame_info_bases
                0x000000008000a1b0                __register_frame_info
                0x000000008000a1d8                __register_frame
                0x000000008000a224                __register_frame_info_table_bases
                0x000000008000a288                __register_frame_info_table
                0x000000008000a2b0                __register_frame_table
                0x000000008000a2f4                __deregister_frame_info_bases
                0x000000008000a440                __deregister_frame_info
                0x000000008000a460                __deregister_frame
                0x000000008000a494                _Unwind_Find_FDE
 .text          0x000000008000a6a0       0x88 /usr/local/xenon/xenon/lib/32/libc.a(lib_a-assert.o)
                0x000000008000a6a4                __assert_func
                0x000000008000a710                __assert
 .text          0x000000008000a728       0x58 /usr/local/xenon/xenon/lib/32/libc.a(lib_a-exit.o)
                0x000000008000a72c                exit
 .text          0x000000008000a780      0x130 /usr/local/xenon/xenon/lib/32/libc.a(lib_a-fiprintf.o)
                0x000000008000a780                _fiprintf_r
                0x000000008000a804                fiprintf
 .text          0x000000008000a8b0      0x194 /usr/local/xenon/xenon/lib/32/libc.a(lib_a-fopen.o)
                0x000000008000a8b4                _fopen_r
                0x000000008000a9fc                fopen
 *fill*         0x000000008000aa44        0x4 00
 .text          0x000000008000aa48      0x5e4 /usr/local/xenon/xenon/lib/32/libc.a(lib_a-fseek.o)
                0x000000008000aa4c                _fseek_r
                0x000000008000afdc                fseek
 *fill*         0x000000008000b02c        0x4 00
 .text          0x000000008000b030       0x9c /usr/local/xenon/xenon/lib/32/libc.a(lib_a-fstatr.o)
                0x000000008000b034                _fstat_r
 *fill*         0x000000008000b0cc        0x4 00
 .text          0x000000008000b0d0      0x220 /usr/local/xenon/xenon/lib/32/libc.a(lib_a-makebuf.o)
                0x000000008000b0d4                __smakebuf_r
 .text          0x000000008000b2f0       0x90 /usr/local/xenon/xenon/lib/32/libc.a(lib_a-malloc.o)
                0x000000008000b2f4                malloc
                0x000000008000b33c                free
 .text          0x000000008000b380      0x890 /usr/local/xenon/xenon/lib/32/libc.a(lib_a-mallocr.o)
                0x000000008000b384                _malloc_r
 .text          0x000000008000bc10       0xe0 /usr/local/xenon/xenon/lib/32/libc.a(lib_a-memcmp.o)
                0x000000008000bc10                memcmp
 .text          0x000000008000bcf0      0x128 /usr/local/xenon/xenon/lib/32/libc.a(lib_a-memcpy.o)
                0x000000008000bcf0                memcpy
 .text          0x000000008000be18      0x134 /usr/local/xenon/xenon/lib/32/libc.a(lib_a-memset.o)
                0x000000008000be18                memset
 *fill*         0x000000008000bf4c        0x4 00
 .text          0x000000008000bf50       0xa4 /usr/local/xenon/xenon/lib/32/libc.a(lib_a-openr.o)
                0x000000008000bf54                _open_r
 *fill*         0x000000008000bff4        0x4 00
 .text          0x000000008000bff8      0x128 /usr/local/xenon/xenon/lib/32/libc.a(lib_a-puts.o)
                0x000000008000bffc                _puts_r
                0x000000008000c0dc                puts
 .text          0x000000008000c120      0x2bc /usr/local/xenon/xenon/lib/32/libc.a(lib_a-refill.o)
                0x000000008000c17c                __srefill_r
 *fill*         0x000000008000c3dc        0x4 00
 .text          0x000000008000c3e0       0x94 /usr/local/xenon/xenon/lib/32/libc.a(lib_a-sbrkr.o)
                0x000000008000c3e4                _sbrk_r
 *fill*         0x000000008000c474        0x4 00
 .text          0x000000008000c478      0x1a8 /usr/local/xenon/xenon/lib/32/libc.a(lib_a-sprintf.o)
                0x000000008000c478                _sprintf_r
                0x000000008000c53c                sprintf
 .text          0x000000008000c620      0x1a8 /usr/local/xenon/xenon/lib/32/libc.a(lib_a-stdio.o)
                0x000000008000c620                __sread
                0x000000008000c688                __swrite
                0x000000008000c730                __sseek
                0x000000008000c7a0                __sclose
 .text          0x000000008000c7c8       0xb0 /usr/local/xenon/xenon/lib/32/libc.a(lib_a-strcat.o)
                0x000000008000c7c8                strcat
 .text          0x000000008000c878      0x238 /usr/local/xenon/xenon/lib/32/libc.a(lib_a-strchr.o)
                0x000000008000c878                strchr
 .text          0x000000008000cab0      0x10c /usr/local/xenon/xenon/lib/32/libc.a(lib_a-strcmp.o)
                0x000000008000cab0                strcmp
 *fill*         0x000000008000cbbc        0x4 00
 .text          0x000000008000cbc0       0xa4 /usr/local/xenon/xenon/lib/32/libc.a(lib_a-strcpy.o)
                0x000000008000cbc0                strcpy
 *fill*         0x000000008000cc64        0x4 00
 .text          0x000000008000cc68      0x100 /usr/local/xenon/xenon/lib/32/libc.a(lib_a-strlen.o)
                0x000000008000cc68                strlen
 .text          0x000000008000cd68      0x18c /usr/local/xenon/xenon/lib/32/libc.a(lib_a-strncmp.o)
                0x000000008000cd68                strncmp
 *fill*         0x000000008000cef4        0x4 00
 .text          0x000000008000cef8     0x2318 /usr/local/xenon/xenon/lib/32/libc.a(lib_a-svfprintf.o)
                0x000000008000d1dc                _svfprintf_r
 .text          0x000000008000f210     0x153c /usr/local/xenon/xenon/lib/32/libc.a(lib_a-vfiprintf.o)
                0x000000008000f27c                _vfiprintf_r
                0x00000000800106fc                vfiprintf
 *fill*         0x000000008001074c        0x4 00
 .text          0x0000000080010750      0x148 /usr/local/xenon/xenon/lib/32/libc.a(lib_a-vsnprintf.o)
                0x0000000080010750                _vsnprintf_r
                0x000000008001083c                vsnprintf
 .text          0x0000000080010898       0x9c /usr/local/xenon/xenon/lib/32/libc.a(lib_a-writer.o)
                0x000000008001089c                _write_r
 *fill*         0x0000000080010934        0x4 00
 .text          0x0000000080010938      0x1b0 /usr/local/xenon/xenon/lib/32/libc.a(lib_a-wsetup.o)
                0x000000008001093c                __swsetup_r
 .text          0x0000000080010ae8      0x1f8 /usr/local/xenon/xenon/lib/32/libc.a(lib_a-__call_atexit.o)
                0x0000000080010aec                __call_exitprocs
 .text          0x0000000080010ce0       0x94 /usr/local/xenon/xenon/lib/32/libc.a(lib_a-closer.o)
                0x0000000080010ce4                _close_r
 *fill*         0x0000000080010d74        0x4 00
 .text          0x0000000080010d78     0x14dc /usr/local/xenon/xenon/lib/32/libc.a(lib_a-dtoa.o)
                0x0000000080010fcc                _dtoa_r
 *fill*         0x0000000080012254        0x4 00
 .text          0x0000000080012258      0x334 /usr/local/xenon/xenon/lib/32/libc.a(lib_a-fflush.o)
                0x0000000080012258                _fflush_r
                0x000000008001251c                fflush
 *fill*         0x000000008001258c        0x4 00
 .text          0x0000000080012590      0x48c /usr/local/xenon/xenon/lib/32/libc.a(lib_a-findfp.o)
                0x00000000800125a4                _cleanup_r
                0x0000000080012680                __sfmoreglue
                0x0000000080012704                _cleanup
                0x0000000080012748                __sfp_lock_acquire
                0x0000000080012750                __sfp_lock_release
                0x0000000080012758                __sinit_lock_acquire
                0x0000000080012760                __sinit_lock_release
                0x000000008001276c                __sinit
                0x000000008001281c                __sfp
                0x0000000080012984                __fp_lock_all
                0x00000000800129d4                __fp_unlock_all
 *fill*         0x0000000080012a1c        0x4 00
 .text          0x0000000080012a20       0xa0 /usr/local/xenon/xenon/lib/32/libc.a(lib_a-flags.o)
                0x0000000080012a20                __sflags
 .text          0x0000000080012ac0      0x418 /usr/local/xenon/xenon/lib/32/libc.a(lib_a-freer.o)
                0x0000000080012ac4                _malloc_trim_r
                0x0000000080012c1c                _free_r
 .text          0x0000000080012ed8      0x57c /usr/local/xenon/xenon/lib/32/libc.a(lib_a-fvwrite.o)
                0x0000000080012ed8                __sfvwrite_r
 *fill*         0x0000000080013454        0x4 00
 .text          0x0000000080013458      0x19c /usr/local/xenon/xenon/lib/32/libc.a(lib_a-fwalk.o)
                0x0000000080013458                _fwalk
                0x0000000080013520                _fwalk_reent
 *fill*         0x00000000800135f4        0x4 00
 .text          0x00000000800135f8       0x94 /usr/local/xenon/xenon/lib/32/libc.a(lib_a-isattyr.o)
                0x00000000800135fc                _isatty_r
 *fill*         0x000000008001368c        0x4 00
 .text          0x0000000080013690      0x1cc /usr/local/xenon/xenon/lib/32/libc.a(lib_a-locale.o)
                0x0000000080013694                _setlocale_r
                0x000000008001374c                __locale_charset
                0x000000008001378c                _localeconv_r
                0x00000000800137cc                setlocale
                0x000000008001381c                localeconv
 *fill*         0x000000008001385c        0x4 00
 .text          0x0000000080013860       0x9c /usr/local/xenon/xenon/lib/32/libc.a(lib_a-lseekr.o)
                0x0000000080013864                _lseek_r
 *fill*         0x00000000800138fc        0x4 00
 .text          0x0000000080013900      0x130 /usr/local/xenon/xenon/lib/32/libc.a(lib_a-memchr.o)
                0x0000000080013900                memchr
 .text          0x0000000080013a30      0x198 /usr/local/xenon/xenon/lib/32/libc.a(lib_a-memmove.o)
                0x0000000080013a30                memmove
 .text          0x0000000080013bc8     0x1308 /usr/local/xenon/xenon/lib/32/libc.a(lib_a-mprec.o)
                0x0000000080013bc8                _Balloc
                0x0000000080013c90                _Bfree
                0x0000000080013cb8                __multadd
                0x0000000080013de0                __s2b
                0x0000000080013f30                __hi0bits
                0x0000000080013fa8                __lo0bits
                0x0000000080014088                __i2b
                0x00000000800140c8                __multiply
                0x000000008001432c                __pow5mult
                0x0000000080014480                __lshift
                0x0000000080014600                __mcmp
                0x0000000080014660                __mdiff
                0x0000000080014848                __ulp
                0x00000000800148e0                __b2d
                0x0000000080014a60                __d2b
                0x0000000080014c00                __ratio
                0x0000000080014cec                _mprec_log10
                0x0000000080014d68                __copybits
                0x0000000080014df0                __any_on
 .text          0x0000000080014ed0       0x9c /usr/local/xenon/xenon/lib/32/libc.a(lib_a-readr.o)
                0x0000000080014ed4                _read_r
 *fill*         0x0000000080014f6c        0x4 00
 .text          0x0000000080014f70      0x630 /usr/local/xenon/xenon/lib/32/libc.a(lib_a-reallocr.o)
                0x0000000080014f74                _realloc_r
 .text          0x00000000800155a0       0x44 /usr/local/xenon/xenon/lib/32/libc.a(lib_a-s_isinfd.o)
                0x00000000800155a0                __isinfd
 *fill*         0x00000000800155e4        0x4 00
 .text          0x00000000800155e8       0x38 /usr/local/xenon/xenon/lib/32/libc.a(lib_a-s_isnand.o)
                0x00000000800155e8                __isnand
 .text          0x0000000080015620       0xc8 /usr/local/xenon/xenon/lib/32/libc.a(lib_a-callocr.o)
                0x0000000080015620                _calloc_r
 .text          0x00000000800156e8      0x1c0 /usr/local/xenon/xenon/lib/32/libc.a(lib_a-fclose.o)
                0x00000000800156e8                _fclose_r
                0x0000000080015864                fclose
 .text          0x00000000800158a8      0x434 /usr/local/xenon/lib/gcc/xenon/4.6.1/32/libgcc.a(_udivdi3.o)
                0x00000000800158a8                __udivdi3
 *fill*         0x0000000080015cdc        0x4 00
 .text          0x0000000080015ce0      0x3f0 /usr/local/xenon/lib/gcc/xenon/4.6.1/32/libgcc.a(_umoddi3.o)
                0x0000000080015ce0                __umoddi3
 *(.init*)

.glink          0x00000000800160d0        0x0
 .glink         0x0000000000000000        0x0 /usr/local/xenon/lib/gcc/xenon/4.6.1/../../../../xenon/lib/../lib/crt1.o

.elfldr         0x00000000800160d0        0x0
                0x00000000800160d0                elfldr_start = .
 *(.elfldr)
                0x00000000800160d0                elfldr_end = .

.data           0x00000000800160d0     0x3fa8
 *(.data*)
 .data.devoptab_list
                0x00000000800160d0       0x40 /usr/local/xenon/usr/lib/libxenon.a(newlib.o)
                0x00000000800160d0                devoptab_list
 .data.defaultDevice
                0x0000000080016110        0x4 /usr/local/xenon/usr/lib/libxenon.a(newlib.o)
 .data.__syscalls
                0x0000000080016114       0x24 /usr/local/xenon/usr/lib/libxenon.a(xenon_syscalls.o)
                0x0000000080016114                __syscalls
 .data.lockowner
                0x0000000080016138        0x4 /usr/local/xenon/usr/lib/libxenon.a(xenon_syscalls.o)
 .data.ana_1024x768
                0x000000008001613c      0x400 /usr/local/xenon/usr/lib/libxenon.a(xenos.o)
                0x000000008001613c                ana_1024x768
 .data.ana_ntsc_480i
                0x000000008001653c      0x400 /usr/local/xenon/usr/lib/libxenon.a(xenos.o)
                0x000000008001653c                ana_ntsc_480i
 .data.ana_yuv_480p
                0x000000008001693c      0x400 /usr/local/xenon/usr/lib/libxenon.a(xenos.o)
                0x000000008001693c                ana_yuv_480p
 .data.ana_1280x1024
                0x0000000080016d3c      0x400 /usr/local/xenon/usr/lib/libxenon.a(xenos.o)
                0x0000000080016d3c                ana_1280x1024
 .data.ana_1360x768
                0x000000008001713c      0x400 /usr/local/xenon/usr/lib/libxenon.a(xenos.o)
                0x000000008001713c                ana_1360x768
 .data.ana_640_480_composite
                0x000000008001753c      0x400 /usr/local/xenon/usr/lib/libxenon.a(xenos.o)
                0x000000008001753c                ana_640_480_composite
 .data.ana_1440x900
                0x000000008001793c      0x400 /usr/local/xenon/usr/lib/libxenon.a(xenos.o)
                0x000000008001793c                ana_1440x900
 .data.ana_1280x768
                0x0000000080017d3c      0x400 /usr/local/xenon/usr/lib/libxenon.a(xenos.o)
                0x0000000080017d3c                ana_1280x768
 .data.ana_pal  0x000000008001813c      0x400 /usr/local/xenon/usr/lib/libxenon.a(xenos.o)
                0x000000008001813c                ana_pal
 .data.ana_640x480p
                0x000000008001853c      0x400 /usr/local/xenon/usr/lib/libxenon.a(xenos.o)
                0x000000008001853c                ana_640x480p
 .data.ana_1280x720
                0x000000008001893c      0x400 /usr/local/xenon/usr/lib/libxenon.a(xenos.o)
                0x000000008001893c                ana_1280x720
 .data.ana_hdmi_720p
                0x0000000080018d3c      0x400 /usr/local/xenon/usr/lib/libxenon.a(xenos.o)
                0x0000000080018d3c                ana_hdmi_720p
 .data.xenos_modes
                0x000000008001913c      0x2d8 /usr/local/xenon/usr/lib/libxenon.a(xenos.o)
                0x000000008001913c                xenos_modes
 .data.ana_yuv_720p
                0x0000000080019414      0x400 /usr/local/xenon/usr/lib/libxenon.a(xenos.o)
                0x0000000080019414                ana_yuv_720p
 .data.decrementer_ticks
                0x0000000080019814        0x4 /usr/local/xenon/usr/lib/libxenon.a(c_threads.o)
 .data.rel.local
                0x0000000080019818      0x428 /usr/local/xenon/xenon/lib/32/libc.a(lib_a-impure.o)
 .data.rel      0x0000000080019c40      0x408 /usr/local/xenon/xenon/lib/32/libc.a(lib_a-mallocr.o)
                0x0000000080019c40                __malloc_av_
 .data.rel.ro.local
                0x000000008001a048       0x30 /usr/local/xenon/xenon/lib/32/libc.a(lib_a-locale.o)

.got2           0x000000008001a078      0x1b4
 .got2          0x000000008001a078       0x14 /usr/local/xenon/lib/gcc/xenon/4.6.1/32/libgcc.a(unwind-dw2-fde-glibc.o)
 .got2          0x000000008001a08c       0x10 /usr/local/xenon/xenon/lib/32/libc.a(lib_a-assert.o)
 .got2          0x000000008001a09c        0x4 /usr/local/xenon/xenon/lib/32/libc.a(lib_a-exit.o)
 .got2          0x000000008001a0a0        0x4 /usr/local/xenon/xenon/lib/32/libc.a(lib_a-fiprintf.o)
 .got2          0x000000008001a0a4       0x14 /usr/local/xenon/xenon/lib/32/libc.a(lib_a-fopen.o)
 .got2          0x000000008001a0b8        0x8 /usr/local/xenon/xenon/lib/32/libc.a(lib_a-fseek.o)
 .got2          0x000000008001a0c0        0x4 /usr/local/xenon/xenon/lib/32/libc.a(lib_a-fstatr.o)
 .got2          0x000000008001a0c4        0x8 /usr/local/xenon/xenon/lib/32/libc.a(lib_a-makebuf.o)
 .got2          0x000000008001a0cc        0x4 /usr/local/xenon/xenon/lib/32/libc.a(lib_a-malloc.o)
 .got2          0x000000008001a0d0       0x18 /usr/local/xenon/xenon/lib/32/libc.a(lib_a-mallocr.o)
 .got2          0x000000008001a0e8        0x4 /usr/local/xenon/xenon/lib/32/libc.a(lib_a-openr.o)
 .got2          0x000000008001a0ec        0x8 /usr/local/xenon/xenon/lib/32/libc.a(lib_a-puts.o)
 .got2          0x000000008001a0f4        0x8 /usr/local/xenon/xenon/lib/32/libc.a(lib_a-refill.o)
 .got2          0x000000008001a0fc        0x4 /usr/local/xenon/xenon/lib/32/libc.a(lib_a-sbrkr.o)
 .got2          0x000000008001a100        0x4 /usr/local/xenon/xenon/lib/32/libc.a(lib_a-sprintf.o)
 .got2          0x000000008001a104       0x30 /usr/local/xenon/xenon/lib/32/libc.a(lib_a-svfprintf.o)
 .got2          0x000000008001a134       0x1c /usr/local/xenon/xenon/lib/32/libc.a(lib_a-vfiprintf.o)
 .got2          0x000000008001a150        0x4 /usr/local/xenon/xenon/lib/32/libc.a(lib_a-vsnprintf.o)
 .got2          0x000000008001a154        0x4 /usr/local/xenon/xenon/lib/32/libc.a(lib_a-writer.o)
 .got2          0x000000008001a158        0x4 /usr/local/xenon/xenon/lib/32/libc.a(lib_a-wsetup.o)
 .got2          0x000000008001a15c        0x4 /usr/local/xenon/xenon/lib/32/libc.a(lib_a-__call_atexit.o)
 .got2          0x000000008001a160        0x4 /usr/local/xenon/xenon/lib/32/libc.a(lib_a-closer.o)
 .got2          0x000000008001a164       0x44 /usr/local/xenon/xenon/lib/32/libc.a(lib_a-dtoa.o)
 .got2          0x000000008001a1a8        0xc /usr/local/xenon/xenon/lib/32/libc.a(lib_a-fflush.o)
 .got2          0x000000008001a1b4       0x28 /usr/local/xenon/xenon/lib/32/libc.a(lib_a-findfp.o)
 .got2          0x000000008001a1dc       0x18 /usr/local/xenon/xenon/lib/32/libc.a(lib_a-freer.o)
 .got2          0x000000008001a1f4        0x4 /usr/local/xenon/xenon/lib/32/libc.a(lib_a-isattyr.o)
 .got2          0x000000008001a1f8       0x14 /usr/local/xenon/xenon/lib/32/libc.a(lib_a-locale.o)
 .got2          0x000000008001a20c        0x4 /usr/local/xenon/xenon/lib/32/libc.a(lib_a-lseekr.o)
 .got2          0x000000008001a210       0x10 /usr/local/xenon/xenon/lib/32/libc.a(lib_a-mprec.o)
 .got2          0x000000008001a220        0x4 /usr/local/xenon/xenon/lib/32/libc.a(lib_a-readr.o)
 .got2          0x000000008001a224        0x4 /usr/local/xenon/xenon/lib/32/libc.a(lib_a-reallocr.o)
 .got2          0x000000008001a228        0x4 /usr/local/xenon/xenon/lib/32/libc.a(lib_a-fclose.o)

.sdata          0x000000008001a22c       0x20
 *(.sdata*)
 .sdata.console_color
                0x000000008001a22c        0x8 /usr/local/xenon/usr/lib/libxenon.a(console.o)
                0x000000008001a22c                console_color
 .sdata.xenon_smc_last_ir
                0x000000008001a234        0x4 /usr/local/xenon/usr/lib/libxenon.a(xenon_smc.o)
                0x000000008001a234                xenon_smc_last_ir
 .sdata.debugRoutine
                0x000000008001a238        0x4 /usr/local/xenon/usr/lib/libxenon.a(c_debug.o)
                0x000000008001a238                debugRoutine
 .sdata         0x000000008001a23c        0x8 /usr/local/xenon/xenon/lib/32/libc.a(lib_a-impure.o)
                0x000000008001a23c                _global_impure_ptr
                0x000000008001a240                _impure_ptr
 .sdata         0x000000008001a244        0x8 /usr/local/xenon/xenon/lib/32/libc.a(lib_a-mallocr.o)
                0x000000008001a244                __malloc_sbrk_base
                0x000000008001a248                __malloc_trim_threshold

.rodata         0x000000008001a250     0x2648
 *(.rodata*)
 .rodata.str1.8
                0x000000008001a250       0x50 main.o
                                         0x4b (size before relaxing)
 .rodata.str1.1
                0x000000008001a2a0       0x6d /usr/local/xenon/usr/lib/libxenon.a(console.o)
 *fill*         0x000000008001a30d        0x3 00
 .rodata.fontdata_8x16
                0x000000008001a310     0x1000 /usr/local/xenon/usr/lib/libxenon.a(console.o)
                0x000000008001a310                fontdata_8x16
 .rodata.console_optab
                0x000000008001b310       0x64 /usr/local/xenon/usr/lib/libxenon.a(newlib.o)
                0x000000008001b310                console_optab
 .rodata.str1.1
                0x000000008001b374       0x66 /usr/local/xenon/usr/lib/libxenon.a(newlib.o)
 *fill*         0x000000008001b3da        0x2 00
 .rodata.dotab_stdnull
                0x000000008001b3dc       0x64 /usr/local/xenon/usr/lib/libxenon.a(newlib.o)
                0x000000008001b3dc                dotab_stdnull
 .rodata.str1.1
                0x000000008001b440      0x126 /usr/local/xenon/usr/lib/libxenon.a(xenon_syscalls.o)
 *fill*         0x000000008001b566        0x2 00
 .rodata.__FUNCTION__.3891
                0x000000008001b568       0x12 /usr/local/xenon/usr/lib/libxenon.a(xenon_syscalls.o)
 *fill*         0x000000008001b57a        0x6 00
 .rodata.__FUNCTION__.3899
                0x000000008001b580       0x14 /usr/local/xenon/usr/lib/libxenon.a(xenon_syscalls.o)
 .rodata.str1.1
                0x000000008001b594      0x218 /usr/local/xenon/usr/lib/libxenon.a(c_except.o)
                                        0x21c (size before relaxing)
 .rodata.str1.1
                0x000000008001b7ac      0x121 /usr/local/xenon/usr/lib/libxenon.a(xenon_smc.o)
 .rodata.str1.1
                0x000000008001b8cd       0x41 /usr/local/xenon/usr/lib/libxenon.a(xenon_config.o)
 *fill*         0x000000008001b90e        0x2 00
 .rodata        0x000000008001b910      0x140 /usr/local/xenon/usr/lib/libxenon.a(xenos.o)
 .rodata.str1.1
                0x000000008001ba50      0x221 /usr/local/xenon/usr/lib/libxenon.a(xenos.o)
                                        0x223 (size before relaxing)
 *fill*         0x000000008001bc71        0x7 00
 .rodata.CSWTCH.26
                0x000000008001bc78        0x4 /usr/local/xenon/usr/lib/libxenon.a(xenos.o)
 *fill*         0x000000008001bc7c        0x4 00
 .rodata.__FUNCTION__.3507
                0x000000008001bc80       0x12 /usr/local/xenon/usr/lib/libxenon.a(xenos.o)
 *fill*         0x000000008001bc92        0x6 00
 .rodata.edid_header
                0x000000008001bc98        0x8 /usr/local/xenon/usr/lib/libxenon.a(xenos_edid.o)
 .rodata.str1.1
                0x000000008001bca0      0x10a /usr/local/xenon/usr/lib/libxenon.a(xenos_edid.o)
 .rodata.str1.1
                0x000000008001bdaa      0x184 /usr/local/xenon/usr/lib/libxenon.a(c_threads.o)
                                        0x1ae (size before relaxing)
 *fill*         0x000000008001bf2e        0x2 00
 .rodata.__FUNCTION__.3605
                0x000000008001bf30       0x15 /usr/local/xenon/usr/lib/libxenon.a(c_threads.o)
 .rodata.str1.1
                0x000000008001bf45      0x109 /usr/local/xenon/usr/lib/libxenon.a(c_debug.o)
                                        0x168 (size before relaxing)
 *fill*         0x000000008001c04e        0x2 00
 .rodata.exception_strings
                0x000000008001c050       0x24 /usr/local/xenon/usr/lib/libxenon.a(c_debug.o)
 .rodata.str1.1
                0x000000008001c074      0x2d3 /usr/local/xenon/usr/lib/libxenon.a(xenon_sfcx.o)
                                        0x2d6 (size before relaxing)
 *fill*         0x000000008001c347        0x1 00
 .rodata        0x000000008001c348       0x34 /usr/local/xenon/lib/gcc/xenon/4.6.1/32/libgcc.a(unwind-dw2-fde-glibc.o)
 .rodata.str1.4
                0x000000008001c37c       0x3f /usr/local/xenon/xenon/lib/32/libc.a(lib_a-assert.o)
                                         0x43 (size before relaxing)
 *fill*         0x000000008001c3bb        0x1 00
 .rodata.str1.4
                0x000000008001c3bc        0x2 /usr/local/xenon/xenon/lib/32/libc.a(lib_a-impure.o)
 *fill*         0x000000008001c3be        0x2 00
 .rodata.str1.4
                0x000000008001c3c0        0x2 /usr/local/xenon/xenon/lib/32/libc.a(lib_a-puts.o)
 *fill*         0x000000008001c3c2        0x2 00
 .rodata        0x000000008001c3c4      0x184 /usr/local/xenon/xenon/lib/32/libc.a(lib_a-svfprintf.o)
 .rodata.cst4   0x000000008001c548        0x4 /usr/local/xenon/xenon/lib/32/libc.a(lib_a-svfprintf.o)
 .rodata.str1.4
                0x000000008001c54c       0x42 /usr/local/xenon/xenon/lib/32/libc.a(lib_a-svfprintf.o)
 *fill*         0x000000008001c58e        0x2 00
 .rodata        0x000000008001c590      0x184 /usr/local/xenon/xenon/lib/32/libc.a(lib_a-vfiprintf.o)
 .rodata.str1.4
                0x0000000000000000       0x2f /usr/local/xenon/xenon/lib/32/libc.a(lib_a-vfiprintf.o)
 .rodata.cst4   0x000000008001c714       0x20 /usr/local/xenon/xenon/lib/32/libc.a(lib_a-dtoa.o)
                                         0x24 (size before relaxing)
 *fill*         0x000000008001c734        0x4 00
 .rodata.cst8   0x000000008001c738       0x18 /usr/local/xenon/xenon/lib/32/libc.a(lib_a-dtoa.o)
 .rodata.str1.4
                0x000000008001c750       0x10 /usr/local/xenon/xenon/lib/32/libc.a(lib_a-dtoa.o)
                                         0x12 (size before relaxing)
 .rodata.str1.4
                0x000000008001c760       0x10 /usr/local/xenon/xenon/lib/32/libc.a(lib_a-locale.o)
                                         0x16 (size before relaxing)
 .rodata        0x000000008001c770      0x128 /usr/local/xenon/xenon/lib/32/libc.a(lib_a-mprec.o)
                0x000000008001c780                __mprec_tinytens
                0x000000008001c7a8                __mprec_bigtens
                0x000000008001c7d0                __mprec_tens
 .rodata.cst4   0x0000000000000000        0x8 /usr/local/xenon/xenon/lib/32/libc.a(lib_a-mprec.o)

.ctors          0x000000008001c898        0x0
                0x000000008001c898                __CTOR_LIST__ = .
 *(.ctors)
                0x000000008001c898                __CTOR_END__ = .

.dtors          0x000000008001c898        0x0
                0x000000008001c898                __DTOR_LIST__ = .
 *(.dtors)
                0x000000008001c898                __DTOR_END__ = .

.eh_frame_hdr   0x000000008001c898       0xe4
 *(.eh_frame_hdr)
 .eh_frame_hdr  0x000000008001c898       0xe4 /usr/local/xenon/lib/gcc/xenon/4.6.1/32/libgcc.a(crtsavgpr.o)

.eh_frame       0x000000008001c97c      0x584
                0x000000008001c97c                PROVIDE (__eh_frame_start, .)
 *(.eh_frame)
 .eh_frame      0x0000000000000000        0x0 /usr/local/xenon/lib/gcc/xenon/4.6.1/../../../../xenon/lib/../lib/crt1.o
 .eh_frame      0x000000008001c97c        0x0 /usr/local/xenon/lib/gcc/xenon/4.6.1/32/crtbegin.o
 .eh_frame      0x000000008001c97c       0x28 /usr/local/xenon/lib/gcc/xenon/4.6.1/32/libgcc.a(crtsavgpr.o)
 .eh_frame      0x000000008001c9a4       0x7c /usr/local/xenon/lib/gcc/xenon/4.6.1/32/libgcc.a(crtresxgpr.o)
 .eh_frame      0x000000008001ca20      0x464 /usr/local/xenon/lib/gcc/xenon/4.6.1/32/libgcc.a(unwind-dw2-fde-glibc.o)
                                        0x478 (size before relaxing)
 .eh_frame      0x000000008001ce84       0x38 /usr/local/xenon/lib/gcc/xenon/4.6.1/32/libgcc.a(_udivdi3.o)
                                         0x4c (size before relaxing)
 .eh_frame      0x000000008001cebc       0x3c /usr/local/xenon/lib/gcc/xenon/4.6.1/32/libgcc.a(_umoddi3.o)
                                         0x50 (size before relaxing)
 .eh_frame      0x000000008001cef8        0x4 /usr/local/xenon/lib/gcc/xenon/4.6.1/32/crtend.o
                0x000000008001cefc        0x4 LONG 0x0

.rela.dyn       0x000000008001cf00        0x0
 .rela.iplt     0x0000000000000000        0x0 /usr/local/xenon/lib/gcc/xenon/4.6.1/../../../../xenon/lib/../lib/crt1.o
 .rela.text.call_ctors
                0x0000000000000000        0x0 /usr/local/xenon/lib/gcc/xenon/4.6.1/../../../../xenon/lib/../lib/crt1.o
 .rela.text.c_register_frame
                0x0000000000000000        0x0 /usr/local/xenon/lib/gcc/xenon/4.6.1/../../../../xenon/lib/../lib/crt1.o
 .rela.got2     0x0000000000000000        0x0 /usr/local/xenon/lib/gcc/xenon/4.6.1/../../../../xenon/lib/../lib/crt1.o
 .rela.text     0x0000000000000000        0x0 /usr/local/xenon/lib/gcc/xenon/4.6.1/../../../../xenon/lib/../lib/crt1.o
 .rela.text.console_init
                0x0000000000000000        0x0 /usr/local/xenon/lib/gcc/xenon/4.6.1/../../../../xenon/lib/../lib/crt1.o
 .rela.text.console_close
                0x0000000000000000        0x0 /usr/local/xenon/lib/gcc/xenon/4.6.1/../../../../xenon/lib/../lib/crt1.o
 .rela.text.__dirreset
                0x0000000000000000        0x0 /usr/local/xenon/lib/gcc/xenon/4.6.1/../../../../xenon/lib/../lib/crt1.o
 .rela.text.__dirnext
                0x0000000000000000        0x0 /usr/local/xenon/lib/gcc/xenon/4.6.1/../../../../xenon/lib/../lib/crt1.o
 .rela.text.__libc_lock_init
                0x0000000000000000        0x0 /usr/local/xenon/lib/gcc/xenon/4.6.1/../../../../xenon/lib/../lib/crt1.o
 .rela.text.__libc_lock_close
                0x0000000000000000        0x0 /usr/local/xenon/lib/gcc/xenon/4.6.1/../../../../xenon/lib/../lib/crt1.o
 .rela.text.__libc_lock_release
                0x0000000000000000        0x0 /usr/local/xenon/lib/gcc/xenon/4.6.1/../../../../xenon/lib/../lib/crt1.o
 .rela.text.__libc_lock_acquire
                0x0000000000000000        0x0 /usr/local/xenon/lib/gcc/xenon/4.6.1/../../../../xenon/lib/../lib/crt1.o
 .rela.text.__malloc_lock
                0x0000000000000000        0x0 /usr/local/xenon/lib/gcc/xenon/4.6.1/../../../../xenon/lib/../lib/crt1.o
 .rela.text.__malloc_unlock
                0x0000000000000000        0x0 /usr/local/xenon/lib/gcc/xenon/4.6.1/../../../../xenon/lib/../lib/crt1.o
 .rela.text._exit
                0x0000000000000000        0x0 /usr/local/xenon/lib/gcc/xenon/4.6.1/../../../../xenon/lib/../lib/crt1.o
 .rela.text.sbrk
                0x0000000000000000        0x0 /usr/local/xenon/lib/gcc/xenon/4.6.1/../../../../xenon/lib/../lib/crt1.o
 .rela.text.execve
                0x0000000000000000        0x0 /usr/local/xenon/lib/gcc/xenon/4.6.1/../../../../xenon/lib/../lib/crt1.o
 .rela.text.fork
                0x0000000000000000        0x0 /usr/local/xenon/lib/gcc/xenon/4.6.1/../../../../xenon/lib/../lib/crt1.o
 .rela.text.getpid
                0x0000000000000000        0x0 /usr/local/xenon/lib/gcc/xenon/4.6.1/../../../../xenon/lib/../lib/crt1.o
 .rela.text.getrusage
                0x0000000000000000        0x0 /usr/local/xenon/lib/gcc/xenon/4.6.1/../../../../xenon/lib/../lib/crt1.o
 .rela.text.gettimeofday
                0x0000000000000000        0x0 /usr/local/xenon/lib/gcc/xenon/4.6.1/../../../../xenon/lib/../lib/crt1.o
 .rela.text.kill
                0x0000000000000000        0x0 /usr/local/xenon/lib/gcc/xenon/4.6.1/../../../../xenon/lib/../lib/crt1.o
 .rela.text.open
                0x0000000000000000        0x0 /usr/local/xenon/lib/gcc/xenon/4.6.1/../../../../xenon/lib/../lib/crt1.o
 .rela.text.read
                0x0000000000000000        0x0 /usr/local/xenon/lib/gcc/xenon/4.6.1/../../../../xenon/lib/../lib/crt1.o
 .rela.text.write
                0x0000000000000000        0x0 /usr/local/xenon/lib/gcc/xenon/4.6.1/../../../../xenon/lib/../lib/crt1.o
 .rela.text.fstat
                0x0000000000000000        0x0 /usr/local/xenon/lib/gcc/xenon/4.6.1/../../../../xenon/lib/../lib/crt1.o
 .rela.text.stat
                0x0000000000000000        0x0 /usr/local/xenon/lib/gcc/xenon/4.6.1/../../../../xenon/lib/../lib/crt1.o
 .rela.text.statvfs
                0x0000000000000000        0x0 /usr/local/xenon/lib/gcc/xenon/4.6.1/../../../../xenon/lib/../lib/crt1.o
 .rela.text.fsync
                0x0000000000000000        0x0 /usr/local/xenon/lib/gcc/xenon/4.6.1/../../../../xenon/lib/../lib/crt1.o
 .rela.text.ftruncate
                0x0000000000000000        0x0 /usr/local/xenon/lib/gcc/xenon/4.6.1/../../../../xenon/lib/../lib/crt1.o
 .rela.text.link
                0x0000000000000000        0x0 /usr/local/xenon/lib/gcc/xenon/4.6.1/../../../../xenon/lib/../lib/crt1.o
 .rela.text.lseek
                0x0000000000000000        0x0 /usr/local/xenon/lib/gcc/xenon/4.6.1/../../../../xenon/lib/../lib/crt1.o
 .rela.text.rename
                0x0000000000000000        0x0 /usr/local/xenon/lib/gcc/xenon/4.6.1/../../../../xenon/lib/../lib/crt1.o
 .rela.text.unlink
                0x0000000000000000        0x0 /usr/local/xenon/lib/gcc/xenon/4.6.1/../../../../xenon/lib/../lib/crt1.o
 .rela.text.close
                0x0000000000000000        0x0 /usr/local/xenon/lib/gcc/xenon/4.6.1/../../../../xenon/lib/../lib/crt1.o
 .rela.text.chdir
                0x0000000000000000        0x0 /usr/local/xenon/lib/gcc/xenon/4.6.1/../../../../xenon/lib/../lib/crt1.o
 .rela.text.getcwd
                0x0000000000000000        0x0 /usr/local/xenon/lib/gcc/xenon/4.6.1/../../../../xenon/lib/../lib/crt1.o
 .rela.text.chmod
                0x0000000000000000        0x0 /usr/local/xenon/lib/gcc/xenon/4.6.1/../../../../xenon/lib/../lib/crt1.o
 .rela.text.fchmod
                0x0000000000000000        0x0 /usr/local/xenon/lib/gcc/xenon/4.6.1/../../../../xenon/lib/../lib/crt1.o
 .rela.text.opendir
                0x0000000000000000        0x0 /usr/local/xenon/lib/gcc/xenon/4.6.1/../../../../xenon/lib/../lib/crt1.o
 .rela.text.closedir
                0x0000000000000000        0x0 /usr/local/xenon/lib/gcc/xenon/4.6.1/../../../../xenon/lib/../lib/crt1.o
 .rela.text.mkdir
                0x0000000000000000        0x0 /usr/local/xenon/lib/gcc/xenon/4.6.1/../../../../xenon/lib/../lib/crt1.o
 .rela.text.xenon_sbrk
                0x0000000000000000        0x0 /usr/local/xenon/lib/gcc/xenon/4.6.1/../../../../xenon/lib/../lib/crt1.o
 .rela.text.usb_init_one_ohci
                0x0000000000000000        0x0 /usr/local/xenon/lib/gcc/xenon/4.6.1/../../../../xenon/lib/../lib/crt1.o
 .rela.text.usb_do_poll
                0x0000000000000000        0x0 /usr/local/xenon/lib/gcc/xenon/4.6.1/../../../../xenon/lib/../lib/crt1.o
 .rela.text.EHCI_do_one
                0x0000000000000000        0x0 /usr/local/xenon/lib/gcc/xenon/4.6.1/../../../../xenon/lib/../lib/crt1.o
 .rela.text.USBStorage_Init
                0x0000000000000000        0x0 /usr/local/xenon/lib/gcc/xenon/4.6.1/../../../../xenon/lib/../lib/crt1.o
 .rela.text.poll_status
                0x0000000000000000        0x0 /usr/local/xenon/lib/gcc/xenon/4.6.1/../../../../xenon/lib/../lib/crt1.o
 .rela.text.getch
                0x0000000000000000        0x0 /usr/local/xenon/lib/gcc/xenon/4.6.1/../../../../xenon/lib/../lib/crt1.o
 .rela.text.xenon_config_init
                0x0000000000000000        0x0 /usr/local/xenon/lib/gcc/xenon/4.6.1/../../../../xenon/lib/../lib/crt1.o
 .rela.text.enet_init
                0x0000000000000000        0x0 /usr/local/xenon/lib/gcc/xenon/4.6.1/../../../../xenon/lib/../lib/crt1.o
 .rela.text.enet_poll
                0x0000000000000000        0x0 /usr/local/xenon/lib/gcc/xenon/4.6.1/../../../../xenon/lib/../lib/crt1.o
 .rela.text.thread_pool_alloc
                0x0000000000000000        0x0 /usr/local/xenon/lib/gcc/xenon/4.6.1/../../../../xenon/lib/../lib/crt1.o
 .rela.text.thread_create
                0x0000000000000000        0x0 /usr/local/xenon/lib/gcc/xenon/4.6.1/../../../../xenon/lib/../lib/crt1.o
 .rela.text.thread_get_pool
                0x0000000000000000        0x0 /usr/local/xenon/lib/gcc/xenon/4.6.1/../../../../xenon/lib/../lib/crt1.o
 .rela.text.thread_create_idle_thread
                0x0000000000000000        0x0 /usr/local/xenon/lib/gcc/xenon/4.6.1/../../../../xenon/lib/../lib/crt1.o
 .rela.text.threading_init
                0x0000000000000000        0x0 /usr/local/xenon/lib/gcc/xenon/4.6.1/../../../../xenon/lib/../lib/crt1.o
 .rela.text.kmem_init
                0x0000000000000000        0x0 /usr/local/xenon/lib/gcc/xenon/4.6.1/../../../../xenon/lib/../lib/crt1.o
 .rela.text._ohci_dma_alloc
                0x0000000000000000        0x0 /usr/local/xenon/lib/gcc/xenon/4.6.1/../../../../xenon/lib/../lib/crt1.o
 .rela.text.ohci_create
                0x0000000000000000        0x0 /usr/local/xenon/lib/gcc/xenon/4.6.1/../../../../xenon/lib/../lib/crt1.o
 .rela.text.usb_create_pipe
                0x0000000000000000        0x0 /usr/local/xenon/lib/gcc/xenon/4.6.1/../../../../xenon/lib/../lib/crt1.o
 .rela.text.usb_destroy_pipe
                0x0000000000000000        0x0 /usr/local/xenon/lib/gcc/xenon/4.6.1/../../../../xenon/lib/../lib/crt1.o
 .rela.text.usb_destroy_all_pipes
                0x0000000000000000        0x0 /usr/local/xenon/lib/gcc/xenon/4.6.1/../../../../xenon/lib/../lib/crt1.o
 .rela.text.usb_destroy_device
                0x0000000000000000        0x0 /usr/local/xenon/lib/gcc/xenon/4.6.1/../../../../xenon/lib/../lib/crt1.o
 .rela.text.usb_create_device
                0x0000000000000000        0x0 /usr/local/xenon/lib/gcc/xenon/4.6.1/../../../../xenon/lib/../lib/crt1.o
 .rela.text.usb_make_request
                0x0000000000000000        0x0 /usr/local/xenon/lib/gcc/xenon/4.6.1/../../../../xenon/lib/../lib/crt1.o
 .rela.text.usb_free_request
                0x0000000000000000        0x0 /usr/local/xenon/lib/gcc/xenon/4.6.1/../../../../xenon/lib/../lib/crt1.o
 .rela.text.usb_clear_stall
                0x0000000000000000        0x0 /usr/local/xenon/lib/gcc/xenon/4.6.1/../../../../xenon/lib/../lib/crt1.o
 .rela.text.usb_std_request
                0x0000000000000000        0x0 /usr/local/xenon/lib/gcc/xenon/4.6.1/../../../../xenon/lib/../lib/crt1.o
 .rela.text.usb_get_string
                0x0000000000000000        0x0 /usr/local/xenon/lib/gcc/xenon/4.6.1/../../../../xenon/lib/../lib/crt1.o
 .rela.text.usb_get_device_descriptor
                0x0000000000000000        0x0 /usr/local/xenon/lib/gcc/xenon/4.6.1/../../../../xenon/lib/../lib/crt1.o
 .rela.text.usb_get_config_descriptor
                0x0000000000000000        0x0 /usr/local/xenon/lib/gcc/xenon/4.6.1/../../../../xenon/lib/../lib/crt1.o
 .rela.text.usb_initroot
                0x0000000000000000        0x0 /usr/local/xenon/lib/gcc/xenon/4.6.1/../../../../xenon/lib/../lib/crt1.o
 .rela.data.usb_drivers
                0x0000000000000000        0x0 /usr/local/xenon/lib/gcc/xenon/4.6.1/../../../../xenon/lib/../lib/crt1.o
 .rela.text.usbhid_attach
                0x0000000000000000        0x0 /usr/local/xenon/lib/gcc/xenon/4.6.1/../../../../xenon/lib/../lib/crt1.o
 .rela.text.usbhub_detach
                0x0000000000000000        0x0 /usr/local/xenon/lib/gcc/xenon/4.6.1/../../../../xenon/lib/../lib/crt1.o
 .rela.text.usbhub_attach
                0x0000000000000000        0x0 /usr/local/xenon/lib/gcc/xenon/4.6.1/../../../../xenon/lib/../lib/crt1.o
 .rela.text.usbhub_scan1
                0x0000000000000000        0x0 /usr/local/xenon/lib/gcc/xenon/4.6.1/../../../../xenon/lib/../lib/crt1.o
 .rela.text.rawflash_writeImage
                0x0000000000000000        0x0 /usr/local/xenon/lib/gcc/xenon/4.6.1/../../../../xenon/lib/../lib/crt1.o
 .rela.text.try_rawflash
                0x0000000000000000        0x0 /usr/local/xenon/lib/gcc/xenon/4.6.1/../../../../xenon/lib/../lib/crt1.o
 .rela.text.mem_init
                0x0000000000000000        0x0 /usr/local/xenon/lib/gcc/xenon/4.6.1/../../../../xenon/lib/../lib/crt1.o
 .rela.text.mem_free
                0x0000000000000000        0x0 /usr/local/xenon/lib/gcc/xenon/4.6.1/../../../../xenon/lib/../lib/crt1.o
 .rela.text.mem_trim
                0x0000000000000000        0x0 /usr/local/xenon/lib/gcc/xenon/4.6.1/../../../../xenon/lib/../lib/crt1.o
 .rela.text.mem_malloc
                0x0000000000000000        0x0 /usr/local/xenon/lib/gcc/xenon/4.6.1/../../../../xenon/lib/../lib/crt1.o
 .rela.text.pbuf_free_ooseq
                0x0000000000000000        0x0 /usr/local/xenon/lib/gcc/xenon/4.6.1/../../../../xenon/lib/../lib/crt1.o
 .rela.text.stats_init
                0x0000000000000000        0x0 /usr/local/xenon/lib/gcc/xenon/4.6.1/../../../../xenon/lib/../lib/crt1.o
 .rela.text.stats_display
                0x0000000000000000        0x0 /usr/local/xenon/lib/gcc/xenon/4.6.1/../../../../xenon/lib/../lib/crt1.o
 .rela.text.tcp_bind
                0x0000000000000000        0x0 /usr/local/xenon/lib/gcc/xenon/4.6.1/../../../../xenon/lib/../lib/crt1.o
 .rela.text.tcp_listen_with_backlog
                0x0000000000000000        0x0 /usr/local/xenon/lib/gcc/xenon/4.6.1/../../../../xenon/lib/../lib/crt1.o
 .rela.text.tcp_slowtmr
                0x0000000000000000        0x0 /usr/local/xenon/lib/gcc/xenon/4.6.1/../../../../xenon/lib/../lib/crt1.o
 .rela.text.tcp_pcb_remove
                0x0000000000000000        0x0 /usr/local/xenon/lib/gcc/xenon/4.6.1/../../../../xenon/lib/../lib/crt1.o
 .rela.text.tcp_abandon
                0x0000000000000000        0x0 /usr/local/xenon/lib/gcc/xenon/4.6.1/../../../../xenon/lib/../lib/crt1.o
 .rela.text.tcp_close_shutdown
                0x0000000000000000        0x0 /usr/local/xenon/lib/gcc/xenon/4.6.1/../../../../xenon/lib/../lib/crt1.o
 .rela.text.tcp_fasttmr
                0x0000000000000000        0x0 /usr/local/xenon/lib/gcc/xenon/4.6.1/../../../../xenon/lib/../lib/crt1.o
 .rela.text.tcp_next_iss
                0x0000000000000000        0x0 /usr/local/xenon/lib/gcc/xenon/4.6.1/../../../../xenon/lib/../lib/crt1.o
 .rela.text.tcp_alloc
                0x0000000000000000        0x0 /usr/local/xenon/lib/gcc/xenon/4.6.1/../../../../xenon/lib/../lib/crt1.o
 .rela.text.tcp_connect
                0x0000000000000000        0x0 /usr/local/xenon/lib/gcc/xenon/4.6.1/../../../../xenon/lib/../lib/crt1.o
 .rela.rodata.tcp_pcb_lists
                0x0000000000000000        0x0 /usr/local/xenon/lib/gcc/xenon/4.6.1/../../../../xenon/lib/../lib/crt1.o
 .rela.text.tcp_create_segment
                0x0000000000000000        0x0 /usr/local/xenon/lib/gcc/xenon/4.6.1/../../../../xenon/lib/../lib/crt1.o
 .rela.text.tcp_write
                0x0000000000000000        0x0 /usr/local/xenon/lib/gcc/xenon/4.6.1/../../../../xenon/lib/../lib/crt1.o
 .rela.text.tcp_enqueue_flags
                0x0000000000000000        0x0 /usr/local/xenon/lib/gcc/xenon/4.6.1/../../../../xenon/lib/../lib/crt1.o
 .rela.text.tcp_output
                0x0000000000000000        0x0 /usr/local/xenon/lib/gcc/xenon/4.6.1/../../../../xenon/lib/../lib/crt1.o
 .rela.text.tcp_rst
                0x0000000000000000        0x0 /usr/local/xenon/lib/gcc/xenon/4.6.1/../../../../xenon/lib/../lib/crt1.o
 .rela.text.tcp_keepalive
                0x0000000000000000        0x0 /usr/local/xenon/lib/gcc/xenon/4.6.1/../../../../xenon/lib/../lib/crt1.o
 .rela.text.tcp_zero_window_probe
                0x0000000000000000        0x0 /usr/local/xenon/lib/gcc/xenon/4.6.1/../../../../xenon/lib/../lib/crt1.o
 .rela.text.tcp_timer_needed
                0x0000000000000000        0x0 /usr/local/xenon/lib/gcc/xenon/4.6.1/../../../../xenon/lib/../lib/crt1.o
 .rela.text.tcpip_tcp_timer
                0x0000000000000000        0x0 /usr/local/xenon/lib/gcc/xenon/4.6.1/../../../../xenon/lib/../lib/crt1.o
 .rela.text.etharp_request
                0x0000000000000000        0x0 /usr/local/xenon/lib/gcc/xenon/4.6.1/../../../../xenon/lib/../lib/crt1.o
 .rela.text.etharp_query
                0x0000000000000000        0x0 /usr/local/xenon/lib/gcc/xenon/4.6.1/../../../../xenon/lib/../lib/crt1.o
 .rela.text.etharp_output
                0x0000000000000000        0x0 /usr/local/xenon/lib/gcc/xenon/4.6.1/../../../../xenon/lib/../lib/crt1.o
 .rela.text.ethernet_input
                0x0000000000000000        0x0 /usr/local/xenon/lib/gcc/xenon/4.6.1/../../../../xenon/lib/../lib/crt1.o
 .rela.text.sys_init
                0x0000000000000000        0x0 /usr/local/xenon/lib/gcc/xenon/4.6.1/../../../../xenon/lib/../lib/crt1.o
 .rela.text.sys_jiffies
                0x0000000000000000        0x0 /usr/local/xenon/lib/gcc/xenon/4.6.1/../../../../xenon/lib/../lib/crt1.o
 .rela.text.sys_sem_new
                0x0000000000000000        0x0 /usr/local/xenon/lib/gcc/xenon/4.6.1/../../../../xenon/lib/../lib/crt1.o
 .rela.text.sys_sem_free
                0x0000000000000000        0x0 /usr/local/xenon/lib/gcc/xenon/4.6.1/../../../../xenon/lib/../lib/crt1.o
 .rela.text.sys_mbox_new
                0x0000000000000000        0x0 /usr/local/xenon/lib/gcc/xenon/4.6.1/../../../../xenon/lib/../lib/crt1.o
 .rela.text.sys_mbox_free
                0x0000000000000000        0x0 /usr/local/xenon/lib/gcc/xenon/4.6.1/../../../../xenon/lib/../lib/crt1.o
 .rela.text.usbctrl_set_led_callback
                0x0000000000000000        0x0 /usr/local/xenon/lib/gcc/xenon/4.6.1/../../../../xenon/lib/../lib/crt1.o
 .rela.text.usbctrl_set_leds
                0x0000000000000000        0x0 /usr/local/xenon/lib/gcc/xenon/4.6.1/../../../../xenon/lib/../lib/crt1.o
 .rela.text.usbctrl_poll
                0x0000000000000000        0x0 /usr/local/xenon/lib/gcc/xenon/4.6.1/../../../../xenon/lib/../lib/crt1.o
 .rela.text.usbctrl_attach
                0x0000000000000000        0x0 /usr/local/xenon/lib/gcc/xenon/4.6.1/../../../../xenon/lib/../lib/crt1.o
 .rela.text.usbctrl_set_rumble
                0x0000000000000000        0x0 /usr/local/xenon/lib/gcc/xenon/4.6.1/../../../../xenon/lib/../lib/crt1.o
 .rela.text.dhcp_reboot
                0x0000000000000000        0x0 /usr/local/xenon/lib/gcc/xenon/4.6.1/../../../../xenon/lib/../lib/crt1.o
 .rela.text.dhcp_discover
                0x0000000000000000        0x0 /usr/local/xenon/lib/gcc/xenon/4.6.1/../../../../xenon/lib/../lib/crt1.o
 .rela.text.dhcp_select
                0x0000000000000000        0x0 /usr/local/xenon/lib/gcc/xenon/4.6.1/../../../../xenon/lib/../lib/crt1.o
 .rela.text.dhcp_rebind
                0x0000000000000000        0x0 /usr/local/xenon/lib/gcc/xenon/4.6.1/../../../../xenon/lib/../lib/crt1.o
 .rela.text.dhcp_recv
                0x0000000000000000        0x0 /usr/local/xenon/lib/gcc/xenon/4.6.1/../../../../xenon/lib/../lib/crt1.o
 .rela.text.dhcp_inform
                0x0000000000000000        0x0 /usr/local/xenon/lib/gcc/xenon/4.6.1/../../../../xenon/lib/../lib/crt1.o
 .rela.text.dhcp_arp_reply
                0x0000000000000000        0x0 /usr/local/xenon/lib/gcc/xenon/4.6.1/../../../../xenon/lib/../lib/crt1.o
 .rela.text.dhcp_coarse_tmr
                0x0000000000000000        0x0 /usr/local/xenon/lib/gcc/xenon/4.6.1/../../../../xenon/lib/../lib/crt1.o
 .rela.text.dhcp_release
                0x0000000000000000        0x0 /usr/local/xenon/lib/gcc/xenon/4.6.1/../../../../xenon/lib/../lib/crt1.o
 .rela.text.dhcp_fine_tmr
                0x0000000000000000        0x0 /usr/local/xenon/lib/gcc/xenon/4.6.1/../../../../xenon/lib/../lib/crt1.o
 .rela.text.dhcp_start
                0x0000000000000000        0x0 /usr/local/xenon/lib/gcc/xenon/4.6.1/../../../../xenon/lib/../lib/crt1.o
 .rela.text.dns_init
                0x0000000000000000        0x0 /usr/local/xenon/lib/gcc/xenon/4.6.1/../../../../xenon/lib/../lib/crt1.o
 .rela.text.dns_getserver
                0x0000000000000000        0x0 /usr/local/xenon/lib/gcc/xenon/4.6.1/../../../../xenon/lib/../lib/crt1.o
 .rela.text.ip_reass
                0x0000000000000000        0x0 /usr/local/xenon/lib/gcc/xenon/4.6.1/../../../../xenon/lib/../lib/crt1.o
 .rela.text.ip_frag
                0x0000000000000000        0x0 /usr/local/xenon/lib/gcc/xenon/4.6.1/../../../../xenon/lib/../lib/crt1.o
 .rela.text.ip_route
                0x0000000000000000        0x0 /usr/local/xenon/lib/gcc/xenon/4.6.1/../../../../xenon/lib/../lib/crt1.o
 .rela.text.ip_input
                0x0000000000000000        0x0 /usr/local/xenon/lib/gcc/xenon/4.6.1/../../../../xenon/lib/../lib/crt1.o
 .rela.text.ip_output_if
                0x0000000000000000        0x0 /usr/local/xenon/lib/gcc/xenon/4.6.1/../../../../xenon/lib/../lib/crt1.o
 .rela.text.ip_output
                0x0000000000000000        0x0 /usr/local/xenon/lib/gcc/xenon/4.6.1/../../../../xenon/lib/../lib/crt1.o
 .rela.text.memp_init
                0x0000000000000000        0x0 /usr/local/xenon/lib/gcc/xenon/4.6.1/../../../../xenon/lib/../lib/crt1.o
 .rela.text.memp_malloc
                0x0000000000000000        0x0 /usr/local/xenon/lib/gcc/xenon/4.6.1/../../../../xenon/lib/../lib/crt1.o
 .rela.text.memp_free
                0x0000000000000000        0x0 /usr/local/xenon/lib/gcc/xenon/4.6.1/../../../../xenon/lib/../lib/crt1.o
 .rela.text.netif_find
                0x0000000000000000        0x0 /usr/local/xenon/lib/gcc/xenon/4.6.1/../../../../xenon/lib/../lib/crt1.o
 .rela.text.netif_set_ipaddr
                0x0000000000000000        0x0 /usr/local/xenon/lib/gcc/xenon/4.6.1/../../../../xenon/lib/../lib/crt1.o
 .rela.text.netif_add
                0x0000000000000000        0x0 /usr/local/xenon/lib/gcc/xenon/4.6.1/../../../../xenon/lib/../lib/crt1.o
 .rela.text.netif_set_default
                0x0000000000000000        0x0 /usr/local/xenon/lib/gcc/xenon/4.6.1/../../../../xenon/lib/../lib/crt1.o
 .rela.text.netif_remove
                0x0000000000000000        0x0 /usr/local/xenon/lib/gcc/xenon/4.6.1/../../../../xenon/lib/../lib/crt1.o
 .rela.text.raw_input
                0x0000000000000000        0x0 /usr/local/xenon/lib/gcc/xenon/4.6.1/../../../../xenon/lib/../lib/crt1.o
 .rela.text.unlikely.tcp_receive
                0x0000000000000000        0x0 /usr/local/xenon/lib/gcc/xenon/4.6.1/../../../../xenon/lib/../lib/crt1.o
 .rela.text.tcp_input
                0x0000000000000000        0x0 /usr/local/xenon/lib/gcc/xenon/4.6.1/../../../../xenon/lib/../lib/crt1.o
 .rela.text.udp_input
                0x0000000000000000        0x0 /usr/local/xenon/lib/gcc/xenon/4.6.1/../../../../xenon/lib/../lib/crt1.o
 .rela.text.udp_bind
                0x0000000000000000        0x0 /usr/local/xenon/lib/gcc/xenon/4.6.1/../../../../xenon/lib/../lib/crt1.o
 .rela.text.udp_sendto_if
                0x0000000000000000        0x0 /usr/local/xenon/lib/gcc/xenon/4.6.1/../../../../xenon/lib/../lib/crt1.o
 .rela.text.udp_sendto
                0x0000000000000000        0x0 /usr/local/xenon/lib/gcc/xenon/4.6.1/../../../../xenon/lib/../lib/crt1.o
 .rela.text.udp_connect
                0x0000000000000000        0x0 /usr/local/xenon/lib/gcc/xenon/4.6.1/../../../../xenon/lib/../lib/crt1.o
 .rela.text.udp_remove
                0x0000000000000000        0x0 /usr/local/xenon/lib/gcc/xenon/4.6.1/../../../../xenon/lib/../lib/crt1.o
 .rela.text.get_socket
                0x0000000000000000        0x0 /usr/local/xenon/lib/gcc/xenon/4.6.1/../../../../xenon/lib/../lib/crt1.o
 .rela.text.lwip_getsockopt_internal
                0x0000000000000000        0x0 /usr/local/xenon/lib/gcc/xenon/4.6.1/../../../../xenon/lib/../lib/crt1.o
 .rela.text.lwip_getaddrname
                0x0000000000000000        0x0 /usr/local/xenon/lib/gcc/xenon/4.6.1/../../../../xenon/lib/../lib/crt1.o
 .rela.text.lwip_accept
                0x0000000000000000        0x0 /usr/local/xenon/lib/gcc/xenon/4.6.1/../../../../xenon/lib/../lib/crt1.o
 .rela.text.lwip_bind
                0x0000000000000000        0x0 /usr/local/xenon/lib/gcc/xenon/4.6.1/../../../../xenon/lib/../lib/crt1.o
 .rela.text.lwip_close
                0x0000000000000000        0x0 /usr/local/xenon/lib/gcc/xenon/4.6.1/../../../../xenon/lib/../lib/crt1.o
 .rela.text.lwip_connect
                0x0000000000000000        0x0 /usr/local/xenon/lib/gcc/xenon/4.6.1/../../../../xenon/lib/../lib/crt1.o
 .rela.text.lwip_listen
                0x0000000000000000        0x0 /usr/local/xenon/lib/gcc/xenon/4.6.1/../../../../xenon/lib/../lib/crt1.o
 .rela.text.lwip_recvfrom
                0x0000000000000000        0x0 /usr/local/xenon/lib/gcc/xenon/4.6.1/../../../../xenon/lib/../lib/crt1.o
 .rela.text.lwip_sendto
                0x0000000000000000        0x0 /usr/local/xenon/lib/gcc/xenon/4.6.1/../../../../xenon/lib/../lib/crt1.o
 .rela.text.lwip_send
                0x0000000000000000        0x0 /usr/local/xenon/lib/gcc/xenon/4.6.1/../../../../xenon/lib/../lib/crt1.o
 .rela.text.lwip_socket
                0x0000000000000000        0x0 /usr/local/xenon/lib/gcc/xenon/4.6.1/../../../../xenon/lib/../lib/crt1.o
 .rela.text.lwip_select
                0x0000000000000000        0x0 /usr/local/xenon/lib/gcc/xenon/4.6.1/../../../../xenon/lib/../lib/crt1.o
 .rela.text.lwip_shutdown
                0x0000000000000000        0x0 /usr/local/xenon/lib/gcc/xenon/4.6.1/../../../../xenon/lib/../lib/crt1.o
 .rela.text.lwip_getsockopt
                0x0000000000000000        0x0 /usr/local/xenon/lib/gcc/xenon/4.6.1/../../../../xenon/lib/../lib/crt1.o
 .rela.text.lwip_setsockopt
                0x0000000000000000        0x0 /usr/local/xenon/lib/gcc/xenon/4.6.1/../../../../xenon/lib/../lib/crt1.o
 .rela.text.lwip_ioctl
                0x0000000000000000        0x0 /usr/local/xenon/lib/gcc/xenon/4.6.1/../../../../xenon/lib/../lib/crt1.o
 .rela.text.icmp_send_response.isra.0
                0x0000000000000000        0x0 /usr/local/xenon/lib/gcc/xenon/4.6.1/../../../../xenon/lib/../lib/crt1.o
 .rela.text.icmp_input
                0x0000000000000000        0x0 /usr/local/xenon/lib/gcc/xenon/4.6.1/../../../../xenon/lib/../lib/crt1.o
 .rela.text.netconn_recv_data
                0x0000000000000000        0x0 /usr/local/xenon/lib/gcc/xenon/4.6.1/../../../../xenon/lib/../lib/crt1.o
 .rela.text.netconn_close_shutdown
                0x0000000000000000        0x0 /usr/local/xenon/lib/gcc/xenon/4.6.1/../../../../xenon/lib/../lib/crt1.o
 .rela.text.netconn_new_with_proto_and_callback
                0x0000000000000000        0x0 /usr/local/xenon/lib/gcc/xenon/4.6.1/../../../../xenon/lib/../lib/crt1.o
 .rela.text.netconn_delete
                0x0000000000000000        0x0 /usr/local/xenon/lib/gcc/xenon/4.6.1/../../../../xenon/lib/../lib/crt1.o
 .rela.text.netconn_getaddr
                0x0000000000000000        0x0 /usr/local/xenon/lib/gcc/xenon/4.6.1/../../../../xenon/lib/../lib/crt1.o
 .rela.text.netconn_bind
                0x0000000000000000        0x0 /usr/local/xenon/lib/gcc/xenon/4.6.1/../../../../xenon/lib/../lib/crt1.o
 .rela.text.netconn_connect
                0x0000000000000000        0x0 /usr/local/xenon/lib/gcc/xenon/4.6.1/../../../../xenon/lib/../lib/crt1.o
 .rela.text.netconn_disconnect
                0x0000000000000000        0x0 /usr/local/xenon/lib/gcc/xenon/4.6.1/../../../../xenon/lib/../lib/crt1.o
 .rela.text.netconn_listen_with_backlog
                0x0000000000000000        0x0 /usr/local/xenon/lib/gcc/xenon/4.6.1/../../../../xenon/lib/../lib/crt1.o
 .rela.text.netconn_recved
                0x0000000000000000        0x0 /usr/local/xenon/lib/gcc/xenon/4.6.1/../../../../xenon/lib/../lib/crt1.o
 .rela.text.netconn_send
                0x0000000000000000        0x0 /usr/local/xenon/lib/gcc/xenon/4.6.1/../../../../xenon/lib/../lib/crt1.o
 .rela.text.netconn_write
                0x0000000000000000        0x0 /usr/local/xenon/lib/gcc/xenon/4.6.1/../../../../xenon/lib/../lib/crt1.o
 .rela.text.netconn_gethostbyname
                0x0000000000000000        0x0 /usr/local/xenon/lib/gcc/xenon/4.6.1/../../../../xenon/lib/../lib/crt1.o
 .rela.text.recv_raw
                0x0000000000000000        0x0 /usr/local/xenon/lib/gcc/xenon/4.6.1/../../../../xenon/lib/../lib/crt1.o

.gcc_except_table
 *(.gcc_except_table .gcc_except_table.*)
                0x000000008001cf00                bss_start = .

.bss            0x000000008001cf00    0x20520
 *(.bss*)
 .bss.console_size
                0x000000008001cf00        0x4 /usr/local/xenon/usr/lib/libxenon.a(console.o)
 .bss.offset_x  0x000000008001cf04        0x4 /usr/local/xenon/usr/lib/libxenon.a(console.o)
 .bss.console_width
                0x000000008001cf08        0x4 /usr/local/xenon/usr/lib/libxenon.a(console.o)
 .bss.offset_y  0x000000008001cf0c        0x4 /usr/local/xenon/usr/lib/libxenon.a(console.o)
 .bss.console_fb
                0x000000008001cf10        0x4 /usr/local/xenon/usr/lib/libxenon.a(console.o)
 .bss.console_height
                0x000000008001cf14        0x4 /usr/local/xenon/usr/lib/libxenon.a(console.o)
 .bss.console_initialized
                0x000000008001cf18        0x4 /usr/local/xenon/usr/lib/libxenon.a(console.o)
 .bss.max_x     0x000000008001cf1c        0x4 /usr/local/xenon/usr/lib/libxenon.a(console.o)
 .bss.max_y     0x000000008001cf20        0x4 /usr/local/xenon/usr/lib/libxenon.a(console.o)
 .bss.cursor_x  0x000000008001cf24        0x4 /usr/local/xenon/usr/lib/libxenon.a(console.o)
 .bss.cursor_y  0x000000008001cf28        0x4 /usr/local/xenon/usr/lib/libxenon.a(console.o)
 .bss.handles   0x000000008001cf2c     0x1000 /usr/local/xenon/usr/lib/libxenon.a(newlib.o)
 .bss.lockcount
                0x000000008001df2c        0x4 /usr/local/xenon/usr/lib/libxenon.a(xenon_syscalls.o)
 .bss.spinlock  0x000000008001df30        0x4 /usr/local/xenon/usr/lib/libxenon.a(xenon_syscalls.o)
 .bss.thread_mutex
                0x000000008001df34        0x4 /usr/local/xenon/usr/lib/libxenon.a(xenon_syscalls.o)
 .bss.text      0x000000008001df38     0x1000 /usr/local/xenon/usr/lib/libxenon.a(c_except.o)
 .bss.exception_stack
                0x000000008001ef38     0x1000 /usr/local/xenon/usr/lib/libxenon.a(c_except.o)
                0x000000008001ef38                exception_stack
 .bss.userpagetable
                0x000000008001ff38    0x10000 /usr/local/xenon/usr/lib/libxenon.a(vm.o)
                0x000000008001ff38                userpagetable
 .bss.thread_state
                0x000000008002ff38       0x18 /usr/local/xenon/usr/lib/libxenon.a(xenon_power.o)
 .bss.stack     0x000000008002ff50     0x5000 /usr/local/xenon/usr/lib/libxenon.a(xenon_power.o)
 .bss.secured_settings
                0x0000000080034f50      0x208 /usr/local/xenon/usr/lib/libxenon.a(xenon_config.o)
                0x0000000080034f50                secured_settings
 .bss.xenon_config_initialized
                0x0000000080035158        0x4 /usr/local/xenon/usr/lib/libxenon.a(xenon_config.o)
 .bss.xenos_initialized
                0x000000008003515c        0x4 /usr/local/xenon/usr/lib/libxenon.a(xenos.o)
 .bss.xenos_current_mode
                0x0000000080035160        0x4 /usr/local/xenon/usr/lib/libxenon.a(xenos.o)
 .bss.xenos_edid
                0x0000000080035164        0x4 /usr/local/xenon/usr/lib/libxenon.a(xenos.o)
 .bss.processor_blocks
                0x0000000080035168     0x6000 /usr/local/xenon/usr/lib/libxenon.a(c_threads.o)
                0x0000000080035168                processor_blocks
 .bss.ipi_lock  0x000000008003b168        0x4 /usr/local/xenon/usr/lib/libxenon.a(c_threads.o)
 .bss.threading_init_check
                0x000000008003b16c        0x4 /usr/local/xenon/usr/lib/libxenon.a(c_threads.o)
 .bss.Processors
                0x000000008003b170       0x18 /usr/local/xenon/usr/lib/libxenon.a(c_threads.o)
                0x000000008003b170                Processors
 .bss.exception_text
                0x000000008003b188     0x1000 /usr/local/xenon/usr/lib/libxenon.a(c_debug.o)
 .bss.program_interrupt_lock
                0x000000008003c188        0x4 /usr/local/xenon/usr/lib/libxenon.a(c_debug.o)
 .bss.sfc       0x000000008003c18c       0x44 /usr/local/xenon/usr/lib/libxenon.a(xenon_sfcx.o)
                0x000000008003c18c                sfc
 .bss           0x000000008003c1d0       0x14 /usr/local/xenon/lib/gcc/xenon/4.6.1/32/libgcc.a(unwind-dw2-fde-glibc.o)
 .bss           0x000000008003c1e4       0x28 /usr/local/xenon/xenon/lib/32/libc.a(lib_a-mallocr.o)
                0x000000008003c1e4                __malloc_current_mallinfo
 *fill*         0x000000008003c20c        0x4 00
 COMMON         0x000000008003c210     0x1000 /usr/local/xenon/usr/lib/libxenon.a(xenon_uart.o)
                0x000000008003c210                uart_buf
 COMMON         0x000000008003d210      0x210 /usr/local/xenon/usr/lib/libxenon.a(xenon_config.o)
                0x000000008003d210                pagebuf

.iplt           0x000000008003d420        0x0
 .iplt          0x0000000000000000        0x0 /usr/local/xenon/lib/gcc/xenon/4.6.1/../../../../xenon/lib/../lib/crt1.o

.sbss           0x000000008003d420       0x38
 *(.sbss*)
 .sbss          0x0000000000000000        0x0 /usr/local/xenon/lib/gcc/xenon/4.6.1/../../../../xenon/lib/../lib/crt1.o
 .sbss.stdout_hook
                0x000000008003d420        0x4 /usr/local/xenon/usr/lib/libxenon.a(newlib.o)
                0x000000008003d420                stdout_hook
 .sbss          0x000000008003d424        0x4 /usr/local/xenon/usr/lib/libxenon.a(xenon_syscalls.o)
                0x000000008003d424                heap_ptr
 .sbss.vm_segfault_handler
                0x000000008003d428        0x4 /usr/local/xenon/usr/lib/libxenon.a(vm.o)
                0x000000008003d428                vm_segfault_handler
 .sbss.uart_pos
                0x000000008003d42c        0x4 /usr/local/xenon/usr/lib/libxenon.a(xenon_uart.o)
                0x000000008003d42c                uart_pos
 .sbss.uart_readpos
                0x000000008003d430        0x4 /usr/local/xenon/usr/lib/libxenon.a(xenon_uart.o)
                0x000000008003d430                uart_readpos
 .sbss.xenos_is_hdmi
                0x000000008003d434        0x4 /usr/local/xenon/usr/lib/libxenon.a(xenos.o)
                0x000000008003d434                xenos_is_hdmi
 .sbss.xenos_id
                0x000000008003d438        0x4 /usr/local/xenon/usr/lib/libxenon.a(xenos.o)
                0x000000008003d438                xenos_id
 *fill*         0x000000008003d43c        0x4 00
 .sbss._millisecond_clock_time
                0x000000008003d440        0x8 /usr/local/xenon/usr/lib/libxenon.a(c_threads.o)
                0x000000008003d440                _millisecond_clock_time
 .sbss          0x000000008003d448        0xc /usr/local/xenon/xenon/lib/32/libc.a(lib_a-mallocr.o)
                0x000000008003d448                __malloc_max_total_mem
                0x000000008003d44c                __malloc_max_sbrked_mem
                0x000000008003d450                __malloc_top_pad
 .sbss          0x000000008003d454        0x4 /usr/local/xenon/xenon/lib/32/libc.a(lib_a-reent.o)
                0x000000008003d454                errno
                0x000000008003d458                bss_end = .
                0x000000008003d458                heap_begin = .
                0x000000009e000000                . = 0x9e000000
                0x000000009e000000                __libc_stack_end = .
                0x000000009e000000                heap_end = .
                0x00000000a0000000                . = 0xa0000000
OUTPUT(/home/tyler/Desktop/Xbox-360-Homebrew/RemoteExecution/RemoteExecution.elf elf32-powerpc)

.debug_info     0x0000000000000000    0x2e823
 .debug_info    0x0000000000000000      0x106 /usr/local/xenon/lib/gcc/xenon/4.6.1/../../../../xenon/lib/../lib/crt1.o
 .debug_info    0x0000000000000106      0x9e0 main.o
 .debug_info    0x0000000000000ae6      0x622 /usr/local/xenon/usr/lib/libxenon.a(console.o)
 .debug_info    0x0000000000001108     0x28a7 /usr/local/xenon/usr/lib/libxenon.a(newlib.o)
 .debug_info    0x00000000000039af     0x158a /usr/local/xenon/usr/lib/libxenon.a(xenon_syscalls.o)
 .debug_info    0x0000000000004f39      0x271 /usr/local/xenon/usr/lib/libxenon.a(c_except.o)
 .debug_info    0x00000000000051aa      0x3dc /usr/local/xenon/usr/lib/libxenon.a(vm.o)
 .debug_info    0x0000000000005586      0x942 /usr/local/xenon/usr/lib/libxenon.a(usbmain.o)
 .debug_info    0x0000000000005ec8      0x5cb /usr/local/xenon/usr/lib/libxenon.a(xenon_smc.o)
 .debug_info    0x0000000000006493      0xb5a /usr/local/xenon/usr/lib/libxenon.a(xenon_power.o)
 .debug_info    0x0000000000006fed      0x1b3 /usr/local/xenon/usr/lib/libxenon.a(xenon_uart.o)
 .debug_info    0x00000000000071a0      0x4f5 /usr/local/xenon/usr/lib/libxenon.a(xenon_config.o)
 .debug_info    0x0000000000007695      0xdef /usr/local/xenon/usr/lib/libxenon.a(xenos.o)
 .debug_info    0x0000000000008484      0x944 /usr/local/xenon/usr/lib/libxenon.a(xenos_edid.o)
 .debug_info    0x0000000000008dc8     0x1355 /usr/local/xenon/usr/lib/libxenon.a(enet.o)
 .debug_info    0x000000000000a11d     0x1ed3 /usr/local/xenon/usr/lib/libxenon.a(c_threads.o)
 .debug_info    0x000000000000bff0      0xbc6 /usr/local/xenon/usr/lib/libxenon.a(c_debug.o)
 .debug_info    0x000000000000cbb6      0x851 /usr/local/xenon/usr/lib/libxenon.a(mutex.o)
 .debug_info    0x000000000000d407      0x135 /usr/local/xenon/usr/lib/libxenon.a(io.o)
 .debug_info    0x000000000000d53c      0x223 /usr/local/xenon/usr/lib/libxenon.a(time.o)
 .debug_info    0x000000000000d75f      0x158 /usr/local/xenon/usr/lib/libxenon.a(xenon_gpio.o)
 .debug_info    0x000000000000d8b7      0xf5d /usr/local/xenon/usr/lib/libxenon.a(xenon_sfcx.o)
 .debug_info    0x000000000000e814       0x7c /usr/local/xenon/lib/gcc/xenon/4.6.1/32/libgcc.a(crtsavgpr.o)
 .debug_info    0x000000000000e890       0x7d /usr/local/xenon/lib/gcc/xenon/4.6.1/32/libgcc.a(crtresxgpr.o)
 .debug_info    0x000000000000e90d     0x3508 /usr/local/xenon/lib/gcc/xenon/4.6.1/32/libgcc.a(unwind-dw2-fde-glibc.o)
 .debug_info    0x0000000000011e15      0x9e3 /usr/local/xenon/xenon/lib/32/libc.a(lib_a-assert.o)
 .debug_info    0x00000000000127f8      0x974 /usr/local/xenon/xenon/lib/32/libc.a(lib_a-exit.o)
 .debug_info    0x000000000001316c      0xa8e /usr/local/xenon/xenon/lib/32/libc.a(lib_a-fiprintf.o)
 .debug_info    0x0000000000013bfa      0xa17 /usr/local/xenon/xenon/lib/32/libc.a(lib_a-fopen.o)
 .debug_info    0x0000000000014611      0xc13 /usr/local/xenon/xenon/lib/32/libc.a(lib_a-fseek.o)
 .debug_info    0x0000000000015224      0xb30 /usr/local/xenon/xenon/lib/32/libc.a(lib_a-fstatr.o)
 .debug_info    0x0000000000015d54      0x966 /usr/local/xenon/xenon/lib/32/libc.a(lib_a-impure.o)
 .debug_info    0x00000000000166ba      0xb45 /usr/local/xenon/xenon/lib/32/libc.a(lib_a-makebuf.o)
 .debug_info    0x00000000000171ff      0x9a7 /usr/local/xenon/xenon/lib/32/libc.a(lib_a-malloc.o)
 .debug_info    0x0000000000017ba6      0xd6b /usr/local/xenon/xenon/lib/32/libc.a(lib_a-mallocr.o)
 .debug_info    0x0000000000018911      0x10e /usr/local/xenon/xenon/lib/32/libc.a(lib_a-memcmp.o)
 .debug_info    0x0000000000018a1f      0x13d /usr/local/xenon/xenon/lib/32/libc.a(lib_a-memcpy.o)
 .debug_info    0x0000000000018b5c      0x114 /usr/local/xenon/xenon/lib/32/libc.a(lib_a-memset.o)
 .debug_info    0x0000000000018c70      0x9ab /usr/local/xenon/xenon/lib/32/libc.a(lib_a-openr.o)
 .debug_info    0x000000000001961b      0xa5d /usr/local/xenon/xenon/lib/32/libc.a(lib_a-puts.o)
 .debug_info    0x000000000001a078      0xa60 /usr/local/xenon/xenon/lib/32/libc.a(lib_a-reent.o)