Archive member included because of file (symbol)

/usr/local/xenon/usr/lib/libxenon.a(startup_from_xell.o)
                              (_start)
/usr/local/xenon/usr/lib/libxenon.a(console.o)
                              main.o (console_init)
/usr/local/xenon/usr/lib/libxenon.a(newlib.o)
                              (read)
/usr/local/xenon/usr/lib/libxenon.a(atomic.o)
                              /usr/local/xenon/usr/lib/libxenon.a(startup_from_xell.o) (atomic_clearset)
/usr/local/xenon/usr/lib/libxenon.a(cache.o)
                              /usr/local/xenon/usr/lib/libxenon.a(console.o) (memdcbst)
/usr/local/xenon/usr/lib/libxenon.a(except.o)
                              (exc_base)
/usr/local/xenon/usr/lib/libxenon.a(vm.o)
                              /usr/local/xenon/usr/lib/libxenon.a(except.o) (pagetable)
/usr/local/xenon/usr/lib/libxenon.a(xenon_uart.o)
                              /usr/local/xenon/usr/lib/libxenon.a(newlib.o) (putch)
/usr/local/xenon/usr/lib/libxenon.a(edram.o)
                              main.o (edram_init)
/usr/local/xenon/usr/lib/libxenon.a(xe.o)
                              main.o (Xe_SetRenderTarget)
/usr/local/xenon/usr/lib/libxenon.a(xenos.o)
                              /usr/local/xenon/usr/lib/libxenon.a(console.o) (xenos_is_overscan)
/usr/local/xenon/usr/lib/libxenon.a(lib_malloc.o)
                              /usr/local/xenon/usr/lib/libxenon.a(xe.o) (kmeminit)
/usr/local/xenon/usr/lib/libxenon.a(io.o)
                              /usr/local/xenon/usr/lib/libxenon.a(xenos.o) (read32n)
/usr/local/xenon/usr/lib/libxenon.a(time.o)
                              /usr/local/xenon/usr/lib/libxenon.a(edram.o) (udelay)
/usr/local/xenon/usr/lib/libxenon.a(xenon_gpio.o)
                              /usr/local/xenon/usr/lib/libxenon.a(xenos.o) (xenon_gpio_set)
/usr/local/xenon/usr/lib/libxenon.a(xenon_smc.o)
                              /usr/local/xenon/usr/lib/libxenon.a(xenos.o) (xenon_smc_read_avpack)
/usr/local/xenon/usr/lib/libxenon.a(xenon_config.o)
                              /usr/local/xenon/usr/lib/libxenon.a(xenos.o) (xenon_config_get_avregion)
/usr/local/xenon/usr/lib/libxenon.a(ucode.o)
                              /usr/local/xenon/usr/lib/libxenon.a(xe.o) (xenos_ucode0)
/usr/local/xenon/usr/lib/libxenon.a(xenon_sfcx.o)
                              /usr/local/xenon/usr/lib/libxenon.a(xenon_config.o) (sfcx_init)
/usr/local/xenon/xenon/lib/32/libm.a(lib_a-sf_tan.o)
                              engine.o (tanf)
/usr/local/xenon/xenon/lib/32/libm.a(lib_a-wf_sincos.o)
                              engine.o (sincosf)
/usr/local/xenon/xenon/lib/32/libm.a(lib_a-w_sincos.o)
                              engine.o (sincos)
/usr/local/xenon/xenon/lib/32/libm.a(lib_a-ef_rem_pio2.o)
                              /usr/local/xenon/xenon/lib/32/libm.a(lib_a-sf_tan.o) (__ieee754_rem_pio2f)
/usr/local/xenon/xenon/lib/32/libm.a(lib_a-kf_rem_pio2.o)
                              /usr/local/xenon/xenon/lib/32/libm.a(lib_a-ef_rem_pio2.o) (__kernel_rem_pio2f)
/usr/local/xenon/xenon/lib/32/libm.a(lib_a-kf_tan.o)
                              /usr/local/xenon/xenon/lib/32/libm.a(lib_a-sf_tan.o) (__kernel_tanf)
/usr/local/xenon/xenon/lib/32/libm.a(lib_a-s_cos.o)
                              /usr/local/xenon/xenon/lib/32/libm.a(lib_a-w_sincos.o) (cos)
/usr/local/xenon/xenon/lib/32/libm.a(lib_a-sf_cos.o)
                              /usr/local/xenon/xenon/lib/32/libm.a(lib_a-wf_sincos.o) (cosf)
/usr/local/xenon/xenon/lib/32/libm.a(lib_a-sf_fabs.o)
                              /usr/local/xenon/xenon/lib/32/libm.a(lib_a-ef_rem_pio2.o) (fabsf)
/usr/local/xenon/xenon/lib/32/libm.a(lib_a-sf_floor.o)
                              /usr/local/xenon/xenon/lib/32/libm.a(lib_a-kf_rem_pio2.o) (floorf)
/usr/local/xenon/xenon/lib/32/libm.a(lib_a-sf_scalbn.o)
                              /usr/local/xenon/xenon/lib/32/libm.a(lib_a-kf_rem_pio2.o) (scalbnf)
/usr/local/xenon/xenon/lib/32/libm.a(lib_a-sf_sin.o)
                              /usr/local/xenon/xenon/lib/32/libm.a(lib_a-wf_sincos.o) (sinf)
/usr/local/xenon/xenon/lib/32/libm.a(lib_a-s_sin.o)
                              /usr/local/xenon/xenon/lib/32/libm.a(lib_a-w_sincos.o) (sin)
/usr/local/xenon/xenon/lib/32/libm.a(lib_a-e_rem_pio2.o)
                              /usr/local/xenon/xenon/lib/32/libm.a(lib_a-s_cos.o) (__ieee754_rem_pio2)
/usr/local/xenon/xenon/lib/32/libm.a(lib_a-k_cos.o)
                              /usr/local/xenon/xenon/lib/32/libm.a(lib_a-s_cos.o) (__kernel_cos)
/usr/local/xenon/xenon/lib/32/libm.a(lib_a-kf_cos.o)
                              /usr/local/xenon/xenon/lib/32/libm.a(lib_a-sf_cos.o) (__kernel_cosf)
/usr/local/xenon/xenon/lib/32/libm.a(lib_a-kf_sin.o)
                              /usr/local/xenon/xenon/lib/32/libm.a(lib_a-sf_cos.o) (__kernel_sinf)
/usr/local/xenon/xenon/lib/32/libm.a(lib_a-k_rem_pio2.o)
[...]
Memory Configuration

Name             Origin             Length             Attributes
*default*        0x0000000000000000 0xffffffffffffffff

Linker script and memory map

LOAD /usr/local/xenon/lib/gcc/xenon/4.4.0/../../../../xenon/lib/../lib/crt1.o
LOAD /usr/local/xenon/lib/gcc/xenon/4.4.0/../../../../xenon/lib/../lib/crti.o
LOAD /usr/local/xenon/lib/gcc/xenon/4.4.0/32/crtbegin.o
LOAD engine.o
LOAD ffs_content.o
LOAD main.o
LOAD xee.o
LOAD /usr/local/xenon/usr/lib/libxenon.a
LOAD /usr/local/xenon/xenon/lib/32/libm.a
LOAD /usr/local/xenon/lib/gcc/xenon/4.4.0/32/libgcc.a
LOAD /usr/local/xenon/xenon/lib/32/libc.a
LOAD /usr/local/xenon/lib/gcc/xenon/4.4.0/32/libgcc.a
LOAD /usr/local/xenon/lib/gcc/xenon/4.4.0/32/crtend.o
LOAD /usr/local/xenon/lib/gcc/xenon/4.4.0/../../../../xenon/lib/../lib/crtn.o
                0x0000000080000000                . = 0x80000000

.text           0x0000000080000000    0x19878
 *(.except*)
 .except        0x0000000080000000     0x1d50 /usr/local/xenon/usr/lib/libxenon.a(except.o)
                0x0000000080000000                secondary_lock
                0x0000000080000000                exc_base
                0x0000000080000004                secondary_alive
 *(.pagetable)
 .pagetable     0x0000000080001d50       0x40 /usr/local/xenon/usr/lib/libxenon.a(vm.o)
                0x0000000080001d50                pagetable
 *(.text*)
 .text.call_ctors
                0x0000000080001d90       0x58 /usr/local/xenon/lib/gcc/xenon/4.4.0/../../../../xenon/lib/../lib/crt1.o
                0x0000000080001d90                call_ctors
 .text.main     0x0000000080001de8      0x378 main.o
                0x0000000080001de8                main
 *fill*         0x0000000080002160       0xa0 00
 .text          0x0000000080002200      0x2f0 /usr/local/xenon/usr/lib/libxenon.a(startup_from_xell.o)
                0x00000000800023d4                wait
                0x0000000080002200                _start
                0x0000000080002448                return_to_xell
 .text.console_init
                0x00000000800024f0      0x1c4 /usr/local/xenon/usr/lib/libxenon.a(console.o)
                0x00000000800024f0                console_init
 .text.console_newline
                0x00000000800026b4      0x118 /usr/local/xenon/usr/lib/libxenon.a(console.o)
                0x00000000800026b4                console_newline
 .text.console_putch
                0x00000000800027cc      0x18c /usr/local/xenon/usr/lib/libxenon.a(console.o)
                0x00000000800027cc                console_putch
 .text.console_stdout_hook
                0x0000000080002958       0x50 /usr/local/xenon/usr/lib/libxenon.a(console.o)
 .text.vfs_console_isatty
                0x00000000800029a8        0x8 /usr/local/xenon/usr/lib/libxenon.a(newlib.o)
                0x00000000800029a8                vfs_console_isatty
 .text.sbrk     0x00000000800029b0       0x34 /usr/local/xenon/usr/lib/libxenon.a(newlib.o)
                0x00000000800029b0                sbrk
 .text.getpid   0x00000000800029e4        0x8 /usr/local/xenon/usr/lib/libxenon.a(newlib.o)
                0x00000000800029e4                getpid
 .text.kill     0x00000000800029ec        0x8 /usr/local/xenon/usr/lib/libxenon.a(newlib.o)
                0x00000000800029ec                kill
 .text.read     0x00000000800029f4       0x88 /usr/local/xenon/usr/lib/libxenon.a(newlib.o)
                0x00000000800029f4                read
 .text.lseek    0x0000000080002a7c       0x88 /usr/local/xenon/usr/lib/libxenon.a(newlib.o)
                0x0000000080002a7c                lseek
 .text.isatty   0x0000000080002b04       0x7c /usr/local/xenon/usr/lib/libxenon.a(newlib.o)
                0x0000000080002b04                isatty
 .text.fstat    0x0000000080002b80       0x8c /usr/local/xenon/usr/lib/libxenon.a(newlib.o)
                0x0000000080002b80                fstat
 .text.write    0x0000000080002c0c       0x94 /usr/local/xenon/usr/lib/libxenon.a(newlib.o)
                0x0000000080002c0c                write
 .text._exit    0x0000000080002ca0       0x24 /usr/local/xenon/usr/lib/libxenon.a(newlib.o)
                0x0000000080002ca0                _exit
 .text.close    0x0000000080002cc4       0x94 /usr/local/xenon/usr/lib/libxenon.a(newlib.o)
                0x0000000080002cc4                close
 .text.vfs_console_write
                0x0000000080002d58       0x7c /usr/local/xenon/usr/lib/libxenon.a(newlib.o)
                0x0000000080002d58                vfs_console_write
 .text          0x0000000080002dd4       0x68 /usr/local/xenon/usr/lib/libxenon.a(atomic.o)
                0x0000000080002dfc                atomic_clearset
                0x0000000080002e14                lock
                0x0000000080002de8                atomic_dec
                0x0000000080002e30                unlock
                0x0000000080002dd4                atomic_inc
 .text          0x0000000080002e3c       0x80 /usr/local/xenon/usr/lib/libxenon.a(cache.o)
                0x0000000080002e64                memdcbf
                0x0000000080002e8c                memicbi
                0x0000000080002e3c                memdcbst
 .text.putch    0x0000000080002ebc       0x60 /usr/local/xenon/usr/lib/libxenon.a(xenon_uart.o)
                0x0000000080002ebc                putch
 .text.edram_72c
                0x0000000080002f1c     0x1038 /usr/local/xenon/usr/lib/libxenon.a(edram.o)
                0x0000000080002f1c                edram_72c
 .text.edram_974
                0x0000000080003f54      0x298 /usr/local/xenon/usr/lib/libxenon.a(edram.o)
                0x0000000080003f54                edram_974
 .text.edram_9e4
                0x00000000800041ec      0xdf4 /usr/local/xenon/usr/lib/libxenon.a(edram.o)
                0x00000000800041ec                edram_9e4
 .text.edram_4c
                0x0000000080004fe0     0x2ffc /usr/local/xenon/usr/lib/libxenon.a(edram.o)
                0x0000000080004fe0                edram_4c
 .text.edram_write
                0x0000000080007fdc       0xb4 /usr/local/xenon/usr/lib/libxenon.a(edram.o)
 .text.edram_read
                0x0000000080008090       0x98 /usr/local/xenon/usr/lib/libxenon.a(edram.o)
 .text.edram_rmw
                0x0000000080008128       0x64 /usr/local/xenon/usr/lib/libxenon.a(edram.o)
 .text.edram_p3
                0x000000008000818c       0xb8 /usr/local/xenon/usr/lib/libxenon.a(edram.o)
                0x000000008000818c                edram_p3
 .text.edram_compare_crc
                0x0000000080008244      0x144 /usr/local/xenon/usr/lib/libxenon.a(edram.o)
                0x0000000080008244                edram_compare_crc
 .text.edram_pc
                0x0000000080008388       0xac /usr/local/xenon/usr/lib/libxenon.a(edram.o)
                0x0000000080008388                edram_pc
 .text.edram_p4
                0x0000000080008434       0xa4 /usr/local/xenon/usr/lib/libxenon.a(edram.o)
                0x0000000080008434                edram_p4
 .text.edram_p2
                0x00000000800084d8      0xe00 /usr/local/xenon/usr/lib/libxenon.a(edram.o)
                0x00000000800084d8                edram_p2
 .text.edram_init_state1
                0x00000000800092d8      0x1c8 /usr/local/xenon/usr/lib/libxenon.a(edram.o)
                0x00000000800092d8                edram_init_state1
 .text.edram_init
                0x00000000800094a0      0x9d8 /usr/local/xenon/usr/lib/libxenon.a(edram.o)
                0x00000000800094a0                edram_init
 .text.Xe_pInvalidateGpuCache_Primary
                0x0000000080009e78      0x1ec /usr/local/xenon/usr/lib/libxenon.a(xe.o)
                0x0000000080009e78                Xe_pInvalidateGpuCache_Primary
 .text.Xe_pSetSurfaceClip
                0x000000008000a064       0x60 /usr/local/xenon/usr/lib/libxenon.a(xe.o)
                0x000000008000a064                Xe_pSetSurfaceClip
 .text.Xe_pSetupRingbuffer
                0x000000008000a0c4       0x40 /usr/local/xenon/usr/lib/libxenon.a(xe.o)
                0x000000008000a0c4                Xe_pSetupRingbuffer
 .text.Xe_pGInit0
                0x000000008000a104      0x72c /usr/local/xenon/usr/lib/libxenon.a(xe.o)
                0x000000008000a104                Xe_pGInit0
 .text.Xe_pGInit1
                0x000000008000a830      0x11c /usr/local/xenon/usr/lib/libxenon.a(xe.o)
                0x000000008000a830                Xe_pGInit1
 .text.Xe_pGInit3
                0x000000008000a94c       0x50 /usr/local/xenon/usr/lib/libxenon.a(xe.o)
                0x000000008000a94c                Xe_pGInit3
 .text.Xe_pGInit4
                0x000000008000a99c       0x98 /usr/local/xenon/usr/lib/libxenon.a(xe.o)
                0x000000008000a99c                Xe_pGInit4
 .text.Xe_pGInit5
                0x000000008000aa34      0x1b4 /usr/local/xenon/usr/lib/libxenon.a(xe.o)
                0x000000008000aa34                Xe_pGInit5
 .text.Xe_pGInit6
                0x000000008000abe8       0xe0 /usr/local/xenon/usr/lib/libxenon.a(xe.o)
                0x000000008000abe8                Xe_pGInit6
 .text.Xe_pGInit7
                0x000000008000acc8       0x50 /usr/local/xenon/usr/lib/libxenon.a(xe.o)
                0x000000008000acc8                Xe_pGInit7
 .text.Xe_pGInit8
                0x000000008000ad18       0x1c /usr/local/xenon/usr/lib/libxenon.a(xe.o)
                0x000000008000ad18                Xe_pGInit8
 .text.Xe_pGInit9
                0x000000008000ad34      0x108 /usr/local/xenon/usr/lib/libxenon.a(xe.o)
                0x000000008000ad34                Xe_pGInit9
 .text.Xe_pGInit10
                0x000000008000ae3c       0xa4 /usr/local/xenon/usr/lib/libxenon.a(xe.o)
                0x000000008000ae3c                Xe_pGInit10
 .text.Xe_pGInit
                0x000000008000aee0      0x1d8 /usr/local/xenon/usr/lib/libxenon.a(xe.o)
                0x000000008000aee0                Xe_pGInit
 .text.Xe_DirtyFetch
                0x000000008000b0b8       0x64 /usr/local/xenon/usr/lib/libxenon.a(xe.o)
                0x000000008000b0b8                Xe_DirtyFetch
 .text.Xe_pInvalidateGpuCache
                0x000000008000b11c       0xf4 /usr/local/xenon/usr/lib/libxenon.a(xe.o)
                0x000000008000b11c                Xe_pInvalidateGpuCache
 .text.Xe_SetRenderTarget
                0x000000008000b210       0x5c /usr/local/xenon/usr/lib/libxenon.a(xe.o)
                0x000000008000b210                Xe_SetRenderTarget
 .text.Xe_pSetEDRAMLayout
                0x000000008000b26c       0x78 /usr/local/xenon/usr/lib/libxenon.a(xe.o)
                0x000000008000b26c                Xe_pSetEDRAMLayout
 .text.Xe_pStuff
                0x000000008000b2e4       0xa8 /usr/local/xenon/usr/lib/libxenon.a(xe.o)
                0x000000008000b2e4                Xe_pStuff
 .text.Xe_GetFramebufferSurface
                0x000000008000b38c        0x8 /usr/local/xenon/usr/lib/libxenon.a(xe.o)
                0x000000008000b38c                Xe_GetFramebufferSurface
 .text.Xe_pInitControl
                0x000000008000b394       0x90 /usr/local/xenon/usr/lib/libxenon.a(xe.o)
                0x000000008000b394                Xe_pInitControl
 .text.Xe_InvalidateState
                0x000000008000b424       0x14 /usr/local/xenon/usr/lib/libxenon.a(xe.o)
                0x000000008000b424                Xe_InvalidateState
 .text.Xe_SetClearColor
                0x000000008000b438        0x8 /usr/local/xenon/usr/lib/libxenon.a(xe.o)
                0x000000008000b438                Xe_SetClearColor
 .text.Xe_SetIndices
                0x000000008000b440        0x8 /usr/local/xenon/usr/lib/libxenon.a(xe.o)
                0x000000008000b440                Xe_SetIndices
 .text.Xe_SetShader
                0x000000008000b448       0xb0 /usr/local/xenon/usr/lib/libxenon.a(xe.o)
                0x000000008000b448                Xe_SetShader
 .text.Xe_pDrawIndexedPrimitive
                0x000000008000b4f8       0xc8 /usr/local/xenon/usr/lib/libxenon.a(xe.o)
                0x000000008000b4f8                Xe_pDrawIndexedPrimitive
 .text.Xe_pUploadControl
                0x000000008000b5c0       0x84 /usr/local/xenon/usr/lib/libxenon.a(xe.o)
                0x000000008000b5c0                Xe_pUploadControl
 .text.Xe_pUploadIntegerConstants
                0x000000008000b644       0x90 /usr/local/xenon/usr/lib/libxenon.a(xe.o)
                0x000000008000b644                Xe_pUploadIntegerConstants
 .text.Xe_pUploadClipPlane
                0x000000008000b6d4       0x90 /usr/local/xenon/usr/lib/libxenon.a(xe.o)
                0x000000008000b6d4                Xe_pUploadClipPlane
 .text.Xe_pUploadFetchConstants
                0x000000008000b764      0x170 /usr/local/xenon/usr/lib/libxenon.a(xe.o)
                0x000000008000b764                Xe_pUploadFetchConstants
 .text.Xe_pUploadALUConstants
                0x000000008000b8d4      0x164 /usr/local/xenon/usr/lib/libxenon.a(xe.o)
                0x000000008000b8d4                Xe_pUploadALUConstants
 .text.Xe_pUploadShaderConstants
                0x000000008000ba38      0x154 /usr/local/xenon/usr/lib/libxenon.a(xe.o)
                0x000000008000ba38                Xe_pUploadShaderConstants
 .text.Xe_pUploadShader
                0x000000008000bb8c      0x15c /usr/local/xenon/usr/lib/libxenon.a(xe.o)
                0x000000008000bb8c                Xe_pUploadShader
 .text.Xe_pSetState
                0x000000008000bce8      0x39c /usr/local/xenon/usr/lib/libxenon.a(xe.o)
                0x000000008000bce8                Xe_pSetState
 .text.Xe_Fatal
                0x000000008000c084       0x90 /usr/local/xenon/usr/lib/libxenon.a(xe.o)
                0x000000008000c084                Xe_Fatal
 .text.Xe_SetStreamSource
                0x000000008000c114       0x7c /usr/local/xenon/usr/lib/libxenon.a(xe.o)
                0x000000008000c114                Xe_SetStreamSource
 .text.Xe_pCalcVtxCount
                0x000000008000c190       0x78 /usr/local/xenon/usr/lib/libxenon.a(xe.o)
                0x000000008000c190                Xe_pCalcVtxCount
 .text.Xe_DrawIndexedPrimitive
                0x000000008000c208      0x13c /usr/local/xenon/usr/lib/libxenon.a(xe.o)
                0x000000008000c208                Xe_DrawIndexedPrimitive
 .text.Xe_pVBFNrComponents
                0x000000008000c344       0x70 /usr/local/xenon/usr/lib/libxenon.a(xe.o)
                0x000000008000c344                Xe_pVBFNrComponents
 .text.Xe_VBFCalcSize
                0x000000008000c3b4       0x78 /usr/local/xenon/usr/lib/libxenon.a(xe.o)
                0x000000008000c3b4                Xe_VBFCalcSize
 .text.Xe_VBFCalcStride
                0x000000008000c42c       0x7c /usr/local/xenon/usr/lib/libxenon.a(xe.o)
                0x000000008000c42c                Xe_VBFCalcStride
 .text.Xe_LoadShaderFromMemory
                0x000000008000c4a8       0x88 /usr/local/xenon/usr/lib/libxenon.a(xe.o)
                0x000000008000c4a8                Xe_LoadShaderFromMemory
 .text.Xe_pWaitReady
                0x000000008000c530       0x54 /usr/local/xenon/usr/lib/libxenon.a(xe.o)
                0x000000008000c530                Xe_pWaitReady
 .text.TEXTURE_FETCH
                0x000000008000c584      0x108 /usr/local/xenon/usr/lib/libxenon.a(xe.o)
                0x000000008000c584                TEXTURE_FETCH
 .text.Xe_SetTexture
                0x000000008000c68c       0xb0 /usr/local/xenon/usr/lib/libxenon.a(xe.o)
                0x000000008000c68c                Xe_SetTexture
 .text.Xe_pResetCP
                0x000000008000c73c      0x134 /usr/local/xenon/usr/lib/libxenon.a(xe.o)
                0x000000008000c73c                Xe_pResetCP
 .text.Xe_pLoadUcodes
                0x000000008000c870      0x130 /usr/local/xenon/usr/lib/libxenon.a(xe.o)
                0x000000008000c870                Xe_pLoadUcodes
 .text.Xe_pSetup
                0x000000008000c9a0       0xe4 /usr/local/xenon/usr/lib/libxenon.a(xe.o)
                0x000000008000c9a0                Xe_pSetup
 .text.Xe_pMasterInit
                0x000000008000ca84       0xe0 /usr/local/xenon/usr/lib/libxenon.a(xe.o)
                0x000000008000ca84                Xe_pMasterInit
 .text.Xe_pAlloc
                0x000000008000cb64       0x7c /usr/local/xenon/usr/lib/libxenon.a(xe.o)
                0x000000008000cb64                Xe_pAlloc
 .text.Xe_CreateIndexBuffer
                0x000000008000cbe0       0x8c /usr/local/xenon/usr/lib/libxenon.a(xe.o)
                0x000000008000cbe0                Xe_CreateIndexBuffer
 .text.Xe_CreateVertexBuffer
                0x000000008000cc6c       0xb4 /usr/local/xenon/usr/lib/libxenon.a(xe.o)
                0x000000008000cc6c                Xe_CreateVertexBuffer
 .text.Xe_pRBAlloc
                0x000000008000cd20       0x5c /usr/local/xenon/usr/lib/libxenon.a(xe.o)
                0x000000008000cd20                Xe_pRBAlloc
 .text.Xe_pSyncFromDevice
                0x000000008000cd7c       0x28 /usr/local/xenon/usr/lib/libxenon.a(xe.o)
                0x000000008000cd7c                Xe_pSyncFromDevice
 .text.Xe_Init  0x000000008000cda4      0x194 /usr/local/xenon/usr/lib/libxenon.a(xe.o)
                0x000000008000cda4                Xe_Init
 .text.Xe_pLock
                0x000000008000cf38       0xb0 /usr/local/xenon/usr/lib/libxenon.a(xe.o)
                0x000000008000cf38                Xe_pLock
 .text.Xe_IB_Lock
                0x000000008000cfe8       0x5c /usr/local/xenon/usr/lib/libxenon.a(xe.o)
                0x000000008000cfe8                Xe_IB_Lock
 .text.Xe_VB_Lock
                0x000000008000d044       0x5c /usr/local/xenon/usr/lib/libxenon.a(xe.o)
                0x000000008000d044                Xe_VB_Lock
 .text.Xe_pSyncToDevice
                0x000000008000d0a0       0x28 /usr/local/xenon/usr/lib/libxenon.a(xe.o)
                0x000000008000d0a0                Xe_pSyncToDevice
 .text.Xe_InstantiateShader
                0x000000008000d0c8      0x104 /usr/local/xenon/usr/lib/libxenon.a(xe.o)
                0x000000008000d0c8                Xe_InstantiateShader
 .text.Xe_pUnlock
                0x000000008000d1cc       0x80 /usr/local/xenon/usr/lib/libxenon.a(xe.o)
                0x000000008000d1cc                Xe_pUnlock
 .text.Xe_IB_Unlock
                0x000000008000d24c        0x8 /usr/local/xenon/usr/lib/libxenon.a(xe.o)
                0x000000008000d24c                Xe_IB_Unlock
 .text.Xe_VB_Unlock
                0x000000008000d254        0x8 /usr/local/xenon/usr/lib/libxenon.a(xe.o)
                0x000000008000d254                Xe_VB_Unlock
 .text.Xe_ShaderApplyVFetchPatches
                0x000000008000d25c      0x320 /usr/local/xenon/usr/lib/libxenon.a(xe.o)
                0x000000008000d25c                Xe_ShaderApplyVFetchPatches
 .text.Xe_pRBKickSegment
                0x000000008000d57c       0xf0 /usr/local/xenon/usr/lib/libxenon.a(xe.o)
                0x000000008000d57c                Xe_pRBKickSegment
 .text.Xe_pRBCommitPrimary
                0x000000008000d66c       0x8c /usr/local/xenon/usr/lib/libxenon.a(xe.o)
                0x000000008000d66c                Xe_pRBCommitPrimary
 .text.Xe_pRBKick
                0x000000008000d6f8       0x90 /usr/local/xenon/usr/lib/libxenon.a(xe.o)
                0x000000008000d6f8                Xe_pRBKick
 .text.Xe_Execute
                0x000000008000d788       0x30 /usr/local/xenon/usr/lib/libxenon.a(xe.o)
                0x000000008000d788                Xe_Execute
 .text.Xe_pDebugSync
                0x000000008000d7b8       0xbc /usr/local/xenon/usr/lib/libxenon.a(xe.o)
                0x000000008000d7b8                Xe_pDebugSync
 .text.xenos_is_overscan
                0x000000008000d874       0x50 /usr/local/xenon/usr/lib/libxenon.a(xenos.o)
                0x000000008000d874                xenos_is_overscan
 .text.xenos_read32
                0x000000008000d8c4       0x24 /usr/local/xenon/usr/lib/libxenon.a(xenos.o)
                0x000000008000d8c4                xenos_read32
 .text.xenos_write32
                0x000000008000d8e8       0x24 /usr/local/xenon/usr/lib/libxenon.a(xenos.o)
                0x000000008000d8e8                xenos_write32
 .text.xenos_set_mode_f2
                0x000000008000d90c      0x314 /usr/local/xenon/usr/lib/libxenon.a(xenos.o)
                0x000000008000d90c                xenos_set_mode_f2
 .text.xenos_set_mode_f1
                0x000000008000dc20      0x148 /usr/local/xenon/usr/lib/libxenon.a(xenos.o)
                0x000000008000dc20                xenos_set_mode_f1
 .text.xenos_ana_preinit
                0x000000008000dd68       0xe0 /usr/local/xenon/usr/lib/libxenon.a(xenos.o)
                0x000000008000dd68                xenos_ana_preinit
 .text.xenos_init_phase1
                0x000000008000de48      0x3c0 /usr/local/xenon/usr/lib/libxenon.a(xenos.o)
                0x000000008000de48                xenos_init_phase1
 .text.xenos_init_phase0
                0x000000008000e208       0xc0 /usr/local/xenon/usr/lib/libxenon.a(xenos.o)
                0x000000008000e208                xenos_init_phase0
 .text.xenos_ana_write
                0x000000008000e2c8       0x70 /usr/local/xenon/usr/lib/libxenon.a(xenos.o)
 .text.xenos_init_ana_new
                0x000000008000e338      0x3a4 /usr/local/xenon/usr/lib/libxenon.a(xenos.o)
                0x000000008000e338                xenos_init_ana_new
 .text.xenos_set_mode
                0x000000008000e6dc      0x35c /usr/local/xenon/usr/lib/libxenon.a(xenos.o)
                0x000000008000e6dc                xenos_set_mode
 .text.xenos_autoset_mode
                0x000000008000ea38       0xf0 /usr/local/xenon/usr/lib/libxenon.a(xenos.o)
                0x000000008000ea38                xenos_autoset_mode
 .text.xenos_init
                0x000000008000eb28       0xac /usr/local/xenon/usr/lib/libxenon.a(xenos.o)
                0x000000008000eb28                xenos_init
 .text.kmeminit
                0x000000008000ebd4       0x38 /usr/local/xenon/usr/lib/libxenon.a(lib_malloc.o)
                0x000000008000ebd4                kmeminit
 .text.lib_outofmemory
                0x000000008000ec0c       0x28 /usr/local/xenon/usr/lib/libxenon.a(lib_malloc.o)
                0x000000008000ec0c                lib_outofmemory
 .text.kmalloc  0x000000008000ec34      0x14c /usr/local/xenon/usr/lib/libxenon.a(lib_malloc.o)
                0x000000008000ec34                kmalloc
 .text.read32n  0x000000008000ed80        0x8 /usr/local/xenon/usr/lib/libxenon.a(io.o)
                0x000000008000ed80                read32n
 .text.write32n
                0x000000008000ed88        0x8 /usr/local/xenon/usr/lib/libxenon.a(io.o)
                0x000000008000ed88                write32n
 .text.write32  0x000000008000ed90        0x8 /usr/local/xenon/usr/lib/libxenon.a(io.o)
                0x000000008000ed90                write32
 .text.read32   0x000000008000ed98        0x8 /usr/local/xenon/usr/lib/libxenon.a(io.o)
                0x000000008000ed98                read32
 .text.udelay   0x000000008000eda0       0x4c /usr/local/xenon/usr/lib/libxenon.a(time.o)
                0x000000008000eda0                udelay
 .text.delay    0x000000008000edec       0x54 /usr/local/xenon/usr/lib/libxenon.a(time.o)
                0x000000008000edec                delay
 .text.xenon_gpio_set
                0x000000008000ee40       0x5c /usr/local/xenon/usr/lib/libxenon.a(xenon_gpio.o)
                0x000000008000ee40                xenon_gpio_set
 .text.xenon_gpio_set_oe
                0x000000008000ee9c       0x5c /usr/local/xenon/usr/lib/libxenon.a(xenon_gpio.o)
                0x000000008000ee9c                xenon_gpio_set_oe
 .text.xenon_smc_handle_bulk
                0x000000008000eef8       0x98 /usr/local/xenon/usr/lib/libxenon.a(xenon_smc.o)
                0x000000008000eef8                xenon_smc_handle_bulk
 .text.xenon_smc_receive_message
                0x000000008000ef90       0x90 /usr/local/xenon/usr/lib/libxenon.a(xenon_smc.o)
                0x000000008000ef90                xenon_smc_receive_message
 .text.xenon_smc_receive_response
                0x000000008000f020       0x50 /usr/local/xenon/usr/lib/libxenon.a(xenon_smc.o)
                0x000000008000f020                xenon_smc_receive_response
 .text.xenon_smc_send_message
                0x000000008000f070       0xa0 /usr/local/xenon/usr/lib/libxenon.a(xenon_smc.o)
                0x000000008000f070                xenon_smc_send_message
 .text.xenon_smc_read_avpack
                0x000000008000f110       0x54 /usr/local/xenon/usr/lib/libxenon.a(xenon_smc.o)
                0x000000008000f110                xenon_smc_read_avpack
 .text.xenon_smc_i2c_write
                0x000000008000f164       0xac /usr/local/xenon/usr/lib/libxenon.a(xenon_smc.o)
                0x000000008000f164                xenon_smc_i2c_write
 .text.xenon_smc_ana_read
                0x000000008000f210       0xdc /usr/local/xenon/usr/lib/libxenon.a(xenon_smc.o)
                0x000000008000f210                xenon_smc_ana_read
 .text.xenon_smc_ana_write
                0x000000008000f2ec       0xb0 /usr/local/xenon/usr/lib/libxenon.a(xenon_smc.o)
                0x000000008000f2ec                xenon_smc_ana_write
 .text.xenon_config_get_avregion
                0x000000008000f39c       0xac /usr/local/xenon/usr/lib/libxenon.a(xenon_config.o)
                0x000000008000f39c                xenon_config_get_avregion
 .text.xenon_config_init
                0x000000008000f448       0xb0 /usr/local/xenon/usr/lib/libxenon.a(xenon_config.o)
                0x000000008000f448                xenon_config_init
 .text.sfcx_readreg
                0x000000008000f4f8       0x14 /usr/local/xenon/usr/lib/libxenon.a(xenon_sfcx.o)
                0x000000008000f4f8                sfcx_readreg
 .text.sfcx_writereg
                0x000000008000f50c       0x14 /usr/local/xenon/usr/lib/libxenon.a(xenon_sfcx.o)
                0x000000008000f50c                sfcx_writereg
 .text.sfcx_init
                0x000000008000f520      0x280 /usr/local/xenon/usr/lib/libxenon.a(xenon_sfcx.o)
                0x000000008000f520                sfcx_init
 .text.sfcx_read_page
                0x000000008000f7a0      0x170 /usr/local/xenon/usr/lib/libxenon.a(xenon_sfcx.o)
                0x000000008000f7a0                sfcx_read_page
 .text          0x000000008000f910       0x1c /usr/local/xenon/xenon/lib/32/libc.a(lib_a-abort.o)
                0x000000008000f910                abort
 *fill*         0x000000008000f92c        0x4 00
 .text          0x000000008000f930       0x88 /usr/local/xenon/xenon/lib/32/libc.a(lib_a-assert.o)
                0x000000008000f934                __assert_func
                0x000000008000f9a0                __assert
 .text          0x000000008000f9b8       0x40 /usr/local/xenon/xenon/lib/32/libc.a(lib_a-errno.o)
                0x000000008000f9bc                __errno
 .text          0x000000008000f9f8      0x1b8 /usr/local/xenon/xenon/lib/32/libc.a(lib_a-fclose.o)
                0x000000008000f9f8                _fclose_r
                0x000000008000fb6c                fclose
 .text          0x000000008000fbb0      0x2ec /usr/local/xenon/xenon/lib/32/libc.a(lib_a-fflush.o)
                0x000000008000fe2c                fflush
                0x000000008000fbb0                _fflush_r
 *fill*         0x000000008000fe9c        0x4 00
 .text          0x000000008000fea0      0x49c /usr/local/xenon/xenon/lib/32/libc.a(lib_a-findfp.o)
                0x000000008001009c                __sinit
                0x0000000080010150                __sfmoreglue
                0x000000008000ffb4                _cleanup
                0x000000008000ff74                _cleanup_r
                0x000000008000ff24                __fp_lock_all
                0x000000008000fea0                __sfp_lock_acquire
                0x00000000800101d4                __sfp
                0x000000008000feb8                __sinit_lock_release
                0x000000008000fed4                __fp_unlock_all
                0x000000008000fea8                __sfp_lock_release
                0x000000008000feb0                __sinit_lock_acquire
 *fill*         0x000000008001033c        0x4 00
 .text          0x0000000080010340      0x12c /usr/local/xenon/xenon/lib/32/libc.a(lib_a-fiprintf.o)
                0x00000000800103f0                _fiprintf_r
                0x0000000080010344                fiprintf
 *fill*         0x000000008001046c        0x4 00
 .text          0x0000000080010470      0x428 /usr/local/xenon/xenon/lib/32/libc.a(lib_a-freer.o)
                0x00000000800105d4                _free_r
                0x0000000080010474                _malloc_trim_r
 .text          0x0000000080010898       0x9c /usr/local/xenon/xenon/lib/32/libc.a(lib_a-fstatr.o)
                0x000000008001089c                _fstat_r
 *fill*         0x0000000080010934        0x4 00
 .text          0x0000000080010938      0x18c /usr/local/xenon/xenon/lib/32/libc.a(lib_a-fwalk.o)
                0x0000000080010a08                _fwalk
                0x0000000080010938                _fwalk_reent
 *fill*         0x0000000080010ac4        0x4 00
 .text          0x0000000080010ac8      0x22c /usr/local/xenon/xenon/lib/32/libc.a(lib_a-makebuf.o)
                0x0000000080010acc                __smakebuf_r
 *fill*         0x0000000080010cf4        0x4 00
 .text          0x0000000080010cf8       0x90 /usr/local/xenon/xenon/lib/32/libc.a(lib_a-malloc.o)
                0x0000000080010d44                malloc
                0x0000000080010cfc                free
 .text          0x0000000080010d88      0x880 /usr/local/xenon/xenon/lib/32/libc.a(lib_a-mallocr.o)
                0x0000000080010d8c                _malloc_r
 .text          0x0000000080011608      0x12c /usr/local/xenon/xenon/lib/32/libc.a(lib_a-memcpy.o)
                0x0000000080011608                memcpy
 *fill*         0x0000000080011734        0x4 00
 .text          0x0000000080011738      0x138 /usr/local/xenon/xenon/lib/32/libc.a(lib_a-memset.o)
                0x0000000080011738                memset
 .text          0x0000000080011870        0xc /usr/local/xenon/xenon/lib/32/libc.a(lib_a-mlock.o)
                0x0000000080011878                __malloc_unlock
                0x0000000080011870                __malloc_lock
 *fill*         0x000000008001187c        0x4 00
 .text          0x0000000080011880      0x140 /usr/local/xenon/xenon/lib/32/libc.a(lib_a-printf.o)
                0x0000000080011884                printf
                0x0000000080011938                _printf_r
 .text          0x00000000800119c0       0x74 /usr/local/xenon/xenon/lib/32/libc.a(lib_a-putchar.o)
                0x00000000800119c4                putchar
                0x0000000080011a10                _putchar_r
 *fill*         0x0000000080011a34        0x4 00
 .text          0x0000000080011a38      0x208 /usr/local/xenon/xenon/lib/32/libc.a(lib_a-putc.o)
                0x0000000080011b60                _putc_r
                0x0000000080011a3c                putc
 .text          0x0000000080011c40      0x130 /usr/local/xenon/xenon/lib/32/libc.a(lib_a-puts.o)
                0x0000000080011c44                _puts_r
                0x0000000080011d2c                puts
 .text          0x0000000080011d70       0x94 /usr/local/xenon/xenon/lib/32/libc.a(lib_a-sbrkr.o)
                0x0000000080011d74                _sbrk_r
 *fill*         0x0000000080011e04        0x4 00
 .text          0x0000000080011e08      0x3dc /usr/local/xenon/xenon/lib/32/libc.a(lib_a-signal.o)
                0x0000000080012108                _signal_r
                0x0000000080011e08                _raise_r
                0x0000000080012000                __sigtramp_r
                0x000000008001219c                signal
                0x0000000080011fbc                _init_signal
                0x0000000080011f38                _init_signal_r
                0x00000000800120c4                __sigtramp
                0x0000000080011ef4                raise
 *fill*         0x00000000800121e4        0x4 00
 .text          0x00000000800121e8       0xbc /usr/local/xenon/xenon/lib/32/libc.a(lib_a-signalr.o)
                0x000000008001220c                _kill_r
                0x00000000800121e8                _getpid_r
 *fill*         0x00000000800122a4        0x4 00
 .text          0x00000000800122a8      0x1a8 /usr/local/xenon/xenon/lib/32/libc.a(lib_a-stdio.o)
                0x00000000800122d0                __sseek
                0x00000000800123e8                __sread
                0x00000000800122a8                __sclose
                0x0000000080012340                __swrite
 .text          0x0000000080012450       0xe8 /usr/local/xenon/xenon/lib/32/libc.a(lib_a-strcmp.o)
                0x0000000080012450                strcmp
 .text          0x0000000080012538       0xb4 /usr/local/xenon/xenon/lib/32/libc.a(lib_a-strlen.o)
                0x0000000080012538                strlen
 *fill*         0x00000000800125ec        0x4 00
 .text          0x00000000800125f0     0x1224 /usr/local/xenon/xenon/lib/32/libc.a(lib_a-vfiprintf.o)
                0x00000000800137c4                vfiprintf
                0x000000008001265c                _vfiprintf_r
 *fill*         0x0000000080013814        0x4 00
 .text          0x0000000080013818     0x1ffc /usr/local/xenon/xenon/lib/32/libc.a(lib_a-vfprintf.o)
                0x0000000080013884                _vfprintf_r
                0x00000000800157c4                vfprintf
 *fill*         0x0000000080015814        0x4 00
 .text          0x0000000080015818       0x80 /usr/local/xenon/xenon/lib/32/libc.a(lib_a-vprintf.o)
                0x000000008001584c                vprintf
                0x0000000080015818                _vprintf_r
 .text          0x0000000080015898      0x1e4 /usr/local/xenon/xenon/lib/32/libc.a(lib_a-wbuf.o)
                0x0000000080015898                __swbuf_r
                0x0000000080015a34                __swbuf
 *fill*         0x0000000080015a7c        0x4 00
 .text          0x0000000080015a80       0x9c /usr/local/xenon/xenon/lib/32/libc.a(lib_a-writer.o)
                0x0000000080015a84                _write_r
 *fill*         0x0000000080015b1c        0x4 00
 .text          0x0000000080015b20      0x1a8 /usr/local/xenon/xenon/lib/32/libc.a(lib_a-wsetup.o)
                0x0000000080015b24                __swsetup_r
 .text          0x0000000080015cc8       0x94 /usr/local/xenon/xenon/lib/32/libc.a(lib_a-closer.o)
                0x0000000080015ccc                _close_r
 *fill*         0x0000000080015d5c        0x4 00
 .text          0x0000000080015d60     0x144c /usr/local/xenon/xenon/lib/32/libc.a(lib_a-dtoa.o)
                0x0000000080015f9c                _dtoa_r
 *fill*         0x00000000800171ac        0x4 00
 .text          0x00000000800171b0      0x58c /usr/local/xenon/xenon/lib/32/libc.a(lib_a-fvwrite.o)
                0x00000000800171b0                __sfvwrite_r
 *fill*         0x000000008001773c        0x4 00
 .text          0x0000000080017740       0x94 /usr/local/xenon/xenon/lib/32/libc.a(lib_a-isattyr.o)
                0x0000000080017744                _isatty_r
 *fill*         0x00000000800177d4        0x4 00
 .text          0x00000000800177d8      0x1ec /usr/local/xenon/xenon/lib/32/libc.a(lib_a-locale.o)
                0x00000000800178a4                _setlocale_r
                0x00000000800177dc                __locale_charset
                0x000000008001781c                _localeconv_r
                0x000000008001797c                setlocale
                0x000000008001785c                localeconv
 *fill*         0x00000000800179c4        0x4 00
 .text          0x00000000800179c8       0x9c /usr/local/xenon/xenon/lib/32/libc.a(lib_a-lseekr.o)
                0x00000000800179cc                _lseek_r
 *fill*         0x0000000080017a64        0x4 00
 .text          0x0000000080017a68      0x128 /usr/local/xenon/xenon/lib/32/libc.a(lib_a-memchr.o)
                0x0000000080017a68                memchr
 .text          0x0000000080017b90      0x16c /usr/local/xenon/xenon/lib/32/libc.a(lib_a-memmove.o)
                0x0000000080017b90                memmove
 *fill*         0x0000000080017cfc        0x4 00
 .text          0x0000000080017d00     0x1334 /usr/local/xenon/xenon/lib/32/libc.a(lib_a-mprec.o)
                0x000000008001824c                _mprec_log10
                0x0000000080018358                __any_on
                0x0000000080018400                _Balloc
                0x0000000080018160                __ratio
                0x0000000080018c30                __i2b
                0x0000000080017fd0                __b2d
                0x0000000080018f00                __s2b
                0x0000000080017e90                __mcmp
                0x0000000080017d28                __hi0bits
                0x0000000080018d9c                __pow5mult
                0x0000000080018848                __lshift
                0x00000000800189d8                __multiply
                0x00000000800184c0                __d2b
                0x00000000800182c8                __copybits
                0x0000000080017f20                __ulp
                0x0000000080018670                __mdiff
                0x0000000080017da0                __lo0bits
                0x0000000080018c70                __multadd
                0x0000000080017d00                _Bfree
 *fill*         0x0000000080019034        0x4 00
 .text          0x0000000080019038       0x9c /usr/local/xenon/xenon/lib/32/libc.a(lib_a-readr.o)
                0x000000008001903c                _read_r
 *fill*         0x00000000800190d4        0x4 00
 .text          0x00000000800190d8      0x650 /usr/local/xenon/xenon/lib/32/libc.a(lib_a-reallocr.o)
                0x00000000800190dc                _realloc_r
 .text          0x0000000080019728       0x44 /usr/local/xenon/xenon/lib/32/libc.a(lib_a-s_isinfd.o)
                0x0000000080019728                __isinfd
 *fill*         0x000000008001976c        0x4 00
 .text          0x0000000080019770       0x38 /usr/local/xenon/xenon/lib/32/libc.a(lib_a-s_isnand.o)
                0x0000000080019770                __isnand
 .text          0x00000000800197a8       0xd0 /usr/local/xenon/xenon/lib/32/libc.a(lib_a-callocr.o)
                0x00000000800197a8                _calloc_r
 *(.init*)

.elfldr         0x0000000080019878        0x0
                0x0000000080019878                elfldr_start = .
 *(.elfldr)
                0x0000000080019878                elfldr_end = .

.data           0x0000000080019878     0x75ac
 *(.data*)
 .data.content_datavsvsu
                0x0000000080019878       0xf0 ffs_content.o
                0x0000000080019878                content_datavsvsu
 .data.content_datapspsu
                0x0000000080019968       0xe0 ffs_content.o
                0x0000000080019968                content_datapspsu
 .data.console_color
                0x0000000080019a48        0x8 /usr/local/xenon/usr/lib/libxenon.a(console.o)
 .data.vfs_console_ops
                0x0000000080019a50       0x18 /usr/local/xenon/usr/lib/libxenon.a(newlib.o)
                0x0000000080019a50                vfs_console_ops
 .data.fd_array
                0x0000000080019a68      0xc00 /usr/local/xenon/usr/lib/libxenon.a(newlib.o)
 .data.ana_1360x768
                0x000000008001a668      0x400 /usr/local/xenon/usr/lib/libxenon.a(xenos.o)
                0x000000008001a668                ana_1360x768
 .data.xenos_modes
                0x000000008001aa68      0x2d8 /usr/local/xenon/usr/lib/libxenon.a(xenos.o)
                0x000000008001aa68                xenos_modes
 .data.ana_1280x720
                0x000000008001ad40      0x400 /usr/local/xenon/usr/lib/libxenon.a(xenos.o)
                0x000000008001ad40                ana_1280x720
 .data.ana_ntsc_480i
                0x000000008001b140      0x400 /usr/local/xenon/usr/lib/libxenon.a(xenos.o)
                0x000000008001b140                ana_ntsc_480i
 .data.ana_1024x768
                0x000000008001b540      0x400 /usr/local/xenon/usr/lib/libxenon.a(xenos.o)
                0x000000008001b540                ana_1024x768
 .data.ana_640x480p
                0x000000008001b940      0x400 /usr/local/xenon/usr/lib/libxenon.a(xenos.o)
                0x000000008001b940                ana_640x480p
 .data.ana_pal  0x000000008001bd40      0x400 /usr/local/xenon/usr/lib/libxenon.a(xenos.o)
                0x000000008001bd40                ana_pal
 .data.ana_yuv_480p
                0x000000008001c140      0x400 /usr/local/xenon/usr/lib/libxenon.a(xenos.o)
                0x000000008001c140                ana_yuv_480p
 .data.ana_hdmi_720p
                0x000000008001c540      0x400 /usr/local/xenon/usr/lib/libxenon.a(xenos.o)
                0x000000008001c540                ana_hdmi_720p
 .data.ana_yuv_720p
                0x000000008001c940      0x400 /usr/local/xenon/usr/lib/libxenon.a(xenos.o)
                0x000000008001c940                ana_yuv_720p
 .data.ana_1280x1024
                0x000000008001cd40      0x400 /usr/local/xenon/usr/lib/libxenon.a(xenos.o)
                0x000000008001cd40                ana_1280x1024
 .data.ana_640_480_composite
                0x000000008001d140      0x400 /usr/local/xenon/usr/lib/libxenon.a(xenos.o)
                0x000000008001d140                ana_640_480_composite
 .data.ana_1440x900
                0x000000008001d540      0x400 /usr/local/xenon/usr/lib/libxenon.a(xenos.o)
                0x000000008001d540                ana_1440x900
 .data.ana_1280x768
                0x000000008001d940      0x400 /usr/local/xenon/usr/lib/libxenon.a(xenos.o)
                0x000000008001d940                ana_1280x768
 .data.xenos_ucode0
                0x000000008001dd40      0x480 /usr/local/xenon/usr/lib/libxenon.a(ucode.o)
                0x000000008001dd40                xenos_ucode0
 .data.xenos_ucode1
                0x000000008001e1c0     0x2400 /usr/local/xenon/usr/lib/libxenon.a(ucode.o)
                0x000000008001e1c0                xenos_ucode1
 .data.rel.local
                0x00000000800205c0      0x428 /usr/local/xenon/xenon/lib/32/libc.a(lib_a-impure.o)
 .data.rel      0x00000000800209e8      0x408 /usr/local/xenon/xenon/lib/32/libc.a(lib_a-mallocr.o)
                0x00000000800209e8                __malloc_av_
 .data.rel.ro.local
                0x0000000080020df0       0x34 /usr/local/xenon/xenon/lib/32/libc.a(lib_a-locale.o)

.got2           0x0000000080020e24      0x190
 .got2          0x0000000080020e24       0x10 /usr/local/xenon/xenon/lib/32/libc.a(lib_a-assert.o)
 .got2          0x0000000080020e34        0x4 /usr/local/xenon/xenon/lib/32/libc.a(lib_a-errno.o)
 .got2          0x0000000080020e38        0x4 /usr/local/xenon/xenon/lib/32/libc.a(lib_a-fclose.o)
 .got2          0x0000000080020e3c        0xc /usr/local/xenon/xenon/lib/32/libc.a(lib_a-fflush.o)
 .got2          0x0000000080020e48       0x28 /usr/local/xenon/xenon/lib/32/libc.a(lib_a-findfp.o)
 .got2          0x0000000080020e70        0x4 /usr/local/xenon/xenon/lib/32/libc.a(lib_a-fiprintf.o)
 .got2          0x0000000080020e74       0x18 /usr/local/xenon/xenon/lib/32/libc.a(lib_a-freer.o)
 .got2          0x0000000080020e8c        0x4 /usr/local/xenon/xenon/lib/32/libc.a(lib_a-fstatr.o)
 .got2          0x0000000080020e90        0x8 /usr/local/xenon/xenon/lib/32/libc.a(lib_a-makebuf.o)
 .got2          0x0000000080020e98        0x4 /usr/local/xenon/xenon/lib/32/libc.a(lib_a-malloc.o)
 .got2          0x0000000080020e9c       0x1c /usr/local/xenon/xenon/lib/32/libc.a(lib_a-mallocr.o)
 .got2          0x0000000080020eb8        0x4 /usr/local/xenon/xenon/lib/32/libc.a(lib_a-printf.o)
 .got2          0x0000000080020ebc        0x4 /usr/local/xenon/xenon/lib/32/libc.a(lib_a-putchar.o)
 .got2          0x0000000080020ec0        0x4 /usr/local/xenon/xenon/lib/32/libc.a(lib_a-putc.o)
 .got2          0x0000000080020ec4        0x8 /usr/local/xenon/xenon/lib/32/libc.a(lib_a-puts.o)
 .got2          0x0000000080020ecc        0x4 /usr/local/xenon/xenon/lib/32/libc.a(lib_a-sbrkr.o)
 .got2          0x0000000080020ed0        0x4 /usr/local/xenon/xenon/lib/32/libc.a(lib_a-signal.o)
 .got2          0x0000000080020ed4        0x4 /usr/local/xenon/xenon/lib/32/libc.a(lib_a-signalr.o)
 .got2          0x0000000080020ed8       0x1c /usr/local/xenon/xenon/lib/32/libc.a(lib_a-vfiprintf.o)
 .got2          0x0000000080020ef4       0x34 /usr/local/xenon/xenon/lib/32/libc.a(lib_a-vfprintf.o)
 .got2          0x0000000080020f28        0x4 /usr/local/xenon/xenon/lib/32/libc.a(lib_a-vprintf.o)
 .got2          0x0000000080020f2c        0x4 /usr/local/xenon/xenon/lib/32/libc.a(lib_a-wbuf.o)
 .got2          0x0000000080020f30        0x4 /usr/local/xenon/xenon/lib/32/libc.a(lib_a-writer.o)
 .got2          0x0000000080020f34        0x4 /usr/local/xenon/xenon/lib/32/libc.a(lib_a-wsetup.o)
 .got2          0x0000000080020f38        0x4 /usr/local/xenon/xenon/lib/32/libc.a(lib_a-closer.o)
 .got2          0x0000000080020f3c       0x48 /usr/local/xenon/xenon/lib/32/libc.a(lib_a-dtoa.o)
 .got2          0x0000000080020f84        0x4 /usr/local/xenon/xenon/lib/32/libc.a(lib_a-isattyr.o)
 .got2          0x0000000080020f88       0x10 /usr/local/xenon/xenon/lib/32/libc.a(lib_a-locale.o)
 .got2          0x0000000080020f98        0x4 /usr/local/xenon/xenon/lib/32/libc.a(lib_a-lseekr.o)
 .got2          0x0000000080020f9c       0x10 /usr/local/xenon/xenon/lib/32/libc.a(lib_a-mprec.o)
 .got2          0x0000000080020fac        0x4 /usr/local/xenon/xenon/lib/32/libc.a(lib_a-readr.o)
 .got2          0x0000000080020fb0        0x4 /usr/local/xenon/xenon/lib/32/libc.a(lib_a-reallocr.o)

.sdata          0x0000000080020fb4       0x10
 *(.sdata*)
 .sdata         0x0000000080020fb4        0x8 /usr/local/xenon/xenon/lib/32/libc.a(lib_a-impure.o)
                0x0000000080020fb8                _global_impure_ptr
                0x0000000080020fb4                _impure_ptr
 .sdata         0x0000000080020fbc        0x8 /usr/local/xenon/xenon/lib/32/libc.a(lib_a-mallocr.o)
                0x0000000080020fc0                __malloc_sbrk_base
                0x0000000080020fbc                __malloc_trim_threshold

.rodata         0x0000000080020fc8     0x2790
 *(.rodata*)
 .rodata.C.19.4675
                0x0000000080020fc8        0xc main.o
 .rodata.vbf.4659
                0x0000000080020fd4       0x7c main.o
 .rodata.C.18.4674
                0x0000000080021050       0x40 main.o
 .rodata.str1.8
                0x0000000080021090       0x78 main.o
                                         0x71 (size before relaxing)
 .rodata.str1.1
                0x0000000080021108       0x33 /usr/local/xenon/usr/lib/libxenon.a(console.o)
 *fill*         0x000000008002113b        0x5 00
 .rodata.fontdata_8x16
                0x0000000080021140     0x1000 /usr/local/xenon/usr/lib/libxenon.a(console.o)
                0x0000000080021140                fontdata_8x16
 .rodata.str1.1
                0x0000000080022140       0x1d /usr/local/xenon/usr/lib/libxenon.a(newlib.o)
 *fill*         0x000000008002215d        0x3 00
 .rodata.C.11.3929
                0x0000000080022160       0x90 /usr/local/xenon/usr/lib/libxenon.a(edram.o)
 .rodata.C.41.4382
                0x00000000800221f0       0x40 /usr/local/xenon/usr/lib/libxenon.a(edram.o)
 .rodata.cst4   0x0000000080022230        0x8 /usr/local/xenon/usr/lib/libxenon.a(edram.o)
 .rodata.C.18.3936
                0x0000000080022238       0x40 /usr/local/xenon/usr/lib/libxenon.a(edram.o)
 .rodata.C.50.4419
                0x0000000080022278       0x60 /usr/local/xenon/usr/lib/libxenon.a(edram.o)
 .rodata.C.43.4384
                0x00000000800222d8       0x20 /usr/local/xenon/usr/lib/libxenon.a(edram.o)
 .rodata.C.44.4385
                0x00000000800222f8       0x18 /usr/local/xenon/usr/lib/libxenon.a(edram.o)
 .rodata.__FUNCTION__.3761
                0x0000000080022310        0x9 /usr/local/xenon/usr/lib/libxenon.a(edram.o)
 *fill*         0x0000000080022319        0x3 00
 .rodata.C.14.3932
                0x000000008002231c       0x24 /usr/local/xenon/usr/lib/libxenon.a(edram.o)
 .rodata.C.13.3931
                0x0000000080022340       0x24 /usr/local/xenon/usr/lib/libxenon.a(edram.o)
 .rodata.str1.1
                0x0000000080022364       0xe2 /usr/local/xenon/usr/lib/libxenon.a(edram.o)
                                         0xe4 (size before relaxing)
 *fill*         0x0000000080022446        0x2 00
 .rodata.C.12.3930
                0x0000000080022448      0x100 /usr/local/xenon/usr/lib/libxenon.a(edram.o)
 .rodata.C.17.3935
                0x0000000080022548       0x40 /usr/local/xenon/usr/lib/libxenon.a(edram.o)
 .rodata.C.45.4386
                0x0000000080022588       0x18 /usr/local/xenon/usr/lib/libxenon.a(edram.o)
 .rodata.C.46.4387
                0x00000000800225a0       0x14 /usr/local/xenon/usr/lib/libxenon.a(edram.o)
 .rodata.C.16.3934
                0x00000000800225b4       0x40 /usr/local/xenon/usr/lib/libxenon.a(edram.o)
 .rodata.C.53.4440
                0x00000000800225f4       0x60 /usr/local/xenon/usr/lib/libxenon.a(edram.o)
 .rodata.C.42.4383
                0x0000000080022654       0x40 /usr/local/xenon/usr/lib/libxenon.a(edram.o)
 .rodata.C.15.3933
                0x0000000080022694       0x10 /usr/local/xenon/usr/lib/libxenon.a(edram.o)
 .rodata.Xe_pCalcVtxCount
                0x00000000800226a4       0x20 /usr/local/xenon/usr/lib/libxenon.a(xe.o)
 *fill*         0x00000000800226c4        0x4 00
 .rodata.__FUNCTION__.5712
                0x00000000800226c8        0xd /usr/local/xenon/usr/lib/libxenon.a(xe.o)
 *fill*         0x00000000800226d5        0x3 00
 .rodata.__FUNCTION__.4085
                0x00000000800226d8       0x19 /usr/local/xenon/usr/lib/libxenon.a(xe.o)
 *fill*         0x00000000800226f1        0x7 00
 .rodata.__FUNCTION__.4657
                0x00000000800226f8       0x1c /usr/local/xenon/usr/lib/libxenon.a(xe.o)
 .rodata.str1.1
                0x0000000080022714      0x4cf /usr/local/xenon/usr/lib/libxenon.a(xe.o)
                                        0x4d9 (size before relaxing)
 *fill*         0x0000000080022be3        0x5 00
 .rodata.__FUNCTION__.6014
                0x0000000080022be8       0x18 /usr/local/xenon/usr/lib/libxenon.a(xe.o)
 .rodata.cst4   0x0000000080022c00        0x8 /usr/local/xenon/usr/lib/libxenon.a(xe.o)
 .rodata.C.55.5791
                0x0000000080022c08        0xc /usr/local/xenon/usr/lib/libxenon.a(xe.o)
 *fill*         0x0000000080022c14        0x4 00
 .rodata.__FUNCTION__.4811
                0x0000000080022c18       0x15 /usr/local/xenon/usr/lib/libxenon.a(xe.o)
 *fill*         0x0000000080022c2d        0x3 00
 .rodata.C.12.3393
                0x0000000080022c30       0x40 /usr/local/xenon/usr/lib/libxenon.a(xenos.o)
 .rodata.C.9.3384
                0x0000000080022c70       0x44 /usr/local/xenon/usr/lib/libxenon.a(xenos.o)
 .rodata.CSWTCH.31
                0x0000000080022cb4       0x10 /usr/local/xenon/usr/lib/libxenon.a(xenos.o)
 .rodata.C.13.3412
                0x0000000080022cc4       0x5c /usr/local/xenon/usr/lib/libxenon.a(xenos.o)
 .rodata.str1.1
                0x0000000080022d20      0x1e0 /usr/local/xenon/usr/lib/libxenon.a(xenos.o)
 .rodata.__FUNCTION__.3423
                0x0000000080022f00       0x12 /usr/local/xenon/usr/lib/libxenon.a(xenos.o)
 *fill*         0x0000000080022f12        0x6 00
 .rodata.__FUNCTION__.3628
                0x0000000080022f18       0x12 /usr/local/xenon/usr/lib/libxenon.a(xenos.o)
 *fill*         0x0000000080022f2a        0x2 00
 .rodata.C.6.3364
                0x0000000080022f2c       0x1c /usr/local/xenon/usr/lib/libxenon.a(xenos.o)
 .rodata.C.10.3385
                0x0000000080022f48       0x44 /usr/local/xenon/usr/lib/libxenon.a(xenos.o)
 .rodata.str1.1
                0x0000000080022f8c       0x4b /usr/local/xenon/usr/lib/libxenon.a(lib_malloc.o)
 .rodata.str1.1
                0x0000000080022fd7      0x10b /usr/local/xenon/usr/lib/libxenon.a(xenon_smc.o)
 .rodata.str1.1
                0x00000000800230e2       0x40 /usr/local/xenon/usr/lib/libxenon.a(xenon_config.o)
 .rodata.str1.1
                0x0000000080023122      0x11d /usr/local/xenon/usr/lib/libxenon.a(xenon_sfcx.o)
 *fill*         0x000000008002323f        0x1 00
 .rodata.str1.4
                0x0000000080023240       0x3f /usr/local/xenon/xenon/lib/32/libc.a(lib_a-assert.o)
                                         0x43 (size before relaxing)
 *fill*         0x000000008002327f        0x1 00
 .rodata.str1.4
                0x0000000080023280        0x2 /usr/local/xenon/xenon/lib/32/libc.a(lib_a-impure.o)
 *fill*         0x0000000080023282        0x2 00
 .rodata.str1.4
                0x0000000080023284        0x2 /usr/local/xenon/xenon/lib/32/libc.a(lib_a-puts.o)
 *fill*         0x0000000080023286        0x2 00
 .rodata        0x0000000080023288      0x184 /usr/local/xenon/xenon/lib/32/libc.a(lib_a-vfiprintf.o)
 .rodata.str1.4
                0x000000008002340c       0x2f /usr/local/xenon/xenon/lib/32/libc.a(lib_a-vfiprintf.o)
 *fill*         0x000000008002343b        0x1 00
 .rodata        0x000000008002343c      0x184 /usr/local/xenon/xenon/lib/32/libc.a(lib_a-vfprintf.o)
 .rodata.cst4   0x00000000800235c0        0x4 /usr/local/xenon/xenon/lib/32/libc.a(lib_a-vfprintf.o)
 .rodata.str1.4
                0x00000000800235c4       0x12 /usr/local/xenon/xenon/lib/32/libc.a(lib_a-vfprintf.o)
                                         0x42 (size before relaxing)
 *fill*         0x00000000800235d6        0x2 00
 .rodata.cst4   0x00000000800235d8       0x1c /usr/local/xenon/xenon/lib/32/libc.a(lib_a-dtoa.o)
                                         0x24 (size before relaxing)
 *fill*         0x00000000800235f4        0x4 00
 .rodata.cst8   0x00000000800235f8       0x18 /usr/local/xenon/xenon/lib/32/libc.a(lib_a-dtoa.o)
 .rodata.str1.4
                0x0000000080023610       0x10 /usr/local/xenon/xenon/lib/32/libc.a(lib_a-dtoa.o)
                                         0x12 (size before relaxing)
 .rodata.str1.4
                0x0000000080023620       0x10 /usr/local/xenon/xenon/lib/32/libc.a(lib_a-locale.o)
                                         0x17 (size before relaxing)
 .rodata        0x0000000080023630      0x128 /usr/local/xenon/xenon/lib/32/libc.a(lib_a-mprec.o)
                0x0000000080023730                __mprec_tinytens
                0x0000000080023640                __mprec_tens
                0x0000000080023708                __mprec_bigtens
 .rodata.cst4   0x0000000000000000        0x8 /usr/local/xenon/xenon/lib/32/libc.a(lib_a-mprec.o)

.ctors          0x0000000080023758        0x0
                0x0000000080023758                __CTOR_LIST__ = .
 *(.ctors)
                0x0000000080023758                __CTOR_END__ = .

.dtors          0x0000000080023758        0x0
                0x0000000080023758                __DTOR_LIST__ = .
 *(.dtors)
                0x0000000080023758                __DTOR_END__ = .

.eh_frame_hdr   0x0000000080023758      0x7e4
 *(.eh_frame_hdr)
 .eh_frame_hdr  0x0000000080023758      0x7e4 /usr/local/xenon/lib/gcc/xenon/4.4.0/../../../../xenon/lib/../lib/crt1.o

.eh_frame       0x0000000080023f3c     0x1fec
 *(.eh_frame)
 .eh_frame      0x0000000080023f3c       0x38 /usr/local/xenon/lib/gcc/xenon/4.4.0/../../../../xenon/lib/../lib/crt1.o
 .eh_frame      0x0000000080023f74        0x0 /usr/local/xenon/lib/gcc/xenon/4.4.0/32/crtbegin.o
 .eh_frame      0x0000000080023f74        0x0 engine.o
                                        0x1bc (size before relaxing)
 .eh_frame      0x0000000080023f74       0x30 main.o
                                         0x58 (size before relaxing)
 .eh_frame      0x0000000080023fa4        0x0 xee.o
                                         0xd8 (size before relaxing)
 .eh_frame      0x0000000080023fa4       0x90 /usr/local/xenon/usr/lib/libxenon.a(console.o)
                                         0xe0 (size before relaxing)
 .eh_frame      0x0000000080024034      0x120 /usr/local/xenon/usr/lib/libxenon.a(newlib.o)
                                        0x1f0 (size before relaxing)
 .eh_frame      0x0000000080024154       0x20 /usr/local/xenon/usr/lib/libxenon.a(xenon_uart.o)
                                         0x5c (size before relaxing)
 .eh_frame      0x0000000080024174      0x29c /usr/local/xenon/usr/lib/libxenon.a(edram.o)
                                        0x2f0 (size before relaxing)
 .eh_frame      0x0000000080024410      0x85c /usr/local/xenon/usr/lib/libxenon.a(xe.o)
                                        0xef4 (size before relaxing)
 .eh_frame      0x0000000080024c6c      0x1a0 /usr/local/xenon/usr/lib/libxenon.a(xenos.o)
                                        0x1b4 (size before relaxing)
 .eh_frame      0x0000000080024e0c       0x44 /usr/local/xenon/usr/lib/libxenon.a(lib_malloc.o)
                                         0xc0 (size before relaxing)
 .eh_frame      0x0000000080024e50       0x50 /usr/local/xenon/usr/lib/libxenon.a(io.o)
                                         0x64 (size before relaxing)
 .eh_frame      0x0000000080024ea0       0x28 /usr/local/xenon/usr/lib/libxenon.a(time.o)
                                         0x50 (size before relaxing)
 .eh_frame      0x0000000080024ec8       0x48 /usr/local/xenon/usr/lib/libxenon.a(xenon_gpio.o)
                                         0x7c (size before relaxing)
 .eh_frame      0x0000000080024f10       0xf0 /usr/local/xenon/usr/lib/libxenon.a(xenon_smc.o)
                                        0x1a4 (size before relaxing)
 .eh_frame      0x0000000080025000       0x34 /usr/local/xenon/usr/lib/libxenon.a(xenon_config.o)
                                         0x70 (size before relaxing)
 .eh_frame      0x0000000080025034       0x70 /usr/local/xenon/usr/lib/libxenon.a(xenon_sfcx.o)
                                        0x1e8 (size before relaxing)
 .eh_frame      0x00000000800250a4        0x0 /usr/local/xenon/xenon/lib/32/libm.a(lib_a-sf_tan.o)
                                         0x34 (size before relaxing)
 .eh_frame      0x00000000800250a4        0x0 /usr/local/xenon/xenon/lib/32/libm.a(lib_a-wf_sincos.o)
                                         0x3c (size before relaxing)
 .eh_frame      0x00000000800250a4        0x0 /usr/local/xenon/xenon/lib/32/libm.a(lib_a-w_sincos.o)
                                         0x3c (size before relaxing)
 .eh_frame      0x00000000800250a4        0x0 /usr/local/xenon/xenon/lib/32/libm.a(lib_a-ef_rem_pio2.o)
                                         0x3c (size before relaxing)
 .eh_frame      0x00000000800250a4        0x0 /usr/local/xenon/xenon/lib/32/libm.a(lib_a-kf_rem_pio2.o)
                                         0x64 (size before relaxing)
 .eh_frame      0x00000000800250a4        0x0 /usr/local/xenon/xenon/lib/32/libm.a(lib_a-kf_tan.o)
                                         0x34 (size before relaxing)
 .eh_frame      0x00000000800250a4        0x0 /usr/local/xenon/xenon/lib/32/libm.a(lib_a-s_cos.o)
                                         0x34 (size before relaxing)
 .eh_frame      0x00000000800250a4        0x0 /usr/local/xenon/xenon/lib/32/libm.a(lib_a-sf_cos.o)
                                         0x34 (size before relaxing)
 .eh_frame      0x00000000800250a4        0x0 /usr/local/xenon/xenon/lib/32/libm.a(lib_a-sf_fabs.o)
                                         0x28 (size before relaxing)
 .eh_frame      0x00000000800250a4        0x0 /usr/local/xenon/xenon/lib/32/libm.a(lib_a-sf_floor.o)
                                         0x34 (size before relaxing)
 .eh_frame      0x00000000800250a4        0x0 /usr/local/xenon/xenon/lib/32/libm.a(lib_a-sf_scalbn.o)
                                         0x38 (size before relaxing)
 .eh_frame      0x00000000800250a4        0x0 /usr/local/xenon/xenon/lib/32/libm.a(lib_a-sf_sin.o)
                                         0x34 (size before relaxing)
 .eh_frame      0x00000000800250a4        0x0 /usr/local/xenon/xenon/lib/32/libm.a(lib_a-s_sin.o)
                                         0x34 (size before relaxing)
 .eh_frame      0x00000000800250a4        0x0 /usr/local/xenon/xenon/lib/32/libm.a(lib_a-e_rem_pio2.o)
                                         0x3c (size before relaxing)
 .eh_frame      0x00000000800250a4        0x0 /usr/local/xenon/xenon/lib/32/libm.a(lib_a-k_cos.o)
                                         0x34 (size before relaxing)
 .eh_frame      0x00000000800250a4        0x0 /usr/local/xenon/xenon/lib/32/libm.a(lib_a-kf_cos.o)
                                         0x34 (size before relaxing)
 .eh_frame      0x00000000800250a4        0x0 /usr/local/xenon/xenon/lib/32/libm.a(lib_a-kf_sin.o)
                                         0x34 (size before relaxing)
 .eh_frame      0x00000000800250a4        0x0 /usr/local/xenon/xenon/lib/32/libm.a(lib_a-k_rem_pio2.o)
                                         0x64 (size before relaxing)
 .eh_frame      0x00000000800250a4        0x0 /usr/local/xenon/xenon/lib/32/libm.a(lib_a-k_sin.o)
                                         0x34 (size before relaxing)
 .eh_frame      0x00000000800250a4        0x0 /usr/local/xenon/xenon/lib/32/libm.a(lib_a-s_fabs.o)
                                         0x28 (size before relaxing)
 .eh_frame      0x00000000800250a4        0x0 /usr/local/xenon/xenon/lib/32/libm.a(lib_a-sf_copysign.o)
                                         0x28 (size before relaxing)
 .eh_frame      0x00000000800250a4        0x0 /usr/local/xenon/xenon/lib/32/libm.a(lib_a-s_floor.o)
                                         0x34 (size before relaxing)
 .eh_frame      0x00000000800250a4        0x0 /usr/local/xenon/xenon/lib/32/libm.a(lib_a-s_scalbn.o)
                                         0x38 (size before relaxing)
 .eh_frame      0x00000000800250a4        0x0 /usr/local/xenon/xenon/lib/32/libm.a(lib_a-s_copysign.o)
                                         0x28 (size before relaxing)
 .eh_frame      0x00000000800250a4       0x18 /usr/local/xenon/xenon/lib/32/libc.a(lib_a-abort.o)
                                         0x2c (size before relaxing)
 .eh_frame      0x00000000800250bc       0x38 /usr/local/xenon/xenon/lib/32/libc.a(lib_a-assert.o)
                                         0x4c (size before relaxing)
 .eh_frame      0x00000000800250f4       0x20 /usr/local/xenon/xenon/lib/32/libc.a(lib_a-errno.o)
                                         0x34 (size before relaxing)
 .eh_frame      0x0000000080025114       0x48 /usr/local/xenon/xenon/lib/32/libc.a(lib_a-fclose.o)
                                         0x5c (size before relaxing)
 .eh_frame      0x000000008002515c       0x48 /usr/local/xenon/xenon/lib/32/libc.a(lib_a-fflush.o)
                                         0x5c (size before relaxing)
 .eh_frame      0x00000000800251a4      0x190 /usr/local/xenon/xenon/lib/32/libc.a(lib_a-findfp.o)
                                        0x1a4 (size before relaxing)
 .eh_frame      0x0000000080025334       0x38 /usr/local/xenon/xenon/lib/32/libc.a(lib_a-fiprintf.o)
                                         0x4c (size before relaxing)
 .eh_frame      0x000000008002536c        0x0 /usr/local/xenon/xenon/lib/32/libc.a(lib_a-fopen.o)
                                         0x5c (size before relaxing)
 .eh_frame      0x000000008002536c        0x0 /usr/local/xenon/xenon/lib/32/libc.a(lib_a-fread.o)
                                         0x6c (size before relaxing)
 .eh_frame      0x000000008002536c       0x4c /usr/local/xenon/xenon/lib/32/libc.a(lib_a-freer.o)
                                         0x60 (size before relaxing)
 .eh_frame      0x00000000800253b8        0x0 /usr/local/xenon/xenon/lib/32/libc.a(lib_a-fseek.o)
                                         0x68 (size before relaxing)
 .eh_frame      0x00000000800253b8       0x24 /usr/local/xenon/xenon/lib/32/libc.a(lib_a-fstatr.o)
                                         0x38 (size before relaxing)
 .eh_frame      0x00000000800253dc        0x0 /usr/local/xenon/xenon/lib/32/libc.a(lib_a-ftell.o)
                                         0x58 (size before relaxing)
 .eh_frame      0x00000000800253dc       0x54 /usr/local/xenon/xenon/lib/32/libc.a(lib_a-fwalk.o)
                                         0x68 (size before relaxing)
 .eh_frame      0x0000000080025430       0x28 /usr/local/xenon/xenon/lib/32/libc.a(lib_a-makebuf.o)
                                         0x3c (size before relaxing)
 .eh_frame      0x0000000080025458       0x40 /usr/local/xenon/xenon/lib/32/libc.a(lib_a-malloc.o)
                                         0x54 (size before relaxing)
 .eh_frame      0x0000000080025498       0x34 /usr/local/xenon/xenon/lib/32/libc.a(lib_a-mallocr.o)
                                         0x48 (size before relaxing)
 .eh_frame      0x00000000800254cc       0x1c /usr/local/xenon/xenon/lib/32/libc.a(lib_a-memcpy.o)
                                         0x30 (size before relaxing)
 .eh_frame      0x00000000800254e8       0x1c /usr/local/xenon/xenon/lib/32/libc.a(lib_a-memset.o)
                                         0x30 (size before relaxing)
 .eh_frame      0x0000000080025504       0x28 /usr/local/xenon/xenon/lib/32/libc.a(lib_a-mlock.o)
                                         0x3c (size before relaxing)
 .eh_frame      0x000000008002552c        0x0 /usr/local/xenon/xenon/lib/32/libc.a(lib_a-openr.o)
                                         0x38 (size before relaxing)
 .eh_frame      0x000000008002552c       0x38 /usr/local/xenon/xenon/lib/32/libc.a(lib_a-printf.o)
                                         0x4c (size before relaxing)
 .eh_frame      0x0000000080025564       0x38 /usr/local/xenon/xenon/lib/32/libc.a(lib_a-putchar.o)
                                         0x4c (size before relaxing)
 .eh_frame      0x000000008002559c       0x48 /usr/local/xenon/xenon/lib/32/libc.a(lib_a-putc.o)
                                         0x5c (size before relaxing)
 .eh_frame      0x00000000800255e4       0x44 /usr/local/xenon/xenon/lib/32/libc.a(lib_a-puts.o)
                                         0x58 (size before relaxing)
 .eh_frame      0x0000000080025628        0x0 /usr/local/xenon/xenon/lib/32/libc.a(lib_a-reent.o)
                                         0x84 (size before relaxing)
 .eh_frame      0x0000000080025628        0x0 /usr/local/xenon/xenon/lib/32/libc.a(lib_a-refill.o)
                                         0x50 (size before relaxing)
 .eh_frame      0x0000000080025628       0x24 /usr/local/xenon/xenon/lib/32/libc.a(lib_a-sbrkr.o)
                                         0x38 (size before relaxing)
 .eh_frame      0x000000008002564c      0x104 /usr/local/xenon/xenon/lib/32/libc.a(lib_a-signal.o)
                                        0x118 (size before relaxing)
 .eh_frame      0x0000000080025750       0x3c /usr/local/xenon/xenon/lib/32/libc.a(lib_a-signalr.o)
                                         0x50 (size before relaxing)
 .eh_frame      0x000000008002578c       0x74 /usr/local/xenon/xenon/lib/32/libc.a(lib_a-stdio.o)
                                         0x88 (size before relaxing)
 .eh_frame      0x0000000080025800       0x1c /usr/local/xenon/xenon/lib/32/libc.a(lib_a-strcmp.o)
                                         0x30 (size before relaxing)
 .eh_frame      0x000000008002581c        0x0 /usr/local/xenon/xenon/lib/32/libc.a(lib_a-strcpy.o)
                                         0x30 (size before relaxing)
 .eh_frame      0x000000008002581c       0x1c /usr/local/xenon/xenon/lib/32/libc.a(lib_a-strlen.o)
                                         0x30 (size before relaxing)
 .eh_frame      0x0000000080025838        0x0 /usr/local/xenon/xenon/lib/32/libc.a(lib_a-strncmp.o)
                                         0x30 (size before relaxing)
 .eh_frame      0x0000000080025838       0x88 /usr/local/xenon/xenon/lib/32/libc.a(lib_a-vfiprintf.o)
                                         0x9c (size before relaxing)
 .eh_frame      0x00000000800258c0       0x8c /usr/local/xenon/xenon/lib/32/libc.a(lib_a-vfprintf.o)
                                         0xa0 (size before relaxing)
 .eh_frame      0x000000008002594c       0x38 /usr/local/xenon/xenon/lib/32/libc.a(lib_a-vprintf.o)
                                         0x4c (size before relaxing)
 .eh_frame      0x0000000080025984       0x48 /usr/local/xenon/xenon/lib/32/libc.a(lib_a-wbuf.o)
                                         0x5c (size before relaxing)
 .eh_frame      0x00000000800259cc       0x24 /usr/local/xenon/xenon/lib/32/libc.a(lib_a-writer.o)
                                         0x38 (size before relaxing)
 .eh_frame      0x00000000800259f0       0x24 /usr/local/xenon/xenon/lib/32/libc.a(lib_a-wsetup.o)
                                         0x38 (size before relaxing)
 .eh_frame      0x0000000080025a14       0x24 /usr/local/xenon/xenon/lib/32/libc.a(lib_a-closer.o)
                                         0x38 (size before relaxing)
 .eh_frame      0x0000000080025a38       0x80 /usr/local/xenon/xenon/lib/32/libc.a(lib_a-dtoa.o)
                                         0x94 (size before relaxing)
 .eh_frame      0x0000000080025ab8        0x0 /usr/local/xenon/xenon/lib/32/libc.a(lib_a-flags.o)
                                         0x28 (size before relaxing)
 .eh_frame      0x0000000080025ab8       0x34 /usr/local/xenon/xenon/lib/32/libc.a(lib_a-fvwrite.o)
                                         0x48 (size before relaxing)
 .eh_frame      0x0000000080025aec       0x24 /usr/local/xenon/xenon/lib/32/libc.a(lib_a-isattyr.o)
                                         0x38 (size before relaxing)
 .eh_frame      0x0000000080025b10       0xa8 /usr/local/xenon/xenon/lib/32/libc.a(lib_a-locale.o)
                                         0xbc (size before relaxing)
 .eh_frame      0x0000000080025bb8       0x24 /usr/local/xenon/xenon/lib/32/libc.a(lib_a-lseekr.o)
                                         0x38 (size before relaxing)
 .eh_frame      0x0000000080025bdc       0x1c /usr/local/xenon/xenon/lib/32/libc.a(lib_a-memchr.o)
                                         0x30 (size before relaxing)
 .eh_frame      0x0000000080025bf8       0x1c /usr/local/xenon/xenon/lib/32/libc.a(lib_a-memmove.o)
                                         0x30 (size before relaxing)
 .eh_frame      0x0000000080025c14      0x270 /usr/local/xenon/xenon/lib/32/libc.a(lib_a-mprec.o)
                                        0x284 (size before relaxing)
 .eh_frame      0x0000000080025e84       0x24 /usr/local/xenon/xenon/lib/32/libc.a(lib_a-readr.o)
                                         0x38 (size before relaxing)
 .eh_frame      0x0000000080025ea8       0x38 /usr/local/xenon/xenon/lib/32/libc.a(lib_a-reallocr.o)
                                         0x4c (size before relaxing)
 .eh_frame      0x0000000080025ee0       0x14 /usr/local/xenon/xenon/lib/32/libc.a(lib_a-s_isinfd.o)
                                         0x28 (size before relaxing)
 .eh_frame      0x0000000080025ef4       0x14 /usr/local/xenon/xenon/lib/32/libc.a(lib_a-s_isnand.o)
                                         0x28 (size before relaxing)
 .eh_frame      0x0000000080025f08       0x1c /usr/local/xenon/xenon/lib/32/libc.a(lib_a-callocr.o)
                                         0x30 (size before relaxing)
 .eh_frame      0x0000000080025f24        0x4 /usr/local/xenon/lib/gcc/xenon/4.4.0/32/crtend.o

.rela.dyn       0x0000000080025f28        0x0
 .rela.text.call_ctors
                0x0000000000000000        0x0 /usr/local/xenon/lib/gcc/xenon/4.4.0/../../../../xenon/lib/../lib/crt1.o
 .rela.got2     0x0000000000000000        0x0 /usr/local/xenon/lib/gcc/xenon/4.4.0/../../../../xenon/lib/../lib/crt1.o
 .rela.text.glTranslate
                0x0000000000000000        0x0 /usr/local/xenon/lib/gcc/xenon/4.4.0/../../../../xenon/lib/../lib/crt1.o
 .rela.text.glScale
                0x0000000000000000        0x0 /usr/local/xenon/lib/gcc/xenon/4.4.0/../../../../xenon/lib/../lib/crt1.o
 .rela.text.glMultMatrix
                0x0000000000000000        0x0 /usr/local/xenon/lib/gcc/xenon/4.4.0/../../../../xenon/lib/../lib/crt1.o
 .rela.text.glPopMatrix
                0x0000000000000000        0x0 /usr/local/xenon/lib/gcc/xenon/4.4.0/../../../../xenon/lib/../lib/crt1.o
 .rela.text.glPushMatrix
                0x0000000000000000        0x0 /usr/local/xenon/lib/gcc/xenon/4.4.0/../../../../xenon/lib/../lib/crt1.o
 .rela.text.glLoadMatrix
                0x0000000000000000        0x0 /usr/local/xenon/lib/gcc/xenon/4.4.0/../../../../xenon/lib/../lib/crt1.o
 .rela.text.glLoadIdentity
                0x0000000000000000        0x0 /usr/local/xenon/lib/gcc/xenon/4.4.0/../../../../xenon/lib/../lib/crt1.o
 .rela.text.glRotate
                0x0000000000000000        0x0 /usr/local/xenon/lib/gcc/xenon/4.4.0/../../../../xenon/lib/../lib/crt1.o
 .rela.text.main
                0x0000000000000000        0x0 /usr/local/xenon/lib/gcc/xenon/4.4.0/../../../../xenon/lib/../lib/crt1.o
 .rela.text.M_LoadMW
                0x0000000000000000        0x0 /usr/local/xenon/lib/gcc/xenon/4.4.0/../../../../xenon/lib/../lib/crt1.o
 .rela.text.M_LoadMV
                0x0000000000000000        0x0 /usr/local/xenon/lib/gcc/xenon/4.4.0/../../../../xenon/lib/../lib/crt1.o
 .rela.text     0x0000000000000000        0x0 /usr/local/xenon/lib/gcc/xenon/4.4.0/../../../../xenon/lib/../lib/crt1.o
 .rela.text.console_close
                0x0000000000000000        0x0 /usr/local/xenon/lib/gcc/xenon/4.4.0/../../../../xenon/lib/../lib/crt1.o
 .rela.text.console_init
                0x0000000000000000        0x0 /usr/local/xenon/lib/gcc/xenon/4.4.0/../../../../xenon/lib/../lib/crt1.o
 .rela.text.sbrk
                0x0000000000000000        0x0 /usr/local/xenon/lib/gcc/xenon/4.4.0/../../../../xenon/lib/../lib/crt1.o
 .rela.text.edram_72c
                0x0000000000000000        0x0 /usr/local/xenon/lib/gcc/xenon/4.4.0/../../../../xenon/lib/../lib/crt1.o
 .rela.text.edram_974
                0x0000000000000000        0x0 /usr/local/xenon/lib/gcc/xenon/4.4.0/../../../../xenon/lib/../lib/crt1.o
 .rela.text.edram_9e4
                0x0000000000000000        0x0 /usr/local/xenon/lib/gcc/xenon/4.4.0/../../../../xenon/lib/../lib/crt1.o
 .rela.text.edram_bec
                0x0000000000000000        0x0 /usr/local/xenon/lib/gcc/xenon/4.4.0/../../../../xenon/lib/../lib/crt1.o
 .rela.text.edram_4c
                0x0000000000000000        0x0 /usr/local/xenon/lib/gcc/xenon/4.4.0/../../../../xenon/lib/../lib/crt1.o
 .rela.text.edram_p2
                0x0000000000000000        0x0 /usr/local/xenon/lib/gcc/xenon/4.4.0/../../../../xenon/lib/../lib/crt1.o
 .rela.text.edram_init_state1
                0x0000000000000000        0x0 /usr/local/xenon/lib/gcc/xenon/4.4.0/../../../../xenon/lib/../lib/crt1.o
 .rela.text.edram_init
                0x0000000000000000        0x0 /usr/local/xenon/lib/gcc/xenon/4.4.0/../../../../xenon/lib/../lib/crt1.o
 .rela.text.Xe_pMasterInit
                0x0000000000000000        0x0 /usr/local/xenon/lib/gcc/xenon/4.4.0/../../../../xenon/lib/../lib/crt1.o
 .rela.text.kmem_init
                0x0000000000000000        0x0 /usr/local/xenon/lib/gcc/xenon/4.4.0/../../../../xenon/lib/../lib/crt1.o
 .rela.text.xenon_config_init
                0x0000000000000000        0x0 /usr/local/xenon/lib/gcc/xenon/4.4.0/../../../../xenon/lib/../lib/crt1.o

.gcc_except_table
 *(.gcc_except_table .gcc_except_table.*)
                0x0000000080025f28                bss_start = .

.bss            0x0000000080025f28     0x29f0
 *(.bss*)
 .bss.console_size
                0x0000000080025f28        0x4 /usr/local/xenon/usr/lib/libxenon.a(console.o)
 .bss.offset_x  0x0000000080025f2c        0x4 /usr/local/xenon/usr/lib/libxenon.a(console.o)
 .bss.console_width
                0x0000000080025f30        0x4 /usr/local/xenon/usr/lib/libxenon.a(console.o)
 .bss.offset_y  0x0000000080025f34        0x4 /usr/local/xenon/usr/lib/libxenon.a(console.o)
 .bss.console_fb
                0x0000000080025f38        0x4 /usr/local/xenon/usr/lib/libxenon.a(console.o)
 .bss.console_height
                0x0000000080025f3c        0x4 /usr/local/xenon/usr/lib/libxenon.a(console.o)
 .bss.max_x     0x0000000080025f40        0x4 /usr/local/xenon/usr/lib/libxenon.a(console.o)
 .bss.max_y     0x0000000080025f44        0x4 /usr/local/xenon/usr/lib/libxenon.a(console.o)
 .bss.cursor_x  0x0000000080025f48        0x4 /usr/local/xenon/usr/lib/libxenon.a(console.o)
 .bss.cursor_y  0x0000000080025f4c        0x4 /usr/local/xenon/usr/lib/libxenon.a(console.o)
 .bss.base.4307
                0x0000000080025f50        0x4 /usr/local/xenon/usr/lib/libxenon.a(edram.o)
 .bss.ptr.4308  0x0000000080025f54        0x4 /usr/local/xenon/usr/lib/libxenon.a(edram.o)
 .bss.xenos_current_mode
                0x0000000080025f58        0x4 /usr/local/xenon/usr/lib/libxenon.a(xenos.o)
 *fill*         0x0000000080025f5c        0x4 00
 .bss.sfcx_page
                0x0000000080025f60      0x210 /usr/local/xenon/usr/lib/libxenon.a(xenon_config.o)
 .bss.secured_settings
                0x0000000080026170      0x208 /usr/local/xenon/usr/lib/libxenon.a(xenon_config.o)
                0x0000000080026170                secured_settings
 .bss.xenon_config_initialized
                0x0000000080026378        0x4 /usr/local/xenon/usr/lib/libxenon.a(xenon_config.o)
 .bss.sfc       0x000000008002637c       0x44 /usr/local/xenon/usr/lib/libxenon.a(xenon_sfcx.o)
                0x000000008002637c                sfc
 .bss           0x00000000800263c0       0x28 /usr/local/xenon/xenon/lib/32/libc.a(lib_a-mallocr.o)
                0x00000000800263c0                __malloc_current_mallinfo
 COMMON         0x00000000800263e8     0x2508 main.o
                0x00000000800263e8                _xe
 COMMON         0x00000000800288f0       0x28 /usr/local/xenon/usr/lib/libxenon.a(edram.o)
                0x00000000800288f0                reloc

.sbss           0x0000000080028918       0x40
 *(.sbss*)
 .sbss          0x0000000000000000        0x0 /usr/local/xenon/lib/gcc/xenon/4.4.0/../../../../xenon/lib/../lib/crt1.o
 .sbss          0x0000000080028918       0x18 main.o
                0x0000000080028918                vb
                0x000000008002891c                xe
                0x0000000080028920                ib
                0x0000000080028924                sh_ps
                0x0000000080028928                fb
                0x000000008002892c                sh_vs
 .sbss.stdout_hook
                0x0000000080028930        0x4 /usr/local/xenon/usr/lib/libxenon.a(newlib.o)
                0x0000000080028930                stdout_hook
 .sbss          0x0000000080028934        0x4 /usr/local/xenon/usr/lib/libxenon.a(newlib.o)
                0x0000000080028934                heap_ptr
 .sbss.edram_id
                0x0000000080028938        0x4 /usr/local/xenon/usr/lib/libxenon.a(edram.o)
                0x0000000080028938                edram_id
 .sbss.edram_rev
                0x000000008002893c        0x4 /usr/local/xenon/usr/lib/libxenon.a(edram.o)
                0x000000008002893c                edram_rev
 .sbss.stat_alu_uploaded
                0x0000000080028940        0x4 /usr/local/xenon/usr/lib/libxenon.a(xe.o)
                0x0000000080028940                stat_alu_uploaded
 .sbss.xenos_id
                0x0000000080028944        0x4 /usr/local/xenon/usr/lib/libxenon.a(xenos.o)
                0x0000000080028944                xenos_id
 .sbss          0x0000000080028948        0xc /usr/local/xenon/xenon/lib/32/libc.a(lib_a-mallocr.o)
                0x0000000080028948                __malloc_top_pad
                0x000000008002894c                __malloc_max_sbrked_mem
                0x0000000080028950                __malloc_max_total_mem
 .sbss          0x0000000080028954        0x4 /usr/local/xenon/xenon/lib/32/libc.a(lib_a-reent.o)
                0x0000000080028954                errno
                0x0000000080028958                bss_end = .
                0x0000000080028958                heap_begin = .
                0x0000000090000000                . = 0x90000000
                0x0000000090000000                __libc_stack_end = .
                0x0000000090000000                heap_end = .
                0x00000000a0000000                . = 0xa0000000
OUTPUT(/home/tiffany/libxenon/basicrender/xenon.elf elf32-powerpc)

.debug_abbrev   0x0000000000000000     0x8bea
 .debug_abbrev  0x0000000000000000       0x7d /usr/local/xenon/lib/gcc/xenon/4.4.0/../../../../xenon/lib/../lib/crt1.o
 .debug_abbrev  0x000000000000007d      0x176 engine.o
 .debug_abbrev  0x00000000000001f3       0x49 ffs_content.o
 .debug_abbrev  0x000000000000023c      0x1d3 main.o
 .debug_abbrev  0x000000000000040f      0x199 xee.o
 .debug_abbrev  0x00000000000005a8      0x1dd /usr/local/xenon/usr/lib/libxenon.a(console.o)
 .debug_abbrev  0x0000000000000785      0x247 /usr/local/xenon/usr/lib/libxenon.a(newlib.o)
 .debug_abbrev  0x00000000000009cc       0x63 /usr/local/xenon/usr/lib/libxenon.a(vm.o)
 .debug_abbrev  0x0000000000000a2f       0xc8 /usr/local/xenon/usr/lib/libxenon.a(xenon_uart.o)
 .debug_abbrev  0x0000000000000af7      0x31f /usr/local/xenon/usr/lib/libxenon.a(edram.o)
 .debug_abbrev  0x0000000000000e16      0x4c2 /usr/local/xenon/usr/lib/libxenon.a(xe.o)
 .debug_abbrev  0x00000000000012d8      0x205 /usr/local/xenon/usr/lib/libxenon.a(xenos.o)
 .debug_abbrev  0x00000000000014dd      0x26c /usr/local/xenon/usr/lib/libxenon.a(lib_malloc.o)
 .debug_abbrev  0x0000000000001749       0xad /usr/local/xenon/usr/lib/libxenon.a(io.o)
 .debug_abbrev  0x00000000000017f6      0x11d /usr/local/xenon/usr/lib/libxenon.a(time.o)
 .debug_abbrev  0x0000000000001913       0xa5 /usr/local/xenon/usr/lib/libxenon.a(xenon_gpio.o)
 .debug_abbrev  0x00000000000019b8      0x10c /usr/local/xenon/usr/lib/libxenon.a(xenon_smc.o)
 .debug_abbrev  0x0000000000001ac4      0x173 /usr/local/xenon/usr/lib/libxenon.a(xenon_config.o)
 .debug_abbrev  0x0000000000001c37       0x70 /usr/local/xenon/usr/lib/libxenon.a(ucode.o)
 .debug_abbrev  0x0000000000001ca7      0x1f7 /usr/local/xenon/usr/lib/libxenon.a(xenon_sfcx.o)
 .debug_abbrev  0x0000000000001e9e       0xe0 /usr/local/xenon/xenon/lib/32/libm.a(lib_a-sf_tan.o)
 .debug_abbrev  0x0000000000001f7e       0x71 /usr/local/xenon/xenon/lib/32/libm.a(lib_a-wf_sincos.o)
 .debug_abbrev  0x0000000000001fef       0x71 /usr/local/xenon/xenon/lib/32/libm.a(lib_a-w_sincos.o)
 .debug_abbrev  0x0000000000002060      0x119 /usr/local/xenon/xenon/lib/32/libm.a(lib_a-ef_rem_pio2.o)
 .debug_abbrev  0x0000000000002179      0x10b /usr/local/xenon/xenon/lib/32/libm.a(lib_a-kf_rem_pio2.o)
 .debug_abbrev  0x0000000000002284      0x110 /usr/local/xenon/xenon/lib/32/libm.a(lib_a-kf_tan.o)
 .debug_abbrev  0x0000000000002394       0xfc /usr/local/xenon/xenon/lib/32/libm.a(lib_a-s_cos.o)
 .debug_abbrev  0x0000000000002490       0xf8 /usr/local/xenon/xenon/lib/32/libm.a(lib_a-sf_cos.o)
 .debug_abbrev  0x0000000000002588       0x73 /usr/local/xenon/xenon/lib/32/libm.a(lib_a-sf_fabs.o)
 .debug_abbrev  0x00000000000025fb       0x8d /usr/local/xenon/xenon/lib/32/libm.a(lib_a-sf_floor.o)
 .debug_abbrev  0x0000000000002688       0xca /usr/local/xenon/xenon/lib/32/libm.a(lib_a-sf_scalbn.o)
 .debug_abbrev  0x0000000000002752       0xe0 /usr/local/xenon/xenon/lib/32/libm.a(lib_a-sf_sin.o)
 .debug_abbrev  0x0000000000002832       0xfc /usr/local/xenon/xenon/lib/32/libm.a(lib_a-s_sin.o)
 .debug_abbrev  0x000000000000292e      0x147 /usr/local/xenon/xenon/lib/32/libm.a(lib_a-e_rem_pio2.o)
 .debug_abbrev  0x0000000000002a75      0x11e /usr/local/xenon/xenon/lib/32/libm.a(lib_a-k_cos.o)
 .debug_abbrev  0x0000000000002b93       0xe6 /usr/local/xenon/xenon/lib/32/libm.a(lib_a-kf_cos.o)
 .debug_abbrev  0x0000000000002c79       0xe8 /usr/local/xenon/xenon/lib/32/libm.a(lib_a-kf_sin.o)
 .debug_abbrev  0x0000000000002d61      0x10b /usr/local/xenon/xenon/lib/32/libm.a(lib_a-k_rem_pio2.o)
 .debug_abbrev  0x0000000000002e6c      0x113 /usr/local/xenon/xenon/lib/32/libm.a(lib_a-k_sin.o)
 .debug_abbrev  0x0000000000002f7f       0xce /usr/local/xenon/xenon/lib/32/libm.a(lib_a-s_fabs.o)
 .debug_abbrev  0x000000000000304d       0x82 /usr/local/xenon/xenon/lib/32/libm.a(lib_a-sf_copysign.o)
 .debug_abbrev  0x00000000000030cf      0x100 /usr/local/xenon/xenon/lib/32/libm.a(lib_a-s_floor.o)
 .debug_abbrev  0x00000000000031cf       0xfc /usr/local/xenon/xenon/lib/32/libm.a(lib_a-s_scalbn.o)
 .debug_abbrev  0x00000000000032cb       0xe2 /usr/local/xenon/xenon/lib/32/libm.a(lib_a-s_copysign.o)
 .debug_abbrev  0x00000000000033ad       0x48 /usr/local/xenon/xenon/lib/32/libc.a(lib_a-abort.o)
 .debug_abbrev  0x00000000000033f5      0x177 /usr/local/xenon/xenon/lib/32/libc.a(lib_a-assert.o)
 .debug_abbrev  0x000000000000356c      0x168 /usr/local/xenon/xenon/lib/32/libc.a(lib_a-errno.o)
 .debug_abbrev  0x00000000000036d4      0x1b0 /usr/local/xenon/xenon/lib/32/libc.a(lib_a-fclose.o)
 .debug_abbrev  0x0000000000003884      0x1c4 /usr/local/xenon/xenon/lib/32/libc.a(lib_a-fflush.o)
 .debug_abbrev  0x0000000000003a48      0x244 /usr/local/xenon/xenon/lib/32/libc.a(lib_a-findfp.o)
 .debug_abbrev  0x0000000000003c8c      0x1b3 /usr/local/xenon/xenon/lib/32/libc.a(lib_a-fiprintf.o)
 .debug_abbrev  0x0000000000003e3f      0x1bf /usr/local/xenon/xenon/lib/32/libc.a(lib_a-fopen.o)
 .debug_abbrev  0x0000000000003ffe      0x1e0 /usr/local/xenon/xenon/lib/32/libc.a(lib_a-fread.o)
 .debug_abbrev  0x00000000000041de      0x1e2 /usr/local/xenon/xenon/lib/32/libc.a(lib_a-freer.o)
 .debug_abbrev  0x00000000000043c0      0x20d /usr/local/xenon/xenon/lib/32/libc.a(lib_a-fseek.o)
 .debug_abbrev  0x00000000000045cd      0x197 /usr/local/xenon/xenon/lib/32/libc.a(lib_a-fstatr.o)
 .debug_abbrev  0x0000000000004764      0x1a1 /usr/local/xenon/xenon/lib/32/libc.a(lib_a-ftell.o)
 .debug_abbrev  0x0000000000004905      0x1ee /usr/local/xenon/xenon/lib/32/libc.a(lib_a-fwalk.o)
 .debug_abbrev  0x0000000000004af3      0x160 /usr/local/xenon/xenon/lib/32/libc.a(lib_a-impure.o)
 .debug_abbrev  0x0000000000004c53      0x193 /usr/local/xenon/xenon/lib/32/libc.a(lib_a-makebuf.o)
 .debug_abbrev  0x0000000000004de6      0x190 /usr/local/xenon/xenon/lib/32/libc.a(lib_a-malloc.o)
 .debug_abbrev  0x0000000000004f76      0x221 /usr/local/xenon/xenon/lib/32/libc.a(lib_a-mallocr.o)
 .debug_abbrev  0x0000000000005197       0xb1 /usr/local/xenon/xenon/lib/32/libc.a(lib_a-memcpy.o)
 .debug_abbrev  0x0000000000005248       0xa3 /usr/local/xenon/xenon/lib/32/libc.a(lib_a-memset.o)
 .debug_abbrev  0x00000000000052eb      0x173 /usr/local/xenon/xenon/lib/32/libc.a(lib_a-mlock.o)
 .debug_abbrev  0x000000000000545e      0x197 /usr/local/xenon/xenon/lib/32/libc.a(lib_a-openr.o)
 .debug_abbrev  0x00000000000055f5      0x1c2 /usr/local/xenon/xenon/lib/32/libc.a(lib_a-printf.o)
 .debug_abbrev  0x00000000000057b7      0x192 /usr/local/xenon/xenon/lib/32/libc.a(lib_a-putchar.o)
 .debug_abbrev  0x0000000000005949      0x1a1 /usr/local/xenon/xenon/lib/32/libc.a(lib_a-putc.o)
 .debug_abbrev  0x0000000000005aea      0x1b5 /usr/local/xenon/xenon/lib/32/libc.a(lib_a-puts.o)
 .debug_abbrev  0x0000000000005c9f      0x1fa /usr/local/xenon/xenon/lib/32/libc.a(lib_a-reent.o)
 .debug_abbrev  0x0000000000005e99      0x190 /usr/local/xenon/xenon/lib/32/libc.a(lib_a-refill.o)
 .debug_abbrev  0x0000000000006029      0x197 /usr/local/xenon/xenon/lib/32/libc.a(lib_a-sbrkr.o)
 .debug_abbrev  0x00000000000061c0      0x1bb /usr/local/xenon/xenon/lib/32/libc.a(lib_a-signal.o)
 .debug_abbrev  0x000000000000637b      0x195 /usr/local/xenon/xenon/lib/32/libc.a(lib_a-signalr.o)
 .debug_abbrev  0x0000000000006510      0x1aa /usr/local/xenon/xenon/lib/32/libc.a(lib_a-stdio.o)
 .debug_abbrev  0x00000000000066ba       0x89 /usr/local/xenon/xenon/lib/32/libc.a(lib_a-strcmp.o)
 .debug_abbrev  0x0000000000006743       0x89 /usr/local/xenon/xenon/lib/32/libc.a(lib_a-strcpy.o)
 .debug_abbrev  0x00000000000067cc       0x94 /usr/local/xenon/xenon/lib/32/libc.a(lib_a-strlen.o)
 .debug_abbrev  0x0000000000006860       0x96 /usr/local/xenon/xenon/lib/32/libc.a(lib_a-strncmp.o)
 .debug_abbrev  0x00000000000068f6      0x2a3 /usr/local/xenon/xenon/lib/32/libc.a(lib_a-vfiprintf.o)
 .debug_abbrev  0x0000000000006b99      0x313 /usr/local/xenon/xenon/lib/32/libc.a(lib_a-vfprintf.o)
 .debug_abbrev  0x0000000000006eac      0x192 /usr/local/xenon/xenon/lib/32/libc.a(lib_a-vprintf.o)
 .debug_abbrev  0x000000000000703e      0x1a1 /usr/local/xenon/xenon/lib/32/libc.a(lib_a-wbuf.o)
 .debug_abbrev  0x00000000000071df      0x18d /usr/local/xenon/xenon/lib/32/libc.a(lib_a-writer.o)
 .debug_abbrev  0x000000000000736c      0x179 /usr/local/xenon/xenon/lib/32/libc.a(lib_a-wsetup.o)
 .debug_abbrev  0x00000000000074e5      0x188 /usr/local/xenon/xenon/lib/32/libc.a(lib_a-closer.o)
 .debug_abbrev  0x000000000000766d      0x23b /usr/local/xenon/xenon/lib/32/libc.a(lib_a-dtoa.o)
 .debug_abbrev  0x00000000000078a8      0x186 /usr/local/xenon/xenon/lib/32/libc.a(lib_a-flags.o)
 .debug_abbrev  0x0000000000007a2e      0x1ac /usr/local/xenon/xenon/lib/32/libc.a(lib_a-fvwrite.o)
 .debug_abbrev  0x0000000000007bda      0x188 /usr/local/xenon/xenon/lib/32/libc.a(lib_a-isattyr.o)
 .debug_abbrev  0x0000000000007d62      0x1ee /usr/local/xenon/xenon/lib/32/libc.a(lib_a-locale.o)
 .debug_abbrev  0x0000000000007f50      0x197 /usr/local/xenon/xenon/lib/32/libc.a(lib_a-lseekr.o)
 .debug_abbrev  0x00000000000080e7       0xdc /usr/local/xenon/xenon/lib/32/libc.a(lib_a-memchr.o)
 .debug_abbrev  0x00000000000081c3       0xb1 /usr/local/xenon/xenon/lib/32/libc.a(lib_a-memmove.o)
 .debug_abbrev  0x0000000000008274      0x2ad /usr/local/xenon/xenon/lib/32/libc.a(lib_a-mprec.o)
 .debug_abbrev  0x0000000000008521      0x188 /usr/local/xenon/xenon/lib/32/libc.a(lib_a-readr.o)
 .debug_abbrev  0x00000000000086a9      0x1d5 /usr/local/xenon/xenon/lib/32/libc.a(lib_a-reallocr.o)
 .debug_abbrev  0x000000000000887e       0xdd /usr/local/xenon/xenon/lib/32/libc.a(lib_a-s_isinfd.o)
 .debug_abbrev  0x000000000000895b       0xce /usr/local/xenon/xenon/lib/32/libc.a(lib_a-s_isnand.o)
 .debug_abbrev  0x0000000000008a29      0x1c1 /usr/local/xenon/xenon/lib/32/libc.a(lib_a-callocr.o)

.debug_info     0x0000000000000000    0x2d014
 .debug_info    0x0000000000000000       0x94 /usr/local/xenon/lib/gcc/xenon/4.4.0/../../../../xenon/lib/../lib/crt1.o
 .debug_info    0x0000000000000094      0x7ab engine.o
 .debug_info    0x000000000000083f       0x70 ffs_content.o
 .debug_info    0x00000000000008af      0xbba main.o
 .debug_info    0x0000000000001469      0xc57 xee.o
 .debug_info    0x00000000000020c0      0x537 /usr/local/xenon/usr/lib/libxenon.a(console.o)
 .debug_info    0x00000000000025f7      0xbeb /usr/local/xenon/usr/lib/libxenon.a(newlib.o)
 .debug_info    0x00000000000031e2       0x9c /usr/local/xenon/usr/lib/libxenon.a(vm.o)
 .debug_info    0x000000000000327e      0x118 /usr/local/xenon/usr/lib/libxenon.a(xenon_uart.o)
 .debug_info    0x0000000000003396      0xfc1 /usr/local/xenon/usr/lib/libxenon.a(edram.o)
 .debug_info    0x0000000000004357     0x426b /usr/local/xenon/usr/lib/libxenon.a(xe.o)
 .debug_info    0x00000000000085c2      0x70e /usr/local/xenon/usr/lib/libxenon.a(xenos.o)
 .debug_info    0x0000000000008cd0      0x4f4 /usr/local/xenon/usr/lib/libxenon.a(lib_malloc.o)
 .debug_info    0x00000000000091c4      0x131 /usr/local/xenon/usr/lib/libxenon.a(io.o)
 .debug_info    0x00000000000092f5      0x2cd /usr/local/xenon/usr/lib/libxenon.a(time.o)
 .debug_info    0x00000000000095c2      0x15b /usr/local/xenon/usr/lib/libxenon.a(xenon_gpio.o)
 .debug_info    0x000000000000971d      0x435 /usr/local/xenon/usr/lib/libxenon.a(xenon_smc.o)
 .debug_info    0x0000000000009b52      0x4ee /usr/local/xenon/usr/lib/libxenon.a(xenon_config.o)
 .debug_info    0x000000000000a040       0xd9 /usr/local/xenon/usr/lib/libxenon.a(ucode.o)
 .debug_info    0x000000000000a119      0x672 /usr/local/xenon/usr/lib/libxenon.a(xenon_sfcx.o)
 .debug_info    0x000000000000a78b      0x148 /usr/local/xenon/xenon/lib/32/libm.a(lib_a-sf_tan.o)
 .debug_info    0x000000000000a8d3       0xd7 /usr/local/xenon/xenon/lib/32/libm.a(lib_a-wf_sincos.o)
 .debug_info    0x000000000000a9aa       0xd7 /usr/local/xenon/xenon/lib/32/libm.a(lib_a-w_sincos.o)
 .debug_info    0x000000000000aa81      0x2df /usr/local/xenon/xenon/lib/32/libm.a(lib_a-ef_rem_pio2.o)
 .debug_info    0x000000000000ad60      0x2d0 /usr/local/xenon/xenon/lib/32/libm.a(lib_a-kf_rem_pio2.o)
 .debug_info    0x000000000000b030      0x237 /usr/local/xenon/xenon/lib/32/libm.a(lib_a-kf_tan.o)
 .debug_info    0x000000000000b267      0x172 /usr/local/xenon/xenon/lib/32/libm.a(lib_a-s_cos.o)
 .debug_info    0x000000000000b3d9      0x161 /usr/local/xenon/xenon/lib/32/libm.a(lib_a-sf_cos.o)
 .debug_info    0x000000000000b53a       0xc8 /usr/local/xenon/xenon/lib/32/libm.a(lib_a-sf_fabs.o)
 .debug_info    0x000000000000b602      0x119 /usr/local/xenon/xenon/lib/32/libm.a(lib_a-sf_floor.o)
 .debug_info    0x000000000000b71b      0x18b /usr/local/xenon/xenon/lib/32/libm.a(lib_a-sf_scalbn.o)
 .debug_info    0x000000000000b8a6      0x148 /usr/local/xenon/xenon/lib/32/libm.a(lib_a-sf_sin.o)
 .debug_info    0x000000000000b9ee      0x172 /usr/local/xenon/xenon/lib/32/libm.a(lib_a-s_sin.o)
 .debug_info    0x000000000000bb60      0x3cd /usr/local/xenon/xenon/lib/32/libm.a(lib_a-e_rem_pio2.o)
 .debug_info    0x000000000000bf2d      0x23b /usr/local/xenon/xenon/lib/32/libm.a(lib_a-k_cos.o)
 .debug_info    0x000000000000c168      0x1d3 /usr/local/xenon/xenon/lib/32/libm.a(lib_a-kf_cos.o)
 .debug_info    0x000000000000c33b      0x1cc /usr/local/xenon/xenon/lib/32/libm.a(lib_a-kf_sin.o)
 .debug_info    0x000000000000c507      0x2e0 /usr/local/xenon/xenon/lib/32/libm.a(lib_a-k_rem_pio2.o)
 .debug_info    0x000000000000c7e7      0x213 /usr/local/xenon/xenon/lib/32/libm.a(lib_a-k_sin.o)
 .debug_info    0x000000000000c9fa      0x13a /usr/local/xenon/xenon/lib/32/libm.a(lib_a-s_fabs.o)
 .debug_info    0x000000000000cb34       0xde /usr/local/xenon/xenon/lib/32/libm.a(lib_a-sf_copysign.o)
 .debug_info    0x000000000000cc12      0x1af /usr/local/xenon/xenon/lib/32/libm.a(lib_a-s_floor.o)
 .debug_info    0x000000000000cdc1      0x215 /usr/local/xenon/xenon/lib/32/libm.a(lib_a-s_scalbn.o)
 .debug_info    0x000000000000cfd6      0x188 /usr/local/xenon/xenon/lib/32/libm.a(lib_a-s_copysign.o)